Archive member included to satisfy reference by file (symbol)

c:/altera_lite/15.1/nios2eds/bin/gnu/h-x86_64-mingw32/bin/../lib/gcc/nios2-elf/4.9.2/../../../../../H-x86_64-mingw32/nios2-elf/lib/mhw-mulx\libc.a(lib_a-printf.o)
                              obj/default/hello_ucosii.o (printf)
c:/altera_lite/15.1/nios2eds/bin/gnu/h-x86_64-mingw32/bin/../lib/gcc/nios2-elf/4.9.2/../../../../../H-x86_64-mingw32/nios2-elf/lib/mhw-mulx\libc.a(lib_a-putchar.o)
                              obj/default/hello_ucosii.o (putchar)
c:/altera_lite/15.1/nios2eds/bin/gnu/h-x86_64-mingw32/bin/../lib/gcc/nios2-elf/4.9.2/../../../../../H-x86_64-mingw32/nios2-elf/lib/mhw-mulx\libc.a(lib_a-puts.o)
                              obj/default/hello_ucosii.o (puts)
c:/altera_lite/15.1/nios2eds/bin/gnu/h-x86_64-mingw32/bin/../lib/gcc/nios2-elf/4.9.2/../../../../../H-x86_64-mingw32/nios2-elf/lib/mhw-mulx\libc.a(lib_a-strcmp.o)
                              obj/default/hello_ucosii.o (strcmp)
c:/altera_lite/15.1/nios2eds/bin/gnu/h-x86_64-mingw32/bin/../lib/gcc/nios2-elf/4.9.2/../../../../../H-x86_64-mingw32/nios2-elf/lib/mhw-mulx\libc.a(lib_a-strlen.o)
                              obj/default/hello_ucosii.o (strlen)
c:/altera_lite/15.1/nios2eds/bin/gnu/h-x86_64-mingw32/bin/../lib/gcc/nios2-elf/4.9.2/../../../../../H-x86_64-mingw32/nios2-elf/lib/mhw-mulx\libc.a(lib_a-vfprintf.o)
                              c:/altera_lite/15.1/nios2eds/bin/gnu/h-x86_64-mingw32/bin/../lib/gcc/nios2-elf/4.9.2/../../../../../H-x86_64-mingw32/nios2-elf/lib/mhw-mulx\libc.a(lib_a-printf.o) (___vfprintf_internal_r)
c:/altera_lite/15.1/nios2eds/bin/gnu/h-x86_64-mingw32/bin/../lib/gcc/nios2-elf/4.9.2/../../../../../H-x86_64-mingw32/nios2-elf/lib/mhw-mulx\libc.a(lib_a-wsetup.o)
                              c:/altera_lite/15.1/nios2eds/bin/gnu/h-x86_64-mingw32/bin/../lib/gcc/nios2-elf/4.9.2/../../../../../H-x86_64-mingw32/nios2-elf/lib/mhw-mulx\libc.a(lib_a-vfprintf.o) (__swsetup_r)
c:/altera_lite/15.1/nios2eds/bin/gnu/h-x86_64-mingw32/bin/../lib/gcc/nios2-elf/4.9.2/../../../../../H-x86_64-mingw32/nios2-elf/lib/mhw-mulx\libc.a(lib_a-dtoa.o)
                              c:/altera_lite/15.1/nios2eds/bin/gnu/h-x86_64-mingw32/bin/../lib/gcc/nios2-elf/4.9.2/../../../../../H-x86_64-mingw32/nios2-elf/lib/mhw-mulx\libc.a(lib_a-vfprintf.o) (_dtoa_r)
c:/altera_lite/15.1/nios2eds/bin/gnu/h-x86_64-mingw32/bin/../lib/gcc/nios2-elf/4.9.2/../../../../../H-x86_64-mingw32/nios2-elf/lib/mhw-mulx\libc.a(lib_a-fflush.o)
                              c:/altera_lite/15.1/nios2eds/bin/gnu/h-x86_64-mingw32/bin/../lib/gcc/nios2-elf/4.9.2/../../../../../H-x86_64-mingw32/nios2-elf/lib/mhw-mulx\libc.a(lib_a-vfprintf.o) (_fflush_r)
c:/altera_lite/15.1/nios2eds/bin/gnu/h-x86_64-mingw32/bin/../lib/gcc/nios2-elf/4.9.2/../../../../../H-x86_64-mingw32/nios2-elf/lib/mhw-mulx\libc.a(lib_a-findfp.o)
                              c:/altera_lite/15.1/nios2eds/bin/gnu/h-x86_64-mingw32/bin/../lib/gcc/nios2-elf/4.9.2/../../../../../H-x86_64-mingw32/nios2-elf/lib/mhw-mulx\libc.a(lib_a-vfprintf.o) (__sinit)
c:/altera_lite/15.1/nios2eds/bin/gnu/h-x86_64-mingw32/bin/../lib/gcc/nios2-elf/4.9.2/../../../../../H-x86_64-mingw32/nios2-elf/lib/mhw-mulx\libc.a(lib_a-freer.o)
                              c:/altera_lite/15.1/nios2eds/bin/gnu/h-x86_64-mingw32/bin/../lib/gcc/nios2-elf/4.9.2/../../../../../H-x86_64-mingw32/nios2-elf/lib/mhw-mulx\libc.a(lib_a-wsetup.o) (_free_r)
c:/altera_lite/15.1/nios2eds/bin/gnu/h-x86_64-mingw32/bin/../lib/gcc/nios2-elf/4.9.2/../../../../../H-x86_64-mingw32/nios2-elf/lib/mhw-mulx\libc.a(lib_a-fvwrite.o)
                              c:/altera_lite/15.1/nios2eds/bin/gnu/h-x86_64-mingw32/bin/../lib/gcc/nios2-elf/4.9.2/../../../../../H-x86_64-mingw32/nios2-elf/lib/mhw-mulx\libc.a(lib_a-puts.o) (__sfvwrite_r)
c:/altera_lite/15.1/nios2eds/bin/gnu/h-x86_64-mingw32/bin/../lib/gcc/nios2-elf/4.9.2/../../../../../H-x86_64-mingw32/nios2-elf/lib/mhw-mulx\libc.a(lib_a-fwalk.o)
                              c:/altera_lite/15.1/nios2eds/bin/gnu/h-x86_64-mingw32/bin/../lib/gcc/nios2-elf/4.9.2/../../../../../H-x86_64-mingw32/nios2-elf/lib/mhw-mulx\libc.a(lib_a-findfp.o) (_fwalk)
c:/altera_lite/15.1/nios2eds/bin/gnu/h-x86_64-mingw32/bin/../lib/gcc/nios2-elf/4.9.2/../../../../../H-x86_64-mingw32/nios2-elf/lib/mhw-mulx\libc.a(lib_a-impure.o)
                              c:/altera_lite/15.1/nios2eds/bin/gnu/h-x86_64-mingw32/bin/../lib/gcc/nios2-elf/4.9.2/../../../../../H-x86_64-mingw32/nios2-elf/lib/mhw-mulx\libc.a(lib_a-fflush.o) (_global_impure_ptr)
c:/altera_lite/15.1/nios2eds/bin/gnu/h-x86_64-mingw32/bin/../lib/gcc/nios2-elf/4.9.2/../../../../../H-x86_64-mingw32/nios2-elf/lib/mhw-mulx\libc.a(lib_a-locale.o)
                              c:/altera_lite/15.1/nios2eds/bin/gnu/h-x86_64-mingw32/bin/../lib/gcc/nios2-elf/4.9.2/../../../../../H-x86_64-mingw32/nios2-elf/lib/mhw-mulx\libc.a(lib_a-vfprintf.o) (_localeconv_r)
[...]
Memory Configuration

Name             Origin             Length             Attributes
reset            0x0000000000000000 0x0000000000000020
SDRAM            0x0000000000000020 0x0000000003ffffe0
Flash_flash_data 0x000000000c000000 0x0000000000800000
*default*        0x0000000000000000 0xffffffffffffffff

Linker script and memory map

LOAD C:/Users/daans/Documents/Eclipse_Projecten_Nios/Keyboard_bsp//obj/HAL/src/crt0.o
LOAD obj/default/hello_ucosii.o
LOAD c:/altera_lite/15.1/nios2eds/bin/gnu/h-x86_64-mingw32/bin/../lib/gcc/nios2-elf/4.9.2/../../../../../H-x86_64-mingw32/nios2-elf/lib/mhw-mulx\libstdc++.a
LOAD c:/altera_lite/15.1/nios2eds/bin/gnu/h-x86_64-mingw32/bin/../lib/gcc/nios2-elf/4.9.2/../../../../../H-x86_64-mingw32/nios2-elf/lib/mhw-mulx\libm.a
LOAD c:/altera_lite/15.1/nios2eds/bin/gnu/h-x86_64-mingw32/bin/../lib/gcc/nios2-elf/4.9.2/mhw-mulx\libgcc.a
START GROUP
LOAD c:/altera_lite/15.1/nios2eds/bin/gnu/h-x86_64-mingw32/bin/../lib/gcc/nios2-elf/4.9.2/../../../../../H-x86_64-mingw32/nios2-elf/lib/mhw-mulx\libc.a
LOAD c:/altera_lite/15.1/nios2eds/bin/gnu/h-x86_64-mingw32/bin/../lib/gcc/nios2-elf/4.9.2/mhw-mulx\libgcc.a
LOAD C:/Users/daans/Documents/Eclipse_Projecten_Nios/Keyboard_bsp/\libucosii_bsp.a
LOAD c:/altera_lite/15.1/nios2eds/bin/gnu/h-x86_64-mingw32/bin/../lib/gcc/nios2-elf/4.9.2/../../../../../H-x86_64-mingw32/nios2-elf/lib/mhw-mulx\libm.a
END GROUP
LOAD c:/altera_lite/15.1/nios2eds/bin/gnu/h-x86_64-mingw32/bin/../lib/gcc/nios2-elf/4.9.2/mhw-mulx\libgcc.a
                0x0000000000000000                __alt_mem_SDRAM = 0x0
                0x000000000c000000                __alt_mem_Flash_flash_data = 0xc000000

.entry          0x0000000000000000       0x20
 *(.entry)
 .entry         0x0000000000000000       0x20 C:/Users/daans/Documents/Eclipse_Projecten_Nios/Keyboard_bsp//obj/HAL/src/crt0.o
                0x0000000000000000                __reset

.exceptions     0x0000000000000020      0x224
                0x0000000000000020                PROVIDE (__ram_exceptions_start, ABSOLUTE (.))
                0x0000000000000020                . = ALIGN (0x20)
 *(.irq)
 *(.exceptions.entry.label)
 .exceptions.entry.label
                0x0000000000000020        0x0 C:/Users/daans/Documents/Eclipse_Projecten_Nios/Keyboard_bsp/\libucosii_bsp.a(alt_irq_entry.o)
                0x0000000000000020                alt_irq_entry
 .exceptions.entry.label
                0x0000000000000020        0x0 C:/Users/daans/Documents/Eclipse_Projecten_Nios/Keyboard_bsp/\libucosii_bsp.a(alt_exception_entry.o)
                0x0000000000000020                alt_exception
 *(.exceptions.entry.user)
 *(.exceptions.entry.ecc_fatal)
 *(.exceptions.entry)
 .exceptions.entry
                0x0000000000000020       0x54 C:/Users/daans/Documents/Eclipse_Projecten_Nios/Keyboard_bsp/\libucosii_bsp.a(alt_exception_entry.o)
 *(.exceptions.irqtest.user)
 *(.exceptions.irqtest)
 .exceptions.irqtest
                0x0000000000000074       0x10 C:/Users/daans/Documents/Eclipse_Projecten_Nios/Keyboard_bsp/\libucosii_bsp.a(alt_irq_entry.o)
 *(.exceptions.irqhandler.user)
 *(.exceptions.irqhandler)
 .exceptions.irqhandler
                0x0000000000000084        0x4 C:/Users/daans/Documents/Eclipse_Projecten_Nios/Keyboard_bsp/\libucosii_bsp.a(alt_irq_entry.o)
 *(.exceptions.irqreturn.user)
 *(.exceptions.irqreturn)
 .exceptions.irqreturn
                0x0000000000000088        0x4 C:/Users/daans/Documents/Eclipse_Projecten_Nios/Keyboard_bsp/\libucosii_bsp.a(alt_irq_entry.o)
 *(.exceptions.notirq.label)
 .exceptions.notirq.label
                0x000000000000008c        0x0 C:/Users/daans/Documents/Eclipse_Projecten_Nios/Keyboard_bsp/\libucosii_bsp.a(alt_irq_entry.o)
 *(.exceptions.notirq.user)
 *(.exceptions.notirq)
 .exceptions.notirq
                0x000000000000008c        0x8 C:/Users/daans/Documents/Eclipse_Projecten_Nios/Keyboard_bsp/\libucosii_bsp.a(alt_exception_entry.o)
 *(.exceptions.soft.user)
 *(.exceptions.soft)
 *(.exceptions.unknown.user)
 *(.exceptions.unknown)
 .exceptions.unknown
                0x0000000000000094       0x14 C:/Users/daans/Documents/Eclipse_Projecten_Nios/Keyboard_bsp/\libucosii_bsp.a(alt_exception_entry.o)
 *(.exceptions.exit.label)
 .exceptions.exit.label
                0x00000000000000a8        0x0 C:/Users/daans/Documents/Eclipse_Projecten_Nios/Keyboard_bsp/\libucosii_bsp.a(alt_irq_entry.o)
 .exceptions.exit.label
                0x00000000000000a8        0x0 C:/Users/daans/Documents/Eclipse_Projecten_Nios/Keyboard_bsp/\libucosii_bsp.a(alt_exception_entry.o)
 *(.exceptions.exit.user)
 *(.exceptions.exit)
 .exceptions.exit
                0x00000000000000a8       0x54 C:/Users/daans/Documents/Eclipse_Projecten_Nios/Keyboard_bsp/\libucosii_bsp.a(alt_exception_entry.o)
 *(.exceptions)
 .exceptions    0x00000000000000fc       0xd4 C:/Users/daans/Documents/Eclipse_Projecten_Nios/Keyboard_bsp/\libucosii_bsp.a(alt_irq_handler.o)
                0x00000000000000fc                alt_irq_handler
 .exceptions    0x00000000000001d0       0x74 C:/Users/daans/Documents/Eclipse_Projecten_Nios/Keyboard_bsp/\libucosii_bsp.a(alt_instruction_exception_entry.o)
                0x00000000000001d0                alt_instruction_exception_entry
                0x0000000000000244                PROVIDE (__ram_exceptions_end, ABSOLUTE (.))
                0x0000000000000020                PROVIDE (__flash_exceptions_start, LOADADDR (.exceptions))

.text           0x0000000000000244    0x19878
                0x0000000000000244                PROVIDE (stext, ABSOLUTE (.))
 *(.interp)
 *(.hash)
 *(.dynsym)
 *(.dynstr)
 *(.gnu.version)
 *(.gnu.version_d)
 *(.gnu.version_r)
 *(.rel.init)
 *(.rela.init)
 *(.rel.text .rel.text.* .rel.gnu.linkonce.t.*)
 *(.rela.text .rela.text.* .rela.gnu.linkonce.t.*)
 *(.rel.fini)
 *(.rela.fini)
 *(.rel.rodata .rel.rodata.* .rel.gnu.linkonce.r.*)
 *(.rela.rodata .rela.rodata.* .rela.gnu.linkonce.r.*)
 *(.rel.data .rel.data.* .rel.gnu.linkonce.d.*)
 *(.rela.data .rela.data.* .rela.gnu.linkonce.d.*)
 *(.rel.tdata .rel.tdata.* .rel.gnu.linkonce.td.*)
 *(.rela.tdata .rela.tdata.* .rela.gnu.linkonce.td.*)
 *(.rel.tbss .rel.tbss.* .rel.gnu.linkonce.tb.*)
 *(.rela.tbss .rela.tbss.* .rela.gnu.linkonce.tb.*)
 *(.rel.ctors)
 *(.rela.ctors)
 *(.rel.dtors)
 *(.rela.dtors)
 *(.rel.got)
 *(.rela.got)
 *(.rel.sdata .rel.sdata.* .rel.gnu.linkonce.s.*)
 *(.rela.sdata .rela.sdata.* .rela.gnu.linkonce.s.*)
 *(.rel.sbss .rel.sbss.* .rel.gnu.linkonce.sb.*)
 *(.rela.sbss .rela.sbss.* .rela.gnu.linkonce.sb.*)
 *(.rel.sdata2 .rel.sdata2.* .rel.gnu.linkonce.s2.*)
 *(.rela.sdata2 .rela.sdata2.* .rela.gnu.linkonce.s2.*)
 *(.rel.sbss2 .rel.sbss2.* .rel.gnu.linkonce.sb2.*)
 *(.rela.sbss2 .rela.sbss2.* .rela.gnu.linkonce.sb2.*)
 *(.rel.bss .rel.bss.* .rel.gnu.linkonce.b.*)
 *(.rela.bss .rela.bss.* .rela.gnu.linkonce.b.*)
 *(.rel.plt)
 *(.rela.plt)
 *(.rel.dyn)
 *(.init)
 *(.plt)
 *(.text .stub .text.* .gnu.linkonce.t.*)
 .text          0x0000000000000244       0x3c C:/Users/daans/Documents/Eclipse_Projecten_Nios/Keyboard_bsp//obj/HAL/src/crt0.o
                0x0000000000000244                _start
 .text          0x0000000000000280      0x608 obj/default/hello_ucosii.o
                0x0000000000000280                task1
                0x000000000000036c                main
                0x0000000000000418                VGA_box
                0x00000000000004cc                VGA_text
                0x0000000000000548                PS2
                0x0000000000000590                getKey
                0x00000000000006b4                getJP5
                0x0000000000000758                charToBinary
                0x000000000000081c                binaryToChar
 .text          0x0000000000000888        0x0 c:/altera_lite/15.1/nios2eds/bin/gnu/h-x86_64-mingw32/bin/../lib/gcc/nios2-elf/4.9.2/../../../../../H-x86_64-mingw32/nios2-elf/lib/mhw-mulx\libc.a(lib_a-printf.o)
 .text._printf_r
                0x0000000000000888       0x2c c:/altera_lite/15.1/nios2eds/bin/gnu/h-x86_64-mingw32/bin/../lib/gcc/nios2-elf/4.9.2/../../../../../H-x86_64-mingw32/nios2-elf/lib/mhw-mulx\libc.a(lib_a-printf.o)
                0x0000000000000888                _printf_r
 .text.printf   0x00000000000008b4       0x3c c:/altera_lite/15.1/nios2eds/bin/gnu/h-x86_64-mingw32/bin/../lib/gcc/nios2-elf/4.9.2/../../../../../H-x86_64-mingw32/nios2-elf/lib/mhw-mulx\libc.a(lib_a-printf.o)
                0x00000000000008b4                printf
 .text          0x00000000000008f0        0x0 c:/altera_lite/15.1/nios2eds/bin/gnu/h-x86_64-mingw32/bin/../lib/gcc/nios2-elf/4.9.2/../../../../../H-x86_64-mingw32/nios2-elf/lib/mhw-mulx\libc.a(lib_a-putchar.o)
 .text._putchar_r
                0x00000000000008f0        0x8 c:/altera_lite/15.1/nios2eds/bin/gnu/h-x86_64-mingw32/bin/../lib/gcc/nios2-elf/4.9.2/../../../../../H-x86_64-mingw32/nios2-elf/lib/mhw-mulx\libc.a(lib_a-putchar.o)
                0x00000000000008f0                _putchar_r
 .text.putchar  0x00000000000008f8       0x18 c:/altera_lite/15.1/nios2eds/bin/gnu/h-x86_64-mingw32/bin/../lib/gcc/nios2-elf/4.9.2/../../../../../H-x86_64-mingw32/nios2-elf/lib/mhw-mulx\libc.a(lib_a-putchar.o)
                0x00000000000008f8                putchar
 .text          0x0000000000000910        0x0 c:/altera_lite/15.1/nios2eds/bin/gnu/h-x86_64-mingw32/bin/../lib/gcc/nios2-elf/4.9.2/../../../../../H-x86_64-mingw32/nios2-elf/lib/mhw-mulx\libc.a(lib_a-puts.o)
 .text._puts_r  0x0000000000000910       0xa8 c:/altera_lite/15.1/nios2eds/bin/gnu/h-x86_64-mingw32/bin/../lib/gcc/nios2-elf/4.9.2/../../../../../H-x86_64-mingw32/nios2-elf/lib/mhw-mulx\libc.a(lib_a-puts.o)
                0x0000000000000910                _puts_r
 .text.puts     0x00000000000009b8       0x14 c:/altera_lite/15.1/nios2eds/bin/gnu/h-x86_64-mingw32/bin/../lib/gcc/nios2-elf/4.9.2/../../../../../H-x86_64-mingw32/nios2-elf/lib/mhw-mulx\libc.a(lib_a-puts.o)
                0x00000000000009b8                puts
 .text          0x00000000000009cc        0x0 c:/altera_lite/15.1/nios2eds/bin/gnu/h-x86_64-mingw32/bin/../lib/gcc/nios2-elf/4.9.2/../../../../../H-x86_64-mingw32/nios2-elf/lib/mhw-mulx\libc.a(lib_a-strcmp.o)
 .text.strcmp   0x00000000000009cc       0xa4 c:/altera_lite/15.1/nios2eds/bin/gnu/h-x86_64-mingw32/bin/../lib/gcc/nios2-elf/4.9.2/../../../../../H-x86_64-mingw32/nios2-elf/lib/mhw-mulx\libc.a(lib_a-strcmp.o)
                0x00000000000009cc                strcmp
 .text          0x0000000000000a70        0x0 c:/altera_lite/15.1/nios2eds/bin/gnu/h-x86_64-mingw32/bin/../lib/gcc/nios2-elf/4.9.2/../../../../../H-x86_64-mingw32/nios2-elf/lib/mhw-mulx\libc.a(lib_a-strlen.o)
 .text.strlen   0x0000000000000a70       0x98 c:/altera_lite/15.1/nios2eds/bin/gnu/h-x86_64-mingw32/bin/../lib/gcc/nios2-elf/4.9.2/../../../../../H-x86_64-mingw32/nios2-elf/lib/mhw-mulx\libc.a(lib_a-strlen.o)
                0x0000000000000a70                strlen
 .text          0x0000000000000b08        0x0 c:/altera_lite/15.1/nios2eds/bin/gnu/h-x86_64-mingw32/bin/../lib/gcc/nios2-elf/4.9.2/../../../../../H-x86_64-mingw32/nios2-elf/lib/mhw-mulx\libc.a(lib_a-vfprintf.o)
 .text.___vfprintf_internal_r
                0x0000000000000b08     0x1f50 c:/altera_lite/15.1/nios2eds/bin/gnu/h-x86_64-mingw32/bin/../lib/gcc/nios2-elf/4.9.2/../../../../../H-x86_64-mingw32/nios2-elf/lib/mhw-mulx\libc.a(lib_a-vfprintf.o)
                0x0000000000000b08                ___vfprintf_internal_r
 .text.__vfprintf_internal
                0x0000000000002a58       0x24 c:/altera_lite/15.1/nios2eds/bin/gnu/h-x86_64-mingw32/bin/../lib/gcc/nios2-elf/4.9.2/../../../../../H-x86_64-mingw32/nios2-elf/lib/mhw-mulx\libc.a(lib_a-vfprintf.o)
                0x0000000000002a58                __vfprintf_internal
 .text.__sbprintf
                0x0000000000002a7c       0xbc c:/altera_lite/15.1/nios2eds/bin/gnu/h-x86_64-mingw32/bin/../lib/gcc/nios2-elf/4.9.2/../../../../../H-x86_64-mingw32/nios2-elf/lib/mhw-mulx\libc.a(lib_a-vfprintf.o)
 .text          0x0000000000002b38        0x0 c:/altera_lite/15.1/nios2eds/bin/gnu/h-x86_64-mingw32/bin/../lib/gcc/nios2-elf/4.9.2/../../../../../H-x86_64-mingw32/nios2-elf/lib/mhw-mulx\libc.a(lib_a-wsetup.o)
 .text.__swsetup_r
                0x0000000000002b38      0x154 c:/altera_lite/15.1/nios2eds/bin/gnu/h-x86_64-mingw32/bin/../lib/gcc/nios2-elf/4.9.2/../../../../../H-x86_64-mingw32/nios2-elf/lib/mhw-mulx\libc.a(lib_a-wsetup.o)
                0x0000000000002b38                __swsetup_r
 .text          0x0000000000002c8c        0x0 c:/altera_lite/15.1/nios2eds/bin/gnu/h-x86_64-mingw32/bin/../lib/gcc/nios2-elf/4.9.2/../../../../../H-x86_64-mingw32/nios2-elf/lib/mhw-mulx\libc.a(lib_a-dtoa.o)
 .text.quorem   0x0000000000002c8c      0x200 c:/altera_lite/15.1/nios2eds/bin/gnu/h-x86_64-mingw32/bin/../lib/gcc/nios2-elf/4.9.2/../../../../../H-x86_64-mingw32/nios2-elf/lib/mhw-mulx\libc.a(lib_a-dtoa.o)
 .text._dtoa_r  0x0000000000002e8c     0x1728 c:/altera_lite/15.1/nios2eds/bin/gnu/h-x86_64-mingw32/bin/../lib/gcc/nios2-elf/4.9.2/../../../../../H-x86_64-mingw32/nios2-elf/lib/mhw-mulx\libc.a(lib_a-dtoa.o)
                0x0000000000002e8c                _dtoa_r
 .text          0x00000000000045b4        0x0 c:/altera_lite/15.1/nios2eds/bin/gnu/h-x86_64-mingw32/bin/../lib/gcc/nios2-elf/4.9.2/../../../../../H-x86_64-mingw32/nios2-elf/lib/mhw-mulx\libc.a(lib_a-fflush.o)
 .text.__sflush_r
                0x00000000000045b4      0x208 c:/altera_lite/15.1/nios2eds/bin/gnu/h-x86_64-mingw32/bin/../lib/gcc/nios2-elf/4.9.2/../../../../../H-x86_64-mingw32/nios2-elf/lib/mhw-mulx\libc.a(lib_a-fflush.o)
                0x00000000000045b4                __sflush_r
 .text._fflush_r
                0x00000000000047bc       0x5c c:/altera_lite/15.1/nios2eds/bin/gnu/h-x86_64-mingw32/bin/../lib/gcc/nios2-elf/4.9.2/../../../../../H-x86_64-mingw32/nios2-elf/lib/mhw-mulx\libc.a(lib_a-fflush.o)
                0x00000000000047bc                _fflush_r
 .text.fflush   0x0000000000004818       0x30 c:/altera_lite/15.1/nios2eds/bin/gnu/h-x86_64-mingw32/bin/../lib/gcc/nios2-elf/4.9.2/../../../../../H-x86_64-mingw32/nios2-elf/lib/mhw-mulx\libc.a(lib_a-fflush.o)
                0x0000000000004818                fflush
 .text          0x0000000000004848        0x0 c:/altera_lite/15.1/nios2eds/bin/gnu/h-x86_64-mingw32/bin/../lib/gcc/nios2-elf/4.9.2/../../../../../H-x86_64-mingw32/nios2-elf/lib/mhw-mulx\libc.a(lib_a-findfp.o)
 .text.__fp_lock
                0x0000000000004848        0x8 c:/altera_lite/15.1/nios2eds/bin/gnu/h-x86_64-mingw32/bin/../lib/gcc/nios2-elf/4.9.2/../../../../../H-x86_64-mingw32/nios2-elf/lib/mhw-mulx\libc.a(lib_a-findfp.o)
 .text.__fp_unlock
                0x0000000000004850        0x8 c:/altera_lite/15.1/nios2eds/bin/gnu/h-x86_64-mingw32/bin/../lib/gcc/nios2-elf/4.9.2/../../../../../H-x86_64-mingw32/nios2-elf/lib/mhw-mulx\libc.a(lib_a-findfp.o)
 .text._cleanup_r
                0x0000000000004858        0xc c:/altera_lite/15.1/nios2eds/bin/gnu/h-x86_64-mingw32/bin/../lib/gcc/nios2-elf/4.9.2/../../../../../H-x86_64-mingw32/nios2-elf/lib/mhw-mulx\libc.a(lib_a-findfp.o)
                0x0000000000004858                _cleanup_r
 .text.__sinit.part.1
                0x0000000000004864      0x19c c:/altera_lite/15.1/nios2eds/bin/gnu/h-x86_64-mingw32/bin/../lib/gcc/nios2-elf/4.9.2/../../../../../H-x86_64-mingw32/nios2-elf/lib/mhw-mulx\libc.a(lib_a-findfp.o)
 .text.__sfmoreglue
                0x0000000000004a00       0x68 c:/altera_lite/15.1/nios2eds/bin/gnu/h-x86_64-mingw32/bin/../lib/gcc/nios2-elf/4.9.2/../../../../../H-x86_64-mingw32/nios2-elf/lib/mhw-mulx\libc.a(lib_a-findfp.o)
                0x0000000000004a00                __sfmoreglue
 .text.__sfp    0x0000000000004a68      0x118 c:/altera_lite/15.1/nios2eds/bin/gnu/h-x86_64-mingw32/bin/../lib/gcc/nios2-elf/4.9.2/../../../../../H-x86_64-mingw32/nios2-elf/lib/mhw-mulx\libc.a(lib_a-findfp.o)
                0x0000000000004a68                __sfp
 .text._cleanup
                0x0000000000004b80       0x18 c:/altera_lite/15.1/nios2eds/bin/gnu/h-x86_64-mingw32/bin/../lib/gcc/nios2-elf/4.9.2/../../../../../H-x86_64-mingw32/nios2-elf/lib/mhw-mulx\libc.a(lib_a-findfp.o)
                0x0000000000004b80                _cleanup
 .text.__sinit  0x0000000000004b98       0x10 c:/altera_lite/15.1/nios2eds/bin/gnu/h-x86_64-mingw32/bin/../lib/gcc/nios2-elf/4.9.2/../../../../../H-x86_64-mingw32/nios2-elf/lib/mhw-mulx\libc.a(lib_a-findfp.o)
                0x0000000000004b98                __sinit
 .text.__sfp_lock_acquire
                0x0000000000004ba8        0x4 c:/altera_lite/15.1/nios2eds/bin/gnu/h-x86_64-mingw32/bin/../lib/gcc/nios2-elf/4.9.2/../../../../../H-x86_64-mingw32/nios2-elf/lib/mhw-mulx\libc.a(lib_a-findfp.o)
                0x0000000000004ba8                __sfp_lock_acquire
 .text.__sfp_lock_release
                0x0000000000004bac        0x4 c:/altera_lite/15.1/nios2eds/bin/gnu/h-x86_64-mingw32/bin/../lib/gcc/nios2-elf/4.9.2/../../../../../H-x86_64-mingw32/nios2-elf/lib/mhw-mulx\libc.a(lib_a-findfp.o)
                0x0000000000004bac                __sfp_lock_release
 .text.__sinit_lock_acquire
                0x0000000000004bb0        0x4 c:/altera_lite/15.1/nios2eds/bin/gnu/h-x86_64-mingw32/bin/../lib/gcc/nios2-elf/4.9.2/../../../../../H-x86_64-mingw32/nios2-elf/lib/mhw-mulx\libc.a(lib_a-findfp.o)
                0x0000000000004bb0                __sinit_lock_acquire
 .text.__sinit_lock_release
                0x0000000000004bb4        0x4 c:/altera_lite/15.1/nios2eds/bin/gnu/h-x86_64-mingw32/bin/../lib/gcc/nios2-elf/4.9.2/../../../../../H-x86_64-mingw32/nios2-elf/lib/mhw-mulx\libc.a(lib_a-findfp.o)
                0x0000000000004bb4                __sinit_lock_release
 .text.__fp_lock_all
                0x0000000000004bb8       0x18 c:/altera_lite/15.1/nios2eds/bin/gnu/h-x86_64-mingw32/bin/../lib/gcc/nios2-elf/4.9.2/../../../../../H-x86_64-mingw32/nios2-elf/lib/mhw-mulx\libc.a(lib_a-findfp.o)
                0x0000000000004bb8                __fp_lock_all
 .text.__fp_unlock_all
                0x0000000000004bd0       0x18 c:/altera_lite/15.1/nios2eds/bin/gnu/h-x86_64-mingw32/bin/../lib/gcc/nios2-elf/4.9.2/../../../../../H-x86_64-mingw32/nios2-elf/lib/mhw-mulx\libc.a(lib_a-findfp.o)
                0x0000000000004bd0                __fp_unlock_all
 .text          0x0000000000004be8        0x0 c:/altera_lite/15.1/nios2eds/bin/gnu/h-x86_64-mingw32/bin/../lib/gcc/nios2-elf/4.9.2/../../../../../H-x86_64-mingw32/nios2-elf/lib/mhw-mulx\libc.a(lib_a-freer.o)
 .text._malloc_trim_r
                0x0000000000004be8      0x124 c:/altera_lite/15.1/nios2eds/bin/gnu/h-x86_64-mingw32/bin/../lib/gcc/nios2-elf/4.9.2/../../../../../H-x86_64-mingw32/nios2-elf/lib/mhw-mulx\libc.a(lib_a-freer.o)
                0x0000000000004be8                _malloc_trim_r
 .text._free_r  0x0000000000004d0c      0x2f0 c:/altera_lite/15.1/nios2eds/bin/gnu/h-x86_64-mingw32/bin/../lib/gcc/nios2-elf/4.9.2/../../../../../H-x86_64-mingw32/nios2-elf/lib/mhw-mulx\libc.a(lib_a-freer.o)
                0x0000000000004d0c                _free_r
 .text          0x0000000000004ffc        0x0 c:/altera_lite/15.1/nios2eds/bin/gnu/h-x86_64-mingw32/bin/../lib/gcc/nios2-elf/4.9.2/../../../../../H-x86_64-mingw32/nios2-elf/lib/mhw-mulx\libc.a(lib_a-fvwrite.o)
 .text.__sfvwrite_r
                0x0000000000004ffc      0x4c0 c:/altera_lite/15.1/nios2eds/bin/gnu/h-x86_64-mingw32/bin/../lib/gcc/nios2-elf/4.9.2/../../../../../H-x86_64-mingw32/nios2-elf/lib/mhw-mulx\libc.a(lib_a-fvwrite.o)
                0x0000000000004ffc                __sfvwrite_r
 .text          0x00000000000054bc        0x0 c:/altera_lite/15.1/nios2eds/bin/gnu/h-x86_64-mingw32/bin/../lib/gcc/nios2-elf/4.9.2/../../../../../H-x86_64-mingw32/nios2-elf/lib/mhw-mulx\libc.a(lib_a-fwalk.o)
 .text._fwalk   0x00000000000054bc       0xc4 c:/altera_lite/15.1/nios2eds/bin/gnu/h-x86_64-mingw32/bin/../lib/gcc/nios2-elf/4.9.2/../../../../../H-x86_64-mingw32/nios2-elf/lib/mhw-mulx\libc.a(lib_a-fwalk.o)
                0x00000000000054bc                _fwalk
 .text._fwalk_reent
                0x0000000000005580       0xc4 c:/altera_lite/15.1/nios2eds/bin/gnu/h-x86_64-mingw32/bin/../lib/gcc/nios2-elf/4.9.2/../../../../../H-x86_64-mingw32/nios2-elf/lib/mhw-mulx\libc.a(lib_a-fwalk.o)
                0x0000000000005580                _fwalk_reent
 .text          0x0000000000005644        0x0 c:/altera_lite/15.1/nios2eds/bin/gnu/h-x86_64-mingw32/bin/../lib/gcc/nios2-elf/4.9.2/../../../../../H-x86_64-mingw32/nios2-elf/lib/mhw-mulx\libc.a(lib_a-impure.o)
 .text          0x0000000000005644        0x0 c:/altera_lite/15.1/nios2eds/bin/gnu/h-x86_64-mingw32/bin/../lib/gcc/nios2-elf/4.9.2/../../../../../H-x86_64-mingw32/nios2-elf/lib/mhw-mulx\libc.a(lib_a-locale.o)
 .text._setlocale_r
                0x0000000000005644       0x7c c:/altera_lite/15.1/nios2eds/bin/gnu/h-x86_64-mingw32/bin/../lib/gcc/nios2-elf/4.9.2/../../../../../H-x86_64-mingw32/nios2-elf/lib/mhw-mulx\libc.a(lib_a-locale.o)
                0x0000000000005644                _setlocale_r
 .text.__locale_charset
                0x00000000000056c0        0xc c:/altera_lite/15.1/nios2eds/bin/gnu/h-x86_64-mingw32/bin/../lib/gcc/nios2-elf/4.9.2/../../../../../H-x86_64-mingw32/nios2-elf/lib/mhw-mulx\libc.a(lib_a-locale.o)
                0x00000000000056c0                __locale_charset
 .text.__locale_mb_cur_max
                0x00000000000056cc       0x10 c:/altera_lite/15.1/nios2eds/bin/gnu/h-x86_64-mingw32/bin/../lib/gcc/nios2-elf/4.9.2/../../../../../H-x86_64-mingw32/nios2-elf/lib/mhw-mulx\libc.a(lib_a-locale.o)
                0x00000000000056cc                __locale_mb_cur_max
 .text.__locale_msgcharset
                0x00000000000056dc        0xc c:/altera_lite/15.1/nios2eds/bin/gnu/h-x86_64-mingw32/bin/../lib/gcc/nios2-elf/4.9.2/../../../../../H-x86_64-mingw32/nios2-elf/lib/mhw-mulx\libc.a(lib_a-locale.o)
                0x00000000000056dc                __locale_msgcharset
 .text.__locale_cjk_lang
                0x00000000000056e8        0x8 c:/altera_lite/15.1/nios2eds/bin/gnu/h-x86_64-mingw32/bin/../lib/gcc/nios2-elf/4.9.2/../../../../../H-x86_64-mingw32/nios2-elf/lib/mhw-mulx\libc.a(lib_a-locale.o)
                0x00000000000056e8                __locale_cjk_lang
 .text._localeconv_r
                0x00000000000056f0        0xc c:/altera_lite/15.1/nios2eds/bin/gnu/h-x86_64-mingw32/bin/../lib/gcc/nios2-elf/4.9.2/../../../../../H-x86_64-mingw32/nios2-elf/lib/mhw-mulx\libc.a(lib_a-locale.o)
                0x00000000000056f0                _localeconv_r
 .text.setlocale
                0x00000000000056fc       0x1c c:/altera_lite/15.1/nios2eds/bin/gnu/h-x86_64-mingw32/bin/../lib/gcc/nios2-elf/4.9.2/../../../../../H-x86_64-mingw32/nios2-elf/lib/mhw-mulx\libc.a(lib_a-locale.o)
                0x00000000000056fc                setlocale
 .text.localeconv
                0x0000000000005718        0xc c:/altera_lite/15.1/nios2eds/bin/gnu/h-x86_64-mingw32/bin/../lib/gcc/nios2-elf/4.9.2/../../../../../H-x86_64-mingw32/nios2-elf/lib/mhw-mulx\libc.a(lib_a-locale.o)
                0x0000000000005718                localeconv
 .text          0x0000000000005724        0x0 c:/altera_lite/15.1/nios2eds/bin/gnu/h-x86_64-mingw32/bin/../lib/gcc/nios2-elf/4.9.2/../../../../../H-x86_64-mingw32/nios2-elf/lib/mhw-mulx\libc.a(lib_a-makebuf.o)
 .text.__smakebuf_r
                0x0000000000005724      0x1b8 c:/altera_lite/15.1/nios2eds/bin/gnu/h-x86_64-mingw32/bin/../lib/gcc/nios2-elf/4.9.2/../../../../../H-x86_64-mingw32/nios2-elf/lib/mhw-mulx\libc.a(lib_a-makebuf.o)
                0x0000000000005724                __smakebuf_r
 .text          0x00000000000058dc        0x0 c:/altera_lite/15.1/nios2eds/bin/gnu/h-x86_64-mingw32/bin/../lib/gcc/nios2-elf/4.9.2/../../../../../H-x86_64-mingw32/nios2-elf/lib/mhw-mulx\libc.a(lib_a-mallocr.o)
 .text._malloc_r
                0x00000000000058dc      0x7a8 c:/altera_lite/15.1/nios2eds/bin/gnu/h-x86_64-mingw32/bin/../lib/gcc/nios2-elf/4.9.2/../../../../../H-x86_64-mingw32/nios2-elf/lib/mhw-mulx\libc.a(lib_a-mallocr.o)
                0x00000000000058dc                _malloc_r
 .text          0x0000000000006084        0x0 c:/altera_lite/15.1/nios2eds/bin/gnu/h-x86_64-mingw32/bin/../lib/gcc/nios2-elf/4.9.2/../../../../../H-x86_64-mingw32/nios2-elf/lib/mhw-mulx\libc.a(lib_a-memchr.o)
 .text.memchr   0x0000000000006084       0xe8 c:/altera_lite/15.1/nios2eds/bin/gnu/h-x86_64-mingw32/bin/../lib/gcc/nios2-elf/4.9.2/../../../../../H-x86_64-mingw32/nios2-elf/lib/mhw-mulx\libc.a(lib_a-memchr.o)
                0x0000000000006084                memchr
 .text          0x000000000000616c        0x0 c:/altera_lite/15.1/nios2eds/bin/gnu/h-x86_64-mingw32/bin/../lib/gcc/nios2-elf/4.9.2/../../../../../H-x86_64-mingw32/nios2-elf/lib/mhw-mulx\libc.a(lib_a-memcpy.o)
 .text.memcpy   0x000000000000616c      0x138 c:/altera_lite/15.1/nios2eds/bin/gnu/h-x86_64-mingw32/bin/../lib/gcc/nios2-elf/4.9.2/../../../../../H-x86_64-mingw32/nios2-elf/lib/mhw-mulx\libc.a(lib_a-memcpy.o)
                0x000000000000616c                memcpy
 .text          0x00000000000062a4        0x0 c:/altera_lite/15.1/nios2eds/bin/gnu/h-x86_64-mingw32/bin/../lib/gcc/nios2-elf/4.9.2/../../../../../H-x86_64-mingw32/nios2-elf/lib/mhw-mulx\libc.a(lib_a-memmove.o)
 .text.memmove  0x00000000000062a4      0x15c c:/altera_lite/15.1/nios2eds/bin/gnu/h-x86_64-mingw32/bin/../lib/gcc/nios2-elf/4.9.2/../../../../../H-x86_64-mingw32/nios2-elf/lib/mhw-mulx\libc.a(lib_a-memmove.o)
                0x00000000000062a4                memmove
 .text          0x0000000000006400        0x0 c:/altera_lite/15.1/nios2eds/bin/gnu/h-x86_64-mingw32/bin/../lib/gcc/nios2-elf/4.9.2/../../../../../H-x86_64-mingw32/nios2-elf/lib/mhw-mulx\libc.a(lib_a-memset.o)
 .text.memset   0x0000000000006400      0x124 c:/altera_lite/15.1/nios2eds/bin/gnu/h-x86_64-mingw32/bin/../lib/gcc/nios2-elf/4.9.2/../../../../../H-x86_64-mingw32/nios2-elf/lib/mhw-mulx\libc.a(lib_a-memset.o)
                0x0000000000006400                memset
 .text          0x0000000000006524        0x0 c:/altera_lite/15.1/nios2eds/bin/gnu/h-x86_64-mingw32/bin/../lib/gcc/nios2-elf/4.9.2/../../../../../H-x86_64-mingw32/nios2-elf/lib/mhw-mulx\libc.a(lib_a-mprec.o)
 .text._Balloc  0x0000000000006524       0xa8 c:/altera_lite/15.1/nios2eds/bin/gnu/h-x86_64-mingw32/bin/../lib/gcc/nios2-elf/4.9.2/../../../../../H-x86_64-mingw32/nios2-elf/lib/mhw-mulx\libc.a(lib_a-mprec.o)
                0x0000000000006524                _Balloc
 .text._Bfree   0x00000000000065cc       0x28 c:/altera_lite/15.1/nios2eds/bin/gnu/h-x86_64-mingw32/bin/../lib/gcc/nios2-elf/4.9.2/../../../../../H-x86_64-mingw32/nios2-elf/lib/mhw-mulx\libc.a(lib_a-mprec.o)
                0x00000000000065cc                _Bfree
 .text.__multadd
                0x00000000000065f4      0x120 c:/altera_lite/15.1/nios2eds/bin/gnu/h-x86_64-mingw32/bin/../lib/gcc/nios2-elf/4.9.2/../../../../../H-x86_64-mingw32/nios2-elf/lib/mhw-mulx\libc.a(lib_a-mprec.o)
                0x00000000000065f4                __multadd
 .text.__s2b    0x0000000000006714      0x104 c:/altera_lite/15.1/nios2eds/bin/gnu/h-x86_64-mingw32/bin/../lib/gcc/nios2-elf/4.9.2/../../../../../H-x86_64-mingw32/nios2-elf/lib/mhw-mulx\libc.a(lib_a-mprec.o)
                0x0000000000006714                __s2b
 .text.__hi0bits
                0x0000000000006818       0x68 c:/altera_lite/15.1/nios2eds/bin/gnu/h-x86_64-mingw32/bin/../lib/gcc/nios2-elf/4.9.2/../../../../../H-x86_64-mingw32/nios2-elf/lib/mhw-mulx\libc.a(lib_a-mprec.o)
                0x0000000000006818                __hi0bits
 .text.__lo0bits
                0x0000000000006880       0xb0 c:/altera_lite/15.1/nios2eds/bin/gnu/h-x86_64-mingw32/bin/../lib/gcc/nios2-elf/4.9.2/../../../../../H-x86_64-mingw32/nios2-elf/lib/mhw-mulx\libc.a(lib_a-mprec.o)
                0x0000000000006880                __lo0bits
 .text.__i2b    0x0000000000006930       0x3c c:/altera_lite/15.1/nios2eds/bin/gnu/h-x86_64-mingw32/bin/../lib/gcc/nios2-elf/4.9.2/../../../../../H-x86_64-mingw32/nios2-elf/lib/mhw-mulx\libc.a(lib_a-mprec.o)
                0x0000000000006930                __i2b
 .text.__multiply
                0x000000000000696c      0x1fc c:/altera_lite/15.1/nios2eds/bin/gnu/h-x86_64-mingw32/bin/../lib/gcc/nios2-elf/4.9.2/../../../../../H-x86_64-mingw32/nios2-elf/lib/mhw-mulx\libc.a(lib_a-mprec.o)
                0x000000000000696c                __multiply
 .text.__pow5mult
                0x0000000000006b68      0x140 c:/altera_lite/15.1/nios2eds/bin/gnu/h-x86_64-mingw32/bin/../lib/gcc/nios2-elf/4.9.2/../../../../../H-x86_64-mingw32/nios2-elf/lib/mhw-mulx\libc.a(lib_a-mprec.o)
                0x0000000000006b68                __pow5mult
 .text.__lshift
                0x0000000000006ca8      0x150 c:/altera_lite/15.1/nios2eds/bin/gnu/h-x86_64-mingw32/bin/../lib/gcc/nios2-elf/4.9.2/../../../../../H-x86_64-mingw32/nios2-elf/lib/mhw-mulx\libc.a(lib_a-mprec.o)
                0x0000000000006ca8                __lshift
 .text.__mcmp   0x0000000000006df8       0x60 c:/altera_lite/15.1/nios2eds/bin/gnu/h-x86_64-mingw32/bin/../lib/gcc/nios2-elf/4.9.2/../../../../../H-x86_64-mingw32/nios2-elf/lib/mhw-mulx\libc.a(lib_a-mprec.o)
                0x0000000000006df8                __mcmp
 .text.__mdiff  0x0000000000006e58      0x198 c:/altera_lite/15.1/nios2eds/bin/gnu/h-x86_64-mingw32/bin/../lib/gcc/nios2-elf/4.9.2/../../../../../H-x86_64-mingw32/nios2-elf/lib/mhw-mulx\libc.a(lib_a-mprec.o)
                0x0000000000006e58                __mdiff
 .text.__ulp    0x0000000000006ff0       0x60 c:/altera_lite/15.1/nios2eds/bin/gnu/h-x86_64-mingw32/bin/../lib/gcc/nios2-elf/4.9.2/../../../../../H-x86_64-mingw32/nios2-elf/lib/mhw-mulx\libc.a(lib_a-mprec.o)
                0x0000000000006ff0                __ulp
 .text.__b2d    0x0000000000007050      0x11c c:/altera_lite/15.1/nios2eds/bin/gnu/h-x86_64-mingw32/bin/../lib/gcc/nios2-elf/4.9.2/../../../../../H-x86_64-mingw32/nios2-elf/lib/mhw-mulx\libc.a(lib_a-mprec.o)
                0x0000000000007050                __b2d
 .text.__d2b    0x000000000000716c      0x13c c:/altera_lite/15.1/nios2eds/bin/gnu/h-x86_64-mingw32/bin/../lib/gcc/nios2-elf/4.9.2/../../../../../H-x86_64-mingw32/nios2-elf/lib/mhw-mulx\libc.a(lib_a-mprec.o)
                0x000000000000716c                __d2b
 .text.__ratio  0x00000000000072a8       0xa4 c:/altera_lite/15.1/nios2eds/bin/gnu/h-x86_64-mingw32/bin/../lib/gcc/nios2-elf/4.9.2/../../../../../H-x86_64-mingw32/nios2-elf/lib/mhw-mulx\libc.a(lib_a-mprec.o)
                0x00000000000072a8                __ratio
 .text._mprec_log10
                0x000000000000734c       0x74 c:/altera_lite/15.1/nios2eds/bin/gnu/h-x86_64-mingw32/bin/../lib/gcc/nios2-elf/4.9.2/../../../../../H-x86_64-mingw32/nios2-elf/lib/mhw-mulx\libc.a(lib_a-mprec.o)
                0x000000000000734c                _mprec_log10
 .text.__copybits
                0x00000000000073c0       0x78 c:/altera_lite/15.1/nios2eds/bin/gnu/h-x86_64-mingw32/bin/../lib/gcc/nios2-elf/4.9.2/../../../../../H-x86_64-mingw32/nios2-elf/lib/mhw-mulx\libc.a(lib_a-mprec.o)
                0x00000000000073c0                __copybits
 .text.__any_on
                0x0000000000007438       0x8c c:/altera_lite/15.1/nios2eds/bin/gnu/h-x86_64-mingw32/bin/../lib/gcc/nios2-elf/4.9.2/../../../../../H-x86_64-mingw32/nios2-elf/lib/mhw-mulx\libc.a(lib_a-mprec.o)
                0x0000000000007438                __any_on
 .text          0x00000000000074c4        0x0 c:/altera_lite/15.1/nios2eds/bin/gnu/h-x86_64-mingw32/bin/../lib/gcc/nios2-elf/4.9.2/../../../../../H-x86_64-mingw32/nios2-elf/lib/mhw-mulx\libc.a(lib_a-putc.o)
 .text._putc_r  0x00000000000074c4       0xa0 c:/altera_lite/15.1/nios2eds/bin/gnu/h-x86_64-mingw32/bin/../lib/gcc/nios2-elf/4.9.2/../../../../../H-x86_64-mingw32/nios2-elf/lib/mhw-mulx\libc.a(lib_a-putc.o)
                0x00000000000074c4                _putc_r
 .text.putc     0x0000000000007564       0xcc c:/altera_lite/15.1/nios2eds/bin/gnu/h-x86_64-mingw32/bin/../lib/gcc/nios2-elf/4.9.2/../../../../../H-x86_64-mingw32/nios2-elf/lib/mhw-mulx\libc.a(lib_a-putc.o)
                0x0000000000007564                putc
 .text          0x0000000000007630        0x0 c:/altera_lite/15.1/nios2eds/bin/gnu/h-x86_64-mingw32/bin/../lib/gcc/nios2-elf/4.9.2/../../../../../H-x86_64-mingw32/nios2-elf/lib/mhw-mulx\libc.a(lib_a-reallocr.o)
 .text._realloc_r
                0x0000000000007630      0x568 c:/altera_lite/15.1/nios2eds/bin/gnu/h-x86_64-mingw32/bin/../lib/gcc/nios2-elf/4.9.2/../../../../../H-x86_64-mingw32/nios2-elf/lib/mhw-mulx\libc.a(lib_a-reallocr.o)
                0x0000000000007630                _realloc_r
 .text          0x0000000000007b98        0x0 c:/altera_lite/15.1/nios2eds/bin/gnu/h-x86_64-mingw32/bin/../lib/gcc/nios2-elf/4.9.2/../../../../../H-x86_64-mingw32/nios2-elf/lib/mhw-mulx\libc.a(lib_a-s_fpclassify.o)
 .text.__fpclassifyd
                0x0000000000007b98       0x74 c:/altera_lite/15.1/nios2eds/bin/gnu/h-x86_64-mingw32/bin/../lib/gcc/nios2-elf/4.9.2/../../../../../H-x86_64-mingw32/nios2-elf/lib/mhw-mulx\libc.a(lib_a-s_fpclassify.o)
                0x0000000000007b98                __fpclassifyd
 .text          0x0000000000007c0c        0x0 c:/altera_lite/15.1/nios2eds/bin/gnu/h-x86_64-mingw32/bin/../lib/gcc/nios2-elf/4.9.2/../../../../../H-x86_64-mingw32/nios2-elf/lib/mhw-mulx\libc.a(lib_a-sbrkr.o)
 .text._sbrk_r  0x0000000000007c0c       0x54 c:/altera_lite/15.1/nios2eds/bin/gnu/h-x86_64-mingw32/bin/../lib/gcc/nios2-elf/4.9.2/../../../../../H-x86_64-mingw32/nios2-elf/lib/mhw-mulx\libc.a(lib_a-sbrkr.o)
                0x0000000000007c0c                _sbrk_r
 .text          0x0000000000007c60        0x0 c:/altera_lite/15.1/nios2eds/bin/gnu/h-x86_64-mingw32/bin/../lib/gcc/nios2-elf/4.9.2/../../../../../H-x86_64-mingw32/nios2-elf/lib/mhw-mulx\libc.a(lib_a-stdio.o)
 .text.__sread  0x0000000000007c60       0x54 c:/altera_lite/15.1/nios2eds/bin/gnu/h-x86_64-mingw32/bin/../lib/gcc/nios2-elf/4.9.2/../../../../../H-x86_64-mingw32/nios2-elf/lib/mhw-mulx\libc.a(lib_a-stdio.o)
                0x0000000000007c60                __sread
 .text.__seofread
                0x0000000000007cb4        0x8 c:/altera_lite/15.1/nios2eds/bin/gnu/h-x86_64-mingw32/bin/../lib/gcc/nios2-elf/4.9.2/../../../../../H-x86_64-mingw32/nios2-elf/lib/mhw-mulx\libc.a(lib_a-stdio.o)
                0x0000000000007cb4                __seofread
 .text.__swrite
                0x0000000000007cbc       0x7c c:/altera_lite/15.1/nios2eds/bin/gnu/h-x86_64-mingw32/bin/../lib/gcc/nios2-elf/4.9.2/../../../../../H-x86_64-mingw32/nios2-elf/lib/mhw-mulx\libc.a(lib_a-stdio.o)
                0x0000000000007cbc                __swrite
 .text.__sseek  0x0000000000007d38       0x5c c:/altera_lite/15.1/nios2eds/bin/gnu/h-x86_64-mingw32/bin/../lib/gcc/nios2-elf/4.9.2/../../../../../H-x86_64-mingw32/nios2-elf/lib/mhw-mulx\libc.a(lib_a-stdio.o)
                0x0000000000007d38                __sseek
 .text.__sclose
                0x0000000000007d94        0x8 c:/altera_lite/15.1/nios2eds/bin/gnu/h-x86_64-mingw32/bin/../lib/gcc/nios2-elf/4.9.2/../../../../../H-x86_64-mingw32/nios2-elf/lib/mhw-mulx\libc.a(lib_a-stdio.o)
                0x0000000000007d94                __sclose
 .text          0x0000000000007d9c        0x0 c:/altera_lite/15.1/nios2eds/bin/gnu/h-x86_64-mingw32/bin/../lib/gcc/nios2-elf/4.9.2/../../../../../H-x86_64-mingw32/nios2-elf/lib/mhw-mulx\libc.a(lib_a-vfiprintf.o)
 .text.__sprint_r.part.0
                0x0000000000007d9c       0xfc c:/altera_lite/15.1/nios2eds/bin/gnu/h-x86_64-mingw32/bin/../lib/gcc/nios2-elf/4.9.2/../../../../../H-x86_64-mingw32/nios2-elf/lib/mhw-mulx\libc.a(lib_a-vfiprintf.o)
 .text.__sprint_r
                0x0000000000007e98       0x18 c:/altera_lite/15.1/nios2eds/bin/gnu/h-x86_64-mingw32/bin/../lib/gcc/nios2-elf/4.9.2/../../../../../H-x86_64-mingw32/nios2-elf/lib/mhw-mulx\libc.a(lib_a-vfiprintf.o)
                0x0000000000007e98                __sprint_r
 .text.___vfiprintf_internal_r
                0x0000000000007eb0     0x12d0 c:/altera_lite/15.1/nios2eds/bin/gnu/h-x86_64-mingw32/bin/../lib/gcc/nios2-elf/4.9.2/../../../../../H-x86_64-mingw32/nios2-elf/lib/mhw-mulx\libc.a(lib_a-vfiprintf.o)
                0x0000000000007eb0                ___vfiprintf_internal_r
 .text.__vfiprintf_internal
                0x0000000000009180       0x24 c:/altera_lite/15.1/nios2eds/bin/gnu/h-x86_64-mingw32/bin/../lib/gcc/nios2-elf/4.9.2/../../../../../H-x86_64-mingw32/nios2-elf/lib/mhw-mulx\libc.a(lib_a-vfiprintf.o)
                0x0000000000009180                __vfiprintf_internal
 .text.__sbprintf
                0x00000000000091a4       0xbc c:/altera_lite/15.1/nios2eds/bin/gnu/h-x86_64-mingw32/bin/../lib/gcc/nios2-elf/4.9.2/../../../../../H-x86_64-mingw32/nios2-elf/lib/mhw-mulx\libc.a(lib_a-vfiprintf.o)
 .text          0x0000000000009260        0x0 c:/altera_lite/15.1/nios2eds/bin/gnu/h-x86_64-mingw32/bin/../lib/gcc/nios2-elf/4.9.2/../../../../../H-x86_64-mingw32/nios2-elf/lib/mhw-mulx\libc.a(lib_a-wbuf.o)
 .text.__swbuf_r
                0x0000000000009260      0x138 c:/altera_lite/15.1/nios2eds/bin/gnu/h-x86_64-mingw32/bin/../lib/gcc/nios2-elf/4.9.2/../../../../../H-x86_64-mingw32/nios2-elf/lib/mhw-mulx\libc.a(lib_a-wbuf.o)
                0x0000000000009260                __swbuf_r
 .text.__swbuf  0x0000000000009398       0x1c c:/altera_lite/15.1/nios2eds/bin/gnu/h-x86_64-mingw32/bin/../lib/gcc/nios2-elf/4.9.2/../../../../../H-x86_64-mingw32/nios2-elf/lib/mhw-mulx\libc.a(lib_a-wbuf.o)
                0x0000000000009398                __swbuf
 .text          0x00000000000093b4        0x0 c:/altera_lite/15.1/nios2eds/bin/gnu/h-x86_64-mingw32/bin/../lib/gcc/nios2-elf/4.9.2/../../../../../H-x86_64-mingw32/nios2-elf/lib/mhw-mulx\libc.a(lib_a-writer.o)
 .text._write_r
                0x00000000000093b4       0x5c c:/altera_lite/15.1/nios2eds/bin/gnu/h-x86_64-mingw32/bin/../lib/gcc/nios2-elf/4.9.2/../../../../../H-x86_64-mingw32/nios2-elf/lib/mhw-mulx\libc.a(lib_a-writer.o)
                0x00000000000093b4                _write_r
 .text          0x0000000000009410        0x0 c:/altera_lite/15.1/nios2eds/bin/gnu/h-x86_64-mingw32/bin/../lib/gcc/nios2-elf/4.9.2/../../../../../H-x86_64-mingw32/nios2-elf/lib/mhw-mulx\libc.a(closer.o)
 .text._close_r
                0x0000000000009410       0x54 c:/altera_lite/15.1/nios2eds/bin/gnu/h-x86_64-mingw32/bin/../lib/gcc/nios2-elf/4.9.2/../../../../../H-x86_64-mingw32/nios2-elf/lib/mhw-mulx\libc.a(closer.o)
                0x0000000000009410                _close_r
 .text          0x0000000000009464        0x0 c:/altera_lite/15.1/nios2eds/bin/gnu/h-x86_64-mingw32/bin/../lib/gcc/nios2-elf/4.9.2/../../../../../H-x86_64-mingw32/nios2-elf/lib/mhw-mulx\libc.a(lib_a-callocr.o)
 .text._calloc_r
                0x0000000000009464       0xc4 c:/altera_lite/15.1/nios2eds/bin/gnu/h-x86_64-mingw32/bin/../lib/gcc/nios2-elf/4.9.2/../../../../../H-x86_64-mingw32/nios2-elf/lib/mhw-mulx\libc.a(lib_a-callocr.o)
                0x0000000000009464                _calloc_r
 .text          0x0000000000009528        0x0 c:/altera_lite/15.1/nios2eds/bin/gnu/h-x86_64-mingw32/bin/../lib/gcc/nios2-elf/4.9.2/../../../../../H-x86_64-mingw32/nios2-elf/lib/mhw-mulx\libc.a(lib_a-fclose.o)
 .text._fclose_r
                0x0000000000009528       0xf0 c:/altera_lite/15.1/nios2eds/bin/gnu/h-x86_64-mingw32/bin/../lib/gcc/nios2-elf/4.9.2/../../../../../H-x86_64-mingw32/nios2-elf/lib/mhw-mulx\libc.a(lib_a-fclose.o)
                0x0000000000009528                _fclose_r
 .text.fclose   0x0000000000009618       0x14 c:/altera_lite/15.1/nios2eds/bin/gnu/h-x86_64-mingw32/bin/../lib/gcc/nios2-elf/4.9.2/../../../../../H-x86_64-mingw32/nios2-elf/lib/mhw-mulx\libc.a(lib_a-fclose.o)
                0x0000000000009618                fclose
 .text          0x000000000000962c        0x0 c:/altera_lite/15.1/nios2eds/bin/gnu/h-x86_64-mingw32/bin/../lib/gcc/nios2-elf/4.9.2/../../../../../H-x86_64-mingw32/nios2-elf/lib/mhw-mulx\libc.a(lib_a-fputwc.o)
 .text._fputwc_r
                0x000000000000962c      0x184 c:/altera_lite/15.1/nios2eds/bin/gnu/h-x86_64-mingw32/bin/../lib/gcc/nios2-elf/4.9.2/../../../../../H-x86_64-mingw32/nios2-elf/lib/mhw-mulx\libc.a(lib_a-fputwc.o)
                0x000000000000962c                _fputwc_r
 .text.fputwc   0x00000000000097b0       0x5c c:/altera_lite/15.1/nios2eds/bin/gnu/h-x86_64-mingw32/bin/../lib/gcc/nios2-elf/4.9.2/../../../../../H-x86_64-mingw32/nios2-elf/lib/mhw-mulx\libc.a(lib_a-fputwc.o)
                0x00000000000097b0                fputwc
 .text          0x000000000000980c        0x0 c:/altera_lite/15.1/nios2eds/bin/gnu/h-x86_64-mingw32/bin/../lib/gcc/nios2-elf/4.9.2/../../../../../H-x86_64-mingw32/nios2-elf/lib/mhw-mulx\libc.a(lib_a-fstatr.o)
 .text._fstat_r
                0x000000000000980c       0x58 c:/altera_lite/15.1/nios2eds/bin/gnu/h-x86_64-mingw32/bin/../lib/gcc/nios2-elf/4.9.2/../../../../../H-x86_64-mingw32/nios2-elf/lib/mhw-mulx\libc.a(lib_a-fstatr.o)
                0x000000000000980c                _fstat_r
 .text          0x0000000000009864        0x0 c:/altera_lite/15.1/nios2eds/bin/gnu/h-x86_64-mingw32/bin/../lib/gcc/nios2-elf/4.9.2/../../../../../H-x86_64-mingw32/nios2-elf/lib/mhw-mulx\libc.a(lib_a-int_errno.o)
 .text          0x0000000000009864        0x0 c:/altera_lite/15.1/nios2eds/bin/gnu/h-x86_64-mingw32/bin/../lib/gcc/nios2-elf/4.9.2/../../../../../H-x86_64-mingw32/nios2-elf/lib/mhw-mulx\libc.a(lib_a-isattyr.o)
 .text._isatty_r
                0x0000000000009864       0x54 c:/altera_lite/15.1/nios2eds/bin/gnu/h-x86_64-mingw32/bin/../lib/gcc/nios2-elf/4.9.2/../../../../../H-x86_64-mingw32/nios2-elf/lib/mhw-mulx\libc.a(lib_a-isattyr.o)
                0x0000000000009864                _isatty_r
 .text          0x00000000000098b8        0x0 c:/altera_lite/15.1/nios2eds/bin/gnu/h-x86_64-mingw32/bin/../lib/gcc/nios2-elf/4.9.2/../../../../../H-x86_64-mingw32/nios2-elf/lib/mhw-mulx\libc.a(lib_a-lseekr.o)
 .text._lseek_r
                0x00000000000098b8       0x5c c:/altera_lite/15.1/nios2eds/bin/gnu/h-x86_64-mingw32/bin/../lib/gcc/nios2-elf/4.9.2/../../../../../H-x86_64-mingw32/nios2-elf/lib/mhw-mulx\libc.a(lib_a-lseekr.o)
                0x00000000000098b8                _lseek_r
 .text          0x0000000000009914        0x0 c:/altera_lite/15.1/nios2eds/bin/gnu/h-x86_64-mingw32/bin/../lib/gcc/nios2-elf/4.9.2/../../../../../H-x86_64-mingw32/nios2-elf/lib/mhw-mulx\libc.a(lib_a-readr.o)
 .text._read_r  0x0000000000009914       0x5c c:/altera_lite/15.1/nios2eds/bin/gnu/h-x86_64-mingw32/bin/../lib/gcc/nios2-elf/4.9.2/../../../../../H-x86_64-mingw32/nios2-elf/lib/mhw-mulx\libc.a(lib_a-readr.o)
                0x0000000000009914                _read_r
 .text          0x0000000000009970        0x0 c:/altera_lite/15.1/nios2eds/bin/gnu/h-x86_64-mingw32/bin/../lib/gcc/nios2-elf/4.9.2/../../../../../H-x86_64-mingw32/nios2-elf/lib/mhw-mulx\libc.a(lib_a-wcrtomb.o)
 .text._wcrtomb_r
                0x0000000000009970       0x9c c:/altera_lite/15.1/nios2eds/bin/gnu/h-x86_64-mingw32/bin/../lib/gcc/nios2-elf/4.9.2/../../../../../H-x86_64-mingw32/nios2-elf/lib/mhw-mulx\libc.a(lib_a-wcrtomb.o)
                0x0000000000009970                _wcrtomb_r
 .text.wcrtomb  0x0000000000009a0c       0xc0 c:/altera_lite/15.1/nios2eds/bin/gnu/h-x86_64-mingw32/bin/../lib/gcc/nios2-elf/4.9.2/../../../../../H-x86_64-mingw32/nios2-elf/lib/mhw-mulx\libc.a(lib_a-wcrtomb.o)
                0x0000000000009a0c                wcrtomb
 .text          0x0000000000009acc        0x0 c:/altera_lite/15.1/nios2eds/bin/gnu/h-x86_64-mingw32/bin/../lib/gcc/nios2-elf/4.9.2/../../../../../H-x86_64-mingw32/nios2-elf/lib/mhw-mulx\libc.a(lib_a-wctomb_r.o)
 .text.__ascii_wctomb
                0x0000000000009acc       0x30 c:/altera_lite/15.1/nios2eds/bin/gnu/h-x86_64-mingw32/bin/../lib/gcc/nios2-elf/4.9.2/../../../../../H-x86_64-mingw32/nios2-elf/lib/mhw-mulx\libc.a(lib_a-wctomb_r.o)
                0x0000000000009acc                __ascii_wctomb
 .text._wctomb_r
                0x0000000000009afc       0x5c c:/altera_lite/15.1/nios2eds/bin/gnu/h-x86_64-mingw32/bin/../lib/gcc/nios2-elf/4.9.2/../../../../../H-x86_64-mingw32/nios2-elf/lib/mhw-mulx\libc.a(lib_a-wctomb_r.o)
                0x0000000000009afc                _wctomb_r
 .text          0x0000000000009b58      0x5c0 c:/altera_lite/15.1/nios2eds/bin/gnu/h-x86_64-mingw32/bin/../lib/gcc/nios2-elf/4.9.2/mhw-mulx\libgcc.a(_udivdi3.o)
                0x0000000000009b58                __udivdi3
 .text          0x000000000000a118      0x590 c:/altera_lite/15.1/nios2eds/bin/gnu/h-x86_64-mingw32/bin/../lib/gcc/nios2-elf/4.9.2/mhw-mulx\libgcc.a(_umoddi3.o)
                0x000000000000a118                __umoddi3
 .text          0x000000000000a6a8      0x12c c:/altera_lite/15.1/nios2eds/bin/gnu/h-x86_64-mingw32/bin/../lib/gcc/nios2-elf/4.9.2/mhw-mulx\libgcc.a(lib2-divmod.o)
                0x000000000000a714                __divsi3
                0x000000000000a768                __modsi3
                0x000000000000a7c4                __udivsi3
                0x000000000000a7cc                __umodsi3
 .text          0x000000000000a7d4      0x89c c:/altera_lite/15.1/nios2eds/bin/gnu/h-x86_64-mingw32/bin/../lib/gcc/nios2-elf/4.9.2/mhw-mulx\libgcc.a(adddf3.o)
                0x000000000000a7d4                __adddf3
 .text          0x000000000000b070      0x8cc c:/altera_lite/15.1/nios2eds/bin/gnu/h-x86_64-mingw32/bin/../lib/gcc/nios2-elf/4.9.2/mhw-mulx\libgcc.a(divdf3.o)
                0x000000000000b070                __divdf3
 .text          0x000000000000b93c       0x84 c:/altera_lite/15.1/nios2eds/bin/gnu/h-x86_64-mingw32/bin/../lib/gcc/nios2-elf/4.9.2/mhw-mulx\libgcc.a(eqdf2.o)
                0x000000000000b93c                __nedf2
                0x000000000000b93c                __eqdf2
 .text          0x000000000000b9c0       0xe0 c:/altera_lite/15.1/nios2eds/bin/gnu/h-x86_64-mingw32/bin/../lib/gcc/nios2-elf/4.9.2/mhw-mulx\libgcc.a(gedf2.o)
                0x000000000000b9c0                __gedf2
                0x000000000000b9c0                __gtdf2
 .text          0x000000000000baa0       0xe0 c:/altera_lite/15.1/nios2eds/bin/gnu/h-x86_64-mingw32/bin/../lib/gcc/nios2-elf/4.9.2/mhw-mulx\libgcc.a(ledf2.o)
                0x000000000000baa0                __ledf2
                0x000000000000baa0                __ltdf2
 .text          0x000000000000bb80      0x724 c:/altera_lite/15.1/nios2eds/bin/gnu/h-x86_64-mingw32/bin/../lib/gcc/nios2-elf/4.9.2/mhw-mulx\libgcc.a(muldf3.o)
                0x000000000000bb80                __muldf3
 .text          0x000000000000c2a4      0x8d0 c:/altera_lite/15.1/nios2eds/bin/gnu/h-x86_64-mingw32/bin/../lib/gcc/nios2-elf/4.9.2/mhw-mulx\libgcc.a(subdf3.o)
                0x000000000000c2a4                __subdf3
 .text          0x000000000000cb74       0x88 c:/altera_lite/15.1/nios2eds/bin/gnu/h-x86_64-mingw32/bin/../lib/gcc/nios2-elf/4.9.2/mhw-mulx\libgcc.a(fixdfsi.o)
                0x000000000000cb74                __fixdfsi
 .text          0x000000000000cbfc       0xd0 c:/altera_lite/15.1/nios2eds/bin/gnu/h-x86_64-mingw32/bin/../lib/gcc/nios2-elf/4.9.2/mhw-mulx\libgcc.a(floatsidf.o)
                0x000000000000cbfc                __floatsidf
 .text          0x000000000000cccc       0xa4 c:/altera_lite/15.1/nios2eds/bin/gnu/h-x86_64-mingw32/bin/../lib/gcc/nios2-elf/4.9.2/mhw-mulx\libgcc.a(floatunsidf.o)
                0x000000000000cccc                __floatunsidf
 .text          0x000000000000cd70        0x0 c:/altera_lite/15.1/nios2eds/bin/gnu/h-x86_64-mingw32/bin/../lib/gcc/nios2-elf/4.9.2/mhw-mulx\libgcc.a(_clz.o)
 .text          0x000000000000cd70       0x64 c:/altera_lite/15.1/nios2eds/bin/gnu/h-x86_64-mingw32/bin/../lib/gcc/nios2-elf/4.9.2/mhw-mulx\libgcc.a(_clzsi2.o)
                0x000000000000cd70                __clzsi2
 .text          0x000000000000cdd4      0x120 C:/Users/daans/Documents/Eclipse_Projecten_Nios/Keyboard_bsp/\libucosii_bsp.a(alt_close.o)
                0x000000000000ce24                close
 .text          0x000000000000cef4       0x2c C:/Users/daans/Documents/Eclipse_Projecten_Nios/Keyboard_bsp/\libucosii_bsp.a(alt_dev.o)
 .text          0x000000000000cf20        0x0 C:/Users/daans/Documents/Eclipse_Projecten_Nios/Keyboard_bsp/\libucosii_bsp.a(alt_errno.o)
 .text          0x000000000000cf20      0x100 C:/Users/daans/Documents/Eclipse_Projecten_Nios/Keyboard_bsp/\libucosii_bsp.a(alt_fstat.o)
                0x000000000000cf70                fstat
 .text          0x000000000000d020       0xf4 C:/Users/daans/Documents/Eclipse_Projecten_Nios/Keyboard_bsp/\libucosii_bsp.a(alt_isatty.o)
                0x000000000000d070                isatty
 .text          0x000000000000d114       0xe4 C:/Users/daans/Documents/Eclipse_Projecten_Nios/Keyboard_bsp/\libucosii_bsp.a(alt_load.o)
                0x000000000000d178                alt_load
 .text          0x000000000000d1f8      0x124 C:/Users/daans/Documents/Eclipse_Projecten_Nios/Keyboard_bsp/\libucosii_bsp.a(alt_lseek.o)
                0x000000000000d248                lseek
 .text          0x000000000000d31c       0xd4 C:/Users/daans/Documents/Eclipse_Projecten_Nios/Keyboard_bsp/\libucosii_bsp.a(alt_main.o)
                0x000000000000d31c                alt_main
 .text          0x000000000000d3f0      0x14c C:/Users/daans/Documents/Eclipse_Projecten_Nios/Keyboard_bsp/\libucosii_bsp.a(alt_read.o)
                0x000000000000d440                read
 .text          0x000000000000d53c       0x60 C:/Users/daans/Documents/Eclipse_Projecten_Nios/Keyboard_bsp/\libucosii_bsp.a(alt_release_fd.o)
                0x000000000000d53c                alt_release_fd
 .text          0x000000000000d59c       0xb0 C:/Users/daans/Documents/Eclipse_Projecten_Nios/Keyboard_bsp/\libucosii_bsp.a(alt_sbrk.o)
                0x000000000000d59c                sbrk
 .text          0x000000000000d64c      0x148 C:/Users/daans/Documents/Eclipse_Projecten_Nios/Keyboard_bsp/\libucosii_bsp.a(alt_write.o)
                0x000000000000d69c                write
 .text          0x000000000000d794      0x11c C:/Users/daans/Documents/Eclipse_Projecten_Nios/Keyboard_bsp/\libucosii_bsp.a(alt_env_lock.o)
                0x000000000000d794                __env_lock
                0x000000000000d854                __env_unlock
 .text          0x000000000000d8b0      0x1f0 C:/Users/daans/Documents/Eclipse_Projecten_Nios/Keyboard_bsp/\libucosii_bsp.a(alt_malloc_lock.o)
                0x000000000000d8b0                __malloc_lock
                0x000000000000d9d0                __malloc_unlock
 .text          0x000000000000daa0     0x1ff0 C:/Users/daans/Documents/Eclipse_Projecten_Nios/Keyboard_bsp/\libucosii_bsp.a(os_core.o)
                0x000000000000daa0                OSEventNameGet
                0x000000000000dbc0                OSEventNameSet
                0x000000000000dcfc                OSEventPendMulti
                0x000000000000e30c                OSInit
                0x000000000000e360                OSIntEnter
                0x000000000000e3dc                OSIntExit
                0x000000000000e4d0                OSSchedLock
                0x000000000000e558                OSSchedUnlock
                0x000000000000e630                OSStart
                0x000000000000e69c                OSStatInit
                0x000000000000e748                OSTimeTick
                0x000000000000e964                OSVersion
                0x000000000000e984                OS_Dummy
                0x000000000000e9a0                OS_EventTaskRdy
                0x000000000000eb38                OS_EventTaskWait
                0x000000000000ec44                OS_EventTaskWaitMulti
                0x000000000000ed90                OS_EventTaskRemove
                0x000000000000ee44                OS_EventTaskRemoveMulti
                0x000000000000ef40                OS_EventWaitListInit
                0x000000000000f304                OS_MemClr
                0x000000000000f354                OS_MemCopy
                0x000000000000f3b8                OS_Sched
                0x000000000000f4f4                OS_StrCopy
                0x000000000000f568                OS_StrLen
                0x000000000000f5bc                OS_TaskIdle
                0x000000000000f618                OS_TaskStat
                0x000000000000f6f4                OS_TaskStatStkChk
                0x000000000000f7bc                OS_TCBInit
 .text          0x000000000000fa90      0x18c C:/Users/daans/Documents/Eclipse_Projecten_Nios/Keyboard_bsp/\libucosii_bsp.a(os_dbg.o)
                0x000000000000fa90                OSDebugInit
 .text          0x000000000000fc1c     0x181c C:/Users/daans/Documents/Eclipse_Projecten_Nios/Keyboard_bsp/\libucosii_bsp.a(os_flag.o)
                0x000000000000fc1c                OSFlagAccept
                0x000000000000ff24                OSFlagCreate
                0x000000000001004c                OSFlagDel
                0x00000000000102bc                OSFlagNameGet
                0x00000000000103ec                OSFlagNameSet
                0x000000000001053c                OSFlagPend
                0x0000000000010b2c                OSFlagPendGetFlagsRdy
                0x0000000000010b94                OSFlagPost
                0x0000000000010f1c                OSFlagQuery
                0x00000000000111a4                OS_FlagInit
                0x0000000000011398                OS_FlagUnlink
 .text          0x0000000000011438      0x784 C:/Users/daans/Documents/Eclipse_Projecten_Nios/Keyboard_bsp/\libucosii_bsp.a(os_mem.o)
                0x0000000000011438                OSMemCreate
                0x000000000001162c                OSMemGet
                0x000000000001171c                OSMemNameGet
                0x0000000000011814                OSMemNameSet
                0x000000000001192c                OSMemPut
                0x0000000000011a04                OSMemQuery
                0x0000000000011aec                OS_MemInit
 .text          0x0000000000011bbc     0x1210 C:/Users/daans/Documents/Eclipse_Projecten_Nios/Keyboard_bsp/\libucosii_bsp.a(os_q.o)
                0x0000000000011bbc                OSQAccept
                0x0000000000011cfc                OSQCreate
                0x0000000000011ef8                OSQDel
                0x00000000000121c0                OSQFlush
                0x0000000000012278                OSQPend
                0x0000000000012574                OSQPendAbort
                0x00000000000126e0                OSQPost
                0x0000000000012848                OSQPostFront
                0x00000000000129b8                OSQPostOpt
                0x0000000000012bc4                OSQQuery
                0x0000000000012d20                OS_QInit
 .text          0x0000000000012dcc      0xb08 C:/Users/daans/Documents/Eclipse_Projecten_Nios/Keyboard_bsp/\libucosii_bsp.a(os_sem.o)
                0x0000000000012dcc                OSSemAccept
                0x0000000000012e7c                OSSemCreate
                0x0000000000012f7c                OSSemDel
                0x00000000000131e4                OSSemPend
                0x000000000001344c                OSSemPendAbort
                0x00000000000135b8                OSSemPost
                0x00000000000136c8                OSSemQuery
                0x00000000000137d8                OSSemSet
 .text          0x00000000000138d4     0x18f4 C:/Users/daans/Documents/Eclipse_Projecten_Nios/Keyboard_bsp/\libucosii_bsp.a(os_task.o)
                0x00000000000138d4                OSTaskChangePrio
                0x0000000000013e14                OSTaskCreate
                0x0000000000013fd0                OSTaskCreateExt
                0x00000000000141bc                OSTaskDel
                0x000000000001459c                OSTaskDelReq
                0x00000000000146f4                OSTaskNameGet
                0x000000000001489c                OSTaskNameSet
                0x0000000000014a5c                OSTaskResume
                0x0000000000014c54                OSTaskStkChk
                0x0000000000014e1c                OSTaskSuspend
                0x0000000000015030                OSTaskQuery
                0x000000000001515c                OS_TaskStkClr
 .text          0x00000000000151c8      0x568 C:/Users/daans/Documents/Eclipse_Projecten_Nios/Keyboard_bsp/\libucosii_bsp.a(os_time.o)
                0x00000000000151c8                OSTimeDly
                0x0000000000015310                OSTimeDlyHMSM
                0x0000000000015478                OSTimeDlyResume
                0x0000000000015668                OSTimeGet
                0x00000000000156cc                OSTimeSet
 .text          0x0000000000015730      0x444 C:/Users/daans/Documents/Eclipse_Projecten_Nios/Keyboard_bsp/\libucosii_bsp.a(alt_sys_init.o)
                0x0000000000015768                alt_irq_init
                0x000000000001579c                alt_sys_init
 .text          0x0000000000015b74      0x164 C:/Users/daans/Documents/Eclipse_Projecten_Nios/Keyboard_bsp/\libucosii_bsp.a(altera_avalon_jtag_uart_fd.o)
                0x0000000000015b74                altera_avalon_jtag_uart_read_fd
                0x0000000000015bd4                altera_avalon_jtag_uart_write_fd
                0x0000000000015c34                altera_avalon_jtag_uart_close_fd
                0x0000000000015c84                altera_avalon_jtag_uart_ioctl_fd
 .text          0x0000000000015cd8      0x560 C:/Users/daans/Documents/Eclipse_Projecten_Nios/Keyboard_bsp/\libucosii_bsp.a(altera_avalon_jtag_uart_init.o)
                0x0000000000015cd8                altera_avalon_jtag_uart_init
                0x00000000000161d0                altera_avalon_jtag_uart_close
 .text          0x0000000000016238       0xec C:/Users/daans/Documents/Eclipse_Projecten_Nios/Keyboard_bsp/\libucosii_bsp.a(altera_avalon_jtag_uart_ioctl.o)
                0x0000000000016238                altera_avalon_jtag_uart_ioctl
 .text          0x0000000000016324      0x2b4 C:/Users/daans/Documents/Eclipse_Projecten_Nios/Keyboard_bsp/\libucosii_bsp.a(altera_avalon_jtag_uart_read.o)
                0x0000000000016324                altera_avalon_jtag_uart_read
 .text          0x00000000000165d8      0x2c0 C:/Users/daans/Documents/Eclipse_Projecten_Nios/Keyboard_bsp/\libucosii_bsp.a(altera_avalon_jtag_uart_write.o)
                0x00000000000165d8                altera_avalon_jtag_uart_write
 .text          0x0000000000016898       0xf8 C:/Users/daans/Documents/Eclipse_Projecten_Nios/Keyboard_bsp/\libucosii_bsp.a(altera_avalon_timer_sc.o)
                0x0000000000016910                alt_avalon_timer_sc_init
 .text          0x0000000000016990      0x4d8 C:/Users/daans/Documents/Eclipse_Projecten_Nios/Keyboard_bsp/\libucosii_bsp.a(altera_up_avalon_character_lcd.o)
                0x0000000000016990                get_DDRAM_addr
                0x0000000000016a04                alt_up_character_lcd_send_cmd
                0x0000000000016a40                alt_up_character_lcd_init
                0x0000000000016a74                alt_up_character_lcd_open_dev
                0x0000000000016ab4                alt_up_character_lcd_write
                0x0000000000016b2c                alt_up_character_lcd_string
                0x0000000000016ba0                alt_up_character_lcd_write_fd
                0x0000000000016bf0                alt_up_character_lcd_set_cursor_pos
                0x0000000000016c64                alt_up_character_lcd_shift_cursor
                0x0000000000016cec                alt_up_character_lcd_shift_display
                0x0000000000016d74                alt_up_character_lcd_erase_pos
                0x0000000000016e00                alt_up_character_lcd_cursor_off
                0x0000000000016e34                alt_up_character_lcd_cursor_blink_on
 .text          0x0000000000016e68      0x388 C:/Users/daans/Documents/Eclipse_Projecten_Nios/Keyboard_bsp/\libucosii_bsp.a(altera_up_avalon_irda.o)
                0x0000000000016e68                alt_up_irda_enable_read_interrupt
                0x0000000000016ec0                alt_up_irda_disable_read_interrupt
                0x0000000000016f1c                alt_up_irda_get_used_space_in_read_FIFO
                0x0000000000016f5c                alt_up_irda_get_available_space_in_write_FIFO
                0x0000000000016f98                alt_up_irda_check_parity
                0x0000000000016fdc                alt_up_irda_write_data
                0x000000000001701c                alt_up_irda_read_data
                0x0000000000017090                alt_up_irda_read_fd
                0x0000000000017120                alt_up_irda_write_fd
                0x00000000000171b0                alt_up_irda_open_dev
 .text          0x00000000000171f0       0x40 C:/Users/daans/Documents/Eclipse_Projecten_Nios/Keyboard_bsp/\libucosii_bsp.a(altera_up_avalon_parallel_port.o)
                0x00000000000171f0                alt_up_parallel_port_open_dev
 .text          0x0000000000017230      0x6b4 C:/Users/daans/Documents/Eclipse_Projecten_Nios/Keyboard_bsp/\libucosii_bsp.a(altera_up_avalon_ps2.o)
                0x0000000000017230                read_RI_bit
                0x0000000000017264                read_RE_bit
                0x0000000000017294                read_CE_bit
                0x00000000000172c8                read_num_bytes_available
                0x00000000000172f8                read_data_valid
                0x000000000001732c                read_data_byte
                0x0000000000017358                alt_up_ps2_init
                0x000000000001741c                alt_up_ps2_enable_read_interrupt
                0x0000000000017474                alt_up_ps2_disable_read_interrupt
                0x00000000000174d0                alt_up_ps2_write_data_byte
                0x0000000000017544                alt_up_ps2_wait_for_ack
                0x00000000000175b4                alt_up_ps2_write_data_byte_with_ack
                0x0000000000017618                alt_up_ps2_read_data_byte_timeout
                0x00000000000176bc                alt_up_ps2_read_data_byte
                0x000000000001772c                alt_up_ps2_clear_fifo
                0x0000000000017780                alt_up_ps2_read_fd
                0x000000000001780c                alt_up_ps2_write_fd
                0x00000000000178a4                alt_up_ps2_open_dev
 .text          0x00000000000178e4      0x38c C:/Users/daans/Documents/Eclipse_Projecten_Nios/Keyboard_bsp/\libucosii_bsp.a(altera_up_avalon_rs232.o)
                0x00000000000178e4                alt_up_rs232_enable_read_interrupt
                0x000000000001793c                alt_up_rs232_disable_read_interrupt
                0x0000000000017998                alt_up_rs232_get_used_space_in_read_FIFO
                0x00000000000179d8                alt_up_rs232_get_available_space_in_write_FIFO
                0x0000000000017a14                alt_up_rs232_check_parity
                0x0000000000017a58                alt_up_rs232_write_data
                0x0000000000017a98                alt_up_rs232_read_data
                0x0000000000017b0c                alt_up_rs232_read_fd
                0x0000000000017b9c                alt_up_rs232_write_fd
                0x0000000000017c30                alt_up_rs232_open_dev
 .text          0x0000000000017c70      0x2e8 C:/Users/daans/Documents/Eclipse_Projecten_Nios/Keyboard_bsp/\libucosii_bsp.a(altera_up_avalon_video_character_buffer_with_dma.o)
                0x0000000000017c70                alt_up_char_buffer_init
                0x0000000000017cf0                alt_up_char_buffer_open_dev
                0x0000000000017d30                alt_up_char_buffer_draw
                0x0000000000017dfc                alt_up_char_buffer_string
                0x0000000000017efc                alt_up_char_buffer_clear
 .text          0x0000000000017f58      0x5dc C:/Users/daans/Documents/Eclipse_Projecten_Nios/Keyboard_bsp/\libucosii_bsp.a(altera_up_ps2_keyboard.o)
                0x0000000000017f58                get_multi_byte_make_code_index
                0x0000000000017fc8                get_single_byte_make_code_index
                0x0000000000018038                get_next_state
                0x0000000000018288                decode_scancode
                0x0000000000018340                set_keyboard_rate
                0x00000000000183a4                translate_make_code
                0x00000000000184b8                reset_keyboard
 .text          0x0000000000018534      0x140 C:/Users/daans/Documents/Eclipse_Projecten_Nios/Keyboard_bsp/\libucosii_bsp.a(alt_alarm_start.o)
                0x0000000000018534                alt_alarm_start
 .text          0x0000000000018674       0x1c C:/Users/daans/Documents/Eclipse_Projecten_Nios/Keyboard_bsp/\libucosii_bsp.a(alt_dcache_flush_all.o)
                0x0000000000018674                alt_dcache_flush_all
 .text          0x0000000000018690       0xf4 C:/Users/daans/Documents/Eclipse_Projecten_Nios/Keyboard_bsp/\libucosii_bsp.a(alt_dev_llist_insert.o)
                0x00000000000186e0                alt_dev_llist_insert
 .text          0x0000000000018784       0x5c C:/Users/daans/Documents/Eclipse_Projecten_Nios/Keyboard_bsp/\libucosii_bsp.a(alt_do_ctors.o)
                0x0000000000018784                _do_ctors
 .text          0x00000000000187e0       0x5c C:/Users/daans/Documents/Eclipse_Projecten_Nios/Keyboard_bsp/\libucosii_bsp.a(alt_do_dtors.o)
                0x00000000000187e0                _do_dtors
 .text          0x000000000001883c       0x90 C:/Users/daans/Documents/Eclipse_Projecten_Nios/Keyboard_bsp/\libucosii_bsp.a(alt_find_dev.o)
                0x000000000001883c                alt_find_dev
 .text          0x00000000000188cc       0x30 C:/Users/daans/Documents/Eclipse_Projecten_Nios/Keyboard_bsp/\libucosii_bsp.a(alt_icache_flush_all.o)
                0x00000000000188cc                alt_icache_flush_all
 .text          0x00000000000188fc      0x138 C:/Users/daans/Documents/Eclipse_Projecten_Nios/Keyboard_bsp/\libucosii_bsp.a(alt_io_redirect.o)
                0x00000000000189bc                alt_io_redirect
 .text          0x0000000000018a34      0x1b0 C:/Users/daans/Documents/Eclipse_Projecten_Nios/Keyboard_bsp/\libucosii_bsp.a(alt_irq_register.o)
                0x0000000000018a34                alt_irq_register
 .text          0x0000000000018be4        0x0 C:/Users/daans/Documents/Eclipse_Projecten_Nios/Keyboard_bsp/\libucosii_bsp.a(alt_irq_vars.o)
 .text          0x0000000000018be4      0x274 C:/Users/daans/Documents/Eclipse_Projecten_Nios/Keyboard_bsp/\libucosii_bsp.a(alt_open.o)
                0x0000000000018d00                open
 .text          0x0000000000018e58      0x19c C:/Users/daans/Documents/Eclipse_Projecten_Nios/Keyboard_bsp/\libucosii_bsp.a(alt_tick.o)
                0x0000000000018e58                alt_alarm_stop
                0x0000000000018ef0                alt_tick
 .text          0x0000000000018ff4       0x20 C:/Users/daans/Documents/Eclipse_Projecten_Nios/Keyboard_bsp/\libucosii_bsp.a(altera_nios2_gen2_irq.o)
                0x0000000000018ff4                altera_nios2_gen2_irq_init
 .text          0x0000000000019014       0xd0 C:/Users/daans/Documents/Eclipse_Projecten_Nios/Keyboard_bsp/\libucosii_bsp.a(os_cpu_a.o)
                0x0000000000019014                OSCtxSw
                0x0000000000019014                OSIntCtxSw
                0x00000000000190a0                OSStartHighRdy
                0x00000000000190c0                OSStartTsk
 .text          0x00000000000190e4      0x264 C:/Users/daans/Documents/Eclipse_Projecten_Nios/Keyboard_bsp/\libucosii_bsp.a(os_cpu_c.o)
                0x00000000000190e4                OSTaskStkInit
                0x0000000000019240                OSTaskCreateHook
                0x0000000000019260                OSTaskDelHook
                0x0000000000019280                OSTaskSwHook
                0x000000000001929c                OSTaskStatHook
                0x00000000000192b8                OSTimeTickHook
                0x00000000000192d4                OSInitHookBegin
                0x00000000000192f0                OSInitHookEnd
                0x000000000001930c                OSTaskIdleHook
                0x0000000000019328                OSTCBInitHook
 .text          0x0000000000019348      0x114 C:/Users/daans/Documents/Eclipse_Projecten_Nios/Keyboard_bsp/\libucosii_bsp.a(alt_find_file.o)
                0x0000000000019348                alt_find_file
 .text          0x000000000001945c       0xfc C:/Users/daans/Documents/Eclipse_Projecten_Nios/Keyboard_bsp/\libucosii_bsp.a(alt_get_fd.o)
                0x000000000001945c                alt_get_fd
 .text          0x0000000000019558       0x8c C:/Users/daans/Documents/Eclipse_Projecten_Nios/Keyboard_bsp/\libucosii_bsp.a(alt_icache_flush.o)
                0x0000000000019558                alt_icache_flush
 .text          0x00000000000195e4        0x0 C:/Users/daans/Documents/Eclipse_Projecten_Nios/Keyboard_bsp/\libucosii_bsp.a(alt_irq_entry.o)
 .text          0x00000000000195e4        0x0 C:/Users/daans/Documents/Eclipse_Projecten_Nios/Keyboard_bsp/\libucosii_bsp.a(alt_irq_handler.o)
 .text          0x00000000000195e4        0x0 C:/Users/daans/Documents/Eclipse_Projecten_Nios/Keyboard_bsp/\libucosii_bsp.a(alt_exception_entry.o)
 .text          0x00000000000195e4       0x9c C:/Users/daans/Documents/Eclipse_Projecten_Nios/Keyboard_bsp/\libucosii_bsp.a(alt_instruction_exception_entry.o)
                0x00000000000195e4                alt_exception_cause_generated_bad_addr
 .text          0x0000000000019680        0x0 c:/altera_lite/15.1/nios2eds/bin/gnu/h-x86_64-mingw32/bin/../lib/gcc/nios2-elf/4.9.2/../../../../../H-x86_64-mingw32/nios2-elf/lib/mhw-mulx\libc.a(lib_a-atexit.o)
 .text.atexit   0x0000000000019680       0x14 c:/altera_lite/15.1/nios2eds/bin/gnu/h-x86_64-mingw32/bin/../lib/gcc/nios2-elf/4.9.2/../../../../../H-x86_64-mingw32/nios2-elf/lib/mhw-mulx\libc.a(lib_a-atexit.o)
                0x0000000000019680                atexit
 .text          0x0000000000019694        0x0 c:/altera_lite/15.1/nios2eds/bin/gnu/h-x86_64-mingw32/bin/../lib/gcc/nios2-elf/4.9.2/../../../../../H-x86_64-mingw32/nios2-elf/lib/mhw-mulx\libc.a(lib_a-exit.o)
 .text.exit     0x0000000000019694       0x38 c:/altera_lite/15.1/nios2eds/bin/gnu/h-x86_64-mingw32/bin/../lib/gcc/nios2-elf/4.9.2/../../../../../H-x86_64-mingw32/nios2-elf/lib/mhw-mulx\libc.a(lib_a-exit.o)
                0x0000000000019694                exit
 .text          0x00000000000196cc        0x0 c:/altera_lite/15.1/nios2eds/bin/gnu/h-x86_64-mingw32/bin/../lib/gcc/nios2-elf/4.9.2/../../../../../H-x86_64-mingw32/nios2-elf/lib/mhw-mulx\libc.a(lib_a-memcmp.o)
 .text.memcmp   0x00000000000196cc       0x7c c:/altera_lite/15.1/nios2eds/bin/gnu/h-x86_64-mingw32/bin/../lib/gcc/nios2-elf/4.9.2/../../../../../H-x86_64-mingw32/nios2-elf/lib/mhw-mulx\libc.a(lib_a-memcmp.o)
                0x00000000000196cc                memcmp
 .text          0x0000000000019748        0x0 c:/altera_lite/15.1/nios2eds/bin/gnu/h-x86_64-mingw32/bin/../lib/gcc/nios2-elf/4.9.2/../../../../../H-x86_64-mingw32/nios2-elf/lib/mhw-mulx\libc.a(lib_a-strcpy.o)
 .text.strcpy   0x0000000000019748       0x90 c:/altera_lite/15.1/nios2eds/bin/gnu/h-x86_64-mingw32/bin/../lib/gcc/nios2-elf/4.9.2/../../../../../H-x86_64-mingw32/nios2-elf/lib/mhw-mulx\libc.a(lib_a-strcpy.o)
                0x0000000000019748                strcpy
 .text          0x00000000000197d8        0x0 c:/altera_lite/15.1/nios2eds/bin/gnu/h-x86_64-mingw32/bin/../lib/gcc/nios2-elf/4.9.2/../../../../../H-x86_64-mingw32/nios2-elf/lib/mhw-mulx\libc.a(lib_a-__atexit.o)
 .text.__register_exitproc
                0x00000000000197d8      0x114 c:/altera_lite/15.1/nios2eds/bin/gnu/h-x86_64-mingw32/bin/../lib/gcc/nios2-elf/4.9.2/../../../../../H-x86_64-mingw32/nios2-elf/lib/mhw-mulx\libc.a(lib_a-__atexit.o)
                0x00000000000197d8                __register_exitproc
 .text          0x00000000000198ec        0x0 c:/altera_lite/15.1/nios2eds/bin/gnu/h-x86_64-mingw32/bin/../lib/gcc/nios2-elf/4.9.2/../../../../../H-x86_64-mingw32/nios2-elf/lib/mhw-mulx\libc.a(lib_a-__call_atexit.o)
 .text.__call_exitprocs
                0x00000000000198ec      0x194 c:/altera_lite/15.1/nios2eds/bin/gnu/h-x86_64-mingw32/bin/../lib/gcc/nios2-elf/4.9.2/../../../../../H-x86_64-mingw32/nios2-elf/lib/mhw-mulx\libc.a(lib_a-__call_atexit.o)
                0x00000000000198ec                __call_exitprocs
 .text          0x0000000000019a80       0x3c C:/Users/daans/Documents/Eclipse_Projecten_Nios/Keyboard_bsp/\libucosii_bsp.a(alt_exit.o)
                0x0000000000019a80                _exit
 *(.gnu.warning.*)
 *(.fini)
                0x0000000000019abc                PROVIDE (__etext, ABSOLUTE (.))
                0x0000000000019abc                PROVIDE (_etext, ABSOLUTE (.))
                0x0000000000019abc                PROVIDE (etext, ABSOLUTE (.))
 *(.eh_frame_hdr)
                0x0000000000019abc                . = ALIGN (0x4)
                0x0000000000019abc                PROVIDE (__preinit_array_start, ABSOLUTE (.))
 *(.preinit_array)
                0x0000000000019abc                PROVIDE (__preinit_array_end, ABSOLUTE (.))
                0x0000000000019abc                PROVIDE (__init_array_start, ABSOLUTE (.))
 *(.init_array)
                0x0000000000019abc                PROVIDE (__init_array_end, ABSOLUTE (.))
                0x0000000000019abc                PROVIDE (__fini_array_start, ABSOLUTE (.))
 *(.fini_array)
                0x0000000000019abc                PROVIDE (__fini_array_end, ABSOLUTE (.))
 *(.eh_frame)
 *(.gcc_except_table .gcc_except_table.*)
 *(.dynamic)
                0x0000000000019abc                PROVIDE (__CTOR_LIST__, ABSOLUTE (.))
 *(.ctors)
 *(SORT(.ctors.*))
                0x0000000000019abc                PROVIDE (__CTOR_END__, ABSOLUTE (.))
                0x0000000000019abc                PROVIDE (__DTOR_LIST__, ABSOLUTE (.))
 *(.dtors)
 *(SORT(.dtors.*))
                0x0000000000019abc                PROVIDE (__DTOR_END__, ABSOLUTE (.))
 *(.jcr)
                0x0000000000019abc                . = ALIGN (0x4)

.rodata         0x0000000000019abc      0x838
                0x0000000000019abc                PROVIDE (__ram_rodata_start, ABSOLUTE (.))
                0x0000000000019abc                . = ALIGN (0x4)
 *(.rodata .rodata.* .gnu.linkonce.r.*)
 .rodata        0x0000000000019abc       0x44 obj/default/hello_ucosii.o
 .rodata.str1.4
                0x0000000000019b00        0x2 c:/altera_lite/15.1/nios2eds/bin/gnu/h-x86_64-mingw32/bin/../lib/gcc/nios2-elf/4.9.2/../../../../../H-x86_64-mingw32/nios2-elf/lib/mhw-mulx\libc.a(lib_a-puts.o)
                                          0x4 (size before relaxing)
 *fill*         0x0000000000019b02        0x2 
 .rodata.str1.4
                0x0000000000019b04       0x42 c:/altera_lite/15.1/nios2eds/bin/gnu/h-x86_64-mingw32/bin/../lib/gcc/nios2-elf/4.9.2/../../../../../H-x86_64-mingw32/nios2-elf/lib/mhw-mulx\libc.a(lib_a-vfprintf.o)
                                         0x44 (size before relaxing)
 .rodata.zeroes.4255
                0x0000000000019b46       0x10 c:/altera_lite/15.1/nios2eds/bin/gnu/h-x86_64-mingw32/bin/../lib/gcc/nios2-elf/4.9.2/../../../../../H-x86_64-mingw32/nios2-elf/lib/mhw-mulx\libc.a(lib_a-vfprintf.o)
 .rodata.blanks.4254
                0x0000000000019b56       0x10 c:/altera_lite/15.1/nios2eds/bin/gnu/h-x86_64-mingw32/bin/../lib/gcc/nios2-elf/4.9.2/../../../../../H-x86_64-mingw32/nios2-elf/lib/mhw-mulx\libc.a(lib_a-vfprintf.o)
 *fill*         0x0000000000019b66        0x2 
 .rodata.str1.4
                0x0000000000019b68       0x10 c:/altera_lite/15.1/nios2eds/bin/gnu/h-x86_64-mingw32/bin/../lib/gcc/nios2-elf/4.9.2/../../../../../H-x86_64-mingw32/nios2-elf/lib/mhw-mulx\libc.a(lib_a-dtoa.o)
                                         0x14 (size before relaxing)
 .rodata.str1.4
                0x0000000000019b78        0x2 c:/altera_lite/15.1/nios2eds/bin/gnu/h-x86_64-mingw32/bin/../lib/gcc/nios2-elf/4.9.2/../../../../../H-x86_64-mingw32/nios2-elf/lib/mhw-mulx\libc.a(lib_a-impure.o)
                                          0x4 (size before relaxing)
 *fill*         0x0000000000019b7a        0x2 
 .rodata.str1.4
                0x0000000000019b7c        0xc c:/altera_lite/15.1/nios2eds/bin/gnu/h-x86_64-mingw32/bin/../lib/gcc/nios2-elf/4.9.2/../../../../../H-x86_64-mingw32/nios2-elf/lib/mhw-mulx\libc.a(lib_a-locale.o)
                                         0x14 (size before relaxing)
 .rodata.p05.2710
                0x0000000000019b88        0xc c:/altera_lite/15.1/nios2eds/bin/gnu/h-x86_64-mingw32/bin/../lib/gcc/nios2-elf/4.9.2/../../../../../H-x86_64-mingw32/nios2-elf/lib/mhw-mulx\libc.a(lib_a-mprec.o)
 .rodata.__mprec_tinytens
                0x0000000000019b94       0x28 c:/altera_lite/15.1/nios2eds/bin/gnu/h-x86_64-mingw32/bin/../lib/gcc/nios2-elf/4.9.2/../../../../../H-x86_64-mingw32/nios2-elf/lib/mhw-mulx\libc.a(lib_a-mprec.o)
                0x0000000000019b94                __mprec_tinytens
 .rodata.__mprec_bigtens
                0x0000000000019bbc       0x28 c:/altera_lite/15.1/nios2eds/bin/gnu/h-x86_64-mingw32/bin/../lib/gcc/nios2-elf/4.9.2/../../../../../H-x86_64-mingw32/nios2-elf/lib/mhw-mulx\libc.a(lib_a-mprec.o)
                0x0000000000019bbc                __mprec_bigtens
 .rodata.__mprec_tens
                0x0000000000019be4       0xc8 c:/altera_lite/15.1/nios2eds/bin/gnu/h-x86_64-mingw32/bin/../lib/gcc/nios2-elf/4.9.2/../../../../../H-x86_64-mingw32/nios2-elf/lib/mhw-mulx\libc.a(lib_a-mprec.o)
                0x0000000000019be4                __mprec_tens
 .rodata.str1.4
                0x0000000000000000       0x30 c:/altera_lite/15.1/nios2eds/bin/gnu/h-x86_64-mingw32/bin/../lib/gcc/nios2-elf/4.9.2/../../../../../H-x86_64-mingw32/nios2-elf/lib/mhw-mulx\libc.a(lib_a-vfiprintf.o)
 .rodata.zeroes.4200
                0x0000000000019cac       0x10 c:/altera_lite/15.1/nios2eds/bin/gnu/h-x86_64-mingw32/bin/../lib/gcc/nios2-elf/4.9.2/../../../../../H-x86_64-mingw32/nios2-elf/lib/mhw-mulx\libc.a(lib_a-vfiprintf.o)
 .rodata.blanks.4199
                0x0000000000019cbc       0x10 c:/altera_lite/15.1/nios2eds/bin/gnu/h-x86_64-mingw32/bin/../lib/gcc/nios2-elf/4.9.2/../../../../../H-x86_64-mingw32/nios2-elf/lib/mhw-mulx\libc.a(lib_a-vfiprintf.o)
 .rodata        0x0000000000019ccc      0x100 c:/altera_lite/15.1/nios2eds/bin/gnu/h-x86_64-mingw32/bin/../lib/gcc/nios2-elf/4.9.2/mhw-mulx\libgcc.a(_clz.o)
                0x0000000000019ccc                __clz_tab
 .rodata        0x0000000000019dcc        0xc C:/Users/daans/Documents/Eclipse_Projecten_Nios/Keyboard_bsp/\libucosii_bsp.a(alt_dev.o)
 .rodata        0x0000000000019dd8       0x10 C:/Users/daans/Documents/Eclipse_Projecten_Nios/Keyboard_bsp/\libucosii_bsp.a(alt_main.o)
 .rodata        0x0000000000019de8      0x120 C:/Users/daans/Documents/Eclipse_Projecten_Nios/Keyboard_bsp/\libucosii_bsp.a(os_core.o)
                0x0000000000019de8                OSUnMapTbl
 .rodata        0x0000000000019f08      0x190 C:/Users/daans/Documents/Eclipse_Projecten_Nios/Keyboard_bsp/\libucosii_bsp.a(alt_sys_init.o)
 .rodata        0x000000000001a098       0x1c C:/Users/daans/Documents/Eclipse_Projecten_Nios/Keyboard_bsp/\libucosii_bsp.a(altera_up_avalon_video_character_buffer_with_dma.o)
 .rodata        0x000000000001a0b4      0x23c C:/Users/daans/Documents/Eclipse_Projecten_Nios/Keyboard_bsp/\libucosii_bsp.a(altera_up_ps2_keyboard.o)
 .rodata        0x000000000001a2f0        0x4 C:/Users/daans/Documents/Eclipse_Projecten_Nios/Keyboard_bsp/\libucosii_bsp.a(os_cpu_c.o)
 *(.rodata1)
                0x000000000001a2f4                . = ALIGN (0x4)
                0x000000000001a2f4                PROVIDE (__ram_rodata_end, ABSOLUTE (.))
                0x0000000000019abc                PROVIDE (__flash_rodata_start, LOADADDR (.rodata))

.rwdata         0x000000000001a2f4     0x21d0 load address 0x000000000001c4c4
                0x000000000001a2f4                PROVIDE (__ram_rwdata_start, ABSOLUTE (.))
                0x000000000001a2f4                . = ALIGN (0x4)
 *(.got.plt)
 *(.got)
 *(.data1)
 *(.data .data.* .gnu.linkonce.d.*)
 .data          0x000000000001a2f4        0x0 C:/Users/daans/Documents/Eclipse_Projecten_Nios/Keyboard_bsp//obj/HAL/src/crt0.o
 .data          0x000000000001a2f4        0x0 obj/default/hello_ucosii.o
 .data          0x000000000001a2f4        0x0 c:/altera_lite/15.1/nios2eds/bin/gnu/h-x86_64-mingw32/bin/../lib/gcc/nios2-elf/4.9.2/../../../../../H-x86_64-mingw32/nios2-elf/lib/mhw-mulx\libc.a(lib_a-printf.o)
 .data          0x000000000001a2f4        0x0 c:/altera_lite/15.1/nios2eds/bin/gnu/h-x86_64-mingw32/bin/../lib/gcc/nios2-elf/4.9.2/../../../../../H-x86_64-mingw32/nios2-elf/lib/mhw-mulx\libc.a(lib_a-putchar.o)
 .data          0x000000000001a2f4        0x0 c:/altera_lite/15.1/nios2eds/bin/gnu/h-x86_64-mingw32/bin/../lib/gcc/nios2-elf/4.9.2/../../../../../H-x86_64-mingw32/nios2-elf/lib/mhw-mulx\libc.a(lib_a-puts.o)
 .data          0x000000000001a2f4        0x0 c:/altera_lite/15.1/nios2eds/bin/gnu/h-x86_64-mingw32/bin/../lib/gcc/nios2-elf/4.9.2/../../../../../H-x86_64-mingw32/nios2-elf/lib/mhw-mulx\libc.a(lib_a-strcmp.o)
 .data          0x000000000001a2f4        0x0 c:/altera_lite/15.1/nios2eds/bin/gnu/h-x86_64-mingw32/bin/../lib/gcc/nios2-elf/4.9.2/../../../../../H-x86_64-mingw32/nios2-elf/lib/mhw-mulx\libc.a(lib_a-strlen.o)
 .data          0x000000000001a2f4        0x0 c:/altera_lite/15.1/nios2eds/bin/gnu/h-x86_64-mingw32/bin/../lib/gcc/nios2-elf/4.9.2/../../../../../H-x86_64-mingw32/nios2-elf/lib/mhw-mulx\libc.a(lib_a-vfprintf.o)
 .data          0x000000000001a2f4        0x0 c:/altera_lite/15.1/nios2eds/bin/gnu/h-x86_64-mingw32/bin/../lib/gcc/nios2-elf/4.9.2/../../../../../H-x86_64-mingw32/nios2-elf/lib/mhw-mulx\libc.a(lib_a-wsetup.o)
 .data          0x000000000001a2f4        0x0 c:/altera_lite/15.1/nios2eds/bin/gnu/h-x86_64-mingw32/bin/../lib/gcc/nios2-elf/4.9.2/../../../../../H-x86_64-mingw32/nios2-elf/lib/mhw-mulx\libc.a(lib_a-dtoa.o)
 .data          0x000000000001a2f4        0x0 c:/altera_lite/15.1/nios2eds/bin/gnu/h-x86_64-mingw32/bin/../lib/gcc/nios2-elf/4.9.2/../../../../../H-x86_64-mingw32/nios2-elf/lib/mhw-mulx\libc.a(lib_a-fflush.o)
 .data          0x000000000001a2f4        0x0 c:/altera_lite/15.1/nios2eds/bin/gnu/h-x86_64-mingw32/bin/../lib/gcc/nios2-elf/4.9.2/../../../../../H-x86_64-mingw32/nios2-elf/lib/mhw-mulx\libc.a(lib_a-findfp.o)
 .data          0x000000000001a2f4        0x0 c:/altera_lite/15.1/nios2eds/bin/gnu/h-x86_64-mingw32/bin/../lib/gcc/nios2-elf/4.9.2/../../../../../H-x86_64-mingw32/nios2-elf/lib/mhw-mulx\libc.a(lib_a-freer.o)
 .data          0x000000000001a2f4        0x0 c:/altera_lite/15.1/nios2eds/bin/gnu/h-x86_64-mingw32/bin/../lib/gcc/nios2-elf/4.9.2/../../../../../H-x86_64-mingw32/nios2-elf/lib/mhw-mulx\libc.a(lib_a-fvwrite.o)
 .data          0x000000000001a2f4        0x0 c:/altera_lite/15.1/nios2eds/bin/gnu/h-x86_64-mingw32/bin/../lib/gcc/nios2-elf/4.9.2/../../../../../H-x86_64-mingw32/nios2-elf/lib/mhw-mulx\libc.a(lib_a-fwalk.o)
 .data          0x000000000001a2f4        0x0 c:/altera_lite/15.1/nios2eds/bin/gnu/h-x86_64-mingw32/bin/../lib/gcc/nios2-elf/4.9.2/../../../../../H-x86_64-mingw32/nios2-elf/lib/mhw-mulx\libc.a(lib_a-impure.o)
 .data.impure_data
                0x000000000001a2f4      0x424 c:/altera_lite/15.1/nios2eds/bin/gnu/h-x86_64-mingw32/bin/../lib/gcc/nios2-elf/4.9.2/../../../../../H-x86_64-mingw32/nios2-elf/lib/mhw-mulx\libc.a(lib_a-impure.o)
 .data          0x000000000001a718        0x0 c:/altera_lite/15.1/nios2eds/bin/gnu/h-x86_64-mingw32/bin/../lib/gcc/nios2-elf/4.9.2/../../../../../H-x86_64-mingw32/nios2-elf/lib/mhw-mulx\libc.a(lib_a-locale.o)
 .data.lc_message_charset
                0x000000000001a718       0x20 c:/altera_lite/15.1/nios2eds/bin/gnu/h-x86_64-mingw32/bin/../lib/gcc/nios2-elf/4.9.2/../../../../../H-x86_64-mingw32/nios2-elf/lib/mhw-mulx\libc.a(lib_a-locale.o)
 .data.lc_ctype_charset
                0x000000000001a738       0x20 c:/altera_lite/15.1/nios2eds/bin/gnu/h-x86_64-mingw32/bin/../lib/gcc/nios2-elf/4.9.2/../../../../../H-x86_64-mingw32/nios2-elf/lib/mhw-mulx\libc.a(lib_a-locale.o)
 .data.lconv    0x000000000001a758       0x38 c:/altera_lite/15.1/nios2eds/bin/gnu/h-x86_64-mingw32/bin/../lib/gcc/nios2-elf/4.9.2/../../../../../H-x86_64-mingw32/nios2-elf/lib/mhw-mulx\libc.a(lib_a-locale.o)
 .data          0x000000000001a790        0x0 c:/altera_lite/15.1/nios2eds/bin/gnu/h-x86_64-mingw32/bin/../lib/gcc/nios2-elf/4.9.2/../../../../../H-x86_64-mingw32/nios2-elf/lib/mhw-mulx\libc.a(lib_a-makebuf.o)
 .data          0x000000000001a790        0x0 c:/altera_lite/15.1/nios2eds/bin/gnu/h-x86_64-mingw32/bin/../lib/gcc/nios2-elf/4.9.2/../../../../../H-x86_64-mingw32/nios2-elf/lib/mhw-mulx\libc.a(lib_a-mallocr.o)
 .data.__malloc_av_
                0x000000000001a790      0x408 c:/altera_lite/15.1/nios2eds/bin/gnu/h-x86_64-mingw32/bin/../lib/gcc/nios2-elf/4.9.2/../../../../../H-x86_64-mingw32/nios2-elf/lib/mhw-mulx\libc.a(lib_a-mallocr.o)
                0x000000000001a790                __malloc_av_
 .data          0x000000000001ab98        0x0 c:/altera_lite/15.1/nios2eds/bin/gnu/h-x86_64-mingw32/bin/../lib/gcc/nios2-elf/4.9.2/../../../../../H-x86_64-mingw32/nios2-elf/lib/mhw-mulx\libc.a(lib_a-memchr.o)
 .data          0x000000000001ab98        0x0 c:/altera_lite/15.1/nios2eds/bin/gnu/h-x86_64-mingw32/bin/../lib/gcc/nios2-elf/4.9.2/../../../../../H-x86_64-mingw32/nios2-elf/lib/mhw-mulx\libc.a(lib_a-memcpy.o)
 .data          0x000000000001ab98        0x0 c:/altera_lite/15.1/nios2eds/bin/gnu/h-x86_64-mingw32/bin/../lib/gcc/nios2-elf/4.9.2/../../../../../H-x86_64-mingw32/nios2-elf/lib/mhw-mulx\libc.a(lib_a-memmove.o)
 .data          0x000000000001ab98        0x0 c:/altera_lite/15.1/nios2eds/bin/gnu/h-x86_64-mingw32/bin/../lib/gcc/nios2-elf/4.9.2/../../../../../H-x86_64-mingw32/nios2-elf/lib/mhw-mulx\libc.a(lib_a-memset.o)
 .data          0x000000000001ab98        0x0 c:/altera_lite/15.1/nios2eds/bin/gnu/h-x86_64-mingw32/bin/../lib/gcc/nios2-elf/4.9.2/../../../../../H-x86_64-mingw32/nios2-elf/lib/mhw-mulx\libc.a(lib_a-mprec.o)
 .data          0x000000000001ab98        0x0 c:/altera_lite/15.1/nios2eds/bin/gnu/h-x86_64-mingw32/bin/../lib/gcc/nios2-elf/4.9.2/../../../../../H-x86_64-mingw32/nios2-elf/lib/mhw-mulx\libc.a(lib_a-putc.o)
 .data          0x000000000001ab98        0x0 c:/altera_lite/15.1/nios2eds/bin/gnu/h-x86_64-mingw32/bin/../lib/gcc/nios2-elf/4.9.2/../../../../../H-x86_64-mingw32/nios2-elf/lib/mhw-mulx\libc.a(lib_a-reallocr.o)
 .data          0x000000000001ab98        0x0 c:/altera_lite/15.1/nios2eds/bin/gnu/h-x86_64-mingw32/bin/../lib/gcc/nios2-elf/4.9.2/../../../../../H-x86_64-mingw32/nios2-elf/lib/mhw-mulx\libc.a(lib_a-s_fpclassify.o)
 .data          0x000000000001ab98        0x0 c:/altera_lite/15.1/nios2eds/bin/gnu/h-x86_64-mingw32/bin/../lib/gcc/nios2-elf/4.9.2/../../../../../H-x86_64-mingw32/nios2-elf/lib/mhw-mulx\libc.a(lib_a-sbrkr.o)
 .data          0x000000000001ab98        0x0 c:/altera_lite/15.1/nios2eds/bin/gnu/h-x86_64-mingw32/bin/../lib/gcc/nios2-elf/4.9.2/../../../../../H-x86_64-mingw32/nios2-elf/lib/mhw-mulx\libc.a(lib_a-stdio.o)
 .data          0x000000000001ab98        0x0 c:/altera_lite/15.1/nios2eds/bin/gnu/h-x86_64-mingw32/bin/../lib/gcc/nios2-elf/4.9.2/../../../../../H-x86_64-mingw32/nios2-elf/lib/mhw-mulx\libc.a(lib_a-vfiprintf.o)
 .data          0x000000000001ab98        0x0 c:/altera_lite/15.1/nios2eds/bin/gnu/h-x86_64-mingw32/bin/../lib/gcc/nios2-elf/4.9.2/../../../../../H-x86_64-mingw32/nios2-elf/lib/mhw-mulx\libc.a(lib_a-wbuf.o)
 .data          0x000000000001ab98        0x0 c:/altera_lite/15.1/nios2eds/bin/gnu/h-x86_64-mingw32/bin/../lib/gcc/nios2-elf/4.9.2/../../../../../H-x86_64-mingw32/nios2-elf/lib/mhw-mulx\libc.a(lib_a-writer.o)
 .data          0x000000000001ab98        0x0 c:/altera_lite/15.1/nios2eds/bin/gnu/h-x86_64-mingw32/bin/../lib/gcc/nios2-elf/4.9.2/../../../../../H-x86_64-mingw32/nios2-elf/lib/mhw-mulx\libc.a(closer.o)
 .data          0x000000000001ab98        0x0 c:/altera_lite/15.1/nios2eds/bin/gnu/h-x86_64-mingw32/bin/../lib/gcc/nios2-elf/4.9.2/../../../../../H-x86_64-mingw32/nios2-elf/lib/mhw-mulx\libc.a(lib_a-callocr.o)
 .data          0x000000000001ab98        0x0 c:/altera_lite/15.1/nios2eds/bin/gnu/h-x86_64-mingw32/bin/../lib/gcc/nios2-elf/4.9.2/../../../../../H-x86_64-mingw32/nios2-elf/lib/mhw-mulx\libc.a(lib_a-fclose.o)
 .data          0x000000000001ab98        0x0 c:/altera_lite/15.1/nios2eds/bin/gnu/h-x86_64-mingw32/bin/../lib/gcc/nios2-elf/4.9.2/../../../../../H-x86_64-mingw32/nios2-elf/lib/mhw-mulx\libc.a(lib_a-fputwc.o)
 .data          0x000000000001ab98        0x0 c:/altera_lite/15.1/nios2eds/bin/gnu/h-x86_64-mingw32/bin/../lib/gcc/nios2-elf/4.9.2/../../../../../H-x86_64-mingw32/nios2-elf/lib/mhw-mulx\libc.a(lib_a-fstatr.o)
 .data          0x000000000001ab98        0x0 c:/altera_lite/15.1/nios2eds/bin/gnu/h-x86_64-mingw32/bin/../lib/gcc/nios2-elf/4.9.2/../../../../../H-x86_64-mingw32/nios2-elf/lib/mhw-mulx\libc.a(lib_a-int_errno.o)
 .data          0x000000000001ab98        0x0 c:/altera_lite/15.1/nios2eds/bin/gnu/h-x86_64-mingw32/bin/../lib/gcc/nios2-elf/4.9.2/../../../../../H-x86_64-mingw32/nios2-elf/lib/mhw-mulx\libc.a(lib_a-isattyr.o)
 .data          0x000000000001ab98        0x0 c:/altera_lite/15.1/nios2eds/bin/gnu/h-x86_64-mingw32/bin/../lib/gcc/nios2-elf/4.9.2/../../../../../H-x86_64-mingw32/nios2-elf/lib/mhw-mulx\libc.a(lib_a-lseekr.o)
 .data          0x000000000001ab98        0x0 c:/altera_lite/15.1/nios2eds/bin/gnu/h-x86_64-mingw32/bin/../lib/gcc/nios2-elf/4.9.2/../../../../../H-x86_64-mingw32/nios2-elf/lib/mhw-mulx\libc.a(lib_a-readr.o)
 .data          0x000000000001ab98        0x0 c:/altera_lite/15.1/nios2eds/bin/gnu/h-x86_64-mingw32/bin/../lib/gcc/nios2-elf/4.9.2/../../../../../H-x86_64-mingw32/nios2-elf/lib/mhw-mulx\libc.a(lib_a-wcrtomb.o)
 .data          0x000000000001ab98        0x0 c:/altera_lite/15.1/nios2eds/bin/gnu/h-x86_64-mingw32/bin/../lib/gcc/nios2-elf/4.9.2/../../../../../H-x86_64-mingw32/nios2-elf/lib/mhw-mulx\libc.a(lib_a-wctomb_r.o)
 .data          0x000000000001ab98        0x0 c:/altera_lite/15.1/nios2eds/bin/gnu/h-x86_64-mingw32/bin/../lib/gcc/nios2-elf/4.9.2/mhw-mulx\libgcc.a(_udivdi3.o)
 .data          0x000000000001ab98        0x0 c:/altera_lite/15.1/nios2eds/bin/gnu/h-x86_64-mingw32/bin/../lib/gcc/nios2-elf/4.9.2/mhw-mulx\libgcc.a(_umoddi3.o)
 .data          0x000000000001ab98        0x0 c:/altera_lite/15.1/nios2eds/bin/gnu/h-x86_64-mingw32/bin/../lib/gcc/nios2-elf/4.9.2/mhw-mulx\libgcc.a(lib2-divmod.o)
 .data          0x000000000001ab98        0x0 c:/altera_lite/15.1/nios2eds/bin/gnu/h-x86_64-mingw32/bin/../lib/gcc/nios2-elf/4.9.2/mhw-mulx\libgcc.a(adddf3.o)
 .data          0x000000000001ab98        0x0 c:/altera_lite/15.1/nios2eds/bin/gnu/h-x86_64-mingw32/bin/../lib/gcc/nios2-elf/4.9.2/mhw-mulx\libgcc.a(divdf3.o)
 .data          0x000000000001ab98        0x0 c:/altera_lite/15.1/nios2eds/bin/gnu/h-x86_64-mingw32/bin/../lib/gcc/nios2-elf/4.9.2/mhw-mulx\libgcc.a(eqdf2.o)
 .data          0x000000000001ab98        0x0 c:/altera_lite/15.1/nios2eds/bin/gnu/h-x86_64-mingw32/bin/../lib/gcc/nios2-elf/4.9.2/mhw-mulx\libgcc.a(gedf2.o)
 .data          0x000000000001ab98        0x0 c:/altera_lite/15.1/nios2eds/bin/gnu/h-x86_64-mingw32/bin/../lib/gcc/nios2-elf/4.9.2/mhw-mulx\libgcc.a(ledf2.o)
 .data          0x000000000001ab98        0x0 c:/altera_lite/15.1/nios2eds/bin/gnu/h-x86_64-mingw32/bin/../lib/gcc/nios2-elf/4.9.2/mhw-mulx\libgcc.a(muldf3.o)
 .data          0x000000000001ab98        0x0 c:/altera_lite/15.1/nios2eds/bin/gnu/h-x86_64-mingw32/bin/../lib/gcc/nios2-elf/4.9.2/mhw-mulx\libgcc.a(subdf3.o)
 .data          0x000000000001ab98        0x0 c:/altera_lite/15.1/nios2eds/bin/gnu/h-x86_64-mingw32/bin/../lib/gcc/nios2-elf/4.9.2/mhw-mulx\libgcc.a(fixdfsi.o)
 .data          0x000000000001ab98        0x0 c:/altera_lite/15.1/nios2eds/bin/gnu/h-x86_64-mingw32/bin/../lib/gcc/nios2-elf/4.9.2/mhw-mulx\libgcc.a(floatsidf.o)
 .data          0x000000000001ab98        0x0 c:/altera_lite/15.1/nios2eds/bin/gnu/h-x86_64-mingw32/bin/../lib/gcc/nios2-elf/4.9.2/mhw-mulx\libgcc.a(floatunsidf.o)
 .data          0x000000000001ab98        0x0 c:/altera_lite/15.1/nios2eds/bin/gnu/h-x86_64-mingw32/bin/../lib/gcc/nios2-elf/4.9.2/mhw-mulx\libgcc.a(_clz.o)
 .data          0x000000000001ab98        0x0 c:/altera_lite/15.1/nios2eds/bin/gnu/h-x86_64-mingw32/bin/../lib/gcc/nios2-elf/4.9.2/mhw-mulx\libgcc.a(_clzsi2.o)
 .data          0x000000000001ab98        0x0 C:/Users/daans/Documents/Eclipse_Projecten_Nios/Keyboard_bsp/\libucosii_bsp.a(alt_close.o)
 .data          0x000000000001ab98      0x1a8 C:/Users/daans/Documents/Eclipse_Projecten_Nios/Keyboard_bsp/\libucosii_bsp.a(alt_dev.o)
                0x000000000001ab98                alt_dev_null
                0x000000000001abc0                alt_fd_list
 .data          0x000000000001ad40        0x0 C:/Users/daans/Documents/Eclipse_Projecten_Nios/Keyboard_bsp/\libucosii_bsp.a(alt_errno.o)
 .data          0x000000000001ad40        0x0 C:/Users/daans/Documents/Eclipse_Projecten_Nios/Keyboard_bsp/\libucosii_bsp.a(alt_fstat.o)
 .data          0x000000000001ad40        0x0 C:/Users/daans/Documents/Eclipse_Projecten_Nios/Keyboard_bsp/\libucosii_bsp.a(alt_isatty.o)
 .data          0x000000000001ad40        0x0 C:/Users/daans/Documents/Eclipse_Projecten_Nios/Keyboard_bsp/\libucosii_bsp.a(alt_load.o)
 .data          0x000000000001ad40        0x0 C:/Users/daans/Documents/Eclipse_Projecten_Nios/Keyboard_bsp/\libucosii_bsp.a(alt_lseek.o)
 .data          0x000000000001ad40        0x0 C:/Users/daans/Documents/Eclipse_Projecten_Nios/Keyboard_bsp/\libucosii_bsp.a(alt_main.o)
 .data          0x000000000001ad40        0x0 C:/Users/daans/Documents/Eclipse_Projecten_Nios/Keyboard_bsp/\libucosii_bsp.a(alt_read.o)
 .data          0x000000000001ad40        0x0 C:/Users/daans/Documents/Eclipse_Projecten_Nios/Keyboard_bsp/\libucosii_bsp.a(alt_release_fd.o)
 .data          0x000000000001ad40        0x0 C:/Users/daans/Documents/Eclipse_Projecten_Nios/Keyboard_bsp/\libucosii_bsp.a(alt_sbrk.o)
 .data          0x000000000001ad40        0x0 C:/Users/daans/Documents/Eclipse_Projecten_Nios/Keyboard_bsp/\libucosii_bsp.a(alt_write.o)