Archive member included to satisfy reference by file (symbol)

c:/altera_lite/15.1/nios2eds/bin/gnu/h-x86_64-mingw32/bin/../lib/gcc/nios2-elf/4.9.2/../../../../../H-x86_64-mingw32/nios2-elf/lib/mhw-mulx\libc.a(lib_a-printf.o)
                              obj/default/hello_ucosii.o (printf)
c:/altera_lite/15.1/nios2eds/bin/gnu/h-x86_64-mingw32/bin/../lib/gcc/nios2-elf/4.9.2/../../../../../H-x86_64-mingw32/nios2-elf/lib/mhw-mulx\libc.a(lib_a-strcmp.o)
                              obj/default/hello_ucosii.o (strcmp)
c:/altera_lite/15.1/nios2eds/bin/gnu/h-x86_64-mingw32/bin/../lib/gcc/nios2-elf/4.9.2/../../../../../H-x86_64-mingw32/nios2-elf/lib/mhw-mulx\libc.a(lib_a-strlen.o)
                              obj/default/hello_ucosii.o (strlen)
c:/altera_lite/15.1/nios2eds/bin/gnu/h-x86_64-mingw32/bin/../lib/gcc/nios2-elf/4.9.2/../../../../../H-x86_64-mingw32/nios2-elf/lib/mhw-mulx\libc.a(lib_a-vfprintf.o)
                              c:/altera_lite/15.1/nios2eds/bin/gnu/h-x86_64-mingw32/bin/../lib/gcc/nios2-elf/4.9.2/../../../../../H-x86_64-mingw32/nios2-elf/lib/mhw-mulx\libc.a(lib_a-printf.o) (___vfprintf_internal_r)
c:/altera_lite/15.1/nios2eds/bin/gnu/h-x86_64-mingw32/bin/../lib/gcc/nios2-elf/4.9.2/../../../../../H-x86_64-mingw32/nios2-elf/lib/mhw-mulx\libc.a(lib_a-wsetup.o)
                              c:/altera_lite/15.1/nios2eds/bin/gnu/h-x86_64-mingw32/bin/../lib/gcc/nios2-elf/4.9.2/../../../../../H-x86_64-mingw32/nios2-elf/lib/mhw-mulx\libc.a(lib_a-vfprintf.o) (__swsetup_r)
c:/altera_lite/15.1/nios2eds/bin/gnu/h-x86_64-mingw32/bin/../lib/gcc/nios2-elf/4.9.2/../../../../../H-x86_64-mingw32/nios2-elf/lib/mhw-mulx\libc.a(lib_a-dtoa.o)
                              c:/altera_lite/15.1/nios2eds/bin/gnu/h-x86_64-mingw32/bin/../lib/gcc/nios2-elf/4.9.2/../../../../../H-x86_64-mingw32/nios2-elf/lib/mhw-mulx\libc.a(lib_a-vfprintf.o) (_dtoa_r)
c:/altera_lite/15.1/nios2eds/bin/gnu/h-x86_64-mingw32/bin/../lib/gcc/nios2-elf/4.9.2/../../../../../H-x86_64-mingw32/nios2-elf/lib/mhw-mulx\libc.a(lib_a-fflush.o)
                              c:/altera_lite/15.1/nios2eds/bin/gnu/h-x86_64-mingw32/bin/../lib/gcc/nios2-elf/4.9.2/../../../../../H-x86_64-mingw32/nios2-elf/lib/mhw-mulx\libc.a(lib_a-vfprintf.o) (_fflush_r)
c:/altera_lite/15.1/nios2eds/bin/gnu/h-x86_64-mingw32/bin/../lib/gcc/nios2-elf/4.9.2/../../../../../H-x86_64-mingw32/nios2-elf/lib/mhw-mulx\libc.a(lib_a-findfp.o)
                              c:/altera_lite/15.1/nios2eds/bin/gnu/h-x86_64-mingw32/bin/../lib/gcc/nios2-elf/4.9.2/../../../../../H-x86_64-mingw32/nios2-elf/lib/mhw-mulx\libc.a(lib_a-vfprintf.o) (__sinit)
c:/altera_lite/15.1/nios2eds/bin/gnu/h-x86_64-mingw32/bin/../lib/gcc/nios2-elf/4.9.2/../../../../../H-x86_64-mingw32/nios2-elf/lib/mhw-mulx\libc.a(lib_a-freer.o)
                              c:/altera_lite/15.1/nios2eds/bin/gnu/h-x86_64-mingw32/bin/../lib/gcc/nios2-elf/4.9.2/../../../../../H-x86_64-mingw32/nios2-elf/lib/mhw-mulx\libc.a(lib_a-wsetup.o) (_free_r)
c:/altera_lite/15.1/nios2eds/bin/gnu/h-x86_64-mingw32/bin/../lib/gcc/nios2-elf/4.9.2/../../../../../H-x86_64-mingw32/nios2-elf/lib/mhw-mulx\libc.a(lib_a-fwalk.o)
                              c:/altera_lite/15.1/nios2eds/bin/gnu/h-x86_64-mingw32/bin/../lib/gcc/nios2-elf/4.9.2/../../../../../H-x86_64-mingw32/nios2-elf/lib/mhw-mulx\libc.a(lib_a-findfp.o) (_fwalk)
c:/altera_lite/15.1/nios2eds/bin/gnu/h-x86_64-mingw32/bin/../lib/gcc/nios2-elf/4.9.2/../../../../../H-x86_64-mingw32/nios2-elf/lib/mhw-mulx\libc.a(lib_a-impure.o)
                              c:/altera_lite/15.1/nios2eds/bin/gnu/h-x86_64-mingw32/bin/../lib/gcc/nios2-elf/4.9.2/../../../../../H-x86_64-mingw32/nios2-elf/lib/mhw-mulx\libc.a(lib_a-fflush.o) (_global_impure_ptr)
c:/altera_lite/15.1/nios2eds/bin/gnu/h-x86_64-mingw32/bin/../lib/gcc/nios2-elf/4.9.2/../../../../../H-x86_64-mingw32/nios2-elf/lib/mhw-mulx\libc.a(lib_a-locale.o)
                              c:/altera_lite/15.1/nios2eds/bin/gnu/h-x86_64-mingw32/bin/../lib/gcc/nios2-elf/4.9.2/../../../../../H-x86_64-mingw32/nios2-elf/lib/mhw-mulx\libc.a(lib_a-vfprintf.o) (_localeconv_r)
c:/altera_lite/15.1/nios2eds/bin/gnu/h-x86_64-mingw32/bin/../lib/gcc/nios2-elf/4.9.2/../../../../../H-x86_64-mingw32/nios2-elf/lib/mhw-mulx\libc.a(lib_a-makebuf.o)
                              c:/altera_lite/15.1/nios2eds/bin/gnu/h-x86_64-mingw32/bin/../lib/gcc/nios2-elf/4.9.2/../../../../../H-x86_64-mingw32/nios2-elf/lib/mhw-mulx\libc.a(lib_a-wsetup.o) (__smakebuf_r)
c:/altera_lite/15.1/nios2eds/bin/gnu/h-x86_64-mingw32/bin/../lib/gcc/nios2-elf/4.9.2/../../../../../H-x86_64-mingw32/nios2-elf/lib/mhw-mulx\libc.a(lib_a-mallocr.o)
                              c:/altera_lite/15.1/nios2eds/bin/gnu/h-x86_64-mingw32/bin/../lib/gcc/nios2-elf/4.9.2/../../../../../H-x86_64-mingw32/nios2-elf/lib/mhw-mulx\libc.a(lib_a-findfp.o) (_malloc_r)
c:/altera_lite/15.1/nios2eds/bin/gnu/h-x86_64-mingw32/bin/../lib/gcc/nios2-elf/4.9.2/../../../../../H-x86_64-mingw32/nios2-elf/lib/mhw-mulx\libc.a(lib_a-memchr.o)
[...]
Memory Configuration

Name             Origin             Length             Attributes
reset            0x0000000000000000 0x0000000000000020
SDRAM            0x0000000000000020 0x0000000003ffffe0
Flash_flash_data 0x000000000c000000 0x0000000000800000
*default*        0x0000000000000000 0xffffffffffffffff

Linker script and memory map

LOAD C:/Users/daans/Documents/Eclipse_Projecten_Nios/Keyboard_bsp//obj/HAL/src/crt0.o
LOAD obj/default/hello_ucosii.o
LOAD c:/altera_lite/15.1/nios2eds/bin/gnu/h-x86_64-mingw32/bin/../lib/gcc/nios2-elf/4.9.2/../../../../../H-x86_64-mingw32/nios2-elf/lib/mhw-mulx\libstdc++.a
LOAD c:/altera_lite/15.1/nios2eds/bin/gnu/h-x86_64-mingw32/bin/../lib/gcc/nios2-elf/4.9.2/../../../../../H-x86_64-mingw32/nios2-elf/lib/mhw-mulx\libm.a
LOAD c:/altera_lite/15.1/nios2eds/bin/gnu/h-x86_64-mingw32/bin/../lib/gcc/nios2-elf/4.9.2/mhw-mulx\libgcc.a
START GROUP
LOAD c:/altera_lite/15.1/nios2eds/bin/gnu/h-x86_64-mingw32/bin/../lib/gcc/nios2-elf/4.9.2/../../../../../H-x86_64-mingw32/nios2-elf/lib/mhw-mulx\libc.a
LOAD c:/altera_lite/15.1/nios2eds/bin/gnu/h-x86_64-mingw32/bin/../lib/gcc/nios2-elf/4.9.2/mhw-mulx\libgcc.a
LOAD C:/Users/daans/Documents/Eclipse_Projecten_Nios/Keyboard_bsp/\libucosii_bsp.a
LOAD c:/altera_lite/15.1/nios2eds/bin/gnu/h-x86_64-mingw32/bin/../lib/gcc/nios2-elf/4.9.2/../../../../../H-x86_64-mingw32/nios2-elf/lib/mhw-mulx\libm.a
END GROUP
LOAD c:/altera_lite/15.1/nios2eds/bin/gnu/h-x86_64-mingw32/bin/../lib/gcc/nios2-elf/4.9.2/mhw-mulx\libgcc.a
                0x0000000000000000                __alt_mem_SDRAM = 0x0
                0x000000000c000000                __alt_mem_Flash_flash_data = 0xc000000

.entry          0x0000000000000000       0x20
 *(.entry)
 .entry         0x0000000000000000       0x20 C:/Users/daans/Documents/Eclipse_Projecten_Nios/Keyboard_bsp//obj/HAL/src/crt0.o
                0x0000000000000000                __reset

.exceptions     0x0000000000000020      0x224
                0x0000000000000020                PROVIDE (__ram_exceptions_start, ABSOLUTE (.))
                0x0000000000000020                . = ALIGN (0x20)
 *(.irq)
 *(.exceptions.entry.label)
 .exceptions.entry.label
                0x0000000000000020        0x0 C:/Users/daans/Documents/Eclipse_Projecten_Nios/Keyboard_bsp/\libucosii_bsp.a(alt_irq_entry.o)
                0x0000000000000020                alt_irq_entry
 .exceptions.entry.label
                0x0000000000000020        0x0 C:/Users/daans/Documents/Eclipse_Projecten_Nios/Keyboard_bsp/\libucosii_bsp.a(alt_exception_entry.o)
                0x0000000000000020                alt_exception
 *(.exceptions.entry.user)
 *(.exceptions.entry.ecc_fatal)
 *(.exceptions.entry)
 .exceptions.entry
                0x0000000000000020       0x54 C:/Users/daans/Documents/Eclipse_Projecten_Nios/Keyboard_bsp/\libucosii_bsp.a(alt_exception_entry.o)
 *(.exceptions.irqtest.user)
 *(.exceptions.irqtest)
 .exceptions.irqtest
                0x0000000000000074       0x10 C:/Users/daans/Documents/Eclipse_Projecten_Nios/Keyboard_bsp/\libucosii_bsp.a(alt_irq_entry.o)
 *(.exceptions.irqhandler.user)
 *(.exceptions.irqhandler)
 .exceptions.irqhandler
                0x0000000000000084        0x4 C:/Users/daans/Documents/Eclipse_Projecten_Nios/Keyboard_bsp/\libucosii_bsp.a(alt_irq_entry.o)
 *(.exceptions.irqreturn.user)
 *(.exceptions.irqreturn)
 .exceptions.irqreturn
                0x0000000000000088        0x4 C:/Users/daans/Documents/Eclipse_Projecten_Nios/Keyboard_bsp/\libucosii_bsp.a(alt_irq_entry.o)
 *(.exceptions.notirq.label)
 .exceptions.notirq.label
                0x000000000000008c        0x0 C:/Users/daans/Documents/Eclipse_Projecten_Nios/Keyboard_bsp/\libucosii_bsp.a(alt_irq_entry.o)
 *(.exceptions.notirq.user)
 *(.exceptions.notirq)
 .exceptions.notirq
                0x000000000000008c        0x8 C:/Users/daans/Documents/Eclipse_Projecten_Nios/Keyboard_bsp/\libucosii_bsp.a(alt_exception_entry.o)
 *(.exceptions.soft.user)
 *(.exceptions.soft)
 *(.exceptions.unknown.user)
 *(.exceptions.unknown)
 .exceptions.unknown
                0x0000000000000094       0x14 C:/Users/daans/Documents/Eclipse_Projecten_Nios/Keyboard_bsp/\libucosii_bsp.a(alt_exception_entry.o)
 *(.exceptions.exit.label)
 .exceptions.exit.label
                0x00000000000000a8        0x0 C:/Users/daans/Documents/Eclipse_Projecten_Nios/Keyboard_bsp/\libucosii_bsp.a(alt_irq_entry.o)
 .exceptions.exit.label
                0x00000000000000a8        0x0 C:/Users/daans/Documents/Eclipse_Projecten_Nios/Keyboard_bsp/\libucosii_bsp.a(alt_exception_entry.o)
 *(.exceptions.exit.user)
 *(.exceptions.exit)
 .exceptions.exit
                0x00000000000000a8       0x54 C:/Users/daans/Documents/Eclipse_Projecten_Nios/Keyboard_bsp/\libucosii_bsp.a(alt_exception_entry.o)
 *(.exceptions)
 .exceptions    0x00000000000000fc       0xd4 C:/Users/daans/Documents/Eclipse_Projecten_Nios/Keyboard_bsp/\libucosii_bsp.a(alt_irq_handler.o)
                0x00000000000000fc                alt_irq_handler
 .exceptions    0x00000000000001d0       0x74 C:/Users/daans/Documents/Eclipse_Projecten_Nios/Keyboard_bsp/\libucosii_bsp.a(alt_instruction_exception_entry.o)
                0x00000000000001d0                alt_instruction_exception_entry
                0x0000000000000244                PROVIDE (__ram_exceptions_end, ABSOLUTE (.))
                0x0000000000000020                PROVIDE (__flash_exceptions_start, LOADADDR (.exceptions))

.text           0x0000000000000244    0x193cc
                0x0000000000000244                PROVIDE (stext, ABSOLUTE (.))
 *(.interp)
 *(.hash)
 *(.dynsym)
 *(.dynstr)
 *(.gnu.version)
 *(.gnu.version_d)
 *(.gnu.version_r)
 *(.rel.init)
 *(.rela.init)
 *(.rel.text .rel.text.* .rel.gnu.linkonce.t.*)
 *(.rela.text .rela.text.* .rela.gnu.linkonce.t.*)
 *(.rel.fini)
 *(.rela.fini)
 *(.rel.rodata .rel.rodata.* .rel.gnu.linkonce.r.*)
 *(.rela.rodata .rela.rodata.* .rela.gnu.linkonce.r.*)
 *(.rel.data .rel.data.* .rel.gnu.linkonce.d.*)
 *(.rela.data .rela.data.* .rela.gnu.linkonce.d.*)
 *(.rel.tdata .rel.tdata.* .rel.gnu.linkonce.td.*)
 *(.rela.tdata .rela.tdata.* .rela.gnu.linkonce.td.*)
 *(.rel.tbss .rel.tbss.* .rel.gnu.linkonce.tb.*)
 *(.rela.tbss .rela.tbss.* .rela.gnu.linkonce.tb.*)
 *(.rel.ctors)
 *(.rela.ctors)
 *(.rel.dtors)
 *(.rela.dtors)
 *(.rel.got)
 *(.rela.got)
 *(.rel.sdata .rel.sdata.* .rel.gnu.linkonce.s.*)
 *(.rela.sdata .rela.sdata.* .rela.gnu.linkonce.s.*)
 *(.rel.sbss .rel.sbss.* .rel.gnu.linkonce.sb.*)
 *(.rela.sbss .rela.sbss.* .rela.gnu.linkonce.sb.*)
 *(.rel.sdata2 .rel.sdata2.* .rel.gnu.linkonce.s2.*)
 *(.rela.sdata2 .rela.sdata2.* .rela.gnu.linkonce.s2.*)
 *(.rel.sbss2 .rel.sbss2.* .rel.gnu.linkonce.sb2.*)
 *(.rela.sbss2 .rela.sbss2.* .rela.gnu.linkonce.sb2.*)
 *(.rel.bss .rel.bss.* .rel.gnu.linkonce.b.*)
 *(.rela.bss .rela.bss.* .rela.gnu.linkonce.b.*)
 *(.rel.plt)
 *(.rela.plt)
 *(.rel.dyn)
 *(.init)
 *(.plt)
 *(.text .stub .text.* .gnu.linkonce.t.*)
 .text          0x0000000000000244       0x3c C:/Users/daans/Documents/Eclipse_Projecten_Nios/Keyboard_bsp//obj/HAL/src/crt0.o
                0x0000000000000244                _start
 .text          0x0000000000000280      0x3e4 obj/default/hello_ucosii.o
                0x0000000000000280                task1
                0x0000000000000304                main
                0x0000000000000388                VGA_box
                0x000000000000043c                VGA_text
                0x00000000000004b8                PS2
                0x0000000000000500                print
                0x0000000000000544                getKey
 .text          0x0000000000000664        0x0 c:/altera_lite/15.1/nios2eds/bin/gnu/h-x86_64-mingw32/bin/../lib/gcc/nios2-elf/4.9.2/../../../../../H-x86_64-mingw32/nios2-elf/lib/mhw-mulx\libc.a(lib_a-printf.o)
 .text._printf_r
                0x0000000000000664       0x2c c:/altera_lite/15.1/nios2eds/bin/gnu/h-x86_64-mingw32/bin/../lib/gcc/nios2-elf/4.9.2/../../../../../H-x86_64-mingw32/nios2-elf/lib/mhw-mulx\libc.a(lib_a-printf.o)
                0x0000000000000664                _printf_r
 .text.printf   0x0000000000000690       0x3c c:/altera_lite/15.1/nios2eds/bin/gnu/h-x86_64-mingw32/bin/../lib/gcc/nios2-elf/4.9.2/../../../../../H-x86_64-mingw32/nios2-elf/lib/mhw-mulx\libc.a(lib_a-printf.o)
                0x0000000000000690                printf
 .text          0x00000000000006cc        0x0 c:/altera_lite/15.1/nios2eds/bin/gnu/h-x86_64-mingw32/bin/../lib/gcc/nios2-elf/4.9.2/../../../../../H-x86_64-mingw32/nios2-elf/lib/mhw-mulx\libc.a(lib_a-strcmp.o)
 .text.strcmp   0x00000000000006cc       0xa4 c:/altera_lite/15.1/nios2eds/bin/gnu/h-x86_64-mingw32/bin/../lib/gcc/nios2-elf/4.9.2/../../../../../H-x86_64-mingw32/nios2-elf/lib/mhw-mulx\libc.a(lib_a-strcmp.o)
                0x00000000000006cc                strcmp
 .text          0x0000000000000770        0x0 c:/altera_lite/15.1/nios2eds/bin/gnu/h-x86_64-mingw32/bin/../lib/gcc/nios2-elf/4.9.2/../../../../../H-x86_64-mingw32/nios2-elf/lib/mhw-mulx\libc.a(lib_a-strlen.o)
 .text.strlen   0x0000000000000770       0x98 c:/altera_lite/15.1/nios2eds/bin/gnu/h-x86_64-mingw32/bin/../lib/gcc/nios2-elf/4.9.2/../../../../../H-x86_64-mingw32/nios2-elf/lib/mhw-mulx\libc.a(lib_a-strlen.o)
                0x0000000000000770                strlen
 .text          0x0000000000000808        0x0 c:/altera_lite/15.1/nios2eds/bin/gnu/h-x86_64-mingw32/bin/../lib/gcc/nios2-elf/4.9.2/../../../../../H-x86_64-mingw32/nios2-elf/lib/mhw-mulx\libc.a(lib_a-vfprintf.o)
 .text.___vfprintf_internal_r
                0x0000000000000808     0x1f50 c:/altera_lite/15.1/nios2eds/bin/gnu/h-x86_64-mingw32/bin/../lib/gcc/nios2-elf/4.9.2/../../../../../H-x86_64-mingw32/nios2-elf/lib/mhw-mulx\libc.a(lib_a-vfprintf.o)
                0x0000000000000808                ___vfprintf_internal_r
 .text.__vfprintf_internal
                0x0000000000002758       0x24 c:/altera_lite/15.1/nios2eds/bin/gnu/h-x86_64-mingw32/bin/../lib/gcc/nios2-elf/4.9.2/../../../../../H-x86_64-mingw32/nios2-elf/lib/mhw-mulx\libc.a(lib_a-vfprintf.o)
                0x0000000000002758                __vfprintf_internal
 .text.__sbprintf
                0x000000000000277c       0xbc c:/altera_lite/15.1/nios2eds/bin/gnu/h-x86_64-mingw32/bin/../lib/gcc/nios2-elf/4.9.2/../../../../../H-x86_64-mingw32/nios2-elf/lib/mhw-mulx\libc.a(lib_a-vfprintf.o)
 .text          0x0000000000002838        0x0 c:/altera_lite/15.1/nios2eds/bin/gnu/h-x86_64-mingw32/bin/../lib/gcc/nios2-elf/4.9.2/../../../../../H-x86_64-mingw32/nios2-elf/lib/mhw-mulx\libc.a(lib_a-wsetup.o)
 .text.__swsetup_r
                0x0000000000002838      0x154 c:/altera_lite/15.1/nios2eds/bin/gnu/h-x86_64-mingw32/bin/../lib/gcc/nios2-elf/4.9.2/../../../../../H-x86_64-mingw32/nios2-elf/lib/mhw-mulx\libc.a(lib_a-wsetup.o)
                0x0000000000002838                __swsetup_r
 .text          0x000000000000298c        0x0 c:/altera_lite/15.1/nios2eds/bin/gnu/h-x86_64-mingw32/bin/../lib/gcc/nios2-elf/4.9.2/../../../../../H-x86_64-mingw32/nios2-elf/lib/mhw-mulx\libc.a(lib_a-dtoa.o)
 .text.quorem   0x000000000000298c      0x200 c:/altera_lite/15.1/nios2eds/bin/gnu/h-x86_64-mingw32/bin/../lib/gcc/nios2-elf/4.9.2/../../../../../H-x86_64-mingw32/nios2-elf/lib/mhw-mulx\libc.a(lib_a-dtoa.o)
 .text._dtoa_r  0x0000000000002b8c     0x1728 c:/altera_lite/15.1/nios2eds/bin/gnu/h-x86_64-mingw32/bin/../lib/gcc/nios2-elf/4.9.2/../../../../../H-x86_64-mingw32/nios2-elf/lib/mhw-mulx\libc.a(lib_a-dtoa.o)
                0x0000000000002b8c                _dtoa_r
 .text          0x00000000000042b4        0x0 c:/altera_lite/15.1/nios2eds/bin/gnu/h-x86_64-mingw32/bin/../lib/gcc/nios2-elf/4.9.2/../../../../../H-x86_64-mingw32/nios2-elf/lib/mhw-mulx\libc.a(lib_a-fflush.o)
 .text.__sflush_r
                0x00000000000042b4      0x208 c:/altera_lite/15.1/nios2eds/bin/gnu/h-x86_64-mingw32/bin/../lib/gcc/nios2-elf/4.9.2/../../../../../H-x86_64-mingw32/nios2-elf/lib/mhw-mulx\libc.a(lib_a-fflush.o)
                0x00000000000042b4                __sflush_r
 .text._fflush_r
                0x00000000000044bc       0x5c c:/altera_lite/15.1/nios2eds/bin/gnu/h-x86_64-mingw32/bin/../lib/gcc/nios2-elf/4.9.2/../../../../../H-x86_64-mingw32/nios2-elf/lib/mhw-mulx\libc.a(lib_a-fflush.o)
                0x00000000000044bc                _fflush_r
 .text.fflush   0x0000000000004518       0x30 c:/altera_lite/15.1/nios2eds/bin/gnu/h-x86_64-mingw32/bin/../lib/gcc/nios2-elf/4.9.2/../../../../../H-x86_64-mingw32/nios2-elf/lib/mhw-mulx\libc.a(lib_a-fflush.o)
                0x0000000000004518                fflush
 .text          0x0000000000004548        0x0 c:/altera_lite/15.1/nios2eds/bin/gnu/h-x86_64-mingw32/bin/../lib/gcc/nios2-elf/4.9.2/../../../../../H-x86_64-mingw32/nios2-elf/lib/mhw-mulx\libc.a(lib_a-findfp.o)
 .text.__fp_lock
                0x0000000000004548        0x8 c:/altera_lite/15.1/nios2eds/bin/gnu/h-x86_64-mingw32/bin/../lib/gcc/nios2-elf/4.9.2/../../../../../H-x86_64-mingw32/nios2-elf/lib/mhw-mulx\libc.a(lib_a-findfp.o)
 .text.__fp_unlock
                0x0000000000004550        0x8 c:/altera_lite/15.1/nios2eds/bin/gnu/h-x86_64-mingw32/bin/../lib/gcc/nios2-elf/4.9.2/../../../../../H-x86_64-mingw32/nios2-elf/lib/mhw-mulx\libc.a(lib_a-findfp.o)
 .text._cleanup_r
                0x0000000000004558        0xc c:/altera_lite/15.1/nios2eds/bin/gnu/h-x86_64-mingw32/bin/../lib/gcc/nios2-elf/4.9.2/../../../../../H-x86_64-mingw32/nios2-elf/lib/mhw-mulx\libc.a(lib_a-findfp.o)
                0x0000000000004558                _cleanup_r
 .text.__sinit.part.1
                0x0000000000004564      0x19c c:/altera_lite/15.1/nios2eds/bin/gnu/h-x86_64-mingw32/bin/../lib/gcc/nios2-elf/4.9.2/../../../../../H-x86_64-mingw32/nios2-elf/lib/mhw-mulx\libc.a(lib_a-findfp.o)
 .text.__sfmoreglue
                0x0000000000004700       0x68 c:/altera_lite/15.1/nios2eds/bin/gnu/h-x86_64-mingw32/bin/../lib/gcc/nios2-elf/4.9.2/../../../../../H-x86_64-mingw32/nios2-elf/lib/mhw-mulx\libc.a(lib_a-findfp.o)
                0x0000000000004700                __sfmoreglue
 .text.__sfp    0x0000000000004768      0x118 c:/altera_lite/15.1/nios2eds/bin/gnu/h-x86_64-mingw32/bin/../lib/gcc/nios2-elf/4.9.2/../../../../../H-x86_64-mingw32/nios2-elf/lib/mhw-mulx\libc.a(lib_a-findfp.o)
                0x0000000000004768                __sfp
 .text._cleanup
                0x0000000000004880       0x18 c:/altera_lite/15.1/nios2eds/bin/gnu/h-x86_64-mingw32/bin/../lib/gcc/nios2-elf/4.9.2/../../../../../H-x86_64-mingw32/nios2-elf/lib/mhw-mulx\libc.a(lib_a-findfp.o)
                0x0000000000004880                _cleanup
 .text.__sinit  0x0000000000004898       0x10 c:/altera_lite/15.1/nios2eds/bin/gnu/h-x86_64-mingw32/bin/../lib/gcc/nios2-elf/4.9.2/../../../../../H-x86_64-mingw32/nios2-elf/lib/mhw-mulx\libc.a(lib_a-findfp.o)
                0x0000000000004898                __sinit
 .text.__sfp_lock_acquire
                0x00000000000048a8        0x4 c:/altera_lite/15.1/nios2eds/bin/gnu/h-x86_64-mingw32/bin/../lib/gcc/nios2-elf/4.9.2/../../../../../H-x86_64-mingw32/nios2-elf/lib/mhw-mulx\libc.a(lib_a-findfp.o)
                0x00000000000048a8                __sfp_lock_acquire
 .text.__sfp_lock_release
                0x00000000000048ac        0x4 c:/altera_lite/15.1/nios2eds/bin/gnu/h-x86_64-mingw32/bin/../lib/gcc/nios2-elf/4.9.2/../../../../../H-x86_64-mingw32/nios2-elf/lib/mhw-mulx\libc.a(lib_a-findfp.o)
                0x00000000000048ac                __sfp_lock_release
 .text.__sinit_lock_acquire
                0x00000000000048b0        0x4 c:/altera_lite/15.1/nios2eds/bin/gnu/h-x86_64-mingw32/bin/../lib/gcc/nios2-elf/4.9.2/../../../../../H-x86_64-mingw32/nios2-elf/lib/mhw-mulx\libc.a(lib_a-findfp.o)
                0x00000000000048b0                __sinit_lock_acquire
 .text.__sinit_lock_release
                0x00000000000048b4        0x4 c:/altera_lite/15.1/nios2eds/bin/gnu/h-x86_64-mingw32/bin/../lib/gcc/nios2-elf/4.9.2/../../../../../H-x86_64-mingw32/nios2-elf/lib/mhw-mulx\libc.a(lib_a-findfp.o)
                0x00000000000048b4                __sinit_lock_release
 .text.__fp_lock_all
                0x00000000000048b8       0x18 c:/altera_lite/15.1/nios2eds/bin/gnu/h-x86_64-mingw32/bin/../lib/gcc/nios2-elf/4.9.2/../../../../../H-x86_64-mingw32/nios2-elf/lib/mhw-mulx\libc.a(lib_a-findfp.o)
                0x00000000000048b8                __fp_lock_all
 .text.__fp_unlock_all
                0x00000000000048d0       0x18 c:/altera_lite/15.1/nios2eds/bin/gnu/h-x86_64-mingw32/bin/../lib/gcc/nios2-elf/4.9.2/../../../../../H-x86_64-mingw32/nios2-elf/lib/mhw-mulx\libc.a(lib_a-findfp.o)
                0x00000000000048d0                __fp_unlock_all
 .text          0x00000000000048e8        0x0 c:/altera_lite/15.1/nios2eds/bin/gnu/h-x86_64-mingw32/bin/../lib/gcc/nios2-elf/4.9.2/../../../../../H-x86_64-mingw32/nios2-elf/lib/mhw-mulx\libc.a(lib_a-freer.o)
 .text._malloc_trim_r
                0x00000000000048e8      0x124 c:/altera_lite/15.1/nios2eds/bin/gnu/h-x86_64-mingw32/bin/../lib/gcc/nios2-elf/4.9.2/../../../../../H-x86_64-mingw32/nios2-elf/lib/mhw-mulx\libc.a(lib_a-freer.o)
                0x00000000000048e8                _malloc_trim_r
 .text._free_r  0x0000000000004a0c      0x2f0 c:/altera_lite/15.1/nios2eds/bin/gnu/h-x86_64-mingw32/bin/../lib/gcc/nios2-elf/4.9.2/../../../../../H-x86_64-mingw32/nios2-elf/lib/mhw-mulx\libc.a(lib_a-freer.o)
                0x0000000000004a0c                _free_r
 .text          0x0000000000004cfc        0x0 c:/altera_lite/15.1/nios2eds/bin/gnu/h-x86_64-mingw32/bin/../lib/gcc/nios2-elf/4.9.2/../../../../../H-x86_64-mingw32/nios2-elf/lib/mhw-mulx\libc.a(lib_a-fwalk.o)
 .text._fwalk   0x0000000000004cfc       0xc4 c:/altera_lite/15.1/nios2eds/bin/gnu/h-x86_64-mingw32/bin/../lib/gcc/nios2-elf/4.9.2/../../../../../H-x86_64-mingw32/nios2-elf/lib/mhw-mulx\libc.a(lib_a-fwalk.o)
                0x0000000000004cfc                _fwalk
 .text._fwalk_reent
                0x0000000000004dc0       0xc4 c:/altera_lite/15.1/nios2eds/bin/gnu/h-x86_64-mingw32/bin/../lib/gcc/nios2-elf/4.9.2/../../../../../H-x86_64-mingw32/nios2-elf/lib/mhw-mulx\libc.a(lib_a-fwalk.o)
                0x0000000000004dc0                _fwalk_reent
 .text          0x0000000000004e84        0x0 c:/altera_lite/15.1/nios2eds/bin/gnu/h-x86_64-mingw32/bin/../lib/gcc/nios2-elf/4.9.2/../../../../../H-x86_64-mingw32/nios2-elf/lib/mhw-mulx\libc.a(lib_a-impure.o)
 .text          0x0000000000004e84        0x0 c:/altera_lite/15.1/nios2eds/bin/gnu/h-x86_64-mingw32/bin/../lib/gcc/nios2-elf/4.9.2/../../../../../H-x86_64-mingw32/nios2-elf/lib/mhw-mulx\libc.a(lib_a-locale.o)
 .text._setlocale_r
                0x0000000000004e84       0x7c c:/altera_lite/15.1/nios2eds/bin/gnu/h-x86_64-mingw32/bin/../lib/gcc/nios2-elf/4.9.2/../../../../../H-x86_64-mingw32/nios2-elf/lib/mhw-mulx\libc.a(lib_a-locale.o)
                0x0000000000004e84                _setlocale_r
 .text.__locale_charset
                0x0000000000004f00        0xc c:/altera_lite/15.1/nios2eds/bin/gnu/h-x86_64-mingw32/bin/../lib/gcc/nios2-elf/4.9.2/../../../../../H-x86_64-mingw32/nios2-elf/lib/mhw-mulx\libc.a(lib_a-locale.o)
                0x0000000000004f00                __locale_charset
 .text.__locale_mb_cur_max
                0x0000000000004f0c       0x10 c:/altera_lite/15.1/nios2eds/bin/gnu/h-x86_64-mingw32/bin/../lib/gcc/nios2-elf/4.9.2/../../../../../H-x86_64-mingw32/nios2-elf/lib/mhw-mulx\libc.a(lib_a-locale.o)
                0x0000000000004f0c                __locale_mb_cur_max
 .text.__locale_msgcharset
                0x0000000000004f1c        0xc c:/altera_lite/15.1/nios2eds/bin/gnu/h-x86_64-mingw32/bin/../lib/gcc/nios2-elf/4.9.2/../../../../../H-x86_64-mingw32/nios2-elf/lib/mhw-mulx\libc.a(lib_a-locale.o)
                0x0000000000004f1c                __locale_msgcharset
 .text.__locale_cjk_lang
                0x0000000000004f28        0x8 c:/altera_lite/15.1/nios2eds/bin/gnu/h-x86_64-mingw32/bin/../lib/gcc/nios2-elf/4.9.2/../../../../../H-x86_64-mingw32/nios2-elf/lib/mhw-mulx\libc.a(lib_a-locale.o)
                0x0000000000004f28                __locale_cjk_lang
 .text._localeconv_r
                0x0000000000004f30        0xc c:/altera_lite/15.1/nios2eds/bin/gnu/h-x86_64-mingw32/bin/../lib/gcc/nios2-elf/4.9.2/../../../../../H-x86_64-mingw32/nios2-elf/lib/mhw-mulx\libc.a(lib_a-locale.o)
                0x0000000000004f30                _localeconv_r
 .text.setlocale
                0x0000000000004f3c       0x1c c:/altera_lite/15.1/nios2eds/bin/gnu/h-x86_64-mingw32/bin/../lib/gcc/nios2-elf/4.9.2/../../../../../H-x86_64-mingw32/nios2-elf/lib/mhw-mulx\libc.a(lib_a-locale.o)
                0x0000000000004f3c                setlocale
 .text.localeconv
                0x0000000000004f58        0xc c:/altera_lite/15.1/nios2eds/bin/gnu/h-x86_64-mingw32/bin/../lib/gcc/nios2-elf/4.9.2/../../../../../H-x86_64-mingw32/nios2-elf/lib/mhw-mulx\libc.a(lib_a-locale.o)
                0x0000000000004f58                localeconv
 .text          0x0000000000004f64        0x0 c:/altera_lite/15.1/nios2eds/bin/gnu/h-x86_64-mingw32/bin/../lib/gcc/nios2-elf/4.9.2/../../../../../H-x86_64-mingw32/nios2-elf/lib/mhw-mulx\libc.a(lib_a-makebuf.o)
 .text.__smakebuf_r
                0x0000000000004f64      0x1b8 c:/altera_lite/15.1/nios2eds/bin/gnu/h-x86_64-mingw32/bin/../lib/gcc/nios2-elf/4.9.2/../../../../../H-x86_64-mingw32/nios2-elf/lib/mhw-mulx\libc.a(lib_a-makebuf.o)
                0x0000000000004f64                __smakebuf_r
 .text          0x000000000000511c        0x0 c:/altera_lite/15.1/nios2eds/bin/gnu/h-x86_64-mingw32/bin/../lib/gcc/nios2-elf/4.9.2/../../../../../H-x86_64-mingw32/nios2-elf/lib/mhw-mulx\libc.a(lib_a-mallocr.o)
 .text._malloc_r
                0x000000000000511c      0x7a8 c:/altera_lite/15.1/nios2eds/bin/gnu/h-x86_64-mingw32/bin/../lib/gcc/nios2-elf/4.9.2/../../../../../H-x86_64-mingw32/nios2-elf/lib/mhw-mulx\libc.a(lib_a-mallocr.o)
                0x000000000000511c                _malloc_r
 .text          0x00000000000058c4        0x0 c:/altera_lite/15.1/nios2eds/bin/gnu/h-x86_64-mingw32/bin/../lib/gcc/nios2-elf/4.9.2/../../../../../H-x86_64-mingw32/nios2-elf/lib/mhw-mulx\libc.a(lib_a-memchr.o)
 .text.memchr   0x00000000000058c4       0xe8 c:/altera_lite/15.1/nios2eds/bin/gnu/h-x86_64-mingw32/bin/../lib/gcc/nios2-elf/4.9.2/../../../../../H-x86_64-mingw32/nios2-elf/lib/mhw-mulx\libc.a(lib_a-memchr.o)
                0x00000000000058c4                memchr
 .text          0x00000000000059ac        0x0 c:/altera_lite/15.1/nios2eds/bin/gnu/h-x86_64-mingw32/bin/../lib/gcc/nios2-elf/4.9.2/../../../../../H-x86_64-mingw32/nios2-elf/lib/mhw-mulx\libc.a(lib_a-memcpy.o)
 .text.memcpy   0x00000000000059ac      0x138 c:/altera_lite/15.1/nios2eds/bin/gnu/h-x86_64-mingw32/bin/../lib/gcc/nios2-elf/4.9.2/../../../../../H-x86_64-mingw32/nios2-elf/lib/mhw-mulx\libc.a(lib_a-memcpy.o)
                0x00000000000059ac                memcpy
 .text          0x0000000000005ae4        0x0 c:/altera_lite/15.1/nios2eds/bin/gnu/h-x86_64-mingw32/bin/../lib/gcc/nios2-elf/4.9.2/../../../../../H-x86_64-mingw32/nios2-elf/lib/mhw-mulx\libc.a(lib_a-memset.o)
 .text.memset   0x0000000000005ae4      0x124 c:/altera_lite/15.1/nios2eds/bin/gnu/h-x86_64-mingw32/bin/../lib/gcc/nios2-elf/4.9.2/../../../../../H-x86_64-mingw32/nios2-elf/lib/mhw-mulx\libc.a(lib_a-memset.o)
                0x0000000000005ae4                memset
 .text          0x0000000000005c08        0x0 c:/altera_lite/15.1/nios2eds/bin/gnu/h-x86_64-mingw32/bin/../lib/gcc/nios2-elf/4.9.2/../../../../../H-x86_64-mingw32/nios2-elf/lib/mhw-mulx\libc.a(lib_a-mprec.o)
 .text._Balloc  0x0000000000005c08       0xa8 c:/altera_lite/15.1/nios2eds/bin/gnu/h-x86_64-mingw32/bin/../lib/gcc/nios2-elf/4.9.2/../../../../../H-x86_64-mingw32/nios2-elf/lib/mhw-mulx\libc.a(lib_a-mprec.o)
                0x0000000000005c08                _Balloc
 .text._Bfree   0x0000000000005cb0       0x28 c:/altera_lite/15.1/nios2eds/bin/gnu/h-x86_64-mingw32/bin/../lib/gcc/nios2-elf/4.9.2/../../../../../H-x86_64-mingw32/nios2-elf/lib/mhw-mulx\libc.a(lib_a-mprec.o)
                0x0000000000005cb0                _Bfree
 .text.__multadd
                0x0000000000005cd8      0x120 c:/altera_lite/15.1/nios2eds/bin/gnu/h-x86_64-mingw32/bin/../lib/gcc/nios2-elf/4.9.2/../../../../../H-x86_64-mingw32/nios2-elf/lib/mhw-mulx\libc.a(lib_a-mprec.o)
                0x0000000000005cd8                __multadd
 .text.__s2b    0x0000000000005df8      0x104 c:/altera_lite/15.1/nios2eds/bin/gnu/h-x86_64-mingw32/bin/../lib/gcc/nios2-elf/4.9.2/../../../../../H-x86_64-mingw32/nios2-elf/lib/mhw-mulx\libc.a(lib_a-mprec.o)
                0x0000000000005df8                __s2b
 .text.__hi0bits
                0x0000000000005efc       0x68 c:/altera_lite/15.1/nios2eds/bin/gnu/h-x86_64-mingw32/bin/../lib/gcc/nios2-elf/4.9.2/../../../../../H-x86_64-mingw32/nios2-elf/lib/mhw-mulx\libc.a(lib_a-mprec.o)
                0x0000000000005efc                __hi0bits
 .text.__lo0bits
                0x0000000000005f64       0xb0 c:/altera_lite/15.1/nios2eds/bin/gnu/h-x86_64-mingw32/bin/../lib/gcc/nios2-elf/4.9.2/../../../../../H-x86_64-mingw32/nios2-elf/lib/mhw-mulx\libc.a(lib_a-mprec.o)
                0x0000000000005f64                __lo0bits
 .text.__i2b    0x0000000000006014       0x3c c:/altera_lite/15.1/nios2eds/bin/gnu/h-x86_64-mingw32/bin/../lib/gcc/nios2-elf/4.9.2/../../../../../H-x86_64-mingw32/nios2-elf/lib/mhw-mulx\libc.a(lib_a-mprec.o)
                0x0000000000006014                __i2b
 .text.__multiply
                0x0000000000006050      0x1fc c:/altera_lite/15.1/nios2eds/bin/gnu/h-x86_64-mingw32/bin/../lib/gcc/nios2-elf/4.9.2/../../../../../H-x86_64-mingw32/nios2-elf/lib/mhw-mulx\libc.a(lib_a-mprec.o)
                0x0000000000006050                __multiply
 .text.__pow5mult
                0x000000000000624c      0x140 c:/altera_lite/15.1/nios2eds/bin/gnu/h-x86_64-mingw32/bin/../lib/gcc/nios2-elf/4.9.2/../../../../../H-x86_64-mingw32/nios2-elf/lib/mhw-mulx\libc.a(lib_a-mprec.o)
                0x000000000000624c                __pow5mult
 .text.__lshift
                0x000000000000638c      0x150 c:/altera_lite/15.1/nios2eds/bin/gnu/h-x86_64-mingw32/bin/../lib/gcc/nios2-elf/4.9.2/../../../../../H-x86_64-mingw32/nios2-elf/lib/mhw-mulx\libc.a(lib_a-mprec.o)
                0x000000000000638c                __lshift
 .text.__mcmp   0x00000000000064dc       0x60 c:/altera_lite/15.1/nios2eds/bin/gnu/h-x86_64-mingw32/bin/../lib/gcc/nios2-elf/4.9.2/../../../../../H-x86_64-mingw32/nios2-elf/lib/mhw-mulx\libc.a(lib_a-mprec.o)
                0x00000000000064dc                __mcmp
 .text.__mdiff  0x000000000000653c      0x198 c:/altera_lite/15.1/nios2eds/bin/gnu/h-x86_64-mingw32/bin/../lib/gcc/nios2-elf/4.9.2/../../../../../H-x86_64-mingw32/nios2-elf/lib/mhw-mulx\libc.a(lib_a-mprec.o)
                0x000000000000653c                __mdiff
 .text.__ulp    0x00000000000066d4       0x60 c:/altera_lite/15.1/nios2eds/bin/gnu/h-x86_64-mingw32/bin/../lib/gcc/nios2-elf/4.9.2/../../../../../H-x86_64-mingw32/nios2-elf/lib/mhw-mulx\libc.a(lib_a-mprec.o)
                0x00000000000066d4                __ulp
 .text.__b2d    0x0000000000006734      0x11c c:/altera_lite/15.1/nios2eds/bin/gnu/h-x86_64-mingw32/bin/../lib/gcc/nios2-elf/4.9.2/../../../../../H-x86_64-mingw32/nios2-elf/lib/mhw-mulx\libc.a(lib_a-mprec.o)
                0x0000000000006734                __b2d
 .text.__d2b    0x0000000000006850      0x13c c:/altera_lite/15.1/nios2eds/bin/gnu/h-x86_64-mingw32/bin/../lib/gcc/nios2-elf/4.9.2/../../../../../H-x86_64-mingw32/nios2-elf/lib/mhw-mulx\libc.a(lib_a-mprec.o)
                0x0000000000006850                __d2b
 .text.__ratio  0x000000000000698c       0xa4 c:/altera_lite/15.1/nios2eds/bin/gnu/h-x86_64-mingw32/bin/../lib/gcc/nios2-elf/4.9.2/../../../../../H-x86_64-mingw32/nios2-elf/lib/mhw-mulx\libc.a(lib_a-mprec.o)
                0x000000000000698c                __ratio
 .text._mprec_log10
                0x0000000000006a30       0x74 c:/altera_lite/15.1/nios2eds/bin/gnu/h-x86_64-mingw32/bin/../lib/gcc/nios2-elf/4.9.2/../../../../../H-x86_64-mingw32/nios2-elf/lib/mhw-mulx\libc.a(lib_a-mprec.o)
                0x0000000000006a30                _mprec_log10
 .text.__copybits
                0x0000000000006aa4       0x78 c:/altera_lite/15.1/nios2eds/bin/gnu/h-x86_64-mingw32/bin/../lib/gcc/nios2-elf/4.9.2/../../../../../H-x86_64-mingw32/nios2-elf/lib/mhw-mulx\libc.a(lib_a-mprec.o)
                0x0000000000006aa4                __copybits
 .text.__any_on
                0x0000000000006b1c       0x8c c:/altera_lite/15.1/nios2eds/bin/gnu/h-x86_64-mingw32/bin/../lib/gcc/nios2-elf/4.9.2/../../../../../H-x86_64-mingw32/nios2-elf/lib/mhw-mulx\libc.a(lib_a-mprec.o)
                0x0000000000006b1c                __any_on
 .text          0x0000000000006ba8        0x0 c:/altera_lite/15.1/nios2eds/bin/gnu/h-x86_64-mingw32/bin/../lib/gcc/nios2-elf/4.9.2/../../../../../H-x86_64-mingw32/nios2-elf/lib/mhw-mulx\libc.a(lib_a-s_fpclassify.o)
 .text.__fpclassifyd
                0x0000000000006ba8       0x74 c:/altera_lite/15.1/nios2eds/bin/gnu/h-x86_64-mingw32/bin/../lib/gcc/nios2-elf/4.9.2/../../../../../H-x86_64-mingw32/nios2-elf/lib/mhw-mulx\libc.a(lib_a-s_fpclassify.o)
                0x0000000000006ba8                __fpclassifyd
 .text          0x0000000000006c1c        0x0 c:/altera_lite/15.1/nios2eds/bin/gnu/h-x86_64-mingw32/bin/../lib/gcc/nios2-elf/4.9.2/../../../../../H-x86_64-mingw32/nios2-elf/lib/mhw-mulx\libc.a(lib_a-sbrkr.o)
 .text._sbrk_r  0x0000000000006c1c       0x54 c:/altera_lite/15.1/nios2eds/bin/gnu/h-x86_64-mingw32/bin/../lib/gcc/nios2-elf/4.9.2/../../../../../H-x86_64-mingw32/nios2-elf/lib/mhw-mulx\libc.a(lib_a-sbrkr.o)
                0x0000000000006c1c                _sbrk_r
 .text          0x0000000000006c70        0x0 c:/altera_lite/15.1/nios2eds/bin/gnu/h-x86_64-mingw32/bin/../lib/gcc/nios2-elf/4.9.2/../../../../../H-x86_64-mingw32/nios2-elf/lib/mhw-mulx\libc.a(lib_a-stdio.o)
 .text.__sread  0x0000000000006c70       0x54 c:/altera_lite/15.1/nios2eds/bin/gnu/h-x86_64-mingw32/bin/../lib/gcc/nios2-elf/4.9.2/../../../../../H-x86_64-mingw32/nios2-elf/lib/mhw-mulx\libc.a(lib_a-stdio.o)
                0x0000000000006c70                __sread
 .text.__seofread
                0x0000000000006cc4        0x8 c:/altera_lite/15.1/nios2eds/bin/gnu/h-x86_64-mingw32/bin/../lib/gcc/nios2-elf/4.9.2/../../../../../H-x86_64-mingw32/nios2-elf/lib/mhw-mulx\libc.a(lib_a-stdio.o)
                0x0000000000006cc4                __seofread
 .text.__swrite
                0x0000000000006ccc       0x7c c:/altera_lite/15.1/nios2eds/bin/gnu/h-x86_64-mingw32/bin/../lib/gcc/nios2-elf/4.9.2/../../../../../H-x86_64-mingw32/nios2-elf/lib/mhw-mulx\libc.a(lib_a-stdio.o)
                0x0000000000006ccc                __swrite
 .text.__sseek  0x0000000000006d48       0x5c c:/altera_lite/15.1/nios2eds/bin/gnu/h-x86_64-mingw32/bin/../lib/gcc/nios2-elf/4.9.2/../../../../../H-x86_64-mingw32/nios2-elf/lib/mhw-mulx\libc.a(lib_a-stdio.o)
                0x0000000000006d48                __sseek
 .text.__sclose
                0x0000000000006da4        0x8 c:/altera_lite/15.1/nios2eds/bin/gnu/h-x86_64-mingw32/bin/../lib/gcc/nios2-elf/4.9.2/../../../../../H-x86_64-mingw32/nios2-elf/lib/mhw-mulx\libc.a(lib_a-stdio.o)
                0x0000000000006da4                __sclose
 .text          0x0000000000006dac        0x0 c:/altera_lite/15.1/nios2eds/bin/gnu/h-x86_64-mingw32/bin/../lib/gcc/nios2-elf/4.9.2/../../../../../H-x86_64-mingw32/nios2-elf/lib/mhw-mulx\libc.a(lib_a-vfiprintf.o)
 .text.__sprint_r.part.0
                0x0000000000006dac       0xfc c:/altera_lite/15.1/nios2eds/bin/gnu/h-x86_64-mingw32/bin/../lib/gcc/nios2-elf/4.9.2/../../../../../H-x86_64-mingw32/nios2-elf/lib/mhw-mulx\libc.a(lib_a-vfiprintf.o)
 .text.__sprint_r
                0x0000000000006ea8       0x18 c:/altera_lite/15.1/nios2eds/bin/gnu/h-x86_64-mingw32/bin/../lib/gcc/nios2-elf/4.9.2/../../../../../H-x86_64-mingw32/nios2-elf/lib/mhw-mulx\libc.a(lib_a-vfiprintf.o)
                0x0000000000006ea8                __sprint_r
 .text.___vfiprintf_internal_r
                0x0000000000006ec0     0x12d0 c:/altera_lite/15.1/nios2eds/bin/gnu/h-x86_64-mingw32/bin/../lib/gcc/nios2-elf/4.9.2/../../../../../H-x86_64-mingw32/nios2-elf/lib/mhw-mulx\libc.a(lib_a-vfiprintf.o)
                0x0000000000006ec0                ___vfiprintf_internal_r
 .text.__vfiprintf_internal
                0x0000000000008190       0x24 c:/altera_lite/15.1/nios2eds/bin/gnu/h-x86_64-mingw32/bin/../lib/gcc/nios2-elf/4.9.2/../../../../../H-x86_64-mingw32/nios2-elf/lib/mhw-mulx\libc.a(lib_a-vfiprintf.o)
                0x0000000000008190                __vfiprintf_internal
 .text.__sbprintf
                0x00000000000081b4       0xbc c:/altera_lite/15.1/nios2eds/bin/gnu/h-x86_64-mingw32/bin/../lib/gcc/nios2-elf/4.9.2/../../../../../H-x86_64-mingw32/nios2-elf/lib/mhw-mulx\libc.a(lib_a-vfiprintf.o)
 .text          0x0000000000008270        0x0 c:/altera_lite/15.1/nios2eds/bin/gnu/h-x86_64-mingw32/bin/../lib/gcc/nios2-elf/4.9.2/../../../../../H-x86_64-mingw32/nios2-elf/lib/mhw-mulx\libc.a(lib_a-writer.o)
 .text._write_r
                0x0000000000008270       0x5c c:/altera_lite/15.1/nios2eds/bin/gnu/h-x86_64-mingw32/bin/../lib/gcc/nios2-elf/4.9.2/../../../../../H-x86_64-mingw32/nios2-elf/lib/mhw-mulx\libc.a(lib_a-writer.o)
                0x0000000000008270                _write_r
 .text          0x00000000000082cc        0x0 c:/altera_lite/15.1/nios2eds/bin/gnu/h-x86_64-mingw32/bin/../lib/gcc/nios2-elf/4.9.2/../../../../../H-x86_64-mingw32/nios2-elf/lib/mhw-mulx\libc.a(closer.o)
 .text._close_r
                0x00000000000082cc       0x54 c:/altera_lite/15.1/nios2eds/bin/gnu/h-x86_64-mingw32/bin/../lib/gcc/nios2-elf/4.9.2/../../../../../H-x86_64-mingw32/nios2-elf/lib/mhw-mulx\libc.a(closer.o)
                0x00000000000082cc                _close_r
 .text          0x0000000000008320        0x0 c:/altera_lite/15.1/nios2eds/bin/gnu/h-x86_64-mingw32/bin/../lib/gcc/nios2-elf/4.9.2/../../../../../H-x86_64-mingw32/nios2-elf/lib/mhw-mulx\libc.a(lib_a-callocr.o)
 .text._calloc_r
                0x0000000000008320       0xc4 c:/altera_lite/15.1/nios2eds/bin/gnu/h-x86_64-mingw32/bin/../lib/gcc/nios2-elf/4.9.2/../../../../../H-x86_64-mingw32/nios2-elf/lib/mhw-mulx\libc.a(lib_a-callocr.o)
                0x0000000000008320                _calloc_r
 .text          0x00000000000083e4        0x0 c:/altera_lite/15.1/nios2eds/bin/gnu/h-x86_64-mingw32/bin/../lib/gcc/nios2-elf/4.9.2/../../../../../H-x86_64-mingw32/nios2-elf/lib/mhw-mulx\libc.a(lib_a-fclose.o)
 .text._fclose_r
                0x00000000000083e4       0xf0 c:/altera_lite/15.1/nios2eds/bin/gnu/h-x86_64-mingw32/bin/../lib/gcc/nios2-elf/4.9.2/../../../../../H-x86_64-mingw32/nios2-elf/lib/mhw-mulx\libc.a(lib_a-fclose.o)
                0x00000000000083e4                _fclose_r
 .text.fclose   0x00000000000084d4       0x14 c:/altera_lite/15.1/nios2eds/bin/gnu/h-x86_64-mingw32/bin/../lib/gcc/nios2-elf/4.9.2/../../../../../H-x86_64-mingw32/nios2-elf/lib/mhw-mulx\libc.a(lib_a-fclose.o)
                0x00000000000084d4                fclose
 .text          0x00000000000084e8        0x0 c:/altera_lite/15.1/nios2eds/bin/gnu/h-x86_64-mingw32/bin/../lib/gcc/nios2-elf/4.9.2/../../../../../H-x86_64-mingw32/nios2-elf/lib/mhw-mulx\libc.a(lib_a-fputwc.o)
 .text._fputwc_r
                0x00000000000084e8      0x184 c:/altera_lite/15.1/nios2eds/bin/gnu/h-x86_64-mingw32/bin/../lib/gcc/nios2-elf/4.9.2/../../../../../H-x86_64-mingw32/nios2-elf/lib/mhw-mulx\libc.a(lib_a-fputwc.o)
                0x00000000000084e8                _fputwc_r
 .text.fputwc   0x000000000000866c       0x5c c:/altera_lite/15.1/nios2eds/bin/gnu/h-x86_64-mingw32/bin/../lib/gcc/nios2-elf/4.9.2/../../../../../H-x86_64-mingw32/nios2-elf/lib/mhw-mulx\libc.a(lib_a-fputwc.o)
                0x000000000000866c                fputwc
 .text          0x00000000000086c8        0x0 c:/altera_lite/15.1/nios2eds/bin/gnu/h-x86_64-mingw32/bin/../lib/gcc/nios2-elf/4.9.2/../../../../../H-x86_64-mingw32/nios2-elf/lib/mhw-mulx\libc.a(lib_a-fstatr.o)
 .text._fstat_r
                0x00000000000086c8       0x58 c:/altera_lite/15.1/nios2eds/bin/gnu/h-x86_64-mingw32/bin/../lib/gcc/nios2-elf/4.9.2/../../../../../H-x86_64-mingw32/nios2-elf/lib/mhw-mulx\libc.a(lib_a-fstatr.o)
                0x00000000000086c8                _fstat_r
 .text          0x0000000000008720        0x0 c:/altera_lite/15.1/nios2eds/bin/gnu/h-x86_64-mingw32/bin/../lib/gcc/nios2-elf/4.9.2/../../../../../H-x86_64-mingw32/nios2-elf/lib/mhw-mulx\libc.a(lib_a-fvwrite.o)
 .text.__sfvwrite_r
                0x0000000000008720      0x4c0 c:/altera_lite/15.1/nios2eds/bin/gnu/h-x86_64-mingw32/bin/../lib/gcc/nios2-elf/4.9.2/../../../../../H-x86_64-mingw32/nios2-elf/lib/mhw-mulx\libc.a(lib_a-fvwrite.o)
                0x0000000000008720                __sfvwrite_r
 .text          0x0000000000008be0        0x0 c:/altera_lite/15.1/nios2eds/bin/gnu/h-x86_64-mingw32/bin/../lib/gcc/nios2-elf/4.9.2/../../../../../H-x86_64-mingw32/nios2-elf/lib/mhw-mulx\libc.a(lib_a-int_errno.o)
 .text          0x0000000000008be0        0x0 c:/altera_lite/15.1/nios2eds/bin/gnu/h-x86_64-mingw32/bin/../lib/gcc/nios2-elf/4.9.2/../../../../../H-x86_64-mingw32/nios2-elf/lib/mhw-mulx\libc.a(lib_a-isattyr.o)
 .text._isatty_r
                0x0000000000008be0       0x54 c:/altera_lite/15.1/nios2eds/bin/gnu/h-x86_64-mingw32/bin/../lib/gcc/nios2-elf/4.9.2/../../../../../H-x86_64-mingw32/nios2-elf/lib/mhw-mulx\libc.a(lib_a-isattyr.o)
                0x0000000000008be0                _isatty_r
 .text          0x0000000000008c34        0x0 c:/altera_lite/15.1/nios2eds/bin/gnu/h-x86_64-mingw32/bin/../lib/gcc/nios2-elf/4.9.2/../../../../../H-x86_64-mingw32/nios2-elf/lib/mhw-mulx\libc.a(lib_a-lseekr.o)
 .text._lseek_r
                0x0000000000008c34       0x5c c:/altera_lite/15.1/nios2eds/bin/gnu/h-x86_64-mingw32/bin/../lib/gcc/nios2-elf/4.9.2/../../../../../H-x86_64-mingw32/nios2-elf/lib/mhw-mulx\libc.a(lib_a-lseekr.o)
                0x0000000000008c34                _lseek_r
 .text          0x0000000000008c90        0x0 c:/altera_lite/15.1/nios2eds/bin/gnu/h-x86_64-mingw32/bin/../lib/gcc/nios2-elf/4.9.2/../../../../../H-x86_64-mingw32/nios2-elf/lib/mhw-mulx\libc.a(lib_a-memmove.o)
 .text.memmove  0x0000000000008c90      0x15c c:/altera_lite/15.1/nios2eds/bin/gnu/h-x86_64-mingw32/bin/../lib/gcc/nios2-elf/4.9.2/../../../../../H-x86_64-mingw32/nios2-elf/lib/mhw-mulx\libc.a(lib_a-memmove.o)
                0x0000000000008c90                memmove
 .text          0x0000000000008dec        0x0 c:/altera_lite/15.1/nios2eds/bin/gnu/h-x86_64-mingw32/bin/../lib/gcc/nios2-elf/4.9.2/../../../../../H-x86_64-mingw32/nios2-elf/lib/mhw-mulx\libc.a(lib_a-readr.o)
 .text._read_r  0x0000000000008dec       0x5c c:/altera_lite/15.1/nios2eds/bin/gnu/h-x86_64-mingw32/bin/../lib/gcc/nios2-elf/4.9.2/../../../../../H-x86_64-mingw32/nios2-elf/lib/mhw-mulx\libc.a(lib_a-readr.o)
                0x0000000000008dec                _read_r
 .text          0x0000000000008e48        0x0 c:/altera_lite/15.1/nios2eds/bin/gnu/h-x86_64-mingw32/bin/../lib/gcc/nios2-elf/4.9.2/../../../../../H-x86_64-mingw32/nios2-elf/lib/mhw-mulx\libc.a(lib_a-reallocr.o)
 .text._realloc_r
                0x0000000000008e48      0x568 c:/altera_lite/15.1/nios2eds/bin/gnu/h-x86_64-mingw32/bin/../lib/gcc/nios2-elf/4.9.2/../../../../../H-x86_64-mingw32/nios2-elf/lib/mhw-mulx\libc.a(lib_a-reallocr.o)
                0x0000000000008e48                _realloc_r
 .text          0x00000000000093b0        0x0 c:/altera_lite/15.1/nios2eds/bin/gnu/h-x86_64-mingw32/bin/../lib/gcc/nios2-elf/4.9.2/../../../../../H-x86_64-mingw32/nios2-elf/lib/mhw-mulx\libc.a(lib_a-wbuf.o)
 .text.__swbuf_r
                0x00000000000093b0      0x138 c:/altera_lite/15.1/nios2eds/bin/gnu/h-x86_64-mingw32/bin/../lib/gcc/nios2-elf/4.9.2/../../../../../H-x86_64-mingw32/nios2-elf/lib/mhw-mulx\libc.a(lib_a-wbuf.o)
                0x00000000000093b0                __swbuf_r
 .text.__swbuf  0x00000000000094e8       0x1c c:/altera_lite/15.1/nios2eds/bin/gnu/h-x86_64-mingw32/bin/../lib/gcc/nios2-elf/4.9.2/../../../../../H-x86_64-mingw32/nios2-elf/lib/mhw-mulx\libc.a(lib_a-wbuf.o)
                0x00000000000094e8                __swbuf
 .text          0x0000000000009504        0x0 c:/altera_lite/15.1/nios2eds/bin/gnu/h-x86_64-mingw32/bin/../lib/gcc/nios2-elf/4.9.2/../../../../../H-x86_64-mingw32/nios2-elf/lib/mhw-mulx\libc.a(lib_a-wcrtomb.o)
 .text._wcrtomb_r
                0x0000000000009504       0x9c c:/altera_lite/15.1/nios2eds/bin/gnu/h-x86_64-mingw32/bin/../lib/gcc/nios2-elf/4.9.2/../../../../../H-x86_64-mingw32/nios2-elf/lib/mhw-mulx\libc.a(lib_a-wcrtomb.o)
                0x0000000000009504                _wcrtomb_r
 .text.wcrtomb  0x00000000000095a0       0xc0 c:/altera_lite/15.1/nios2eds/bin/gnu/h-x86_64-mingw32/bin/../lib/gcc/nios2-elf/4.9.2/../../../../../H-x86_64-mingw32/nios2-elf/lib/mhw-mulx\libc.a(lib_a-wcrtomb.o)
                0x00000000000095a0                wcrtomb
 .text          0x0000000000009660        0x0 c:/altera_lite/15.1/nios2eds/bin/gnu/h-x86_64-mingw32/bin/../lib/gcc/nios2-elf/4.9.2/../../../../../H-x86_64-mingw32/nios2-elf/lib/mhw-mulx\libc.a(lib_a-wctomb_r.o)
 .text.__ascii_wctomb
                0x0000000000009660       0x30 c:/altera_lite/15.1/nios2eds/bin/gnu/h-x86_64-mingw32/bin/../lib/gcc/nios2-elf/4.9.2/../../../../../H-x86_64-mingw32/nios2-elf/lib/mhw-mulx\libc.a(lib_a-wctomb_r.o)
                0x0000000000009660                __ascii_wctomb
 .text._wctomb_r
                0x0000000000009690       0x5c c:/altera_lite/15.1/nios2eds/bin/gnu/h-x86_64-mingw32/bin/../lib/gcc/nios2-elf/4.9.2/../../../../../H-x86_64-mingw32/nios2-elf/lib/mhw-mulx\libc.a(lib_a-wctomb_r.o)
                0x0000000000009690                _wctomb_r
 .text          0x00000000000096ec      0x5c0 c:/altera_lite/15.1/nios2eds/bin/gnu/h-x86_64-mingw32/bin/../lib/gcc/nios2-elf/4.9.2/mhw-mulx\libgcc.a(_udivdi3.o)
                0x00000000000096ec                __udivdi3
 .text          0x0000000000009cac      0x590 c:/altera_lite/15.1/nios2eds/bin/gnu/h-x86_64-mingw32/bin/../lib/gcc/nios2-elf/4.9.2/mhw-mulx\libgcc.a(_umoddi3.o)
                0x0000000000009cac                __umoddi3
 .text          0x000000000000a23c      0x12c c:/altera_lite/15.1/nios2eds/bin/gnu/h-x86_64-mingw32/bin/../lib/gcc/nios2-elf/4.9.2/mhw-mulx\libgcc.a(lib2-divmod.o)
                0x000000000000a2a8                __divsi3
                0x000000000000a2fc                __modsi3
                0x000000000000a358                __udivsi3
                0x000000000000a360                __umodsi3
 .text          0x000000000000a368      0x89c c:/altera_lite/15.1/nios2eds/bin/gnu/h-x86_64-mingw32/bin/../lib/gcc/nios2-elf/4.9.2/mhw-mulx\libgcc.a(adddf3.o)
                0x000000000000a368                __adddf3
 .text          0x000000000000ac04      0x8cc c:/altera_lite/15.1/nios2eds/bin/gnu/h-x86_64-mingw32/bin/../lib/gcc/nios2-elf/4.9.2/mhw-mulx\libgcc.a(divdf3.o)
                0x000000000000ac04                __divdf3
 .text          0x000000000000b4d0       0x84 c:/altera_lite/15.1/nios2eds/bin/gnu/h-x86_64-mingw32/bin/../lib/gcc/nios2-elf/4.9.2/mhw-mulx\libgcc.a(eqdf2.o)
                0x000000000000b4d0                __nedf2
                0x000000000000b4d0                __eqdf2
 .text          0x000000000000b554       0xe0 c:/altera_lite/15.1/nios2eds/bin/gnu/h-x86_64-mingw32/bin/../lib/gcc/nios2-elf/4.9.2/mhw-mulx\libgcc.a(gedf2.o)
                0x000000000000b554                __gedf2
                0x000000000000b554                __gtdf2
 .text          0x000000000000b634       0xe0 c:/altera_lite/15.1/nios2eds/bin/gnu/h-x86_64-mingw32/bin/../lib/gcc/nios2-elf/4.9.2/mhw-mulx\libgcc.a(ledf2.o)
                0x000000000000b634                __ledf2
                0x000000000000b634                __ltdf2
 .text          0x000000000000b714      0x724 c:/altera_lite/15.1/nios2eds/bin/gnu/h-x86_64-mingw32/bin/../lib/gcc/nios2-elf/4.9.2/mhw-mulx\libgcc.a(muldf3.o)
                0x000000000000b714                __muldf3
 .text          0x000000000000be38      0x8d0 c:/altera_lite/15.1/nios2eds/bin/gnu/h-x86_64-mingw32/bin/../lib/gcc/nios2-elf/4.9.2/mhw-mulx\libgcc.a(subdf3.o)
                0x000000000000be38                __subdf3
 .text          0x000000000000c708       0x88 c:/altera_lite/15.1/nios2eds/bin/gnu/h-x86_64-mingw32/bin/../lib/gcc/nios2-elf/4.9.2/mhw-mulx\libgcc.a(fixdfsi.o)
                0x000000000000c708                __fixdfsi
 .text          0x000000000000c790       0xd0 c:/altera_lite/15.1/nios2eds/bin/gnu/h-x86_64-mingw32/bin/../lib/gcc/nios2-elf/4.9.2/mhw-mulx\libgcc.a(floatsidf.o)
                0x000000000000c790                __floatsidf
 .text          0x000000000000c860       0xa4 c:/altera_lite/15.1/nios2eds/bin/gnu/h-x86_64-mingw32/bin/../lib/gcc/nios2-elf/4.9.2/mhw-mulx\libgcc.a(floatunsidf.o)
                0x000000000000c860                __floatunsidf
 .text          0x000000000000c904        0x0 c:/altera_lite/15.1/nios2eds/bin/gnu/h-x86_64-mingw32/bin/../lib/gcc/nios2-elf/4.9.2/mhw-mulx\libgcc.a(_clz.o)
 .text          0x000000000000c904       0x64 c:/altera_lite/15.1/nios2eds/bin/gnu/h-x86_64-mingw32/bin/../lib/gcc/nios2-elf/4.9.2/mhw-mulx\libgcc.a(_clzsi2.o)
                0x000000000000c904                __clzsi2
 .text          0x000000000000c968      0x120 C:/Users/daans/Documents/Eclipse_Projecten_Nios/Keyboard_bsp/\libucosii_bsp.a(alt_close.o)
                0x000000000000c9b8                close
 .text          0x000000000000ca88       0x2c C:/Users/daans/Documents/Eclipse_Projecten_Nios/Keyboard_bsp/\libucosii_bsp.a(alt_dev.o)
 .text          0x000000000000cab4        0x0 C:/Users/daans/Documents/Eclipse_Projecten_Nios/Keyboard_bsp/\libucosii_bsp.a(alt_errno.o)
 .text          0x000000000000cab4      0x100 C:/Users/daans/Documents/Eclipse_Projecten_Nios/Keyboard_bsp/\libucosii_bsp.a(alt_fstat.o)
                0x000000000000cb04                fstat
 .text          0x000000000000cbb4       0xf4 C:/Users/daans/Documents/Eclipse_Projecten_Nios/Keyboard_bsp/\libucosii_bsp.a(alt_isatty.o)
                0x000000000000cc04                isatty
 .text          0x000000000000cca8       0xe4 C:/Users/daans/Documents/Eclipse_Projecten_Nios/Keyboard_bsp/\libucosii_bsp.a(alt_load.o)
                0x000000000000cd0c                alt_load
 .text          0x000000000000cd8c      0x124 C:/Users/daans/Documents/Eclipse_Projecten_Nios/Keyboard_bsp/\libucosii_bsp.a(alt_lseek.o)
                0x000000000000cddc                lseek
 .text          0x000000000000ceb0       0xd4 C:/Users/daans/Documents/Eclipse_Projecten_Nios/Keyboard_bsp/\libucosii_bsp.a(alt_main.o)
                0x000000000000ceb0                alt_main
 .text          0x000000000000cf84      0x14c C:/Users/daans/Documents/Eclipse_Projecten_Nios/Keyboard_bsp/\libucosii_bsp.a(alt_read.o)
                0x000000000000cfd4                read
 .text          0x000000000000d0d0       0x60 C:/Users/daans/Documents/Eclipse_Projecten_Nios/Keyboard_bsp/\libucosii_bsp.a(alt_release_fd.o)
                0x000000000000d0d0                alt_release_fd
 .text          0x000000000000d130       0xb0 C:/Users/daans/Documents/Eclipse_Projecten_Nios/Keyboard_bsp/\libucosii_bsp.a(alt_sbrk.o)
                0x000000000000d130                sbrk
 .text          0x000000000000d1e0      0x148 C:/Users/daans/Documents/Eclipse_Projecten_Nios/Keyboard_bsp/\libucosii_bsp.a(alt_write.o)
                0x000000000000d230                write
 .text          0x000000000000d328      0x11c C:/Users/daans/Documents/Eclipse_Projecten_Nios/Keyboard_bsp/\libucosii_bsp.a(alt_env_lock.o)
                0x000000000000d328                __env_lock
                0x000000000000d3e8                __env_unlock
 .text          0x000000000000d444      0x1f0 C:/Users/daans/Documents/Eclipse_Projecten_Nios/Keyboard_bsp/\libucosii_bsp.a(alt_malloc_lock.o)
                0x000000000000d444                __malloc_lock
                0x000000000000d564                __malloc_unlock
 .text          0x000000000000d634     0x1ff0 C:/Users/daans/Documents/Eclipse_Projecten_Nios/Keyboard_bsp/\libucosii_bsp.a(os_core.o)
                0x000000000000d634                OSEventNameGet
                0x000000000000d754                OSEventNameSet
                0x000000000000d890                OSEventPendMulti
                0x000000000000dea0                OSInit
                0x000000000000def4                OSIntEnter
                0x000000000000df70                OSIntExit
                0x000000000000e064                OSSchedLock
                0x000000000000e0ec                OSSchedUnlock
                0x000000000000e1c4                OSStart
                0x000000000000e230                OSStatInit
                0x000000000000e2dc                OSTimeTick
                0x000000000000e4f8                OSVersion
                0x000000000000e518                OS_Dummy
                0x000000000000e534                OS_EventTaskRdy
                0x000000000000e6cc                OS_EventTaskWait
                0x000000000000e7d8                OS_EventTaskWaitMulti
                0x000000000000e924                OS_EventTaskRemove
                0x000000000000e9d8                OS_EventTaskRemoveMulti
                0x000000000000ead4                OS_EventWaitListInit
                0x000000000000ee98                OS_MemClr
                0x000000000000eee8                OS_MemCopy
                0x000000000000ef4c                OS_Sched
                0x000000000000f088                OS_StrCopy
                0x000000000000f0fc                OS_StrLen
                0x000000000000f150                OS_TaskIdle
                0x000000000000f1ac                OS_TaskStat
                0x000000000000f288                OS_TaskStatStkChk
                0x000000000000f350                OS_TCBInit
 .text          0x000000000000f624      0x18c C:/Users/daans/Documents/Eclipse_Projecten_Nios/Keyboard_bsp/\libucosii_bsp.a(os_dbg.o)
                0x000000000000f624                OSDebugInit
 .text          0x000000000000f7b0     0x181c C:/Users/daans/Documents/Eclipse_Projecten_Nios/Keyboard_bsp/\libucosii_bsp.a(os_flag.o)
                0x000000000000f7b0                OSFlagAccept
                0x000000000000fab8                OSFlagCreate
                0x000000000000fbe0                OSFlagDel
                0x000000000000fe50                OSFlagNameGet
                0x000000000000ff80                OSFlagNameSet
                0x00000000000100d0                OSFlagPend
                0x00000000000106c0                OSFlagPendGetFlagsRdy
                0x0000000000010728                OSFlagPost
                0x0000000000010ab0                OSFlagQuery
                0x0000000000010d38                OS_FlagInit
                0x0000000000010f2c                OS_FlagUnlink
 .text          0x0000000000010fcc      0x784 C:/Users/daans/Documents/Eclipse_Projecten_Nios/Keyboard_bsp/\libucosii_bsp.a(os_mem.o)
                0x0000000000010fcc                OSMemCreate
                0x00000000000111c0                OSMemGet
                0x00000000000112b0                OSMemNameGet
                0x00000000000113a8                OSMemNameSet
                0x00000000000114c0                OSMemPut
                0x0000000000011598                OSMemQuery
                0x0000000000011680                OS_MemInit
 .text          0x0000000000011750     0x1210 C:/Users/daans/Documents/Eclipse_Projecten_Nios/Keyboard_bsp/\libucosii_bsp.a(os_q.o)
                0x0000000000011750                OSQAccept
                0x0000000000011890                OSQCreate
                0x0000000000011a8c                OSQDel
                0x0000000000011d54                OSQFlush
                0x0000000000011e0c                OSQPend
                0x0000000000012108                OSQPendAbort
                0x0000000000012274                OSQPost
                0x00000000000123dc                OSQPostFront
                0x000000000001254c                OSQPostOpt
                0x0000000000012758                OSQQuery
                0x00000000000128b4                OS_QInit
 .text          0x0000000000012960      0xb08 C:/Users/daans/Documents/Eclipse_Projecten_Nios/Keyboard_bsp/\libucosii_bsp.a(os_sem.o)
                0x0000000000012960                OSSemAccept
                0x0000000000012a10                OSSemCreate
                0x0000000000012b10                OSSemDel
                0x0000000000012d78                OSSemPend
                0x0000000000012fe0                OSSemPendAbort
                0x000000000001314c                OSSemPost
                0x000000000001325c                OSSemQuery
                0x000000000001336c                OSSemSet
 .text          0x0000000000013468     0x18f4 C:/Users/daans/Documents/Eclipse_Projecten_Nios/Keyboard_bsp/\libucosii_bsp.a(os_task.o)
                0x0000000000013468                OSTaskChangePrio
                0x00000000000139a8                OSTaskCreate
                0x0000000000013b64                OSTaskCreateExt
                0x0000000000013d50                OSTaskDel
                0x0000000000014130                OSTaskDelReq
                0x0000000000014288                OSTaskNameGet
                0x0000000000014430                OSTaskNameSet
                0x00000000000145f0                OSTaskResume
                0x00000000000147e8                OSTaskStkChk
                0x00000000000149b0                OSTaskSuspend
                0x0000000000014bc4                OSTaskQuery
                0x0000000000014cf0                OS_TaskStkClr
 .text          0x0000000000014d5c      0x568 C:/Users/daans/Documents/Eclipse_Projecten_Nios/Keyboard_bsp/\libucosii_bsp.a(os_time.o)
                0x0000000000014d5c                OSTimeDly
                0x0000000000014ea4                OSTimeDlyHMSM
                0x000000000001500c                OSTimeDlyResume
                0x00000000000151fc                OSTimeGet
                0x0000000000015260                OSTimeSet
 .text          0x00000000000152c4      0x444 C:/Users/daans/Documents/Eclipse_Projecten_Nios/Keyboard_bsp/\libucosii_bsp.a(alt_sys_init.o)
                0x00000000000152fc                alt_irq_init
                0x0000000000015330                alt_sys_init
 .text          0x0000000000015708      0x164 C:/Users/daans/Documents/Eclipse_Projecten_Nios/Keyboard_bsp/\libucosii_bsp.a(altera_avalon_jtag_uart_fd.o)
                0x0000000000015708                altera_avalon_jtag_uart_read_fd
                0x0000000000015768                altera_avalon_jtag_uart_write_fd
                0x00000000000157c8                altera_avalon_jtag_uart_close_fd
                0x0000000000015818                altera_avalon_jtag_uart_ioctl_fd
 .text          0x000000000001586c      0x560 C:/Users/daans/Documents/Eclipse_Projecten_Nios/Keyboard_bsp/\libucosii_bsp.a(altera_avalon_jtag_uart_init.o)
                0x000000000001586c                altera_avalon_jtag_uart_init
                0x0000000000015d64                altera_avalon_jtag_uart_close
 .text          0x0000000000015dcc       0xec C:/Users/daans/Documents/Eclipse_Projecten_Nios/Keyboard_bsp/\libucosii_bsp.a(altera_avalon_jtag_uart_ioctl.o)
                0x0000000000015dcc                altera_avalon_jtag_uart_ioctl
 .text          0x0000000000015eb8      0x2b4 C:/Users/daans/Documents/Eclipse_Projecten_Nios/Keyboard_bsp/\libucosii_bsp.a(altera_avalon_jtag_uart_read.o)
                0x0000000000015eb8                altera_avalon_jtag_uart_read
 .text          0x000000000001616c      0x2c0 C:/Users/daans/Documents/Eclipse_Projecten_Nios/Keyboard_bsp/\libucosii_bsp.a(altera_avalon_jtag_uart_write.o)
                0x000000000001616c                altera_avalon_jtag_uart_write
 .text          0x000000000001642c       0xf8 C:/Users/daans/Documents/Eclipse_Projecten_Nios/Keyboard_bsp/\libucosii_bsp.a(altera_avalon_timer_sc.o)
                0x00000000000164a4                alt_avalon_timer_sc_init
 .text          0x0000000000016524      0x4d8 C:/Users/daans/Documents/Eclipse_Projecten_Nios/Keyboard_bsp/\libucosii_bsp.a(altera_up_avalon_character_lcd.o)
                0x0000000000016524                get_DDRAM_addr
                0x0000000000016598                alt_up_character_lcd_send_cmd
                0x00000000000165d4                alt_up_character_lcd_init
                0x0000000000016608                alt_up_character_lcd_open_dev
                0x0000000000016648                alt_up_character_lcd_write
                0x00000000000166c0                alt_up_character_lcd_string
                0x0000000000016734                alt_up_character_lcd_write_fd
                0x0000000000016784                alt_up_character_lcd_set_cursor_pos
                0x00000000000167f8                alt_up_character_lcd_shift_cursor
                0x0000000000016880                alt_up_character_lcd_shift_display
                0x0000000000016908                alt_up_character_lcd_erase_pos
                0x0000000000016994                alt_up_character_lcd_cursor_off
                0x00000000000169c8                alt_up_character_lcd_cursor_blink_on
 .text          0x00000000000169fc      0x388 C:/Users/daans/Documents/Eclipse_Projecten_Nios/Keyboard_bsp/\libucosii_bsp.a(altera_up_avalon_irda.o)
                0x00000000000169fc                alt_up_irda_enable_read_interrupt
                0x0000000000016a54                alt_up_irda_disable_read_interrupt
                0x0000000000016ab0                alt_up_irda_get_used_space_in_read_FIFO
                0x0000000000016af0                alt_up_irda_get_available_space_in_write_FIFO
                0x0000000000016b2c                alt_up_irda_check_parity
                0x0000000000016b70                alt_up_irda_write_data
                0x0000000000016bb0                alt_up_irda_read_data
                0x0000000000016c24                alt_up_irda_read_fd
                0x0000000000016cb4                alt_up_irda_write_fd
                0x0000000000016d44                alt_up_irda_open_dev
 .text          0x0000000000016d84      0x6b4 C:/Users/daans/Documents/Eclipse_Projecten_Nios/Keyboard_bsp/\libucosii_bsp.a(altera_up_avalon_ps2.o)
                0x0000000000016d84                read_RI_bit
                0x0000000000016db8                read_RE_bit
                0x0000000000016de8                read_CE_bit
                0x0000000000016e1c                read_num_bytes_available
                0x0000000000016e4c                read_data_valid
                0x0000000000016e80                read_data_byte
                0x0000000000016eac                alt_up_ps2_init
                0x0000000000016f70                alt_up_ps2_enable_read_interrupt
                0x0000000000016fc8                alt_up_ps2_disable_read_interrupt
                0x0000000000017024                alt_up_ps2_write_data_byte
                0x0000000000017098                alt_up_ps2_wait_for_ack
                0x0000000000017108                alt_up_ps2_write_data_byte_with_ack
                0x000000000001716c                alt_up_ps2_read_data_byte_timeout
                0x0000000000017210                alt_up_ps2_read_data_byte
                0x0000000000017280                alt_up_ps2_clear_fifo
                0x00000000000172d4                alt_up_ps2_read_fd
                0x0000000000017360                alt_up_ps2_write_fd
                0x00000000000173f8                alt_up_ps2_open_dev
 .text          0x0000000000017438      0x38c C:/Users/daans/Documents/Eclipse_Projecten_Nios/Keyboard_bsp/\libucosii_bsp.a(altera_up_avalon_rs232.o)
                0x0000000000017438                alt_up_rs232_enable_read_interrupt
                0x0000000000017490                alt_up_rs232_disable_read_interrupt
                0x00000000000174ec                alt_up_rs232_get_used_space_in_read_FIFO
                0x000000000001752c                alt_up_rs232_get_available_space_in_write_FIFO
                0x0000000000017568                alt_up_rs232_check_parity
                0x00000000000175ac                alt_up_rs232_write_data
                0x00000000000175ec                alt_up_rs232_read_data
                0x0000000000017660                alt_up_rs232_read_fd
                0x00000000000176f0                alt_up_rs232_write_fd
                0x0000000000017784                alt_up_rs232_open_dev
 .text          0x00000000000177c4      0x2e8 C:/Users/daans/Documents/Eclipse_Projecten_Nios/Keyboard_bsp/\libucosii_bsp.a(altera_up_avalon_video_character_buffer_with_dma.o)
                0x00000000000177c4                alt_up_char_buffer_init
                0x0000000000017844                alt_up_char_buffer_open_dev
                0x0000000000017884                alt_up_char_buffer_draw
                0x0000000000017950                alt_up_char_buffer_string
                0x0000000000017a50                alt_up_char_buffer_clear
 .text          0x0000000000017aac      0x5dc C:/Users/daans/Documents/Eclipse_Projecten_Nios/Keyboard_bsp/\libucosii_bsp.a(altera_up_ps2_keyboard.o)
                0x0000000000017aac                get_multi_byte_make_code_index
                0x0000000000017b1c                get_single_byte_make_code_index
                0x0000000000017b8c                get_next_state
                0x0000000000017ddc                decode_scancode
                0x0000000000017e94                set_keyboard_rate
                0x0000000000017ef8                translate_make_code
                0x000000000001800c                reset_keyboard
 .text          0x0000000000018088      0x140 C:/Users/daans/Documents/Eclipse_Projecten_Nios/Keyboard_bsp/\libucosii_bsp.a(alt_alarm_start.o)
                0x0000000000018088                alt_alarm_start
 .text          0x00000000000181c8       0x1c C:/Users/daans/Documents/Eclipse_Projecten_Nios/Keyboard_bsp/\libucosii_bsp.a(alt_dcache_flush_all.o)
                0x00000000000181c8                alt_dcache_flush_all
 .text          0x00000000000181e4       0xf4 C:/Users/daans/Documents/Eclipse_Projecten_Nios/Keyboard_bsp/\libucosii_bsp.a(alt_dev_llist_insert.o)
                0x0000000000018234                alt_dev_llist_insert
 .text          0x00000000000182d8       0x5c C:/Users/daans/Documents/Eclipse_Projecten_Nios/Keyboard_bsp/\libucosii_bsp.a(alt_do_ctors.o)
                0x00000000000182d8                _do_ctors
 .text          0x0000000000018334       0x5c C:/Users/daans/Documents/Eclipse_Projecten_Nios/Keyboard_bsp/\libucosii_bsp.a(alt_do_dtors.o)
                0x0000000000018334                _do_dtors
 .text          0x0000000000018390       0x90 C:/Users/daans/Documents/Eclipse_Projecten_Nios/Keyboard_bsp/\libucosii_bsp.a(alt_find_dev.o)
                0x0000000000018390                alt_find_dev
 .text          0x0000000000018420       0x30 C:/Users/daans/Documents/Eclipse_Projecten_Nios/Keyboard_bsp/\libucosii_bsp.a(alt_icache_flush_all.o)
                0x0000000000018420                alt_icache_flush_all
 .text          0x0000000000018450      0x138 C:/Users/daans/Documents/Eclipse_Projecten_Nios/Keyboard_bsp/\libucosii_bsp.a(alt_io_redirect.o)
                0x0000000000018510                alt_io_redirect
 .text          0x0000000000018588      0x1b0 C:/Users/daans/Documents/Eclipse_Projecten_Nios/Keyboard_bsp/\libucosii_bsp.a(alt_irq_register.o)
                0x0000000000018588                alt_irq_register
 .text          0x0000000000018738        0x0 C:/Users/daans/Documents/Eclipse_Projecten_Nios/Keyboard_bsp/\libucosii_bsp.a(alt_irq_vars.o)
 .text          0x0000000000018738      0x274 C:/Users/daans/Documents/Eclipse_Projecten_Nios/Keyboard_bsp/\libucosii_bsp.a(alt_open.o)
                0x0000000000018854                open
 .text          0x00000000000189ac      0x19c C:/Users/daans/Documents/Eclipse_Projecten_Nios/Keyboard_bsp/\libucosii_bsp.a(alt_tick.o)
                0x00000000000189ac                alt_alarm_stop
                0x0000000000018a44                alt_tick
 .text          0x0000000000018b48       0x20 C:/Users/daans/Documents/Eclipse_Projecten_Nios/Keyboard_bsp/\libucosii_bsp.a(altera_nios2_gen2_irq.o)
                0x0000000000018b48                altera_nios2_gen2_irq_init
 .text          0x0000000000018b68       0xd0 C:/Users/daans/Documents/Eclipse_Projecten_Nios/Keyboard_bsp/\libucosii_bsp.a(os_cpu_a.o)
                0x0000000000018b68                OSCtxSw
                0x0000000000018b68                OSIntCtxSw
                0x0000000000018bf4                OSStartHighRdy
                0x0000000000018c14                OSStartTsk
 .text          0x0000000000018c38      0x264 C:/Users/daans/Documents/Eclipse_Projecten_Nios/Keyboard_bsp/\libucosii_bsp.a(os_cpu_c.o)
                0x0000000000018c38                OSTaskStkInit
                0x0000000000018d94                OSTaskCreateHook
                0x0000000000018db4                OSTaskDelHook
                0x0000000000018dd4                OSTaskSwHook
                0x0000000000018df0                OSTaskStatHook
                0x0000000000018e0c                OSTimeTickHook
                0x0000000000018e28                OSInitHookBegin
                0x0000000000018e44                OSInitHookEnd
                0x0000000000018e60                OSTaskIdleHook
                0x0000000000018e7c                OSTCBInitHook
 .text          0x0000000000018e9c      0x114 C:/Users/daans/Documents/Eclipse_Projecten_Nios/Keyboard_bsp/\libucosii_bsp.a(alt_find_file.o)
                0x0000000000018e9c                alt_find_file
 .text          0x0000000000018fb0       0xfc C:/Users/daans/Documents/Eclipse_Projecten_Nios/Keyboard_bsp/\libucosii_bsp.a(alt_get_fd.o)
                0x0000000000018fb0                alt_get_fd
 .text          0x00000000000190ac       0x8c C:/Users/daans/Documents/Eclipse_Projecten_Nios/Keyboard_bsp/\libucosii_bsp.a(alt_icache_flush.o)
                0x00000000000190ac                alt_icache_flush
 .text          0x0000000000019138        0x0 C:/Users/daans/Documents/Eclipse_Projecten_Nios/Keyboard_bsp/\libucosii_bsp.a(alt_irq_entry.o)
 .text          0x0000000000019138        0x0 C:/Users/daans/Documents/Eclipse_Projecten_Nios/Keyboard_bsp/\libucosii_bsp.a(alt_irq_handler.o)
 .text          0x0000000000019138        0x0 C:/Users/daans/Documents/Eclipse_Projecten_Nios/Keyboard_bsp/\libucosii_bsp.a(alt_exception_entry.o)
 .text          0x0000000000019138       0x9c C:/Users/daans/Documents/Eclipse_Projecten_Nios/Keyboard_bsp/\libucosii_bsp.a(alt_instruction_exception_entry.o)
                0x0000000000019138                alt_exception_cause_generated_bad_addr
 .text          0x00000000000191d4        0x0 c:/altera_lite/15.1/nios2eds/bin/gnu/h-x86_64-mingw32/bin/../lib/gcc/nios2-elf/4.9.2/../../../../../H-x86_64-mingw32/nios2-elf/lib/mhw-mulx\libc.a(lib_a-atexit.o)
 .text.atexit   0x00000000000191d4       0x14 c:/altera_lite/15.1/nios2eds/bin/gnu/h-x86_64-mingw32/bin/../lib/gcc/nios2-elf/4.9.2/../../../../../H-x86_64-mingw32/nios2-elf/lib/mhw-mulx\libc.a(lib_a-atexit.o)
                0x00000000000191d4                atexit
 .text          0x00000000000191e8        0x0 c:/altera_lite/15.1/nios2eds/bin/gnu/h-x86_64-mingw32/bin/../lib/gcc/nios2-elf/4.9.2/../../../../../H-x86_64-mingw32/nios2-elf/lib/mhw-mulx\libc.a(lib_a-exit.o)
 .text.exit     0x00000000000191e8       0x38 c:/altera_lite/15.1/nios2eds/bin/gnu/h-x86_64-mingw32/bin/../lib/gcc/nios2-elf/4.9.2/../../../../../H-x86_64-mingw32/nios2-elf/lib/mhw-mulx\libc.a(lib_a-exit.o)
                0x00000000000191e8                exit
 .text          0x0000000000019220        0x0 c:/altera_lite/15.1/nios2eds/bin/gnu/h-x86_64-mingw32/bin/../lib/gcc/nios2-elf/4.9.2/../../../../../H-x86_64-mingw32/nios2-elf/lib/mhw-mulx\libc.a(lib_a-memcmp.o)
 .text.memcmp   0x0000000000019220       0x7c c:/altera_lite/15.1/nios2eds/bin/gnu/h-x86_64-mingw32/bin/../lib/gcc/nios2-elf/4.9.2/../../../../../H-x86_64-mingw32/nios2-elf/lib/mhw-mulx\libc.a(lib_a-memcmp.o)
                0x0000000000019220                memcmp
 .text          0x000000000001929c        0x0 c:/altera_lite/15.1/nios2eds/bin/gnu/h-x86_64-mingw32/bin/../lib/gcc/nios2-elf/4.9.2/../../../../../H-x86_64-mingw32/nios2-elf/lib/mhw-mulx\libc.a(lib_a-strcpy.o)
 .text.strcpy   0x000000000001929c       0x90 c:/altera_lite/15.1/nios2eds/bin/gnu/h-x86_64-mingw32/bin/../lib/gcc/nios2-elf/4.9.2/../../../../../H-x86_64-mingw32/nios2-elf/lib/mhw-mulx\libc.a(lib_a-strcpy.o)
                0x000000000001929c                strcpy
 .text          0x000000000001932c        0x0 c:/altera_lite/15.1/nios2eds/bin/gnu/h-x86_64-mingw32/bin/../lib/gcc/nios2-elf/4.9.2/../../../../../H-x86_64-mingw32/nios2-elf/lib/mhw-mulx\libc.a(lib_a-__atexit.o)
 .text.__register_exitproc
                0x000000000001932c      0x114 c:/altera_lite/15.1/nios2eds/bin/gnu/h-x86_64-mingw32/bin/../lib/gcc/nios2-elf/4.9.2/../../../../../H-x86_64-mingw32/nios2-elf/lib/mhw-mulx\libc.a(lib_a-__atexit.o)
                0x000000000001932c                __register_exitproc
 .text          0x0000000000019440        0x0 c:/altera_lite/15.1/nios2eds/bin/gnu/h-x86_64-mingw32/bin/../lib/gcc/nios2-elf/4.9.2/../../../../../H-x86_64-mingw32/nios2-elf/lib/mhw-mulx\libc.a(lib_a-__call_atexit.o)
 .text.__call_exitprocs
                0x0000000000019440      0x194 c:/altera_lite/15.1/nios2eds/bin/gnu/h-x86_64-mingw32/bin/../lib/gcc/nios2-elf/4.9.2/../../../../../H-x86_64-mingw32/nios2-elf/lib/mhw-mulx\libc.a(lib_a-__call_atexit.o)
                0x0000000000019440                __call_exitprocs
 .text          0x00000000000195d4       0x3c C:/Users/daans/Documents/Eclipse_Projecten_Nios/Keyboard_bsp/\libucosii_bsp.a(alt_exit.o)
                0x00000000000195d4                _exit
 *(.gnu.warning.*)
 *(.fini)
                0x0000000000019610                PROVIDE (__etext, ABSOLUTE (.))
                0x0000000000019610                PROVIDE (_etext, ABSOLUTE (.))
                0x0000000000019610                PROVIDE (etext, ABSOLUTE (.))
 *(.eh_frame_hdr)
                0x0000000000019610                . = ALIGN (0x4)
                0x0000000000019610                PROVIDE (__preinit_array_start, ABSOLUTE (.))
 *(.preinit_array)
                0x0000000000019610                PROVIDE (__preinit_array_end, ABSOLUTE (.))
                0x0000000000019610                PROVIDE (__init_array_start, ABSOLUTE (.))
 *(.init_array)
                0x0000000000019610                PROVIDE (__init_array_end, ABSOLUTE (.))
                0x0000000000019610                PROVIDE (__fini_array_start, ABSOLUTE (.))
 *(.fini_array)
                0x0000000000019610                PROVIDE (__fini_array_end, ABSOLUTE (.))
 *(.eh_frame)
 *(.gcc_except_table .gcc_except_table.*)
 *(.dynamic)
                0x0000000000019610                PROVIDE (__CTOR_LIST__, ABSOLUTE (.))
 *(.ctors)
 *(SORT(.ctors.*))
                0x0000000000019610                PROVIDE (__CTOR_END__, ABSOLUTE (.))
                0x0000000000019610                PROVIDE (__DTOR_LIST__, ABSOLUTE (.))
 *(.dtors)
 *(SORT(.dtors.*))
                0x0000000000019610                PROVIDE (__DTOR_END__, ABSOLUTE (.))
 *(.jcr)
                0x0000000000019610                . = ALIGN (0x4)

.rodata         0x0000000000019610      0x830
                0x0000000000019610                PROVIDE (__ram_rodata_start, ABSOLUTE (.))
                0x0000000000019610                . = ALIGN (0x4)
 *(.rodata .rodata.* .gnu.linkonce.r.*)
 .rodata        0x0000000000019610       0x40 obj/default/hello_ucosii.o
 .rodata.str1.4
                0x0000000000019650       0x42 c:/altera_lite/15.1/nios2eds/bin/gnu/h-x86_64-mingw32/bin/../lib/gcc/nios2-elf/4.9.2/../../../../../H-x86_64-mingw32/nios2-elf/lib/mhw-mulx\libc.a(lib_a-vfprintf.o)
                                         0x44 (size before relaxing)
 .rodata.zeroes.4255
                0x0000000000019692       0x10 c:/altera_lite/15.1/nios2eds/bin/gnu/h-x86_64-mingw32/bin/../lib/gcc/nios2-elf/4.9.2/../../../../../H-x86_64-mingw32/nios2-elf/lib/mhw-mulx\libc.a(lib_a-vfprintf.o)
 .rodata.blanks.4254
                0x00000000000196a2       0x10 c:/altera_lite/15.1/nios2eds/bin/gnu/h-x86_64-mingw32/bin/../lib/gcc/nios2-elf/4.9.2/../../../../../H-x86_64-mingw32/nios2-elf/lib/mhw-mulx\libc.a(lib_a-vfprintf.o)
 *fill*         0x00000000000196b2        0x2 
 .rodata.str1.4
                0x00000000000196b4       0x10 c:/altera_lite/15.1/nios2eds/bin/gnu/h-x86_64-mingw32/bin/../lib/gcc/nios2-elf/4.9.2/../../../../../H-x86_64-mingw32/nios2-elf/lib/mhw-mulx\libc.a(lib_a-dtoa.o)
                                         0x14 (size before relaxing)
 .rodata.str1.4
                0x00000000000196c4        0x2 c:/altera_lite/15.1/nios2eds/bin/gnu/h-x86_64-mingw32/bin/../lib/gcc/nios2-elf/4.9.2/../../../../../H-x86_64-mingw32/nios2-elf/lib/mhw-mulx\libc.a(lib_a-impure.o)
                                          0x4 (size before relaxing)
 *fill*         0x00000000000196c6        0x2 
 .rodata.str1.4
                0x00000000000196c8        0xc c:/altera_lite/15.1/nios2eds/bin/gnu/h-x86_64-mingw32/bin/../lib/gcc/nios2-elf/4.9.2/../../../../../H-x86_64-mingw32/nios2-elf/lib/mhw-mulx\libc.a(lib_a-locale.o)
                                         0x14 (size before relaxing)
 .rodata.p05.2710
                0x00000000000196d4        0xc c:/altera_lite/15.1/nios2eds/bin/gnu/h-x86_64-mingw32/bin/../lib/gcc/nios2-elf/4.9.2/../../../../../H-x86_64-mingw32/nios2-elf/lib/mhw-mulx\libc.a(lib_a-mprec.o)
 .rodata.__mprec_tinytens
                0x00000000000196e0       0x28 c:/altera_lite/15.1/nios2eds/bin/gnu/h-x86_64-mingw32/bin/../lib/gcc/nios2-elf/4.9.2/../../../../../H-x86_64-mingw32/nios2-elf/lib/mhw-mulx\libc.a(lib_a-mprec.o)
                0x00000000000196e0                __mprec_tinytens
 .rodata.__mprec_bigtens
                0x0000000000019708       0x28 c:/altera_lite/15.1/nios2eds/bin/gnu/h-x86_64-mingw32/bin/../lib/gcc/nios2-elf/4.9.2/../../../../../H-x86_64-mingw32/nios2-elf/lib/mhw-mulx\libc.a(lib_a-mprec.o)
                0x0000000000019708                __mprec_bigtens
 .rodata.__mprec_tens
                0x0000000000019730       0xc8 c:/altera_lite/15.1/nios2eds/bin/gnu/h-x86_64-mingw32/bin/../lib/gcc/nios2-elf/4.9.2/../../../../../H-x86_64-mingw32/nios2-elf/lib/mhw-mulx\libc.a(lib_a-mprec.o)
                0x0000000000019730                __mprec_tens
 .rodata.str1.4
                0x0000000000000000       0x30 c:/altera_lite/15.1/nios2eds/bin/gnu/h-x86_64-mingw32/bin/../lib/gcc/nios2-elf/4.9.2/../../../../../H-x86_64-mingw32/nios2-elf/lib/mhw-mulx\libc.a(lib_a-vfiprintf.o)
 .rodata.zeroes.4200
                0x00000000000197f8       0x10 c:/altera_lite/15.1/nios2eds/bin/gnu/h-x86_64-mingw32/bin/../lib/gcc/nios2-elf/4.9.2/../../../../../H-x86_64-mingw32/nios2-elf/lib/mhw-mulx\libc.a(lib_a-vfiprintf.o)
 .rodata.blanks.4199
                0x0000000000019808       0x10 c:/altera_lite/15.1/nios2eds/bin/gnu/h-x86_64-mingw32/bin/../lib/gcc/nios2-elf/4.9.2/../../../../../H-x86_64-mingw32/nios2-elf/lib/mhw-mulx\libc.a(lib_a-vfiprintf.o)
 .rodata        0x0000000000019818      0x100 c:/altera_lite/15.1/nios2eds/bin/gnu/h-x86_64-mingw32/bin/../lib/gcc/nios2-elf/4.9.2/mhw-mulx\libgcc.a(_clz.o)
                0x0000000000019818                __clz_tab
 .rodata        0x0000000000019918        0xc C:/Users/daans/Documents/Eclipse_Projecten_Nios/Keyboard_bsp/\libucosii_bsp.a(alt_dev.o)
 .rodata        0x0000000000019924       0x10 C:/Users/daans/Documents/Eclipse_Projecten_Nios/Keyboard_bsp/\libucosii_bsp.a(alt_main.o)
 .rodata        0x0000000000019934      0x120 C:/Users/daans/Documents/Eclipse_Projecten_Nios/Keyboard_bsp/\libucosii_bsp.a(os_core.o)
                0x0000000000019934                OSUnMapTbl
 .rodata        0x0000000000019a54      0x190 C:/Users/daans/Documents/Eclipse_Projecten_Nios/Keyboard_bsp/\libucosii_bsp.a(alt_sys_init.o)
 .rodata        0x0000000000019be4       0x1c C:/Users/daans/Documents/Eclipse_Projecten_Nios/Keyboard_bsp/\libucosii_bsp.a(altera_up_avalon_video_character_buffer_with_dma.o)
 .rodata        0x0000000000019c00      0x23c C:/Users/daans/Documents/Eclipse_Projecten_Nios/Keyboard_bsp/\libucosii_bsp.a(altera_up_ps2_keyboard.o)
 .rodata        0x0000000000019e3c        0x4 C:/Users/daans/Documents/Eclipse_Projecten_Nios/Keyboard_bsp/\libucosii_bsp.a(os_cpu_c.o)
 *(.rodata1)
                0x0000000000019e40                . = ALIGN (0x4)
                0x0000000000019e40                PROVIDE (__ram_rodata_end, ABSOLUTE (.))
                0x0000000000019610                PROVIDE (__flash_rodata_start, LOADADDR (.rodata))

.rwdata         0x0000000000019e40     0x21cc load address 0x000000000001c00c
                0x0000000000019e40                PROVIDE (__ram_rwdata_start, ABSOLUTE (.))
                0x0000000000019e40                . = ALIGN (0x4)
 *(.got.plt)
 *(.got)
 *(.data1)
 *(.data .data.* .gnu.linkonce.d.*)
 .data          0x0000000000019e40        0x0 C:/Users/daans/Documents/Eclipse_Projecten_Nios/Keyboard_bsp//obj/HAL/src/crt0.o
 .data          0x0000000000019e40        0x0 obj/default/hello_ucosii.o
 .data          0x0000000000019e40        0x0 c:/altera_lite/15.1/nios2eds/bin/gnu/h-x86_64-mingw32/bin/../lib/gcc/nios2-elf/4.9.2/../../../../../H-x86_64-mingw32/nios2-elf/lib/mhw-mulx\libc.a(lib_a-printf.o)
 .data          0x0000000000019e40        0x0 c:/altera_lite/15.1/nios2eds/bin/gnu/h-x86_64-mingw32/bin/../lib/gcc/nios2-elf/4.9.2/../../../../../H-x86_64-mingw32/nios2-elf/lib/mhw-mulx\libc.a(lib_a-strcmp.o)
 .data          0x0000000000019e40        0x0 c:/altera_lite/15.1/nios2eds/bin/gnu/h-x86_64-mingw32/bin/../lib/gcc/nios2-elf/4.9.2/../../../../../H-x86_64-mingw32/nios2-elf/lib/mhw-mulx\libc.a(lib_a-strlen.o)
 .data          0x0000000000019e40        0x0 c:/altera_lite/15.1/nios2eds/bin/gnu/h-x86_64-mingw32/bin/../lib/gcc/nios2-elf/4.9.2/../../../../../H-x86_64-mingw32/nios2-elf/lib/mhw-mulx\libc.a(lib_a-vfprintf.o)
 .data          0x0000000000019e40        0x0 c:/altera_lite/15.1/nios2eds/bin/gnu/h-x86_64-mingw32/bin/../lib/gcc/nios2-elf/4.9.2/../../../../../H-x86_64-mingw32/nios2-elf/lib/mhw-mulx\libc.a(lib_a-wsetup.o)
 .data          0x0000000000019e40        0x0 c:/altera_lite/15.1/nios2eds/bin/gnu/h-x86_64-mingw32/bin/../lib/gcc/nios2-elf/4.9.2/../../../../../H-x86_64-mingw32/nios2-elf/lib/mhw-mulx\libc.a(lib_a-dtoa.o)
 .data          0x0000000000019e40        0x0 c:/altera_lite/15.1/nios2eds/bin/gnu/h-x86_64-mingw32/bin/../lib/gcc/nios2-elf/4.9.2/../../../../../H-x86_64-mingw32/nios2-elf/lib/mhw-mulx\libc.a(lib_a-fflush.o)
 .data          0x0000000000019e40        0x0 c:/altera_lite/15.1/nios2eds/bin/gnu/h-x86_64-mingw32/bin/../lib/gcc/nios2-elf/4.9.2/../../../../../H-x86_64-mingw32/nios2-elf/lib/mhw-mulx\libc.a(lib_a-findfp.o)
 .data          0x0000000000019e40        0x0 c:/altera_lite/15.1/nios2eds/bin/gnu/h-x86_64-mingw32/bin/../lib/gcc/nios2-elf/4.9.2/../../../../../H-x86_64-mingw32/nios2-elf/lib/mhw-mulx\libc.a(lib_a-freer.o)
 .data          0x0000000000019e40        0x0 c:/altera_lite/15.1/nios2eds/bin/gnu/h-x86_64-mingw32/bin/../lib/gcc/nios2-elf/4.9.2/../../../../../H-x86_64-mingw32/nios2-elf/lib/mhw-mulx\libc.a(lib_a-fwalk.o)
 .data          0x0000000000019e40        0x0 c:/altera_lite/15.1/nios2eds/bin/gnu/h-x86_64-mingw32/bin/../lib/gcc/nios2-elf/4.9.2/../../../../../H-x86_64-mingw32/nios2-elf/lib/mhw-mulx\libc.a(lib_a-impure.o)
 .data.impure_data
                0x0000000000019e40      0x424 c:/altera_lite/15.1/nios2eds/bin/gnu/h-x86_64-mingw32/bin/../lib/gcc/nios2-elf/4.9.2/../../../../../H-x86_64-mingw32/nios2-elf/lib/mhw-mulx\libc.a(lib_a-impure.o)
 .data          0x000000000001a264        0x0 c:/altera_lite/15.1/nios2eds/bin/gnu/h-x86_64-mingw32/bin/../lib/gcc/nios2-elf/4.9.2/../../../../../H-x86_64-mingw32/nios2-elf/lib/mhw-mulx\libc.a(lib_a-locale.o)
 .data.lc_message_charset
                0x000000000001a264       0x20 c:/altera_lite/15.1/nios2eds/bin/gnu/h-x86_64-mingw32/bin/../lib/gcc/nios2-elf/4.9.2/../../../../../H-x86_64-mingw32/nios2-elf/lib/mhw-mulx\libc.a(lib_a-locale.o)
 .data.lc_ctype_charset
                0x000000000001a284       0x20 c:/altera_lite/15.1/nios2eds/bin/gnu/h-x86_64-mingw32/bin/../lib/gcc/nios2-elf/4.9.2/../../../../../H-x86_64-mingw32/nios2-elf/lib/mhw-mulx\libc.a(lib_a-locale.o)
 .data.lconv    0x000000000001a2a4       0x38 c:/altera_lite/15.1/nios2eds/bin/gnu/h-x86_64-mingw32/bin/../lib/gcc/nios2-elf/4.9.2/../../../../../H-x86_64-mingw32/nios2-elf/lib/mhw-mulx\libc.a(lib_a-locale.o)
 .data          0x000000000001a2dc        0x0 c:/altera_lite/15.1/nios2eds/bin/gnu/h-x86_64-mingw32/bin/../lib/gcc/nios2-elf/4.9.2/../../../../../H-x86_64-mingw32/nios2-elf/lib/mhw-mulx\libc.a(lib_a-makebuf.o)
 .data          0x000000000001a2dc        0x0 c:/altera_lite/15.1/nios2eds/bin/gnu/h-x86_64-mingw32/bin/../lib/gcc/nios2-elf/4.9.2/../../../../../H-x86_64-mingw32/nios2-elf/lib/mhw-mulx\libc.a(lib_a-mallocr.o)
 .data.__malloc_av_
                0x000000000001a2dc      0x408 c:/altera_lite/15.1/nios2eds/bin/gnu/h-x86_64-mingw32/bin/../lib/gcc/nios2-elf/4.9.2/../../../../../H-x86_64-mingw32/nios2-elf/lib/mhw-mulx\libc.a(lib_a-mallocr.o)
                0x000000000001a2dc                __malloc_av_
 .data          0x000000000001a6e4        0x0 c:/altera_lite/15.1/nios2eds/bin/gnu/h-x86_64-mingw32/bin/../lib/gcc/nios2-elf/4.9.2/../../../../../H-x86_64-mingw32/nios2-elf/lib/mhw-mulx\libc.a(lib_a-memchr.o)
 .data          0x000000000001a6e4        0x0 c:/altera_lite/15.1/nios2eds/bin/gnu/h-x86_64-mingw32/bin/../lib/gcc/nios2-elf/4.9.2/../../../../../H-x86_64-mingw32/nios2-elf/lib/mhw-mulx\libc.a(lib_a-memcpy.o)
 .data          0x000000000001a6e4        0x0 c:/altera_lite/15.1/nios2eds/bin/gnu/h-x86_64-mingw32/bin/../lib/gcc/nios2-elf/4.9.2/../../../../../H-x86_64-mingw32/nios2-elf/lib/mhw-mulx\libc.a(lib_a-memset.o)
 .data          0x000000000001a6e4        0x0 c:/altera_lite/15.1/nios2eds/bin/gnu/h-x86_64-mingw32/bin/../lib/gcc/nios2-elf/4.9.2/../../../../../H-x86_64-mingw32/nios2-elf/lib/mhw-mulx\libc.a(lib_a-mprec.o)
 .data          0x000000000001a6e4        0x0 c:/altera_lite/15.1/nios2eds/bin/gnu/h-x86_64-mingw32/bin/../lib/gcc/nios2-elf/4.9.2/../../../../../H-x86_64-mingw32/nios2-elf/lib/mhw-mulx\libc.a(lib_a-s_fpclassify.o)
 .data          0x000000000001a6e4        0x0 c:/altera_lite/15.1/nios2eds/bin/gnu/h-x86_64-mingw32/bin/../lib/gcc/nios2-elf/4.9.2/../../../../../H-x86_64-mingw32/nios2-elf/lib/mhw-mulx\libc.a(lib_a-sbrkr.o)
 .data          0x000000000001a6e4        0x0 c:/altera_lite/15.1/nios2eds/bin/gnu/h-x86_64-mingw32/bin/../lib/gcc/nios2-elf/4.9.2/../../../../../H-x86_64-mingw32/nios2-elf/lib/mhw-mulx\libc.a(lib_a-stdio.o)
 .data          0x000000000001a6e4        0x0 c:/altera_lite/15.1/nios2eds/bin/gnu/h-x86_64-mingw32/bin/../lib/gcc/nios2-elf/4.9.2/../../../../../H-x86_64-mingw32/nios2-elf/lib/mhw-mulx\libc.a(lib_a-vfiprintf.o)
 .data          0x000000000001a6e4        0x0 c:/altera_lite/15.1/nios2eds/bin/gnu/h-x86_64-mingw32/bin/../lib/gcc/nios2-elf/4.9.2/../../../../../H-x86_64-mingw32/nios2-elf/lib/mhw-mulx\libc.a(lib_a-writer.o)
 .data          0x000000000001a6e4        0x0 c:/altera_lite/15.1/nios2eds/bin/gnu/h-x86_64-mingw32/bin/../lib/gcc/nios2-elf/4.9.2/../../../../../H-x86_64-mingw32/nios2-elf/lib/mhw-mulx\libc.a(closer.o)
 .data          0x000000000001a6e4        0x0 c:/altera_lite/15.1/nios2eds/bin/gnu/h-x86_64-mingw32/bin/../lib/gcc/nios2-elf/4.9.2/../../../../../H-x86_64-mingw32/nios2-elf/lib/mhw-mulx\libc.a(lib_a-callocr.o)
 .data          0x000000000001a6e4        0x0 c:/altera_lite/15.1/nios2eds/bin/gnu/h-x86_64-mingw32/bin/../lib/gcc/nios2-elf/4.9.2/../../../../../H-x86_64-mingw32/nios2-elf/lib/mhw-mulx\libc.a(lib_a-fclose.o)
 .data          0x000000000001a6e4        0x0 c:/altera_lite/15.1/nios2eds/bin/gnu/h-x86_64-mingw32/bin/../lib/gcc/nios2-elf/4.9.2/../../../../../H-x86_64-mingw32/nios2-elf/lib/mhw-mulx\libc.a(lib_a-fputwc.o)
 .data          0x000000000001a6e4        0x0 c:/altera_lite/15.1/nios2eds/bin/gnu/h-x86_64-mingw32/bin/../lib/gcc/nios2-elf/4.9.2/../../../../../H-x86_64-mingw32/nios2-elf/lib/mhw-mulx\libc.a(lib_a-fstatr.o)
 .data          0x000000000001a6e4        0x0 c:/altera_lite/15.1/nios2eds/bin/gnu/h-x86_64-mingw32/bin/../lib/gcc/nios2-elf/4.9.2/../../../../../H-x86_64-mingw32/nios2-elf/lib/mhw-mulx\libc.a(lib_a-fvwrite.o)
 .data          0x000000000001a6e4        0x0 c:/altera_lite/15.1/nios2eds/bin/gnu/h-x86_64-mingw32/bin/../lib/gcc/nios2-elf/4.9.2/../../../../../H-x86_64-mingw32/nios2-elf/lib/mhw-mulx\libc.a(lib_a-int_errno.o)
 .data          0x000000000001a6e4        0x0 c:/altera_lite/15.1/nios2eds/bin/gnu/h-x86_64-mingw32/bin/../lib/gcc/nios2-elf/4.9.2/../../../../../H-x86_64-mingw32/nios2-elf/lib/mhw-mulx\libc.a(lib_a-isattyr.o)
 .data          0x000000000001a6e4        0x0 c:/altera_lite/15.1/nios2eds/bin/gnu/h-x86_64-mingw32/bin/../lib/gcc/nios2-elf/4.9.2/../../../../../H-x86_64-mingw32/nios2-elf/lib/mhw-mulx\libc.a(lib_a-lseekr.o)
 .data          0x000000000001a6e4        0x0 c:/altera_lite/15.1/nios2eds/bin/gnu/h-x86_64-mingw32/bin/../lib/gcc/nios2-elf/4.9.2/../../../../../H-x86_64-mingw32/nios2-elf/lib/mhw-mulx\libc.a(lib_a-memmove.o)
 .data          0x000000000001a6e4        0x0 c:/altera_lite/15.1/nios2eds/bin/gnu/h-x86_64-mingw32/bin/../lib/gcc/nios2-elf/4.9.2/../../../../../H-x86_64-mingw32/nios2-elf/lib/mhw-mulx\libc.a(lib_a-readr.o)
 .data          0x000000000001a6e4        0x0 c:/altera_lite/15.1/nios2eds/bin/gnu/h-x86_64-mingw32/bin/../lib/gcc/nios2-elf/4.9.2/../../../../../H-x86_64-mingw32/nios2-elf/lib/mhw-mulx\libc.a(lib_a-reallocr.o)
 .data          0x000000000001a6e4        0x0 c:/altera_lite/15.1/nios2eds/bin/gnu/h-x86_64-mingw32/bin/../lib/gcc/nios2-elf/4.9.2/../../../../../H-x86_64-mingw32/nios2-elf/lib/mhw-mulx\libc.a(lib_a-wbuf.o)
 .data          0x000000000001a6e4        0x0 c:/altera_lite/15.1/nios2eds/bin/gnu/h-x86_64-mingw32/bin/../lib/gcc/nios2-elf/4.9.2/../../../../../H-x86_64-mingw32/nios2-elf/lib/mhw-mulx\libc.a(lib_a-wcrtomb.o)
 .data          0x000000000001a6e4        0x0 c:/altera_lite/15.1/nios2eds/bin/gnu/h-x86_64-mingw32/bin/../lib/gcc/nios2-elf/4.9.2/../../../../../H-x86_64-mingw32/nios2-elf/lib/mhw-mulx\libc.a(lib_a-wctomb_r.o)
 .data          0x000000000001a6e4        0x0 c:/altera_lite/15.1/nios2eds/bin/gnu/h-x86_64-mingw32/bin/../lib/gcc/nios2-elf/4.9.2/mhw-mulx\libgcc.a(_udivdi3.o)
 .data          0x000000000001a6e4        0x0 c:/altera_lite/15.1/nios2eds/bin/gnu/h-x86_64-mingw32/bin/../lib/gcc/nios2-elf/4.9.2/mhw-mulx\libgcc.a(_umoddi3.o)
 .data          0x000000000001a6e4        0x0 c:/altera_lite/15.1/nios2eds/bin/gnu/h-x86_64-mingw32/bin/../lib/gcc/nios2-elf/4.9.2/mhw-mulx\libgcc.a(lib2-divmod.o)
 .data          0x000000000001a6e4        0x0 c:/altera_lite/15.1/nios2eds/bin/gnu/h-x86_64-mingw32/bin/../lib/gcc/nios2-elf/4.9.2/mhw-mulx\libgcc.a(adddf3.o)
 .data          0x000000000001a6e4        0x0 c:/altera_lite/15.1/nios2eds/bin/gnu/h-x86_64-mingw32/bin/../lib/gcc/nios2-elf/4.9.2/mhw-mulx\libgcc.a(divdf3.o)
 .data          0x000000000001a6e4        0x0 c:/altera_lite/15.1/nios2eds/bin/gnu/h-x86_64-mingw32/bin/../lib/gcc/nios2-elf/4.9.2/mhw-mulx\libgcc.a(eqdf2.o)
 .data          0x000000000001a6e4        0x0 c:/altera_lite/15.1/nios2eds/bin/gnu/h-x86_64-mingw32/bin/../lib/gcc/nios2-elf/4.9.2/mhw-mulx\libgcc.a(gedf2.o)
 .data          0x000000000001a6e4        0x0 c:/altera_lite/15.1/nios2eds/bin/gnu/h-x86_64-mingw32/bin/../lib/gcc/nios2-elf/4.9.2/mhw-mulx\libgcc.a(ledf2.o)
 .data          0x000000000001a6e4        0x0 c:/altera_lite/15.1/nios2eds/bin/gnu/h-x86_64-mingw32/bin/../lib/gcc/nios2-elf/4.9.2/mhw-mulx\libgcc.a(muldf3.o)
 .data          0x000000000001a6e4        0x0 c:/altera_lite/15.1/nios2eds/bin/gnu/h-x86_64-mingw32/bin/../lib/gcc/nios2-elf/4.9.2/mhw-mulx\libgcc.a(subdf3.o)
 .data          0x000000000001a6e4        0x0 c:/altera_lite/15.1/nios2eds/bin/gnu/h-x86_64-mingw32/bin/../lib/gcc/nios2-elf/4.9.2/mhw-mulx\libgcc.a(fixdfsi.o)
 .data          0x000000000001a6e4        0x0 c:/altera_lite/15.1/nios2eds/bin/gnu/h-x86_64-mingw32/bin/../lib/gcc/nios2-elf/4.9.2/mhw-mulx\libgcc.a(floatsidf.o)
 .data          0x000000000001a6e4        0x0 c:/altera_lite/15.1/nios2eds/bin/gnu/h-x86_64-mingw32/bin/../lib/gcc/nios2-elf/4.9.2/mhw-mulx\libgcc.a(floatunsidf.o)
 .data          0x000000000001a6e4        0x0 c:/altera_lite/15.1/nios2eds/bin/gnu/h-x86_64-mingw32/bin/../lib/gcc/nios2-elf/4.9.2/mhw-mulx\libgcc.a(_clz.o)
 .data          0x000000000001a6e4        0x0 c:/altera_lite/15.1/nios2eds/bin/gnu/h-x86_64-mingw32/bin/../lib/gcc/nios2-elf/4.9.2/mhw-mulx\libgcc.a(_clzsi2.o)
 .data          0x000000000001a6e4        0x0 C:/Users/daans/Documents/Eclipse_Projecten_Nios/Keyboard_bsp/\libucosii_bsp.a(alt_close.o)
 .data          0x000000000001a6e4      0x1a8 C:/Users/daans/Documents/Eclipse_Projecten_Nios/Keyboard_bsp/\libucosii_bsp.a(alt_dev.o)
                0x000000000001a6e4                alt_dev_null
                0x000000000001a70c                alt_fd_list
 .data          0x000000000001a88c        0x0 C:/Users/daans/Documents/Eclipse_Projecten_Nios/Keyboard_bsp/\libucosii_bsp.a(alt_errno.o)
 .data          0x000000000001a88c        0x0 C:/Users/daans/Documents/Eclipse_Projecten_Nios/Keyboard_bsp/\libucosii_bsp.a(alt_fstat.o)
 .data          0x000000000001a88c        0x0 C:/Users/daans/Documents/Eclipse_Projecten_Nios/Keyboard_bsp/\libucosii_bsp.a(alt_isatty.o)
 .data          0x000000000001a88c        0x0 C:/Users/daans/Documents/Eclipse_Projecten_Nios/Keyboard_bsp/\libucosii_bsp.a(alt_load.o)
 .data          0x000000000001a88c        0x0 C:/Users/daans/Documents/Eclipse_Projecten_Nios/Keyboard_bsp/\libucosii_bsp.a(alt_lseek.o)
 .data          0x000000000001a88c        0x0 C:/Users/daans/Documents/Eclipse_Projecten_Nios/Keyboard_bsp/\libucosii_bsp.a(alt_main.o)
 .data          0x000000000001a88c        0x0 C:/Users/daans/Documents/Eclipse_Projecten_Nios/Keyboard_bsp/\libucosii_bsp.a(alt_read.o)
 .data          0x000000000001a88c        0x0 C:/Users/daans/Documents/Eclipse_Projecten_Nios/Keyboard_bsp/\libucosii_bsp.a(alt_release_fd.o)
 .data          0x000000000001a88c        0x0 C:/Users/daans/Documents/Eclipse_Projecten_Nios/Keyboard_bsp/\libucosii_bsp.a(alt_sbrk.o)
 .data          0x000000000001a88c        0x0 C:/Users/daans/Documents/Eclipse_Projecten_Nios/Keyboard_bsp/\libucosii_bsp.a(alt_write.o)
 .data          0x000000000001a88c        0x0 C:/Users/daans/Documents/Eclipse_Projecten_Nios/Keyboard_bsp/\libucosii_bsp.a(alt_env_lock.o)
 .data          0x000000000001a88c        0x0 C:/Users/daans/Documents/Eclipse_Projecten_Nios/Keyboard_bsp/\libucosii_bsp.a(alt_malloc_lock.o)
 .data          0x000000000001a88c        0x0 C:/Users/daans/Documents/Eclipse_Projecten_Nios/Keyboard_bsp/\libucosii_bsp.a(os_core.o)
 .data          0x000000000001a88c        0x0 C:/Users/daans/Documents/Eclipse_Projecten_Nios/Keyboard_bsp/\libucosii_bsp.a(os_dbg.o)
 .data          0x000000000001a88c        0x0 C:/Users/daans/Documents/Eclipse_Projecten_Nios/Keyboard_bsp/\libucosii_bsp.a(os_flag.o)
 .data          0x000000000001a88c        0x0 C:/Users/daans/Documents/Eclipse_Projecten_Nios/Keyboard_bsp/\libucosii_bsp.a(os_mem.o)
 .data          0x000000000001a88c        0x0 C:/Users/daans/Documents/Eclipse_Projecten_Nios/Keyboard_bsp/\libucosii_bsp.a(os_q.o)
 .data          0x000000000001a88c        0x0 C:/Users/daans/Documents/Eclipse_Projecten_Nios/Keyboard_bsp/\libucosii_bsp.a(os_sem.o)
 .data          0x000000000001a88c        0x0 C:/Users/daans/Documents/Eclipse_Projecten_Nios/Keyboard_bsp/\libucosii_bsp.a(os_task.o)
 .data          0x000000000001a88c        0x0 C:/Users/daans/Documents/Eclipse_Projecten_Nios/Keyboard_bsp/\libucosii_bsp.a(os_time.o)
 .data          0x000000000001a88c     0x13f0 C:/Users/daans/Documents/Eclipse_Projecten_Nios/Keyboard_bsp/\libucosii_bsp.a(alt_sys_init.o)
 .data          0x000000000001bc7c        0x0 C:/Users/daans/Documents/Eclipse_Projecten_Nios/Keyboard_bsp/\libucosii_bsp.a(altera_avalon_jtag_uart_fd.o)
 .data          0x000000000001bc7c        0x0 C:/Users/daans/Documents/Eclipse_Projecten_Nios/Keyboard_bsp/\libucosii_bsp.a(altera_avalon_jtag_uart_init.o)
 .data          0x000000000001bc7c        0x0 C:/Users/daans/Documents/Eclipse_Projecten_Nios/Keyboard_bsp/\libucosii_bsp.a(altera_avalon_jtag_uart_ioctl.o)
 .data          0x000000000001bc7c        0x0 C:/Users/daans/Documents/Eclipse_Projecten_Nios/Keyboard_bsp/\libucosii_bsp.a(altera_avalon_jtag_uart_read.o)
 .data          0x000000000001bc7c        0x0 C:/Users/daans/Documents/Eclipse_Projecten_Nios/Keyboard_bsp/\libucosii_bsp.a(altera_avalon_jtag_uart_write.o)
 .data          0x000000000001bc7c        0x0 C:/Users/daans/Documents/Eclipse_Projecten_Nios/Keyboard_bsp/\libucosii_bsp.a(altera_avalon_timer_sc.o)
 .data          0x000000000001bc7c        0x0 C:/Users/daans/Documents/Eclipse_Projecten_Nios/Keyboard_bsp/\libucosii_bsp.a(altera_up_avalon_character_lcd.o)
 .data          0x000000000001bc7c        0x0 C:/Users/daans/Documents/Eclipse_Projecten_Nios/Keyboard_bsp/\libucosii_bsp.a(altera_up_avalon_irda.o)
 .data          0x000000000001bc7c        0x0 C:/Users/daans/Documents/Eclipse_Projecten_Nios/Keyboard_bsp/\libucosii_bsp.a(altera_up_avalon_ps2.o)
 .data          0x000000000001bc7c        0x0 C:/Users/daans/Documents/Eclipse_Projecten_Nios/Keyboard_bsp/\libucosii_bsp.a(altera_up_avalon_rs232.o)
 .data          0x000000000001bc7c        0x0 C:/Users/daans/Documents/Eclipse_Projecten_Nios/Keyboard_bsp/\libucosii_bsp.a(altera_up_avalon_video_character_buffer_with_dma.o)
 .data          0x000000000001bc7c      0x2cc C:/Users/daans/Documents/Eclipse_Projecten_Nios/Keyboard_bsp/\libucosii_bsp.a(altera_up_ps2_keyboard.o)
                0x000000000001bc7c                key_table
                0x000000000001be14                ascii_codes
                0x000000000001be7a                single_byte_make_code