Archive member included to satisfy reference by file (symbol)

c:/altera_lite/15.1/nios2eds/bin/gnu/h-x86_64-mingw32/bin/../lib/gcc/nios2-elf/4.9.2/../../../../../H-x86_64-mingw32/nios2-elf/lib/mhw-mulx\libc.a(lib_a-printf.o)
                              obj/default/hello_ucosii.o (printf)
c:/altera_lite/15.1/nios2eds/bin/gnu/h-x86_64-mingw32/bin/../lib/gcc/nios2-elf/4.9.2/../../../../../H-x86_64-mingw32/nios2-elf/lib/mhw-mulx\libc.a(lib_a-puts.o)
                              obj/default/hello_ucosii.o (puts)
c:/altera_lite/15.1/nios2eds/bin/gnu/h-x86_64-mingw32/bin/../lib/gcc/nios2-elf/4.9.2/../../../../../H-x86_64-mingw32/nios2-elf/lib/mhw-mulx\libc.a(lib_a-strcmp.o)
                              obj/default/hello_ucosii.o (strcmp)
c:/altera_lite/15.1/nios2eds/bin/gnu/h-x86_64-mingw32/bin/../lib/gcc/nios2-elf/4.9.2/../../../../../H-x86_64-mingw32/nios2-elf/lib/mhw-mulx\libc.a(lib_a-strlen.o)
                              obj/default/hello_ucosii.o (strlen)
c:/altera_lite/15.1/nios2eds/bin/gnu/h-x86_64-mingw32/bin/../lib/gcc/nios2-elf/4.9.2/../../../../../H-x86_64-mingw32/nios2-elf/lib/mhw-mulx\libc.a(lib_a-vfprintf.o)
                              c:/altera_lite/15.1/nios2eds/bin/gnu/h-x86_64-mingw32/bin/../lib/gcc/nios2-elf/4.9.2/../../../../../H-x86_64-mingw32/nios2-elf/lib/mhw-mulx\libc.a(lib_a-printf.o) (___vfprintf_internal_r)
c:/altera_lite/15.1/nios2eds/bin/gnu/h-x86_64-mingw32/bin/../lib/gcc/nios2-elf/4.9.2/../../../../../H-x86_64-mingw32/nios2-elf/lib/mhw-mulx\libc.a(lib_a-wsetup.o)
                              c:/altera_lite/15.1/nios2eds/bin/gnu/h-x86_64-mingw32/bin/../lib/gcc/nios2-elf/4.9.2/../../../../../H-x86_64-mingw32/nios2-elf/lib/mhw-mulx\libc.a(lib_a-vfprintf.o) (__swsetup_r)
c:/altera_lite/15.1/nios2eds/bin/gnu/h-x86_64-mingw32/bin/../lib/gcc/nios2-elf/4.9.2/../../../../../H-x86_64-mingw32/nios2-elf/lib/mhw-mulx\libc.a(lib_a-dtoa.o)
                              c:/altera_lite/15.1/nios2eds/bin/gnu/h-x86_64-mingw32/bin/../lib/gcc/nios2-elf/4.9.2/../../../../../H-x86_64-mingw32/nios2-elf/lib/mhw-mulx\libc.a(lib_a-vfprintf.o) (_dtoa_r)
c:/altera_lite/15.1/nios2eds/bin/gnu/h-x86_64-mingw32/bin/../lib/gcc/nios2-elf/4.9.2/../../../../../H-x86_64-mingw32/nios2-elf/lib/mhw-mulx\libc.a(lib_a-fflush.o)
                              c:/altera_lite/15.1/nios2eds/bin/gnu/h-x86_64-mingw32/bin/../lib/gcc/nios2-elf/4.9.2/../../../../../H-x86_64-mingw32/nios2-elf/lib/mhw-mulx\libc.a(lib_a-vfprintf.o) (_fflush_r)
c:/altera_lite/15.1/nios2eds/bin/gnu/h-x86_64-mingw32/bin/../lib/gcc/nios2-elf/4.9.2/../../../../../H-x86_64-mingw32/nios2-elf/lib/mhw-mulx\libc.a(lib_a-findfp.o)
                              c:/altera_lite/15.1/nios2eds/bin/gnu/h-x86_64-mingw32/bin/../lib/gcc/nios2-elf/4.9.2/../../../../../H-x86_64-mingw32/nios2-elf/lib/mhw-mulx\libc.a(lib_a-vfprintf.o) (__sinit)
c:/altera_lite/15.1/nios2eds/bin/gnu/h-x86_64-mingw32/bin/../lib/gcc/nios2-elf/4.9.2/../../../../../H-x86_64-mingw32/nios2-elf/lib/mhw-mulx\libc.a(lib_a-freer.o)
                              c:/altera_lite/15.1/nios2eds/bin/gnu/h-x86_64-mingw32/bin/../lib/gcc/nios2-elf/4.9.2/../../../../../H-x86_64-mingw32/nios2-elf/lib/mhw-mulx\libc.a(lib_a-wsetup.o) (_free_r)
c:/altera_lite/15.1/nios2eds/bin/gnu/h-x86_64-mingw32/bin/../lib/gcc/nios2-elf/4.9.2/../../../../../H-x86_64-mingw32/nios2-elf/lib/mhw-mulx\libc.a(lib_a-fvwrite.o)
                              c:/altera_lite/15.1/nios2eds/bin/gnu/h-x86_64-mingw32/bin/../lib/gcc/nios2-elf/4.9.2/../../../../../H-x86_64-mingw32/nios2-elf/lib/mhw-mulx\libc.a(lib_a-puts.o) (__sfvwrite_r)
c:/altera_lite/15.1/nios2eds/bin/gnu/h-x86_64-mingw32/bin/../lib/gcc/nios2-elf/4.9.2/../../../../../H-x86_64-mingw32/nios2-elf/lib/mhw-mulx\libc.a(lib_a-fwalk.o)
                              c:/altera_lite/15.1/nios2eds/bin/gnu/h-x86_64-mingw32/bin/../lib/gcc/nios2-elf/4.9.2/../../../../../H-x86_64-mingw32/nios2-elf/lib/mhw-mulx\libc.a(lib_a-findfp.o) (_fwalk)
c:/altera_lite/15.1/nios2eds/bin/gnu/h-x86_64-mingw32/bin/../lib/gcc/nios2-elf/4.9.2/../../../../../H-x86_64-mingw32/nios2-elf/lib/mhw-mulx\libc.a(lib_a-impure.o)
                              c:/altera_lite/15.1/nios2eds/bin/gnu/h-x86_64-mingw32/bin/../lib/gcc/nios2-elf/4.9.2/../../../../../H-x86_64-mingw32/nios2-elf/lib/mhw-mulx\libc.a(lib_a-fflush.o) (_global_impure_ptr)
c:/altera_lite/15.1/nios2eds/bin/gnu/h-x86_64-mingw32/bin/../lib/gcc/nios2-elf/4.9.2/../../../../../H-x86_64-mingw32/nios2-elf/lib/mhw-mulx\libc.a(lib_a-locale.o)
                              c:/altera_lite/15.1/nios2eds/bin/gnu/h-x86_64-mingw32/bin/../lib/gcc/nios2-elf/4.9.2/../../../../../H-x86_64-mingw32/nios2-elf/lib/mhw-mulx\libc.a(lib_a-vfprintf.o) (_localeconv_r)
c:/altera_lite/15.1/nios2eds/bin/gnu/h-x86_64-mingw32/bin/../lib/gcc/nios2-elf/4.9.2/../../../../../H-x86_64-mingw32/nios2-elf/lib/mhw-mulx\libc.a(lib_a-makebuf.o)
[...]
Memory Configuration

Name             Origin             Length             Attributes
reset            0x0000000000000000 0x0000000000000020
SDRAM            0x0000000000000020 0x0000000003ffffe0
Flash_flash_data 0x000000000c000000 0x0000000000800000
*default*        0x0000000000000000 0xffffffffffffffff

Linker script and memory map

LOAD C:/Users/daans/Documents/Eclipse_Projecten_Nios/Keyboard_bsp//obj/HAL/src/crt0.o
LOAD obj/default/hello_ucosii.o
LOAD c:/altera_lite/15.1/nios2eds/bin/gnu/h-x86_64-mingw32/bin/../lib/gcc/nios2-elf/4.9.2/../../../../../H-x86_64-mingw32/nios2-elf/lib/mhw-mulx\libstdc++.a
LOAD c:/altera_lite/15.1/nios2eds/bin/gnu/h-x86_64-mingw32/bin/../lib/gcc/nios2-elf/4.9.2/../../../../../H-x86_64-mingw32/nios2-elf/lib/mhw-mulx\libm.a
LOAD c:/altera_lite/15.1/nios2eds/bin/gnu/h-x86_64-mingw32/bin/../lib/gcc/nios2-elf/4.9.2/mhw-mulx\libgcc.a
START GROUP
LOAD c:/altera_lite/15.1/nios2eds/bin/gnu/h-x86_64-mingw32/bin/../lib/gcc/nios2-elf/4.9.2/../../../../../H-x86_64-mingw32/nios2-elf/lib/mhw-mulx\libc.a
LOAD c:/altera_lite/15.1/nios2eds/bin/gnu/h-x86_64-mingw32/bin/../lib/gcc/nios2-elf/4.9.2/mhw-mulx\libgcc.a
LOAD C:/Users/daans/Documents/Eclipse_Projecten_Nios/Keyboard_bsp/\libucosii_bsp.a
LOAD c:/altera_lite/15.1/nios2eds/bin/gnu/h-x86_64-mingw32/bin/../lib/gcc/nios2-elf/4.9.2/../../../../../H-x86_64-mingw32/nios2-elf/lib/mhw-mulx\libm.a
END GROUP
LOAD c:/altera_lite/15.1/nios2eds/bin/gnu/h-x86_64-mingw32/bin/../lib/gcc/nios2-elf/4.9.2/mhw-mulx\libgcc.a
                0x0000000000000000                __alt_mem_SDRAM = 0x0
                0x000000000c000000                __alt_mem_Flash_flash_data = 0xc000000

.entry          0x0000000000000000       0x20
 *(.entry)
 .entry         0x0000000000000000       0x20 C:/Users/daans/Documents/Eclipse_Projecten_Nios/Keyboard_bsp//obj/HAL/src/crt0.o
                0x0000000000000000                __reset

.exceptions     0x0000000000000020      0x224
                0x0000000000000020                PROVIDE (__ram_exceptions_start, ABSOLUTE (.))
                0x0000000000000020                . = ALIGN (0x20)
 *(.irq)
 *(.exceptions.entry.label)
 .exceptions.entry.label
                0x0000000000000020        0x0 C:/Users/daans/Documents/Eclipse_Projecten_Nios/Keyboard_bsp/\libucosii_bsp.a(alt_irq_entry.o)
                0x0000000000000020                alt_irq_entry
 .exceptions.entry.label
                0x0000000000000020        0x0 C:/Users/daans/Documents/Eclipse_Projecten_Nios/Keyboard_bsp/\libucosii_bsp.a(alt_exception_entry.o)
                0x0000000000000020                alt_exception
 *(.exceptions.entry.user)
 *(.exceptions.entry.ecc_fatal)
 *(.exceptions.entry)
 .exceptions.entry
                0x0000000000000020       0x54 C:/Users/daans/Documents/Eclipse_Projecten_Nios/Keyboard_bsp/\libucosii_bsp.a(alt_exception_entry.o)
 *(.exceptions.irqtest.user)
 *(.exceptions.irqtest)
 .exceptions.irqtest
                0x0000000000000074       0x10 C:/Users/daans/Documents/Eclipse_Projecten_Nios/Keyboard_bsp/\libucosii_bsp.a(alt_irq_entry.o)
 *(.exceptions.irqhandler.user)
 *(.exceptions.irqhandler)
 .exceptions.irqhandler
                0x0000000000000084        0x4 C:/Users/daans/Documents/Eclipse_Projecten_Nios/Keyboard_bsp/\libucosii_bsp.a(alt_irq_entry.o)
 *(.exceptions.irqreturn.user)
 *(.exceptions.irqreturn)
 .exceptions.irqreturn
                0x0000000000000088        0x4 C:/Users/daans/Documents/Eclipse_Projecten_Nios/Keyboard_bsp/\libucosii_bsp.a(alt_irq_entry.o)
 *(.exceptions.notirq.label)
 .exceptions.notirq.label
                0x000000000000008c        0x0 C:/Users/daans/Documents/Eclipse_Projecten_Nios/Keyboard_bsp/\libucosii_bsp.a(alt_irq_entry.o)
 *(.exceptions.notirq.user)
 *(.exceptions.notirq)
 .exceptions.notirq
                0x000000000000008c        0x8 C:/Users/daans/Documents/Eclipse_Projecten_Nios/Keyboard_bsp/\libucosii_bsp.a(alt_exception_entry.o)
 *(.exceptions.soft.user)
 *(.exceptions.soft)
 *(.exceptions.unknown.user)
 *(.exceptions.unknown)
 .exceptions.unknown
                0x0000000000000094       0x14 C:/Users/daans/Documents/Eclipse_Projecten_Nios/Keyboard_bsp/\libucosii_bsp.a(alt_exception_entry.o)
 *(.exceptions.exit.label)
 .exceptions.exit.label
                0x00000000000000a8        0x0 C:/Users/daans/Documents/Eclipse_Projecten_Nios/Keyboard_bsp/\libucosii_bsp.a(alt_irq_entry.o)
 .exceptions.exit.label
                0x00000000000000a8        0x0 C:/Users/daans/Documents/Eclipse_Projecten_Nios/Keyboard_bsp/\libucosii_bsp.a(alt_exception_entry.o)
 *(.exceptions.exit.user)
 *(.exceptions.exit)
 .exceptions.exit
                0x00000000000000a8       0x54 C:/Users/daans/Documents/Eclipse_Projecten_Nios/Keyboard_bsp/\libucosii_bsp.a(alt_exception_entry.o)
 *(.exceptions)
 .exceptions    0x00000000000000fc       0xd4 C:/Users/daans/Documents/Eclipse_Projecten_Nios/Keyboard_bsp/\libucosii_bsp.a(alt_irq_handler.o)
                0x00000000000000fc                alt_irq_handler
 .exceptions    0x00000000000001d0       0x74 C:/Users/daans/Documents/Eclipse_Projecten_Nios/Keyboard_bsp/\libucosii_bsp.a(alt_instruction_exception_entry.o)
                0x00000000000001d0                alt_instruction_exception_entry
                0x0000000000000244                PROVIDE (__ram_exceptions_end, ABSOLUTE (.))
                0x0000000000000020                PROVIDE (__flash_exceptions_start, LOADADDR (.exceptions))

.text           0x0000000000000244    0x196e8
                0x0000000000000244                PROVIDE (stext, ABSOLUTE (.))
 *(.interp)
 *(.hash)
 *(.dynsym)
 *(.dynstr)
 *(.gnu.version)
 *(.gnu.version_d)
 *(.gnu.version_r)
 *(.rel.init)
 *(.rela.init)
 *(.rel.text .rel.text.* .rel.gnu.linkonce.t.*)
 *(.rela.text .rela.text.* .rela.gnu.linkonce.t.*)
 *(.rel.fini)
 *(.rela.fini)
 *(.rel.rodata .rel.rodata.* .rel.gnu.linkonce.r.*)
 *(.rela.rodata .rela.rodata.* .rela.gnu.linkonce.r.*)
 *(.rel.data .rel.data.* .rel.gnu.linkonce.d.*)
 *(.rela.data .rela.data.* .rela.gnu.linkonce.d.*)
 *(.rel.tdata .rel.tdata.* .rel.gnu.linkonce.td.*)
 *(.rela.tdata .rela.tdata.* .rela.gnu.linkonce.td.*)
 *(.rel.tbss .rel.tbss.* .rel.gnu.linkonce.tb.*)
 *(.rela.tbss .rela.tbss.* .rela.gnu.linkonce.tb.*)
 *(.rel.ctors)
 *(.rela.ctors)
 *(.rel.dtors)
 *(.rela.dtors)
 *(.rel.got)
 *(.rela.got)
 *(.rel.sdata .rel.sdata.* .rel.gnu.linkonce.s.*)
 *(.rela.sdata .rela.sdata.* .rela.gnu.linkonce.s.*)
 *(.rel.sbss .rel.sbss.* .rel.gnu.linkonce.sb.*)
 *(.rela.sbss .rela.sbss.* .rela.gnu.linkonce.sb.*)
 *(.rel.sdata2 .rel.sdata2.* .rel.gnu.linkonce.s2.*)
 *(.rela.sdata2 .rela.sdata2.* .rela.gnu.linkonce.s2.*)
 *(.rel.sbss2 .rel.sbss2.* .rel.gnu.linkonce.sb2.*)
 *(.rela.sbss2 .rela.sbss2.* .rela.gnu.linkonce.sb2.*)
 *(.rel.bss .rel.bss.* .rel.gnu.linkonce.b.*)
 *(.rela.bss .rela.bss.* .rela.gnu.linkonce.b.*)
 *(.rel.plt)
 *(.rela.plt)
 *(.rel.dyn)
 *(.init)
 *(.plt)
 *(.text .stub .text.* .gnu.linkonce.t.*)
 .text          0x0000000000000244       0x3c C:/Users/daans/Documents/Eclipse_Projecten_Nios/Keyboard_bsp//obj/HAL/src/crt0.o
                0x0000000000000244                _start
 .text          0x0000000000000280      0x604 obj/default/hello_ucosii.o
                0x0000000000000280                task1
                0x0000000000000354                main
                0x0000000000000400                VGA_box
                0x00000000000004b4                VGA_text
                0x0000000000000530                PS2
                0x0000000000000578                getKey
                0x000000000000069c                getJP5
                0x0000000000000740                charToBinary
                0x0000000000000810                binaryToChar
 .text          0x0000000000000884        0x0 c:/altera_lite/15.1/nios2eds/bin/gnu/h-x86_64-mingw32/bin/../lib/gcc/nios2-elf/4.9.2/../../../../../H-x86_64-mingw32/nios2-elf/lib/mhw-mulx\libc.a(lib_a-printf.o)
 .text._printf_r
                0x0000000000000884       0x2c c:/altera_lite/15.1/nios2eds/bin/gnu/h-x86_64-mingw32/bin/../lib/gcc/nios2-elf/4.9.2/../../../../../H-x86_64-mingw32/nios2-elf/lib/mhw-mulx\libc.a(lib_a-printf.o)
                0x0000000000000884                _printf_r
 .text.printf   0x00000000000008b0       0x3c c:/altera_lite/15.1/nios2eds/bin/gnu/h-x86_64-mingw32/bin/../lib/gcc/nios2-elf/4.9.2/../../../../../H-x86_64-mingw32/nios2-elf/lib/mhw-mulx\libc.a(lib_a-printf.o)
                0x00000000000008b0                printf
 .text          0x00000000000008ec        0x0 c:/altera_lite/15.1/nios2eds/bin/gnu/h-x86_64-mingw32/bin/../lib/gcc/nios2-elf/4.9.2/../../../../../H-x86_64-mingw32/nios2-elf/lib/mhw-mulx\libc.a(lib_a-puts.o)
 .text._puts_r  0x00000000000008ec       0xa8 c:/altera_lite/15.1/nios2eds/bin/gnu/h-x86_64-mingw32/bin/../lib/gcc/nios2-elf/4.9.2/../../../../../H-x86_64-mingw32/nios2-elf/lib/mhw-mulx\libc.a(lib_a-puts.o)
                0x00000000000008ec                _puts_r
 .text.puts     0x0000000000000994       0x14 c:/altera_lite/15.1/nios2eds/bin/gnu/h-x86_64-mingw32/bin/../lib/gcc/nios2-elf/4.9.2/../../../../../H-x86_64-mingw32/nios2-elf/lib/mhw-mulx\libc.a(lib_a-puts.o)
                0x0000000000000994                puts
 .text          0x00000000000009a8        0x0 c:/altera_lite/15.1/nios2eds/bin/gnu/h-x86_64-mingw32/bin/../lib/gcc/nios2-elf/4.9.2/../../../../../H-x86_64-mingw32/nios2-elf/lib/mhw-mulx\libc.a(lib_a-strcmp.o)
 .text.strcmp   0x00000000000009a8       0xa4 c:/altera_lite/15.1/nios2eds/bin/gnu/h-x86_64-mingw32/bin/../lib/gcc/nios2-elf/4.9.2/../../../../../H-x86_64-mingw32/nios2-elf/lib/mhw-mulx\libc.a(lib_a-strcmp.o)
                0x00000000000009a8                strcmp
 .text          0x0000000000000a4c        0x0 c:/altera_lite/15.1/nios2eds/bin/gnu/h-x86_64-mingw32/bin/../lib/gcc/nios2-elf/4.9.2/../../../../../H-x86_64-mingw32/nios2-elf/lib/mhw-mulx\libc.a(lib_a-strlen.o)
 .text.strlen   0x0000000000000a4c       0x98 c:/altera_lite/15.1/nios2eds/bin/gnu/h-x86_64-mingw32/bin/../lib/gcc/nios2-elf/4.9.2/../../../../../H-x86_64-mingw32/nios2-elf/lib/mhw-mulx\libc.a(lib_a-strlen.o)
                0x0000000000000a4c                strlen
 .text          0x0000000000000ae4        0x0 c:/altera_lite/15.1/nios2eds/bin/gnu/h-x86_64-mingw32/bin/../lib/gcc/nios2-elf/4.9.2/../../../../../H-x86_64-mingw32/nios2-elf/lib/mhw-mulx\libc.a(lib_a-vfprintf.o)
 .text.___vfprintf_internal_r
                0x0000000000000ae4     0x1f50 c:/altera_lite/15.1/nios2eds/bin/gnu/h-x86_64-mingw32/bin/../lib/gcc/nios2-elf/4.9.2/../../../../../H-x86_64-mingw32/nios2-elf/lib/mhw-mulx\libc.a(lib_a-vfprintf.o)
                0x0000000000000ae4                ___vfprintf_internal_r
 .text.__vfprintf_internal
                0x0000000000002a34       0x24 c:/altera_lite/15.1/nios2eds/bin/gnu/h-x86_64-mingw32/bin/../lib/gcc/nios2-elf/4.9.2/../../../../../H-x86_64-mingw32/nios2-elf/lib/mhw-mulx\libc.a(lib_a-vfprintf.o)
                0x0000000000002a34                __vfprintf_internal
 .text.__sbprintf
                0x0000000000002a58       0xbc c:/altera_lite/15.1/nios2eds/bin/gnu/h-x86_64-mingw32/bin/../lib/gcc/nios2-elf/4.9.2/../../../../../H-x86_64-mingw32/nios2-elf/lib/mhw-mulx\libc.a(lib_a-vfprintf.o)
 .text          0x0000000000002b14        0x0 c:/altera_lite/15.1/nios2eds/bin/gnu/h-x86_64-mingw32/bin/../lib/gcc/nios2-elf/4.9.2/../../../../../H-x86_64-mingw32/nios2-elf/lib/mhw-mulx\libc.a(lib_a-wsetup.o)
 .text.__swsetup_r
                0x0000000000002b14      0x154 c:/altera_lite/15.1/nios2eds/bin/gnu/h-x86_64-mingw32/bin/../lib/gcc/nios2-elf/4.9.2/../../../../../H-x86_64-mingw32/nios2-elf/lib/mhw-mulx\libc.a(lib_a-wsetup.o)
                0x0000000000002b14                __swsetup_r
 .text          0x0000000000002c68        0x0 c:/altera_lite/15.1/nios2eds/bin/gnu/h-x86_64-mingw32/bin/../lib/gcc/nios2-elf/4.9.2/../../../../../H-x86_64-mingw32/nios2-elf/lib/mhw-mulx\libc.a(lib_a-dtoa.o)
 .text.quorem   0x0000000000002c68      0x200 c:/altera_lite/15.1/nios2eds/bin/gnu/h-x86_64-mingw32/bin/../lib/gcc/nios2-elf/4.9.2/../../../../../H-x86_64-mingw32/nios2-elf/lib/mhw-mulx\libc.a(lib_a-dtoa.o)
 .text._dtoa_r  0x0000000000002e68     0x1728 c:/altera_lite/15.1/nios2eds/bin/gnu/h-x86_64-mingw32/bin/../lib/gcc/nios2-elf/4.9.2/../../../../../H-x86_64-mingw32/nios2-elf/lib/mhw-mulx\libc.a(lib_a-dtoa.o)
                0x0000000000002e68                _dtoa_r
 .text          0x0000000000004590        0x0 c:/altera_lite/15.1/nios2eds/bin/gnu/h-x86_64-mingw32/bin/../lib/gcc/nios2-elf/4.9.2/../../../../../H-x86_64-mingw32/nios2-elf/lib/mhw-mulx\libc.a(lib_a-fflush.o)
 .text.__sflush_r
                0x0000000000004590      0x208 c:/altera_lite/15.1/nios2eds/bin/gnu/h-x86_64-mingw32/bin/../lib/gcc/nios2-elf/4.9.2/../../../../../H-x86_64-mingw32/nios2-elf/lib/mhw-mulx\libc.a(lib_a-fflush.o)
                0x0000000000004590                __sflush_r
 .text._fflush_r
                0x0000000000004798       0x5c c:/altera_lite/15.1/nios2eds/bin/gnu/h-x86_64-mingw32/bin/../lib/gcc/nios2-elf/4.9.2/../../../../../H-x86_64-mingw32/nios2-elf/lib/mhw-mulx\libc.a(lib_a-fflush.o)
                0x0000000000004798                _fflush_r
 .text.fflush   0x00000000000047f4       0x30 c:/altera_lite/15.1/nios2eds/bin/gnu/h-x86_64-mingw32/bin/../lib/gcc/nios2-elf/4.9.2/../../../../../H-x86_64-mingw32/nios2-elf/lib/mhw-mulx\libc.a(lib_a-fflush.o)
                0x00000000000047f4                fflush
 .text          0x0000000000004824        0x0 c:/altera_lite/15.1/nios2eds/bin/gnu/h-x86_64-mingw32/bin/../lib/gcc/nios2-elf/4.9.2/../../../../../H-x86_64-mingw32/nios2-elf/lib/mhw-mulx\libc.a(lib_a-findfp.o)
 .text.__fp_lock
                0x0000000000004824        0x8 c:/altera_lite/15.1/nios2eds/bin/gnu/h-x86_64-mingw32/bin/../lib/gcc/nios2-elf/4.9.2/../../../../../H-x86_64-mingw32/nios2-elf/lib/mhw-mulx\libc.a(lib_a-findfp.o)
 .text.__fp_unlock
                0x000000000000482c        0x8 c:/altera_lite/15.1/nios2eds/bin/gnu/h-x86_64-mingw32/bin/../lib/gcc/nios2-elf/4.9.2/../../../../../H-x86_64-mingw32/nios2-elf/lib/mhw-mulx\libc.a(lib_a-findfp.o)
 .text._cleanup_r
                0x0000000000004834        0xc c:/altera_lite/15.1/nios2eds/bin/gnu/h-x86_64-mingw32/bin/../lib/gcc/nios2-elf/4.9.2/../../../../../H-x86_64-mingw32/nios2-elf/lib/mhw-mulx\libc.a(lib_a-findfp.o)
                0x0000000000004834                _cleanup_r
 .text.__sinit.part.1
                0x0000000000004840      0x19c c:/altera_lite/15.1/nios2eds/bin/gnu/h-x86_64-mingw32/bin/../lib/gcc/nios2-elf/4.9.2/../../../../../H-x86_64-mingw32/nios2-elf/lib/mhw-mulx\libc.a(lib_a-findfp.o)
 .text.__sfmoreglue
                0x00000000000049dc       0x68 c:/altera_lite/15.1/nios2eds/bin/gnu/h-x86_64-mingw32/bin/../lib/gcc/nios2-elf/4.9.2/../../../../../H-x86_64-mingw32/nios2-elf/lib/mhw-mulx\libc.a(lib_a-findfp.o)
                0x00000000000049dc                __sfmoreglue
 .text.__sfp    0x0000000000004a44      0x118 c:/altera_lite/15.1/nios2eds/bin/gnu/h-x86_64-mingw32/bin/../lib/gcc/nios2-elf/4.9.2/../../../../../H-x86_64-mingw32/nios2-elf/lib/mhw-mulx\libc.a(lib_a-findfp.o)
                0x0000000000004a44                __sfp
 .text._cleanup
                0x0000000000004b5c       0x18 c:/altera_lite/15.1/nios2eds/bin/gnu/h-x86_64-mingw32/bin/../lib/gcc/nios2-elf/4.9.2/../../../../../H-x86_64-mingw32/nios2-elf/lib/mhw-mulx\libc.a(lib_a-findfp.o)
                0x0000000000004b5c                _cleanup
 .text.__sinit  0x0000000000004b74       0x10 c:/altera_lite/15.1/nios2eds/bin/gnu/h-x86_64-mingw32/bin/../lib/gcc/nios2-elf/4.9.2/../../../../../H-x86_64-mingw32/nios2-elf/lib/mhw-mulx\libc.a(lib_a-findfp.o)
                0x0000000000004b74                __sinit
 .text.__sfp_lock_acquire
                0x0000000000004b84        0x4 c:/altera_lite/15.1/nios2eds/bin/gnu/h-x86_64-mingw32/bin/../lib/gcc/nios2-elf/4.9.2/../../../../../H-x86_64-mingw32/nios2-elf/lib/mhw-mulx\libc.a(lib_a-findfp.o)
                0x0000000000004b84                __sfp_lock_acquire
 .text.__sfp_lock_release
                0x0000000000004b88        0x4 c:/altera_lite/15.1/nios2eds/bin/gnu/h-x86_64-mingw32/bin/../lib/gcc/nios2-elf/4.9.2/../../../../../H-x86_64-mingw32/nios2-elf/lib/mhw-mulx\libc.a(lib_a-findfp.o)
                0x0000000000004b88                __sfp_lock_release
 .text.__sinit_lock_acquire
                0x0000000000004b8c        0x4 c:/altera_lite/15.1/nios2eds/bin/gnu/h-x86_64-mingw32/bin/../lib/gcc/nios2-elf/4.9.2/../../../../../H-x86_64-mingw32/nios2-elf/lib/mhw-mulx\libc.a(lib_a-findfp.o)
                0x0000000000004b8c                __sinit_lock_acquire
 .text.__sinit_lock_release
                0x0000000000004b90        0x4 c:/altera_lite/15.1/nios2eds/bin/gnu/h-x86_64-mingw32/bin/../lib/gcc/nios2-elf/4.9.2/../../../../../H-x86_64-mingw32/nios2-elf/lib/mhw-mulx\libc.a(lib_a-findfp.o)
                0x0000000000004b90                __sinit_lock_release
 .text.__fp_lock_all
                0x0000000000004b94       0x18 c:/altera_lite/15.1/nios2eds/bin/gnu/h-x86_64-mingw32/bin/../lib/gcc/nios2-elf/4.9.2/../../../../../H-x86_64-mingw32/nios2-elf/lib/mhw-mulx\libc.a(lib_a-findfp.o)
                0x0000000000004b94                __fp_lock_all
 .text.__fp_unlock_all
                0x0000000000004bac       0x18 c:/altera_lite/15.1/nios2eds/bin/gnu/h-x86_64-mingw32/bin/../lib/gcc/nios2-elf/4.9.2/../../../../../H-x86_64-mingw32/nios2-elf/lib/mhw-mulx\libc.a(lib_a-findfp.o)
                0x0000000000004bac                __fp_unlock_all
 .text          0x0000000000004bc4        0x0 c:/altera_lite/15.1/nios2eds/bin/gnu/h-x86_64-mingw32/bin/../lib/gcc/nios2-elf/4.9.2/../../../../../H-x86_64-mingw32/nios2-elf/lib/mhw-mulx\libc.a(lib_a-freer.o)
 .text._malloc_trim_r
                0x0000000000004bc4      0x124 c:/altera_lite/15.1/nios2eds/bin/gnu/h-x86_64-mingw32/bin/../lib/gcc/nios2-elf/4.9.2/../../../../../H-x86_64-mingw32/nios2-elf/lib/mhw-mulx\libc.a(lib_a-freer.o)
                0x0000000000004bc4                _malloc_trim_r
 .text._free_r  0x0000000000004ce8      0x2f0 c:/altera_lite/15.1/nios2eds/bin/gnu/h-x86_64-mingw32/bin/../lib/gcc/nios2-elf/4.9.2/../../../../../H-x86_64-mingw32/nios2-elf/lib/mhw-mulx\libc.a(lib_a-freer.o)
                0x0000000000004ce8                _free_r
 .text          0x0000000000004fd8        0x0 c:/altera_lite/15.1/nios2eds/bin/gnu/h-x86_64-mingw32/bin/../lib/gcc/nios2-elf/4.9.2/../../../../../H-x86_64-mingw32/nios2-elf/lib/mhw-mulx\libc.a(lib_a-fvwrite.o)
 .text.__sfvwrite_r
                0x0000000000004fd8      0x4c0 c:/altera_lite/15.1/nios2eds/bin/gnu/h-x86_64-mingw32/bin/../lib/gcc/nios2-elf/4.9.2/../../../../../H-x86_64-mingw32/nios2-elf/lib/mhw-mulx\libc.a(lib_a-fvwrite.o)
                0x0000000000004fd8                __sfvwrite_r
 .text          0x0000000000005498        0x0 c:/altera_lite/15.1/nios2eds/bin/gnu/h-x86_64-mingw32/bin/../lib/gcc/nios2-elf/4.9.2/../../../../../H-x86_64-mingw32/nios2-elf/lib/mhw-mulx\libc.a(lib_a-fwalk.o)
 .text._fwalk   0x0000000000005498       0xc4 c:/altera_lite/15.1/nios2eds/bin/gnu/h-x86_64-mingw32/bin/../lib/gcc/nios2-elf/4.9.2/../../../../../H-x86_64-mingw32/nios2-elf/lib/mhw-mulx\libc.a(lib_a-fwalk.o)
                0x0000000000005498                _fwalk
 .text._fwalk_reent
                0x000000000000555c       0xc4 c:/altera_lite/15.1/nios2eds/bin/gnu/h-x86_64-mingw32/bin/../lib/gcc/nios2-elf/4.9.2/../../../../../H-x86_64-mingw32/nios2-elf/lib/mhw-mulx\libc.a(lib_a-fwalk.o)
                0x000000000000555c                _fwalk_reent
 .text          0x0000000000005620        0x0 c:/altera_lite/15.1/nios2eds/bin/gnu/h-x86_64-mingw32/bin/../lib/gcc/nios2-elf/4.9.2/../../../../../H-x86_64-mingw32/nios2-elf/lib/mhw-mulx\libc.a(lib_a-impure.o)
 .text          0x0000000000005620        0x0 c:/altera_lite/15.1/nios2eds/bin/gnu/h-x86_64-mingw32/bin/../lib/gcc/nios2-elf/4.9.2/../../../../../H-x86_64-mingw32/nios2-elf/lib/mhw-mulx\libc.a(lib_a-locale.o)
 .text._setlocale_r
                0x0000000000005620       0x7c c:/altera_lite/15.1/nios2eds/bin/gnu/h-x86_64-mingw32/bin/../lib/gcc/nios2-elf/4.9.2/../../../../../H-x86_64-mingw32/nios2-elf/lib/mhw-mulx\libc.a(lib_a-locale.o)
                0x0000000000005620                _setlocale_r
 .text.__locale_charset
                0x000000000000569c        0xc c:/altera_lite/15.1/nios2eds/bin/gnu/h-x86_64-mingw32/bin/../lib/gcc/nios2-elf/4.9.2/../../../../../H-x86_64-mingw32/nios2-elf/lib/mhw-mulx\libc.a(lib_a-locale.o)
                0x000000000000569c                __locale_charset
 .text.__locale_mb_cur_max
                0x00000000000056a8       0x10 c:/altera_lite/15.1/nios2eds/bin/gnu/h-x86_64-mingw32/bin/../lib/gcc/nios2-elf/4.9.2/../../../../../H-x86_64-mingw32/nios2-elf/lib/mhw-mulx\libc.a(lib_a-locale.o)
                0x00000000000056a8                __locale_mb_cur_max
 .text.__locale_msgcharset
                0x00000000000056b8        0xc c:/altera_lite/15.1/nios2eds/bin/gnu/h-x86_64-mingw32/bin/../lib/gcc/nios2-elf/4.9.2/../../../../../H-x86_64-mingw32/nios2-elf/lib/mhw-mulx\libc.a(lib_a-locale.o)
                0x00000000000056b8                __locale_msgcharset
 .text.__locale_cjk_lang
                0x00000000000056c4        0x8 c:/altera_lite/15.1/nios2eds/bin/gnu/h-x86_64-mingw32/bin/../lib/gcc/nios2-elf/4.9.2/../../../../../H-x86_64-mingw32/nios2-elf/lib/mhw-mulx\libc.a(lib_a-locale.o)
                0x00000000000056c4                __locale_cjk_lang
 .text._localeconv_r
                0x00000000000056cc        0xc c:/altera_lite/15.1/nios2eds/bin/gnu/h-x86_64-mingw32/bin/../lib/gcc/nios2-elf/4.9.2/../../../../../H-x86_64-mingw32/nios2-elf/lib/mhw-mulx\libc.a(lib_a-locale.o)
                0x00000000000056cc                _localeconv_r
 .text.setlocale
                0x00000000000056d8       0x1c c:/altera_lite/15.1/nios2eds/bin/gnu/h-x86_64-mingw32/bin/../lib/gcc/nios2-elf/4.9.2/../../../../../H-x86_64-mingw32/nios2-elf/lib/mhw-mulx\libc.a(lib_a-locale.o)
                0x00000000000056d8                setlocale
 .text.localeconv
                0x00000000000056f4        0xc c:/altera_lite/15.1/nios2eds/bin/gnu/h-x86_64-mingw32/bin/../lib/gcc/nios2-elf/4.9.2/../../../../../H-x86_64-mingw32/nios2-elf/lib/mhw-mulx\libc.a(lib_a-locale.o)
                0x00000000000056f4                localeconv
 .text          0x0000000000005700        0x0 c:/altera_lite/15.1/nios2eds/bin/gnu/h-x86_64-mingw32/bin/../lib/gcc/nios2-elf/4.9.2/../../../../../H-x86_64-mingw32/nios2-elf/lib/mhw-mulx\libc.a(lib_a-makebuf.o)
 .text.__smakebuf_r
                0x0000000000005700      0x1b8 c:/altera_lite/15.1/nios2eds/bin/gnu/h-x86_64-mingw32/bin/../lib/gcc/nios2-elf/4.9.2/../../../../../H-x86_64-mingw32/nios2-elf/lib/mhw-mulx\libc.a(lib_a-makebuf.o)
                0x0000000000005700                __smakebuf_r
 .text          0x00000000000058b8        0x0 c:/altera_lite/15.1/nios2eds/bin/gnu/h-x86_64-mingw32/bin/../lib/gcc/nios2-elf/4.9.2/../../../../../H-x86_64-mingw32/nios2-elf/lib/mhw-mulx\libc.a(lib_a-mallocr.o)
 .text._malloc_r
                0x00000000000058b8      0x7a8 c:/altera_lite/15.1/nios2eds/bin/gnu/h-x86_64-mingw32/bin/../lib/gcc/nios2-elf/4.9.2/../../../../../H-x86_64-mingw32/nios2-elf/lib/mhw-mulx\libc.a(lib_a-mallocr.o)
                0x00000000000058b8                _malloc_r
 .text          0x0000000000006060        0x0 c:/altera_lite/15.1/nios2eds/bin/gnu/h-x86_64-mingw32/bin/../lib/gcc/nios2-elf/4.9.2/../../../../../H-x86_64-mingw32/nios2-elf/lib/mhw-mulx\libc.a(lib_a-memchr.o)
 .text.memchr   0x0000000000006060       0xe8 c:/altera_lite/15.1/nios2eds/bin/gnu/h-x86_64-mingw32/bin/../lib/gcc/nios2-elf/4.9.2/../../../../../H-x86_64-mingw32/nios2-elf/lib/mhw-mulx\libc.a(lib_a-memchr.o)
                0x0000000000006060                memchr
 .text          0x0000000000006148        0x0 c:/altera_lite/15.1/nios2eds/bin/gnu/h-x86_64-mingw32/bin/../lib/gcc/nios2-elf/4.9.2/../../../../../H-x86_64-mingw32/nios2-elf/lib/mhw-mulx\libc.a(lib_a-memcpy.o)
 .text.memcpy   0x0000000000006148      0x138 c:/altera_lite/15.1/nios2eds/bin/gnu/h-x86_64-mingw32/bin/../lib/gcc/nios2-elf/4.9.2/../../../../../H-x86_64-mingw32/nios2-elf/lib/mhw-mulx\libc.a(lib_a-memcpy.o)
                0x0000000000006148                memcpy
 .text          0x0000000000006280        0x0 c:/altera_lite/15.1/nios2eds/bin/gnu/h-x86_64-mingw32/bin/../lib/gcc/nios2-elf/4.9.2/../../../../../H-x86_64-mingw32/nios2-elf/lib/mhw-mulx\libc.a(lib_a-memmove.o)
 .text.memmove  0x0000000000006280      0x15c c:/altera_lite/15.1/nios2eds/bin/gnu/h-x86_64-mingw32/bin/../lib/gcc/nios2-elf/4.9.2/../../../../../H-x86_64-mingw32/nios2-elf/lib/mhw-mulx\libc.a(lib_a-memmove.o)
                0x0000000000006280                memmove
 .text          0x00000000000063dc        0x0 c:/altera_lite/15.1/nios2eds/bin/gnu/h-x86_64-mingw32/bin/../lib/gcc/nios2-elf/4.9.2/../../../../../H-x86_64-mingw32/nios2-elf/lib/mhw-mulx\libc.a(lib_a-memset.o)
 .text.memset   0x00000000000063dc      0x124 c:/altera_lite/15.1/nios2eds/bin/gnu/h-x86_64-mingw32/bin/../lib/gcc/nios2-elf/4.9.2/../../../../../H-x86_64-mingw32/nios2-elf/lib/mhw-mulx\libc.a(lib_a-memset.o)
                0x00000000000063dc                memset
 .text          0x0000000000006500        0x0 c:/altera_lite/15.1/nios2eds/bin/gnu/h-x86_64-mingw32/bin/../lib/gcc/nios2-elf/4.9.2/../../../../../H-x86_64-mingw32/nios2-elf/lib/mhw-mulx\libc.a(lib_a-mprec.o)
 .text._Balloc  0x0000000000006500       0xa8 c:/altera_lite/15.1/nios2eds/bin/gnu/h-x86_64-mingw32/bin/../lib/gcc/nios2-elf/4.9.2/../../../../../H-x86_64-mingw32/nios2-elf/lib/mhw-mulx\libc.a(lib_a-mprec.o)
                0x0000000000006500                _Balloc
 .text._Bfree   0x00000000000065a8       0x28 c:/altera_lite/15.1/nios2eds/bin/gnu/h-x86_64-mingw32/bin/../lib/gcc/nios2-elf/4.9.2/../../../../../H-x86_64-mingw32/nios2-elf/lib/mhw-mulx\libc.a(lib_a-mprec.o)
                0x00000000000065a8                _Bfree
 .text.__multadd
                0x00000000000065d0      0x120 c:/altera_lite/15.1/nios2eds/bin/gnu/h-x86_64-mingw32/bin/../lib/gcc/nios2-elf/4.9.2/../../../../../H-x86_64-mingw32/nios2-elf/lib/mhw-mulx\libc.a(lib_a-mprec.o)
                0x00000000000065d0                __multadd
 .text.__s2b    0x00000000000066f0      0x104 c:/altera_lite/15.1/nios2eds/bin/gnu/h-x86_64-mingw32/bin/../lib/gcc/nios2-elf/4.9.2/../../../../../H-x86_64-mingw32/nios2-elf/lib/mhw-mulx\libc.a(lib_a-mprec.o)
                0x00000000000066f0                __s2b
 .text.__hi0bits
                0x00000000000067f4       0x68 c:/altera_lite/15.1/nios2eds/bin/gnu/h-x86_64-mingw32/bin/../lib/gcc/nios2-elf/4.9.2/../../../../../H-x86_64-mingw32/nios2-elf/lib/mhw-mulx\libc.a(lib_a-mprec.o)
                0x00000000000067f4                __hi0bits
 .text.__lo0bits
                0x000000000000685c       0xb0 c:/altera_lite/15.1/nios2eds/bin/gnu/h-x86_64-mingw32/bin/../lib/gcc/nios2-elf/4.9.2/../../../../../H-x86_64-mingw32/nios2-elf/lib/mhw-mulx\libc.a(lib_a-mprec.o)
                0x000000000000685c                __lo0bits
 .text.__i2b    0x000000000000690c       0x3c c:/altera_lite/15.1/nios2eds/bin/gnu/h-x86_64-mingw32/bin/../lib/gcc/nios2-elf/4.9.2/../../../../../H-x86_64-mingw32/nios2-elf/lib/mhw-mulx\libc.a(lib_a-mprec.o)
                0x000000000000690c                __i2b
 .text.__multiply
                0x0000000000006948      0x1fc c:/altera_lite/15.1/nios2eds/bin/gnu/h-x86_64-mingw32/bin/../lib/gcc/nios2-elf/4.9.2/../../../../../H-x86_64-mingw32/nios2-elf/lib/mhw-mulx\libc.a(lib_a-mprec.o)
                0x0000000000006948                __multiply
 .text.__pow5mult
                0x0000000000006b44      0x140 c:/altera_lite/15.1/nios2eds/bin/gnu/h-x86_64-mingw32/bin/../lib/gcc/nios2-elf/4.9.2/../../../../../H-x86_64-mingw32/nios2-elf/lib/mhw-mulx\libc.a(lib_a-mprec.o)
                0x0000000000006b44                __pow5mult
 .text.__lshift
                0x0000000000006c84      0x150 c:/altera_lite/15.1/nios2eds/bin/gnu/h-x86_64-mingw32/bin/../lib/gcc/nios2-elf/4.9.2/../../../../../H-x86_64-mingw32/nios2-elf/lib/mhw-mulx\libc.a(lib_a-mprec.o)
                0x0000000000006c84                __lshift
 .text.__mcmp   0x0000000000006dd4       0x60 c:/altera_lite/15.1/nios2eds/bin/gnu/h-x86_64-mingw32/bin/../lib/gcc/nios2-elf/4.9.2/../../../../../H-x86_64-mingw32/nios2-elf/lib/mhw-mulx\libc.a(lib_a-mprec.o)
                0x0000000000006dd4                __mcmp
 .text.__mdiff  0x0000000000006e34      0x198 c:/altera_lite/15.1/nios2eds/bin/gnu/h-x86_64-mingw32/bin/../lib/gcc/nios2-elf/4.9.2/../../../../../H-x86_64-mingw32/nios2-elf/lib/mhw-mulx\libc.a(lib_a-mprec.o)
                0x0000000000006e34                __mdiff
 .text.__ulp    0x0000000000006fcc       0x60 c:/altera_lite/15.1/nios2eds/bin/gnu/h-x86_64-mingw32/bin/../lib/gcc/nios2-elf/4.9.2/../../../../../H-x86_64-mingw32/nios2-elf/lib/mhw-mulx\libc.a(lib_a-mprec.o)
                0x0000000000006fcc                __ulp
 .text.__b2d    0x000000000000702c      0x11c c:/altera_lite/15.1/nios2eds/bin/gnu/h-x86_64-mingw32/bin/../lib/gcc/nios2-elf/4.9.2/../../../../../H-x86_64-mingw32/nios2-elf/lib/mhw-mulx\libc.a(lib_a-mprec.o)
                0x000000000000702c                __b2d
 .text.__d2b    0x0000000000007148      0x13c c:/altera_lite/15.1/nios2eds/bin/gnu/h-x86_64-mingw32/bin/../lib/gcc/nios2-elf/4.9.2/../../../../../H-x86_64-mingw32/nios2-elf/lib/mhw-mulx\libc.a(lib_a-mprec.o)
                0x0000000000007148                __d2b
 .text.__ratio  0x0000000000007284       0xa4 c:/altera_lite/15.1/nios2eds/bin/gnu/h-x86_64-mingw32/bin/../lib/gcc/nios2-elf/4.9.2/../../../../../H-x86_64-mingw32/nios2-elf/lib/mhw-mulx\libc.a(lib_a-mprec.o)
                0x0000000000007284                __ratio
 .text._mprec_log10
                0x0000000000007328       0x74 c:/altera_lite/15.1/nios2eds/bin/gnu/h-x86_64-mingw32/bin/../lib/gcc/nios2-elf/4.9.2/../../../../../H-x86_64-mingw32/nios2-elf/lib/mhw-mulx\libc.a(lib_a-mprec.o)
                0x0000000000007328                _mprec_log10
 .text.__copybits
                0x000000000000739c       0x78 c:/altera_lite/15.1/nios2eds/bin/gnu/h-x86_64-mingw32/bin/../lib/gcc/nios2-elf/4.9.2/../../../../../H-x86_64-mingw32/nios2-elf/lib/mhw-mulx\libc.a(lib_a-mprec.o)
                0x000000000000739c                __copybits
 .text.__any_on
                0x0000000000007414       0x8c c:/altera_lite/15.1/nios2eds/bin/gnu/h-x86_64-mingw32/bin/../lib/gcc/nios2-elf/4.9.2/../../../../../H-x86_64-mingw32/nios2-elf/lib/mhw-mulx\libc.a(lib_a-mprec.o)
                0x0000000000007414                __any_on
 .text          0x00000000000074a0        0x0 c:/altera_lite/15.1/nios2eds/bin/gnu/h-x86_64-mingw32/bin/../lib/gcc/nios2-elf/4.9.2/../../../../../H-x86_64-mingw32/nios2-elf/lib/mhw-mulx\libc.a(lib_a-reallocr.o)
 .text._realloc_r
                0x00000000000074a0      0x568 c:/altera_lite/15.1/nios2eds/bin/gnu/h-x86_64-mingw32/bin/../lib/gcc/nios2-elf/4.9.2/../../../../../H-x86_64-mingw32/nios2-elf/lib/mhw-mulx\libc.a(lib_a-reallocr.o)
                0x00000000000074a0                _realloc_r
 .text          0x0000000000007a08        0x0 c:/altera_lite/15.1/nios2eds/bin/gnu/h-x86_64-mingw32/bin/../lib/gcc/nios2-elf/4.9.2/../../../../../H-x86_64-mingw32/nios2-elf/lib/mhw-mulx\libc.a(lib_a-s_fpclassify.o)
 .text.__fpclassifyd
                0x0000000000007a08       0x74 c:/altera_lite/15.1/nios2eds/bin/gnu/h-x86_64-mingw32/bin/../lib/gcc/nios2-elf/4.9.2/../../../../../H-x86_64-mingw32/nios2-elf/lib/mhw-mulx\libc.a(lib_a-s_fpclassify.o)
                0x0000000000007a08                __fpclassifyd
 .text          0x0000000000007a7c        0x0 c:/altera_lite/15.1/nios2eds/bin/gnu/h-x86_64-mingw32/bin/../lib/gcc/nios2-elf/4.9.2/../../../../../H-x86_64-mingw32/nios2-elf/lib/mhw-mulx\libc.a(lib_a-sbrkr.o)
 .text._sbrk_r  0x0000000000007a7c       0x54 c:/altera_lite/15.1/nios2eds/bin/gnu/h-x86_64-mingw32/bin/../lib/gcc/nios2-elf/4.9.2/../../../../../H-x86_64-mingw32/nios2-elf/lib/mhw-mulx\libc.a(lib_a-sbrkr.o)
                0x0000000000007a7c                _sbrk_r
 .text          0x0000000000007ad0        0x0 c:/altera_lite/15.1/nios2eds/bin/gnu/h-x86_64-mingw32/bin/../lib/gcc/nios2-elf/4.9.2/../../../../../H-x86_64-mingw32/nios2-elf/lib/mhw-mulx\libc.a(lib_a-stdio.o)
 .text.__sread  0x0000000000007ad0       0x54 c:/altera_lite/15.1/nios2eds/bin/gnu/h-x86_64-mingw32/bin/../lib/gcc/nios2-elf/4.9.2/../../../../../H-x86_64-mingw32/nios2-elf/lib/mhw-mulx\libc.a(lib_a-stdio.o)
                0x0000000000007ad0                __sread
 .text.__seofread
                0x0000000000007b24        0x8 c:/altera_lite/15.1/nios2eds/bin/gnu/h-x86_64-mingw32/bin/../lib/gcc/nios2-elf/4.9.2/../../../../../H-x86_64-mingw32/nios2-elf/lib/mhw-mulx\libc.a(lib_a-stdio.o)
                0x0000000000007b24                __seofread
 .text.__swrite
                0x0000000000007b2c       0x7c c:/altera_lite/15.1/nios2eds/bin/gnu/h-x86_64-mingw32/bin/../lib/gcc/nios2-elf/4.9.2/../../../../../H-x86_64-mingw32/nios2-elf/lib/mhw-mulx\libc.a(lib_a-stdio.o)
                0x0000000000007b2c                __swrite
 .text.__sseek  0x0000000000007ba8       0x5c c:/altera_lite/15.1/nios2eds/bin/gnu/h-x86_64-mingw32/bin/../lib/gcc/nios2-elf/4.9.2/../../../../../H-x86_64-mingw32/nios2-elf/lib/mhw-mulx\libc.a(lib_a-stdio.o)
                0x0000000000007ba8                __sseek
 .text.__sclose
                0x0000000000007c04        0x8 c:/altera_lite/15.1/nios2eds/bin/gnu/h-x86_64-mingw32/bin/../lib/gcc/nios2-elf/4.9.2/../../../../../H-x86_64-mingw32/nios2-elf/lib/mhw-mulx\libc.a(lib_a-stdio.o)
                0x0000000000007c04                __sclose
 .text          0x0000000000007c0c        0x0 c:/altera_lite/15.1/nios2eds/bin/gnu/h-x86_64-mingw32/bin/../lib/gcc/nios2-elf/4.9.2/../../../../../H-x86_64-mingw32/nios2-elf/lib/mhw-mulx\libc.a(lib_a-vfiprintf.o)
 .text.__sprint_r.part.0
                0x0000000000007c0c       0xfc c:/altera_lite/15.1/nios2eds/bin/gnu/h-x86_64-mingw32/bin/../lib/gcc/nios2-elf/4.9.2/../../../../../H-x86_64-mingw32/nios2-elf/lib/mhw-mulx\libc.a(lib_a-vfiprintf.o)
 .text.__sprint_r
                0x0000000000007d08       0x18 c:/altera_lite/15.1/nios2eds/bin/gnu/h-x86_64-mingw32/bin/../lib/gcc/nios2-elf/4.9.2/../../../../../H-x86_64-mingw32/nios2-elf/lib/mhw-mulx\libc.a(lib_a-vfiprintf.o)
                0x0000000000007d08                __sprint_r
 .text.___vfiprintf_internal_r
                0x0000000000007d20     0x12d0 c:/altera_lite/15.1/nios2eds/bin/gnu/h-x86_64-mingw32/bin/../lib/gcc/nios2-elf/4.9.2/../../../../../H-x86_64-mingw32/nios2-elf/lib/mhw-mulx\libc.a(lib_a-vfiprintf.o)
                0x0000000000007d20                ___vfiprintf_internal_r
 .text.__vfiprintf_internal
                0x0000000000008ff0       0x24 c:/altera_lite/15.1/nios2eds/bin/gnu/h-x86_64-mingw32/bin/../lib/gcc/nios2-elf/4.9.2/../../../../../H-x86_64-mingw32/nios2-elf/lib/mhw-mulx\libc.a(lib_a-vfiprintf.o)
                0x0000000000008ff0                __vfiprintf_internal
 .text.__sbprintf
                0x0000000000009014       0xbc c:/altera_lite/15.1/nios2eds/bin/gnu/h-x86_64-mingw32/bin/../lib/gcc/nios2-elf/4.9.2/../../../../../H-x86_64-mingw32/nios2-elf/lib/mhw-mulx\libc.a(lib_a-vfiprintf.o)
 .text          0x00000000000090d0        0x0 c:/altera_lite/15.1/nios2eds/bin/gnu/h-x86_64-mingw32/bin/../lib/gcc/nios2-elf/4.9.2/../../../../../H-x86_64-mingw32/nios2-elf/lib/mhw-mulx\libc.a(lib_a-writer.o)
 .text._write_r
                0x00000000000090d0       0x5c c:/altera_lite/15.1/nios2eds/bin/gnu/h-x86_64-mingw32/bin/../lib/gcc/nios2-elf/4.9.2/../../../../../H-x86_64-mingw32/nios2-elf/lib/mhw-mulx\libc.a(lib_a-writer.o)
                0x00000000000090d0                _write_r
 .text          0x000000000000912c        0x0 c:/altera_lite/15.1/nios2eds/bin/gnu/h-x86_64-mingw32/bin/../lib/gcc/nios2-elf/4.9.2/../../../../../H-x86_64-mingw32/nios2-elf/lib/mhw-mulx\libc.a(closer.o)
 .text._close_r
                0x000000000000912c       0x54 c:/altera_lite/15.1/nios2eds/bin/gnu/h-x86_64-mingw32/bin/../lib/gcc/nios2-elf/4.9.2/../../../../../H-x86_64-mingw32/nios2-elf/lib/mhw-mulx\libc.a(closer.o)
                0x000000000000912c                _close_r
 .text          0x0000000000009180        0x0 c:/altera_lite/15.1/nios2eds/bin/gnu/h-x86_64-mingw32/bin/../lib/gcc/nios2-elf/4.9.2/../../../../../H-x86_64-mingw32/nios2-elf/lib/mhw-mulx\libc.a(lib_a-callocr.o)
 .text._calloc_r
                0x0000000000009180       0xc4 c:/altera_lite/15.1/nios2eds/bin/gnu/h-x86_64-mingw32/bin/../lib/gcc/nios2-elf/4.9.2/../../../../../H-x86_64-mingw32/nios2-elf/lib/mhw-mulx\libc.a(lib_a-callocr.o)
                0x0000000000009180                _calloc_r
 .text          0x0000000000009244        0x0 c:/altera_lite/15.1/nios2eds/bin/gnu/h-x86_64-mingw32/bin/../lib/gcc/nios2-elf/4.9.2/../../../../../H-x86_64-mingw32/nios2-elf/lib/mhw-mulx\libc.a(lib_a-fclose.o)
 .text._fclose_r
                0x0000000000009244       0xf0 c:/altera_lite/15.1/nios2eds/bin/gnu/h-x86_64-mingw32/bin/../lib/gcc/nios2-elf/4.9.2/../../../../../H-x86_64-mingw32/nios2-elf/lib/mhw-mulx\libc.a(lib_a-fclose.o)
                0x0000000000009244                _fclose_r
 .text.fclose   0x0000000000009334       0x14 c:/altera_lite/15.1/nios2eds/bin/gnu/h-x86_64-mingw32/bin/../lib/gcc/nios2-elf/4.9.2/../../../../../H-x86_64-mingw32/nios2-elf/lib/mhw-mulx\libc.a(lib_a-fclose.o)
                0x0000000000009334                fclose
 .text          0x0000000000009348        0x0 c:/altera_lite/15.1/nios2eds/bin/gnu/h-x86_64-mingw32/bin/../lib/gcc/nios2-elf/4.9.2/../../../../../H-x86_64-mingw32/nios2-elf/lib/mhw-mulx\libc.a(lib_a-fputwc.o)
 .text._fputwc_r
                0x0000000000009348      0x184 c:/altera_lite/15.1/nios2eds/bin/gnu/h-x86_64-mingw32/bin/../lib/gcc/nios2-elf/4.9.2/../../../../../H-x86_64-mingw32/nios2-elf/lib/mhw-mulx\libc.a(lib_a-fputwc.o)
                0x0000000000009348                _fputwc_r
 .text.fputwc   0x00000000000094cc       0x5c c:/altera_lite/15.1/nios2eds/bin/gnu/h-x86_64-mingw32/bin/../lib/gcc/nios2-elf/4.9.2/../../../../../H-x86_64-mingw32/nios2-elf/lib/mhw-mulx\libc.a(lib_a-fputwc.o)
                0x00000000000094cc                fputwc
 .text          0x0000000000009528        0x0 c:/altera_lite/15.1/nios2eds/bin/gnu/h-x86_64-mingw32/bin/../lib/gcc/nios2-elf/4.9.2/../../../../../H-x86_64-mingw32/nios2-elf/lib/mhw-mulx\libc.a(lib_a-fstatr.o)
 .text._fstat_r
                0x0000000000009528       0x58 c:/altera_lite/15.1/nios2eds/bin/gnu/h-x86_64-mingw32/bin/../lib/gcc/nios2-elf/4.9.2/../../../../../H-x86_64-mingw32/nios2-elf/lib/mhw-mulx\libc.a(lib_a-fstatr.o)
                0x0000000000009528                _fstat_r
 .text          0x0000000000009580        0x0 c:/altera_lite/15.1/nios2eds/bin/gnu/h-x86_64-mingw32/bin/../lib/gcc/nios2-elf/4.9.2/../../../../../H-x86_64-mingw32/nios2-elf/lib/mhw-mulx\libc.a(lib_a-int_errno.o)
 .text          0x0000000000009580        0x0 c:/altera_lite/15.1/nios2eds/bin/gnu/h-x86_64-mingw32/bin/../lib/gcc/nios2-elf/4.9.2/../../../../../H-x86_64-mingw32/nios2-elf/lib/mhw-mulx\libc.a(lib_a-isattyr.o)
 .text._isatty_r
                0x0000000000009580       0x54 c:/altera_lite/15.1/nios2eds/bin/gnu/h-x86_64-mingw32/bin/../lib/gcc/nios2-elf/4.9.2/../../../../../H-x86_64-mingw32/nios2-elf/lib/mhw-mulx\libc.a(lib_a-isattyr.o)
                0x0000000000009580                _isatty_r
 .text          0x00000000000095d4        0x0 c:/altera_lite/15.1/nios2eds/bin/gnu/h-x86_64-mingw32/bin/../lib/gcc/nios2-elf/4.9.2/../../../../../H-x86_64-mingw32/nios2-elf/lib/mhw-mulx\libc.a(lib_a-lseekr.o)
 .text._lseek_r
                0x00000000000095d4       0x5c c:/altera_lite/15.1/nios2eds/bin/gnu/h-x86_64-mingw32/bin/../lib/gcc/nios2-elf/4.9.2/../../../../../H-x86_64-mingw32/nios2-elf/lib/mhw-mulx\libc.a(lib_a-lseekr.o)
                0x00000000000095d4                _lseek_r
 .text          0x0000000000009630        0x0 c:/altera_lite/15.1/nios2eds/bin/gnu/h-x86_64-mingw32/bin/../lib/gcc/nios2-elf/4.9.2/../../../../../H-x86_64-mingw32/nios2-elf/lib/mhw-mulx\libc.a(lib_a-readr.o)
 .text._read_r  0x0000000000009630       0x5c c:/altera_lite/15.1/nios2eds/bin/gnu/h-x86_64-mingw32/bin/../lib/gcc/nios2-elf/4.9.2/../../../../../H-x86_64-mingw32/nios2-elf/lib/mhw-mulx\libc.a(lib_a-readr.o)
                0x0000000000009630                _read_r
 .text          0x000000000000968c        0x0 c:/altera_lite/15.1/nios2eds/bin/gnu/h-x86_64-mingw32/bin/../lib/gcc/nios2-elf/4.9.2/../../../../../H-x86_64-mingw32/nios2-elf/lib/mhw-mulx\libc.a(lib_a-wbuf.o)
 .text.__swbuf_r
                0x000000000000968c      0x138 c:/altera_lite/15.1/nios2eds/bin/gnu/h-x86_64-mingw32/bin/../lib/gcc/nios2-elf/4.9.2/../../../../../H-x86_64-mingw32/nios2-elf/lib/mhw-mulx\libc.a(lib_a-wbuf.o)
                0x000000000000968c                __swbuf_r
 .text.__swbuf  0x00000000000097c4       0x1c c:/altera_lite/15.1/nios2eds/bin/gnu/h-x86_64-mingw32/bin/../lib/gcc/nios2-elf/4.9.2/../../../../../H-x86_64-mingw32/nios2-elf/lib/mhw-mulx\libc.a(lib_a-wbuf.o)
                0x00000000000097c4                __swbuf
 .text          0x00000000000097e0        0x0 c:/altera_lite/15.1/nios2eds/bin/gnu/h-x86_64-mingw32/bin/../lib/gcc/nios2-elf/4.9.2/../../../../../H-x86_64-mingw32/nios2-elf/lib/mhw-mulx\libc.a(lib_a-wcrtomb.o)
 .text._wcrtomb_r
                0x00000000000097e0       0x9c c:/altera_lite/15.1/nios2eds/bin/gnu/h-x86_64-mingw32/bin/../lib/gcc/nios2-elf/4.9.2/../../../../../H-x86_64-mingw32/nios2-elf/lib/mhw-mulx\libc.a(lib_a-wcrtomb.o)
                0x00000000000097e0                _wcrtomb_r
 .text.wcrtomb  0x000000000000987c       0xc0 c:/altera_lite/15.1/nios2eds/bin/gnu/h-x86_64-mingw32/bin/../lib/gcc/nios2-elf/4.9.2/../../../../../H-x86_64-mingw32/nios2-elf/lib/mhw-mulx\libc.a(lib_a-wcrtomb.o)
                0x000000000000987c                wcrtomb
 .text          0x000000000000993c        0x0 c:/altera_lite/15.1/nios2eds/bin/gnu/h-x86_64-mingw32/bin/../lib/gcc/nios2-elf/4.9.2/../../../../../H-x86_64-mingw32/nios2-elf/lib/mhw-mulx\libc.a(lib_a-wctomb_r.o)
 .text.__ascii_wctomb
                0x000000000000993c       0x30 c:/altera_lite/15.1/nios2eds/bin/gnu/h-x86_64-mingw32/bin/../lib/gcc/nios2-elf/4.9.2/../../../../../H-x86_64-mingw32/nios2-elf/lib/mhw-mulx\libc.a(lib_a-wctomb_r.o)
                0x000000000000993c                __ascii_wctomb
 .text._wctomb_r
                0x000000000000996c       0x5c c:/altera_lite/15.1/nios2eds/bin/gnu/h-x86_64-mingw32/bin/../lib/gcc/nios2-elf/4.9.2/../../../../../H-x86_64-mingw32/nios2-elf/lib/mhw-mulx\libc.a(lib_a-wctomb_r.o)
                0x000000000000996c                _wctomb_r
 .text          0x00000000000099c8      0x5c0 c:/altera_lite/15.1/nios2eds/bin/gnu/h-x86_64-mingw32/bin/../lib/gcc/nios2-elf/4.9.2/mhw-mulx\libgcc.a(_udivdi3.o)
                0x00000000000099c8                __udivdi3
 .text          0x0000000000009f88      0x590 c:/altera_lite/15.1/nios2eds/bin/gnu/h-x86_64-mingw32/bin/../lib/gcc/nios2-elf/4.9.2/mhw-mulx\libgcc.a(_umoddi3.o)
                0x0000000000009f88                __umoddi3
 .text          0x000000000000a518      0x12c c:/altera_lite/15.1/nios2eds/bin/gnu/h-x86_64-mingw32/bin/../lib/gcc/nios2-elf/4.9.2/mhw-mulx\libgcc.a(lib2-divmod.o)
                0x000000000000a584                __divsi3
                0x000000000000a5d8                __modsi3
                0x000000000000a634                __udivsi3
                0x000000000000a63c                __umodsi3
 .text          0x000000000000a644      0x89c c:/altera_lite/15.1/nios2eds/bin/gnu/h-x86_64-mingw32/bin/../lib/gcc/nios2-elf/4.9.2/mhw-mulx\libgcc.a(adddf3.o)
                0x000000000000a644                __adddf3
 .text          0x000000000000aee0      0x8cc c:/altera_lite/15.1/nios2eds/bin/gnu/h-x86_64-mingw32/bin/../lib/gcc/nios2-elf/4.9.2/mhw-mulx\libgcc.a(divdf3.o)
                0x000000000000aee0                __divdf3
 .text          0x000000000000b7ac       0x84 c:/altera_lite/15.1/nios2eds/bin/gnu/h-x86_64-mingw32/bin/../lib/gcc/nios2-elf/4.9.2/mhw-mulx\libgcc.a(eqdf2.o)
                0x000000000000b7ac                __nedf2
                0x000000000000b7ac                __eqdf2
 .text          0x000000000000b830       0xe0 c:/altera_lite/15.1/nios2eds/bin/gnu/h-x86_64-mingw32/bin/../lib/gcc/nios2-elf/4.9.2/mhw-mulx\libgcc.a(gedf2.o)
                0x000000000000b830                __gedf2
                0x000000000000b830                __gtdf2
 .text          0x000000000000b910       0xe0 c:/altera_lite/15.1/nios2eds/bin/gnu/h-x86_64-mingw32/bin/../lib/gcc/nios2-elf/4.9.2/mhw-mulx\libgcc.a(ledf2.o)
                0x000000000000b910                __ledf2
                0x000000000000b910                __ltdf2
 .text          0x000000000000b9f0      0x724 c:/altera_lite/15.1/nios2eds/bin/gnu/h-x86_64-mingw32/bin/../lib/gcc/nios2-elf/4.9.2/mhw-mulx\libgcc.a(muldf3.o)
                0x000000000000b9f0                __muldf3
 .text          0x000000000000c114      0x8d0 c:/altera_lite/15.1/nios2eds/bin/gnu/h-x86_64-mingw32/bin/../lib/gcc/nios2-elf/4.9.2/mhw-mulx\libgcc.a(subdf3.o)
                0x000000000000c114                __subdf3
 .text          0x000000000000c9e4       0x88 c:/altera_lite/15.1/nios2eds/bin/gnu/h-x86_64-mingw32/bin/../lib/gcc/nios2-elf/4.9.2/mhw-mulx\libgcc.a(fixdfsi.o)
                0x000000000000c9e4                __fixdfsi
 .text          0x000000000000ca6c       0xd0 c:/altera_lite/15.1/nios2eds/bin/gnu/h-x86_64-mingw32/bin/../lib/gcc/nios2-elf/4.9.2/mhw-mulx\libgcc.a(floatsidf.o)
                0x000000000000ca6c                __floatsidf
 .text          0x000000000000cb3c       0xa4 c:/altera_lite/15.1/nios2eds/bin/gnu/h-x86_64-mingw32/bin/../lib/gcc/nios2-elf/4.9.2/mhw-mulx\libgcc.a(floatunsidf.o)
                0x000000000000cb3c                __floatunsidf
 .text          0x000000000000cbe0        0x0 c:/altera_lite/15.1/nios2eds/bin/gnu/h-x86_64-mingw32/bin/../lib/gcc/nios2-elf/4.9.2/mhw-mulx\libgcc.a(_clz.o)
 .text          0x000000000000cbe0       0x64 c:/altera_lite/15.1/nios2eds/bin/gnu/h-x86_64-mingw32/bin/../lib/gcc/nios2-elf/4.9.2/mhw-mulx\libgcc.a(_clzsi2.o)
                0x000000000000cbe0                __clzsi2
 .text          0x000000000000cc44      0x120 C:/Users/daans/Documents/Eclipse_Projecten_Nios/Keyboard_bsp/\libucosii_bsp.a(alt_close.o)
                0x000000000000cc94                close
 .text          0x000000000000cd64       0x2c C:/Users/daans/Documents/Eclipse_Projecten_Nios/Keyboard_bsp/\libucosii_bsp.a(alt_dev.o)
 .text          0x000000000000cd90        0x0 C:/Users/daans/Documents/Eclipse_Projecten_Nios/Keyboard_bsp/\libucosii_bsp.a(alt_errno.o)
 .text          0x000000000000cd90      0x100 C:/Users/daans/Documents/Eclipse_Projecten_Nios/Keyboard_bsp/\libucosii_bsp.a(alt_fstat.o)
                0x000000000000cde0                fstat
 .text          0x000000000000ce90       0xf4 C:/Users/daans/Documents/Eclipse_Projecten_Nios/Keyboard_bsp/\libucosii_bsp.a(alt_isatty.o)
                0x000000000000cee0                isatty
 .text          0x000000000000cf84       0xe4 C:/Users/daans/Documents/Eclipse_Projecten_Nios/Keyboard_bsp/\libucosii_bsp.a(alt_load.o)
                0x000000000000cfe8                alt_load
 .text          0x000000000000d068      0x124 C:/Users/daans/Documents/Eclipse_Projecten_Nios/Keyboard_bsp/\libucosii_bsp.a(alt_lseek.o)
                0x000000000000d0b8                lseek
 .text          0x000000000000d18c       0xd4 C:/Users/daans/Documents/Eclipse_Projecten_Nios/Keyboard_bsp/\libucosii_bsp.a(alt_main.o)
                0x000000000000d18c                alt_main
 .text          0x000000000000d260      0x14c C:/Users/daans/Documents/Eclipse_Projecten_Nios/Keyboard_bsp/\libucosii_bsp.a(alt_read.o)
                0x000000000000d2b0                read
 .text          0x000000000000d3ac       0x60 C:/Users/daans/Documents/Eclipse_Projecten_Nios/Keyboard_bsp/\libucosii_bsp.a(alt_release_fd.o)
                0x000000000000d3ac                alt_release_fd
 .text          0x000000000000d40c       0xb0 C:/Users/daans/Documents/Eclipse_Projecten_Nios/Keyboard_bsp/\libucosii_bsp.a(alt_sbrk.o)
                0x000000000000d40c                sbrk
 .text          0x000000000000d4bc      0x148 C:/Users/daans/Documents/Eclipse_Projecten_Nios/Keyboard_bsp/\libucosii_bsp.a(alt_write.o)
                0x000000000000d50c                write
 .text          0x000000000000d604      0x11c C:/Users/daans/Documents/Eclipse_Projecten_Nios/Keyboard_bsp/\libucosii_bsp.a(alt_env_lock.o)
                0x000000000000d604                __env_lock
                0x000000000000d6c4                __env_unlock
 .text          0x000000000000d720      0x1f0 C:/Users/daans/Documents/Eclipse_Projecten_Nios/Keyboard_bsp/\libucosii_bsp.a(alt_malloc_lock.o)
                0x000000000000d720                __malloc_lock
                0x000000000000d840                __malloc_unlock
 .text          0x000000000000d910     0x1ff0 C:/Users/daans/Documents/Eclipse_Projecten_Nios/Keyboard_bsp/\libucosii_bsp.a(os_core.o)
                0x000000000000d910                OSEventNameGet
                0x000000000000da30                OSEventNameSet
                0x000000000000db6c                OSEventPendMulti
                0x000000000000e17c                OSInit
                0x000000000000e1d0                OSIntEnter
                0x000000000000e24c                OSIntExit
                0x000000000000e340                OSSchedLock
                0x000000000000e3c8                OSSchedUnlock
                0x000000000000e4a0                OSStart
                0x000000000000e50c                OSStatInit
                0x000000000000e5b8                OSTimeTick
                0x000000000000e7d4                OSVersion
                0x000000000000e7f4                OS_Dummy
                0x000000000000e810                OS_EventTaskRdy
                0x000000000000e9a8                OS_EventTaskWait
                0x000000000000eab4                OS_EventTaskWaitMulti
                0x000000000000ec00                OS_EventTaskRemove
                0x000000000000ecb4                OS_EventTaskRemoveMulti
                0x000000000000edb0                OS_EventWaitListInit
                0x000000000000f174                OS_MemClr
                0x000000000000f1c4                OS_MemCopy
                0x000000000000f228                OS_Sched
                0x000000000000f364                OS_StrCopy
                0x000000000000f3d8                OS_StrLen
                0x000000000000f42c                OS_TaskIdle
                0x000000000000f488                OS_TaskStat
                0x000000000000f564                OS_TaskStatStkChk
                0x000000000000f62c                OS_TCBInit
 .text          0x000000000000f900      0x18c C:/Users/daans/Documents/Eclipse_Projecten_Nios/Keyboard_bsp/\libucosii_bsp.a(os_dbg.o)
                0x000000000000f900                OSDebugInit
 .text          0x000000000000fa8c     0x181c C:/Users/daans/Documents/Eclipse_Projecten_Nios/Keyboard_bsp/\libucosii_bsp.a(os_flag.o)
                0x000000000000fa8c                OSFlagAccept
                0x000000000000fd94                OSFlagCreate
                0x000000000000febc                OSFlagDel
                0x000000000001012c                OSFlagNameGet
                0x000000000001025c                OSFlagNameSet
                0x00000000000103ac                OSFlagPend
                0x000000000001099c                OSFlagPendGetFlagsRdy
                0x0000000000010a04                OSFlagPost
                0x0000000000010d8c                OSFlagQuery
                0x0000000000011014                OS_FlagInit
                0x0000000000011208                OS_FlagUnlink
 .text          0x00000000000112a8      0x784 C:/Users/daans/Documents/Eclipse_Projecten_Nios/Keyboard_bsp/\libucosii_bsp.a(os_mem.o)
                0x00000000000112a8                OSMemCreate
                0x000000000001149c                OSMemGet
                0x000000000001158c                OSMemNameGet
                0x0000000000011684                OSMemNameSet
                0x000000000001179c                OSMemPut
                0x0000000000011874                OSMemQuery
                0x000000000001195c                OS_MemInit
 .text          0x0000000000011a2c     0x1210 C:/Users/daans/Documents/Eclipse_Projecten_Nios/Keyboard_bsp/\libucosii_bsp.a(os_q.o)
                0x0000000000011a2c                OSQAccept
                0x0000000000011b6c                OSQCreate
                0x0000000000011d68                OSQDel
                0x0000000000012030                OSQFlush
                0x00000000000120e8                OSQPend
                0x00000000000123e4                OSQPendAbort
                0x0000000000012550                OSQPost
                0x00000000000126b8                OSQPostFront
                0x0000000000012828                OSQPostOpt
                0x0000000000012a34                OSQQuery
                0x0000000000012b90                OS_QInit
 .text          0x0000000000012c3c      0xb08 C:/Users/daans/Documents/Eclipse_Projecten_Nios/Keyboard_bsp/\libucosii_bsp.a(os_sem.o)
                0x0000000000012c3c                OSSemAccept
                0x0000000000012cec                OSSemCreate
                0x0000000000012dec                OSSemDel
                0x0000000000013054                OSSemPend
                0x00000000000132bc                OSSemPendAbort
                0x0000000000013428                OSSemPost
                0x0000000000013538                OSSemQuery
                0x0000000000013648                OSSemSet
 .text          0x0000000000013744     0x18f4 C:/Users/daans/Documents/Eclipse_Projecten_Nios/Keyboard_bsp/\libucosii_bsp.a(os_task.o)
                0x0000000000013744                OSTaskChangePrio
                0x0000000000013c84                OSTaskCreate
                0x0000000000013e40                OSTaskCreateExt
                0x000000000001402c                OSTaskDel
                0x000000000001440c                OSTaskDelReq
                0x0000000000014564                OSTaskNameGet
                0x000000000001470c                OSTaskNameSet
                0x00000000000148cc                OSTaskResume
                0x0000000000014ac4                OSTaskStkChk
                0x0000000000014c8c                OSTaskSuspend
                0x0000000000014ea0                OSTaskQuery
                0x0000000000014fcc                OS_TaskStkClr
 .text          0x0000000000015038      0x568 C:/Users/daans/Documents/Eclipse_Projecten_Nios/Keyboard_bsp/\libucosii_bsp.a(os_time.o)
                0x0000000000015038                OSTimeDly
                0x0000000000015180                OSTimeDlyHMSM
                0x00000000000152e8                OSTimeDlyResume
                0x00000000000154d8                OSTimeGet
                0x000000000001553c                OSTimeSet
 .text          0x00000000000155a0      0x444 C:/Users/daans/Documents/Eclipse_Projecten_Nios/Keyboard_bsp/\libucosii_bsp.a(alt_sys_init.o)
                0x00000000000155d8                alt_irq_init
                0x000000000001560c                alt_sys_init
 .text          0x00000000000159e4      0x164 C:/Users/daans/Documents/Eclipse_Projecten_Nios/Keyboard_bsp/\libucosii_bsp.a(altera_avalon_jtag_uart_fd.o)
                0x00000000000159e4                altera_avalon_jtag_uart_read_fd
                0x0000000000015a44                altera_avalon_jtag_uart_write_fd
                0x0000000000015aa4                altera_avalon_jtag_uart_close_fd
                0x0000000000015af4                altera_avalon_jtag_uart_ioctl_fd
 .text          0x0000000000015b48      0x560 C:/Users/daans/Documents/Eclipse_Projecten_Nios/Keyboard_bsp/\libucosii_bsp.a(altera_avalon_jtag_uart_init.o)
                0x0000000000015b48                altera_avalon_jtag_uart_init
                0x0000000000016040                altera_avalon_jtag_uart_close
 .text          0x00000000000160a8       0xec C:/Users/daans/Documents/Eclipse_Projecten_Nios/Keyboard_bsp/\libucosii_bsp.a(altera_avalon_jtag_uart_ioctl.o)
                0x00000000000160a8                altera_avalon_jtag_uart_ioctl
 .text          0x0000000000016194      0x2b4 C:/Users/daans/Documents/Eclipse_Projecten_Nios/Keyboard_bsp/\libucosii_bsp.a(altera_avalon_jtag_uart_read.o)
                0x0000000000016194                altera_avalon_jtag_uart_read
 .text          0x0000000000016448      0x2c0 C:/Users/daans/Documents/Eclipse_Projecten_Nios/Keyboard_bsp/\libucosii_bsp.a(altera_avalon_jtag_uart_write.o)
                0x0000000000016448                altera_avalon_jtag_uart_write
 .text          0x0000000000016708       0xf8 C:/Users/daans/Documents/Eclipse_Projecten_Nios/Keyboard_bsp/\libucosii_bsp.a(altera_avalon_timer_sc.o)
                0x0000000000016780                alt_avalon_timer_sc_init
 .text          0x0000000000016800      0x4d8 C:/Users/daans/Documents/Eclipse_Projecten_Nios/Keyboard_bsp/\libucosii_bsp.a(altera_up_avalon_character_lcd.o)
                0x0000000000016800                get_DDRAM_addr
                0x0000000000016874                alt_up_character_lcd_send_cmd
                0x00000000000168b0                alt_up_character_lcd_init
                0x00000000000168e4                alt_up_character_lcd_open_dev
                0x0000000000016924                alt_up_character_lcd_write
                0x000000000001699c                alt_up_character_lcd_string
                0x0000000000016a10                alt_up_character_lcd_write_fd
                0x0000000000016a60                alt_up_character_lcd_set_cursor_pos
                0x0000000000016ad4                alt_up_character_lcd_shift_cursor
                0x0000000000016b5c                alt_up_character_lcd_shift_display
                0x0000000000016be4                alt_up_character_lcd_erase_pos
                0x0000000000016c70                alt_up_character_lcd_cursor_off
                0x0000000000016ca4                alt_up_character_lcd_cursor_blink_on
 .text          0x0000000000016cd8      0x388 C:/Users/daans/Documents/Eclipse_Projecten_Nios/Keyboard_bsp/\libucosii_bsp.a(altera_up_avalon_irda.o)
                0x0000000000016cd8                alt_up_irda_enable_read_interrupt
                0x0000000000016d30                alt_up_irda_disable_read_interrupt
                0x0000000000016d8c                alt_up_irda_get_used_space_in_read_FIFO
                0x0000000000016dcc                alt_up_irda_get_available_space_in_write_FIFO
                0x0000000000016e08                alt_up_irda_check_parity
                0x0000000000016e4c                alt_up_irda_write_data
                0x0000000000016e8c                alt_up_irda_read_data
                0x0000000000016f00                alt_up_irda_read_fd
                0x0000000000016f90                alt_up_irda_write_fd
                0x0000000000017020                alt_up_irda_open_dev
 .text          0x0000000000017060       0x40 C:/Users/daans/Documents/Eclipse_Projecten_Nios/Keyboard_bsp/\libucosii_bsp.a(altera_up_avalon_parallel_port.o)
                0x0000000000017060                alt_up_parallel_port_open_dev
 .text          0x00000000000170a0      0x6b4 C:/Users/daans/Documents/Eclipse_Projecten_Nios/Keyboard_bsp/\libucosii_bsp.a(altera_up_avalon_ps2.o)
                0x00000000000170a0                read_RI_bit
                0x00000000000170d4                read_RE_bit
                0x0000000000017104                read_CE_bit
                0x0000000000017138                read_num_bytes_available
                0x0000000000017168                read_data_valid
                0x000000000001719c                read_data_byte
                0x00000000000171c8                alt_up_ps2_init
                0x000000000001728c                alt_up_ps2_enable_read_interrupt
                0x00000000000172e4                alt_up_ps2_disable_read_interrupt
                0x0000000000017340                alt_up_ps2_write_data_byte
                0x00000000000173b4                alt_up_ps2_wait_for_ack
                0x0000000000017424                alt_up_ps2_write_data_byte_with_ack
                0x0000000000017488                alt_up_ps2_read_data_byte_timeout
                0x000000000001752c                alt_up_ps2_read_data_byte
                0x000000000001759c                alt_up_ps2_clear_fifo
                0x00000000000175f0                alt_up_ps2_read_fd
                0x000000000001767c                alt_up_ps2_write_fd
                0x0000000000017714                alt_up_ps2_open_dev
 .text          0x0000000000017754      0x38c C:/Users/daans/Documents/Eclipse_Projecten_Nios/Keyboard_bsp/\libucosii_bsp.a(altera_up_avalon_rs232.o)
                0x0000000000017754                alt_up_rs232_enable_read_interrupt
                0x00000000000177ac                alt_up_rs232_disable_read_interrupt
                0x0000000000017808                alt_up_rs232_get_used_space_in_read_FIFO
                0x0000000000017848                alt_up_rs232_get_available_space_in_write_FIFO
                0x0000000000017884                alt_up_rs232_check_parity
                0x00000000000178c8                alt_up_rs232_write_data
                0x0000000000017908                alt_up_rs232_read_data
                0x000000000001797c                alt_up_rs232_read_fd
                0x0000000000017a0c                alt_up_rs232_write_fd
                0x0000000000017aa0                alt_up_rs232_open_dev
 .text          0x0000000000017ae0      0x2e8 C:/Users/daans/Documents/Eclipse_Projecten_Nios/Keyboard_bsp/\libucosii_bsp.a(altera_up_avalon_video_character_buffer_with_dma.o)
                0x0000000000017ae0                alt_up_char_buffer_init
                0x0000000000017b60                alt_up_char_buffer_open_dev
                0x0000000000017ba0                alt_up_char_buffer_draw
                0x0000000000017c6c                alt_up_char_buffer_string
                0x0000000000017d6c                alt_up_char_buffer_clear
 .text          0x0000000000017dc8      0x5dc C:/Users/daans/Documents/Eclipse_Projecten_Nios/Keyboard_bsp/\libucosii_bsp.a(altera_up_ps2_keyboard.o)
                0x0000000000017dc8                get_multi_byte_make_code_index
                0x0000000000017e38                get_single_byte_make_code_index
                0x0000000000017ea8                get_next_state
                0x00000000000180f8                decode_scancode
                0x00000000000181b0                set_keyboard_rate
                0x0000000000018214                translate_make_code
                0x0000000000018328                reset_keyboard
 .text          0x00000000000183a4      0x140 C:/Users/daans/Documents/Eclipse_Projecten_Nios/Keyboard_bsp/\libucosii_bsp.a(alt_alarm_start.o)
                0x00000000000183a4                alt_alarm_start
 .text          0x00000000000184e4       0x1c C:/Users/daans/Documents/Eclipse_Projecten_Nios/Keyboard_bsp/\libucosii_bsp.a(alt_dcache_flush_all.o)
                0x00000000000184e4                alt_dcache_flush_all
 .text          0x0000000000018500       0xf4 C:/Users/daans/Documents/Eclipse_Projecten_Nios/Keyboard_bsp/\libucosii_bsp.a(alt_dev_llist_insert.o)
                0x0000000000018550                alt_dev_llist_insert
 .text          0x00000000000185f4       0x5c C:/Users/daans/Documents/Eclipse_Projecten_Nios/Keyboard_bsp/\libucosii_bsp.a(alt_do_ctors.o)
                0x00000000000185f4                _do_ctors
 .text          0x0000000000018650       0x5c C:/Users/daans/Documents/Eclipse_Projecten_Nios/Keyboard_bsp/\libucosii_bsp.a(alt_do_dtors.o)
                0x0000000000018650                _do_dtors
 .text          0x00000000000186ac       0x90 C:/Users/daans/Documents/Eclipse_Projecten_Nios/Keyboard_bsp/\libucosii_bsp.a(alt_find_dev.o)
                0x00000000000186ac                alt_find_dev
 .text          0x000000000001873c       0x30 C:/Users/daans/Documents/Eclipse_Projecten_Nios/Keyboard_bsp/\libucosii_bsp.a(alt_icache_flush_all.o)
                0x000000000001873c                alt_icache_flush_all
 .text          0x000000000001876c      0x138 C:/Users/daans/Documents/Eclipse_Projecten_Nios/Keyboard_bsp/\libucosii_bsp.a(alt_io_redirect.o)
                0x000000000001882c                alt_io_redirect
 .text          0x00000000000188a4      0x1b0 C:/Users/daans/Documents/Eclipse_Projecten_Nios/Keyboard_bsp/\libucosii_bsp.a(alt_irq_register.o)
                0x00000000000188a4                alt_irq_register
 .text          0x0000000000018a54        0x0 C:/Users/daans/Documents/Eclipse_Projecten_Nios/Keyboard_bsp/\libucosii_bsp.a(alt_irq_vars.o)
 .text          0x0000000000018a54      0x274 C:/Users/daans/Documents/Eclipse_Projecten_Nios/Keyboard_bsp/\libucosii_bsp.a(alt_open.o)
                0x0000000000018b70                open
 .text          0x0000000000018cc8      0x19c C:/Users/daans/Documents/Eclipse_Projecten_Nios/Keyboard_bsp/\libucosii_bsp.a(alt_tick.o)
                0x0000000000018cc8                alt_alarm_stop
                0x0000000000018d60                alt_tick
 .text          0x0000000000018e64       0x20 C:/Users/daans/Documents/Eclipse_Projecten_Nios/Keyboard_bsp/\libucosii_bsp.a(altera_nios2_gen2_irq.o)
                0x0000000000018e64                altera_nios2_gen2_irq_init
 .text          0x0000000000018e84       0xd0 C:/Users/daans/Documents/Eclipse_Projecten_Nios/Keyboard_bsp/\libucosii_bsp.a(os_cpu_a.o)
                0x0000000000018e84                OSCtxSw
                0x0000000000018e84                OSIntCtxSw
                0x0000000000018f10                OSStartHighRdy
                0x0000000000018f30                OSStartTsk
 .text          0x0000000000018f54      0x264 C:/Users/daans/Documents/Eclipse_Projecten_Nios/Keyboard_bsp/\libucosii_bsp.a(os_cpu_c.o)
                0x0000000000018f54                OSTaskStkInit
                0x00000000000190b0                OSTaskCreateHook
                0x00000000000190d0                OSTaskDelHook
                0x00000000000190f0                OSTaskSwHook
                0x000000000001910c                OSTaskStatHook
                0x0000000000019128                OSTimeTickHook
                0x0000000000019144                OSInitHookBegin
                0x0000000000019160                OSInitHookEnd
                0x000000000001917c                OSTaskIdleHook
                0x0000000000019198                OSTCBInitHook
 .text          0x00000000000191b8      0x114 C:/Users/daans/Documents/Eclipse_Projecten_Nios/Keyboard_bsp/\libucosii_bsp.a(alt_find_file.o)
                0x00000000000191b8                alt_find_file
 .text          0x00000000000192cc       0xfc C:/Users/daans/Documents/Eclipse_Projecten_Nios/Keyboard_bsp/\libucosii_bsp.a(alt_get_fd.o)
                0x00000000000192cc                alt_get_fd
 .text          0x00000000000193c8       0x8c C:/Users/daans/Documents/Eclipse_Projecten_Nios/Keyboard_bsp/\libucosii_bsp.a(alt_icache_flush.o)
                0x00000000000193c8                alt_icache_flush
 .text          0x0000000000019454        0x0 C:/Users/daans/Documents/Eclipse_Projecten_Nios/Keyboard_bsp/\libucosii_bsp.a(alt_irq_entry.o)
 .text          0x0000000000019454        0x0 C:/Users/daans/Documents/Eclipse_Projecten_Nios/Keyboard_bsp/\libucosii_bsp.a(alt_irq_handler.o)
 .text          0x0000000000019454        0x0 C:/Users/daans/Documents/Eclipse_Projecten_Nios/Keyboard_bsp/\libucosii_bsp.a(alt_exception_entry.o)
 .text          0x0000000000019454       0x9c C:/Users/daans/Documents/Eclipse_Projecten_Nios/Keyboard_bsp/\libucosii_bsp.a(alt_instruction_exception_entry.o)
                0x0000000000019454                alt_exception_cause_generated_bad_addr
 .text          0x00000000000194f0        0x0 c:/altera_lite/15.1/nios2eds/bin/gnu/h-x86_64-mingw32/bin/../lib/gcc/nios2-elf/4.9.2/../../../../../H-x86_64-mingw32/nios2-elf/lib/mhw-mulx\libc.a(lib_a-atexit.o)
 .text.atexit   0x00000000000194f0       0x14 c:/altera_lite/15.1/nios2eds/bin/gnu/h-x86_64-mingw32/bin/../lib/gcc/nios2-elf/4.9.2/../../../../../H-x86_64-mingw32/nios2-elf/lib/mhw-mulx\libc.a(lib_a-atexit.o)
                0x00000000000194f0                atexit
 .text          0x0000000000019504        0x0 c:/altera_lite/15.1/nios2eds/bin/gnu/h-x86_64-mingw32/bin/../lib/gcc/nios2-elf/4.9.2/../../../../../H-x86_64-mingw32/nios2-elf/lib/mhw-mulx\libc.a(lib_a-exit.o)
 .text.exit     0x0000000000019504       0x38 c:/altera_lite/15.1/nios2eds/bin/gnu/h-x86_64-mingw32/bin/../lib/gcc/nios2-elf/4.9.2/../../../../../H-x86_64-mingw32/nios2-elf/lib/mhw-mulx\libc.a(lib_a-exit.o)
                0x0000000000019504                exit
 .text          0x000000000001953c        0x0 c:/altera_lite/15.1/nios2eds/bin/gnu/h-x86_64-mingw32/bin/../lib/gcc/nios2-elf/4.9.2/../../../../../H-x86_64-mingw32/nios2-elf/lib/mhw-mulx\libc.a(lib_a-memcmp.o)
 .text.memcmp   0x000000000001953c       0x7c c:/altera_lite/15.1/nios2eds/bin/gnu/h-x86_64-mingw32/bin/../lib/gcc/nios2-elf/4.9.2/../../../../../H-x86_64-mingw32/nios2-elf/lib/mhw-mulx\libc.a(lib_a-memcmp.o)
                0x000000000001953c                memcmp
 .text          0x00000000000195b8        0x0 c:/altera_lite/15.1/nios2eds/bin/gnu/h-x86_64-mingw32/bin/../lib/gcc/nios2-elf/4.9.2/../../../../../H-x86_64-mingw32/nios2-elf/lib/mhw-mulx\libc.a(lib_a-strcpy.o)
 .text.strcpy   0x00000000000195b8       0x90 c:/altera_lite/15.1/nios2eds/bin/gnu/h-x86_64-mingw32/bin/../lib/gcc/nios2-elf/4.9.2/../../../../../H-x86_64-mingw32/nios2-elf/lib/mhw-mulx\libc.a(lib_a-strcpy.o)
                0x00000000000195b8                strcpy
 .text          0x0000000000019648        0x0 c:/altera_lite/15.1/nios2eds/bin/gnu/h-x86_64-mingw32/bin/../lib/gcc/nios2-elf/4.9.2/../../../../../H-x86_64-mingw32/nios2-elf/lib/mhw-mulx\libc.a(lib_a-__atexit.o)
 .text.__register_exitproc
                0x0000000000019648      0x114 c:/altera_lite/15.1/nios2eds/bin/gnu/h-x86_64-mingw32/bin/../lib/gcc/nios2-elf/4.9.2/../../../../../H-x86_64-mingw32/nios2-elf/lib/mhw-mulx\libc.a(lib_a-__atexit.o)
                0x0000000000019648                __register_exitproc
 .text          0x000000000001975c        0x0 c:/altera_lite/15.1/nios2eds/bin/gnu/h-x86_64-mingw32/bin/../lib/gcc/nios2-elf/4.9.2/../../../../../H-x86_64-mingw32/nios2-elf/lib/mhw-mulx\libc.a(lib_a-__call_atexit.o)
 .text.__call_exitprocs
                0x000000000001975c      0x194 c:/altera_lite/15.1/nios2eds/bin/gnu/h-x86_64-mingw32/bin/../lib/gcc/nios2-elf/4.9.2/../../../../../H-x86_64-mingw32/nios2-elf/lib/mhw-mulx\libc.a(lib_a-__call_atexit.o)
                0x000000000001975c                __call_exitprocs
 .text          0x00000000000198f0       0x3c C:/Users/daans/Documents/Eclipse_Projecten_Nios/Keyboard_bsp/\libucosii_bsp.a(alt_exit.o)
                0x00000000000198f0                _exit
 *(.gnu.warning.*)
 *(.fini)
                0x000000000001992c                PROVIDE (__etext, ABSOLUTE (.))
                0x000000000001992c                PROVIDE (_etext, ABSOLUTE (.))
                0x000000000001992c                PROVIDE (etext, ABSOLUTE (.))
 *(.eh_frame_hdr)
                0x000000000001992c                . = ALIGN (0x4)
                0x000000000001992c                PROVIDE (__preinit_array_start, ABSOLUTE (.))
 *(.preinit_array)
                0x000000000001992c                PROVIDE (__preinit_array_end, ABSOLUTE (.))
                0x000000000001992c                PROVIDE (__init_array_start, ABSOLUTE (.))
 *(.init_array)
                0x000000000001992c                PROVIDE (__init_array_end, ABSOLUTE (.))
                0x000000000001992c                PROVIDE (__fini_array_start, ABSOLUTE (.))
 *(.fini_array)
                0x000000000001992c                PROVIDE (__fini_array_end, ABSOLUTE (.))
 *(.eh_frame)
 *(.gcc_except_table .gcc_except_table.*)
 *(.dynamic)
                0x000000000001992c                PROVIDE (__CTOR_LIST__, ABSOLUTE (.))
 *(.ctors)
 *(SORT(.ctors.*))
                0x000000000001992c                PROVIDE (__CTOR_END__, ABSOLUTE (.))
                0x000000000001992c                PROVIDE (__DTOR_LIST__, ABSOLUTE (.))
 *(.dtors)
 *(SORT(.dtors.*))
                0x000000000001992c                PROVIDE (__DTOR_END__, ABSOLUTE (.))
 *(.jcr)
                0x000000000001992c                . = ALIGN (0x4)

.rodata         0x000000000001992c      0x838
                0x000000000001992c                PROVIDE (__ram_rodata_start, ABSOLUTE (.))
                0x000000000001992c                . = ALIGN (0x4)
 *(.rodata .rodata.* .gnu.linkonce.r.*)
 .rodata        0x000000000001992c       0x44 obj/default/hello_ucosii.o
 .rodata.str1.4
                0x0000000000019970        0x2 c:/altera_lite/15.1/nios2eds/bin/gnu/h-x86_64-mingw32/bin/../lib/gcc/nios2-elf/4.9.2/../../../../../H-x86_64-mingw32/nios2-elf/lib/mhw-mulx\libc.a(lib_a-puts.o)
                                          0x4 (size before relaxing)
 *fill*         0x0000000000019972        0x2 
 .rodata.str1.4
                0x0000000000019974       0x42 c:/altera_lite/15.1/nios2eds/bin/gnu/h-x86_64-mingw32/bin/../lib/gcc/nios2-elf/4.9.2/../../../../../H-x86_64-mingw32/nios2-elf/lib/mhw-mulx\libc.a(lib_a-vfprintf.o)
                                         0x44 (size before relaxing)
 .rodata.zeroes.4255
                0x00000000000199b6       0x10 c:/altera_lite/15.1/nios2eds/bin/gnu/h-x86_64-mingw32/bin/../lib/gcc/nios2-elf/4.9.2/../../../../../H-x86_64-mingw32/nios2-elf/lib/mhw-mulx\libc.a(lib_a-vfprintf.o)
 .rodata.blanks.4254
                0x00000000000199c6       0x10 c:/altera_lite/15.1/nios2eds/bin/gnu/h-x86_64-mingw32/bin/../lib/gcc/nios2-elf/4.9.2/../../../../../H-x86_64-mingw32/nios2-elf/lib/mhw-mulx\libc.a(lib_a-vfprintf.o)
 *fill*         0x00000000000199d6        0x2 
 .rodata.str1.4
                0x00000000000199d8       0x10 c:/altera_lite/15.1/nios2eds/bin/gnu/h-x86_64-mingw32/bin/../lib/gcc/nios2-elf/4.9.2/../../../../../H-x86_64-mingw32/nios2-elf/lib/mhw-mulx\libc.a(lib_a-dtoa.o)
                                         0x14 (size before relaxing)
 .rodata.str1.4
                0x00000000000199e8        0x2 c:/altera_lite/15.1/nios2eds/bin/gnu/h-x86_64-mingw32/bin/../lib/gcc/nios2-elf/4.9.2/../../../../../H-x86_64-mingw32/nios2-elf/lib/mhw-mulx\libc.a(lib_a-impure.o)
                                          0x4 (size before relaxing)
 *fill*         0x00000000000199ea        0x2 
 .rodata.str1.4
                0x00000000000199ec        0xc c:/altera_lite/15.1/nios2eds/bin/gnu/h-x86_64-mingw32/bin/../lib/gcc/nios2-elf/4.9.2/../../../../../H-x86_64-mingw32/nios2-elf/lib/mhw-mulx\libc.a(lib_a-locale.o)
                                         0x14 (size before relaxing)
 .rodata.p05.2710
                0x00000000000199f8        0xc c:/altera_lite/15.1/nios2eds/bin/gnu/h-x86_64-mingw32/bin/../lib/gcc/nios2-elf/4.9.2/../../../../../H-x86_64-mingw32/nios2-elf/lib/mhw-mulx\libc.a(lib_a-mprec.o)
 .rodata.__mprec_tinytens
                0x0000000000019a04       0x28 c:/altera_lite/15.1/nios2eds/bin/gnu/h-x86_64-mingw32/bin/../lib/gcc/nios2-elf/4.9.2/../../../../../H-x86_64-mingw32/nios2-elf/lib/mhw-mulx\libc.a(lib_a-mprec.o)
                0x0000000000019a04                __mprec_tinytens
 .rodata.__mprec_bigtens
                0x0000000000019a2c       0x28 c:/altera_lite/15.1/nios2eds/bin/gnu/h-x86_64-mingw32/bin/../lib/gcc/nios2-elf/4.9.2/../../../../../H-x86_64-mingw32/nios2-elf/lib/mhw-mulx\libc.a(lib_a-mprec.o)
                0x0000000000019a2c                __mprec_bigtens
 .rodata.__mprec_tens
                0x0000000000019a54       0xc8 c:/altera_lite/15.1/nios2eds/bin/gnu/h-x86_64-mingw32/bin/../lib/gcc/nios2-elf/4.9.2/../../../../../H-x86_64-mingw32/nios2-elf/lib/mhw-mulx\libc.a(lib_a-mprec.o)
                0x0000000000019a54                __mprec_tens
 .rodata.str1.4
                0x0000000000000000       0x30 c:/altera_lite/15.1/nios2eds/bin/gnu/h-x86_64-mingw32/bin/../lib/gcc/nios2-elf/4.9.2/../../../../../H-x86_64-mingw32/nios2-elf/lib/mhw-mulx\libc.a(lib_a-vfiprintf.o)
 .rodata.zeroes.4200
                0x0000000000019b1c       0x10 c:/altera_lite/15.1/nios2eds/bin/gnu/h-x86_64-mingw32/bin/../lib/gcc/nios2-elf/4.9.2/../../../../../H-x86_64-mingw32/nios2-elf/lib/mhw-mulx\libc.a(lib_a-vfiprintf.o)
 .rodata.blanks.4199
                0x0000000000019b2c       0x10 c:/altera_lite/15.1/nios2eds/bin/gnu/h-x86_64-mingw32/bin/../lib/gcc/nios2-elf/4.9.2/../../../../../H-x86_64-mingw32/nios2-elf/lib/mhw-mulx\libc.a(lib_a-vfiprintf.o)
 .rodata        0x0000000000019b3c      0x100 c:/altera_lite/15.1/nios2eds/bin/gnu/h-x86_64-mingw32/bin/../lib/gcc/nios2-elf/4.9.2/mhw-mulx\libgcc.a(_clz.o)
                0x0000000000019b3c                __clz_tab
 .rodata        0x0000000000019c3c        0xc C:/Users/daans/Documents/Eclipse_Projecten_Nios/Keyboard_bsp/\libucosii_bsp.a(alt_dev.o)
 .rodata        0x0000000000019c48       0x10 C:/Users/daans/Documents/Eclipse_Projecten_Nios/Keyboard_bsp/\libucosii_bsp.a(alt_main.o)
 .rodata        0x0000000000019c58      0x120 C:/Users/daans/Documents/Eclipse_Projecten_Nios/Keyboard_bsp/\libucosii_bsp.a(os_core.o)
                0x0000000000019c58                OSUnMapTbl
 .rodata        0x0000000000019d78      0x190 C:/Users/daans/Documents/Eclipse_Projecten_Nios/Keyboard_bsp/\libucosii_bsp.a(alt_sys_init.o)
 .rodata        0x0000000000019f08       0x1c C:/Users/daans/Documents/Eclipse_Projecten_Nios/Keyboard_bsp/\libucosii_bsp.a(altera_up_avalon_video_character_buffer_with_dma.o)
 .rodata        0x0000000000019f24      0x23c C:/Users/daans/Documents/Eclipse_Projecten_Nios/Keyboard_bsp/\libucosii_bsp.a(altera_up_ps2_keyboard.o)
 .rodata        0x000000000001a160        0x4 C:/Users/daans/Documents/Eclipse_Projecten_Nios/Keyboard_bsp/\libucosii_bsp.a(os_cpu_c.o)
 *(.rodata1)
                0x000000000001a164                . = ALIGN (0x4)
                0x000000000001a164                PROVIDE (__ram_rodata_end, ABSOLUTE (.))
                0x000000000001992c                PROVIDE (__flash_rodata_start, LOADADDR (.rodata))

.rwdata         0x000000000001a164     0x21d0 load address 0x000000000001c334
                0x000000000001a164                PROVIDE (__ram_rwdata_start, ABSOLUTE (.))
                0x000000000001a164                . = ALIGN (0x4)
 *(.got.plt)
 *(.got)
 *(.data1)
 *(.data .data.* .gnu.linkonce.d.*)
 .data          0x000000000001a164        0x0 C:/Users/daans/Documents/Eclipse_Projecten_Nios/Keyboard_bsp//obj/HAL/src/crt0.o
 .data          0x000000000001a164        0x0 obj/default/hello_ucosii.o
 .data          0x000000000001a164        0x0 c:/altera_lite/15.1/nios2eds/bin/gnu/h-x86_64-mingw32/bin/../lib/gcc/nios2-elf/4.9.2/../../../../../H-x86_64-mingw32/nios2-elf/lib/mhw-mulx\libc.a(lib_a-printf.o)
 .data          0x000000000001a164        0x0 c:/altera_lite/15.1/nios2eds/bin/gnu/h-x86_64-mingw32/bin/../lib/gcc/nios2-elf/4.9.2/../../../../../H-x86_64-mingw32/nios2-elf/lib/mhw-mulx\libc.a(lib_a-puts.o)
 .data          0x000000000001a164        0x0 c:/altera_lite/15.1/nios2eds/bin/gnu/h-x86_64-mingw32/bin/../lib/gcc/nios2-elf/4.9.2/../../../../../H-x86_64-mingw32/nios2-elf/lib/mhw-mulx\libc.a(lib_a-strcmp.o)
 .data          0x000000000001a164        0x0 c:/altera_lite/15.1/nios2eds/bin/gnu/h-x86_64-mingw32/bin/../lib/gcc/nios2-elf/4.9.2/../../../../../H-x86_64-mingw32/nios2-elf/lib/mhw-mulx\libc.a(lib_a-strlen.o)
 .data          0x000000000001a164        0x0 c:/altera_lite/15.1/nios2eds/bin/gnu/h-x86_64-mingw32/bin/../lib/gcc/nios2-elf/4.9.2/../../../../../H-x86_64-mingw32/nios2-elf/lib/mhw-mulx\libc.a(lib_a-vfprintf.o)
 .data          0x000000000001a164        0x0 c:/altera_lite/15.1/nios2eds/bin/gnu/h-x86_64-mingw32/bin/../lib/gcc/nios2-elf/4.9.2/../../../../../H-x86_64-mingw32/nios2-elf/lib/mhw-mulx\libc.a(lib_a-wsetup.o)
 .data          0x000000000001a164        0x0 c:/altera_lite/15.1/nios2eds/bin/gnu/h-x86_64-mingw32/bin/../lib/gcc/nios2-elf/4.9.2/../../../../../H-x86_64-mingw32/nios2-elf/lib/mhw-mulx\libc.a(lib_a-dtoa.o)
 .data          0x000000000001a164        0x0 c:/altera_lite/15.1/nios2eds/bin/gnu/h-x86_64-mingw32/bin/../lib/gcc/nios2-elf/4.9.2/../../../../../H-x86_64-mingw32/nios2-elf/lib/mhw-mulx\libc.a(lib_a-fflush.o)
 .data          0x000000000001a164        0x0 c:/altera_lite/15.1/nios2eds/bin/gnu/h-x86_64-mingw32/bin/../lib/gcc/nios2-elf/4.9.2/../../../../../H-x86_64-mingw32/nios2-elf/lib/mhw-mulx\libc.a(lib_a-findfp.o)
 .data          0x000000000001a164        0x0 c:/altera_lite/15.1/nios2eds/bin/gnu/h-x86_64-mingw32/bin/../lib/gcc/nios2-elf/4.9.2/../../../../../H-x86_64-mingw32/nios2-elf/lib/mhw-mulx\libc.a(lib_a-freer.o)
 .data          0x000000000001a164        0x0 c:/altera_lite/15.1/nios2eds/bin/gnu/h-x86_64-mingw32/bin/../lib/gcc/nios2-elf/4.9.2/../../../../../H-x86_64-mingw32/nios2-elf/lib/mhw-mulx\libc.a(lib_a-fvwrite.o)
 .data          0x000000000001a164        0x0 c:/altera_lite/15.1/nios2eds/bin/gnu/h-x86_64-mingw32/bin/../lib/gcc/nios2-elf/4.9.2/../../../../../H-x86_64-mingw32/nios2-elf/lib/mhw-mulx\libc.a(lib_a-fwalk.o)
 .data          0x000000000001a164        0x0 c:/altera_lite/15.1/nios2eds/bin/gnu/h-x86_64-mingw32/bin/../lib/gcc/nios2-elf/4.9.2/../../../../../H-x86_64-mingw32/nios2-elf/lib/mhw-mulx\libc.a(lib_a-impure.o)
 .data.impure_data
                0x000000000001a164      0x424 c:/altera_lite/15.1/nios2eds/bin/gnu/h-x86_64-mingw32/bin/../lib/gcc/nios2-elf/4.9.2/../../../../../H-x86_64-mingw32/nios2-elf/lib/mhw-mulx\libc.a(lib_a-impure.o)
 .data          0x000000000001a588        0x0 c:/altera_lite/15.1/nios2eds/bin/gnu/h-x86_64-mingw32/bin/../lib/gcc/nios2-elf/4.9.2/../../../../../H-x86_64-mingw32/nios2-elf/lib/mhw-mulx\libc.a(lib_a-locale.o)
 .data.lc_message_charset
                0x000000000001a588       0x20 c:/altera_lite/15.1/nios2eds/bin/gnu/h-x86_64-mingw32/bin/../lib/gcc/nios2-elf/4.9.2/../../../../../H-x86_64-mingw32/nios2-elf/lib/mhw-mulx\libc.a(lib_a-locale.o)
 .data.lc_ctype_charset
                0x000000000001a5a8       0x20 c:/altera_lite/15.1/nios2eds/bin/gnu/h-x86_64-mingw32/bin/../lib/gcc/nios2-elf/4.9.2/../../../../../H-x86_64-mingw32/nios2-elf/lib/mhw-mulx\libc.a(lib_a-locale.o)
 .data.lconv    0x000000000001a5c8       0x38 c:/altera_lite/15.1/nios2eds/bin/gnu/h-x86_64-mingw32/bin/../lib/gcc/nios2-elf/4.9.2/../../../../../H-x86_64-mingw32/nios2-elf/lib/mhw-mulx\libc.a(lib_a-locale.o)
 .data          0x000000000001a600        0x0 c:/altera_lite/15.1/nios2eds/bin/gnu/h-x86_64-mingw32/bin/../lib/gcc/nios2-elf/4.9.2/../../../../../H-x86_64-mingw32/nios2-elf/lib/mhw-mulx\libc.a(lib_a-makebuf.o)
 .data          0x000000000001a600        0x0 c:/altera_lite/15.1/nios2eds/bin/gnu/h-x86_64-mingw32/bin/../lib/gcc/nios2-elf/4.9.2/../../../../../H-x86_64-mingw32/nios2-elf/lib/mhw-mulx\libc.a(lib_a-mallocr.o)
 .data.__malloc_av_
                0x000000000001a600      0x408 c:/altera_lite/15.1/nios2eds/bin/gnu/h-x86_64-mingw32/bin/../lib/gcc/nios2-elf/4.9.2/../../../../../H-x86_64-mingw32/nios2-elf/lib/mhw-mulx\libc.a(lib_a-mallocr.o)
                0x000000000001a600                __malloc_av_
 .data          0x000000000001aa08        0x0 c:/altera_lite/15.1/nios2eds/bin/gnu/h-x86_64-mingw32/bin/../lib/gcc/nios2-elf/4.9.2/../../../../../H-x86_64-mingw32/nios2-elf/lib/mhw-mulx\libc.a(lib_a-memchr.o)
 .data          0x000000000001aa08        0x0 c:/altera_lite/15.1/nios2eds/bin/gnu/h-x86_64-mingw32/bin/../lib/gcc/nios2-elf/4.9.2/../../../../../H-x86_64-mingw32/nios2-elf/lib/mhw-mulx\libc.a(lib_a-memcpy.o)
 .data          0x000000000001aa08        0x0 c:/altera_lite/15.1/nios2eds/bin/gnu/h-x86_64-mingw32/bin/../lib/gcc/nios2-elf/4.9.2/../../../../../H-x86_64-mingw32/nios2-elf/lib/mhw-mulx\libc.a(lib_a-memmove.o)
 .data          0x000000000001aa08        0x0 c:/altera_lite/15.1/nios2eds/bin/gnu/h-x86_64-mingw32/bin/../lib/gcc/nios2-elf/4.9.2/../../../../../H-x86_64-mingw32/nios2-elf/lib/mhw-mulx\libc.a(lib_a-memset.o)
 .data          0x000000000001aa08        0x0 c:/altera_lite/15.1/nios2eds/bin/gnu/h-x86_64-mingw32/bin/../lib/gcc/nios2-elf/4.9.2/../../../../../H-x86_64-mingw32/nios2-elf/lib/mhw-mulx\libc.a(lib_a-mprec.o)
 .data          0x000000000001aa08        0x0 c:/altera_lite/15.1/nios2eds/bin/gnu/h-x86_64-mingw32/bin/../lib/gcc/nios2-elf/4.9.2/../../../../../H-x86_64-mingw32/nios2-elf/lib/mhw-mulx\libc.a(lib_a-reallocr.o)
 .data          0x000000000001aa08        0x0 c:/altera_lite/15.1/nios2eds/bin/gnu/h-x86_64-mingw32/bin/../lib/gcc/nios2-elf/4.9.2/../../../../../H-x86_64-mingw32/nios2-elf/lib/mhw-mulx\libc.a(lib_a-s_fpclassify.o)
 .data          0x000000000001aa08        0x0 c:/altera_lite/15.1/nios2eds/bin/gnu/h-x86_64-mingw32/bin/../lib/gcc/nios2-elf/4.9.2/../../../../../H-x86_64-mingw32/nios2-elf/lib/mhw-mulx\libc.a(lib_a-sbrkr.o)
 .data          0x000000000001aa08        0x0 c:/altera_lite/15.1/nios2eds/bin/gnu/h-x86_64-mingw32/bin/../lib/gcc/nios2-elf/4.9.2/../../../../../H-x86_64-mingw32/nios2-elf/lib/mhw-mulx\libc.a(lib_a-stdio.o)
 .data          0x000000000001aa08        0x0 c:/altera_lite/15.1/nios2eds/bin/gnu/h-x86_64-mingw32/bin/../lib/gcc/nios2-elf/4.9.2/../../../../../H-x86_64-mingw32/nios2-elf/lib/mhw-mulx\libc.a(lib_a-vfiprintf.o)
 .data          0x000000000001aa08        0x0 c:/altera_lite/15.1/nios2eds/bin/gnu/h-x86_64-mingw32/bin/../lib/gcc/nios2-elf/4.9.2/../../../../../H-x86_64-mingw32/nios2-elf/lib/mhw-mulx\libc.a(lib_a-writer.o)
 .data          0x000000000001aa08        0x0 c:/altera_lite/15.1/nios2eds/bin/gnu/h-x86_64-mingw32/bin/../lib/gcc/nios2-elf/4.9.2/../../../../../H-x86_64-mingw32/nios2-elf/lib/mhw-mulx\libc.a(closer.o)
 .data          0x000000000001aa08        0x0 c:/altera_lite/15.1/nios2eds/bin/gnu/h-x86_64-mingw32/bin/../lib/gcc/nios2-elf/4.9.2/../../../../../H-x86_64-mingw32/nios2-elf/lib/mhw-mulx\libc.a(lib_a-callocr.o)
 .data          0x000000000001aa08        0x0 c:/altera_lite/15.1/nios2eds/bin/gnu/h-x86_64-mingw32/bin/../lib/gcc/nios2-elf/4.9.2/../../../../../H-x86_64-mingw32/nios2-elf/lib/mhw-mulx\libc.a(lib_a-fclose.o)
 .data          0x000000000001aa08        0x0 c:/altera_lite/15.1/nios2eds/bin/gnu/h-x86_64-mingw32/bin/../lib/gcc/nios2-elf/4.9.2/../../../../../H-x86_64-mingw32/nios2-elf/lib/mhw-mulx\libc.a(lib_a-fputwc.o)
 .data          0x000000000001aa08        0x0 c:/altera_lite/15.1/nios2eds/bin/gnu/h-x86_64-mingw32/bin/../lib/gcc/nios2-elf/4.9.2/../../../../../H-x86_64-mingw32/nios2-elf/lib/mhw-mulx\libc.a(lib_a-fstatr.o)
 .data          0x000000000001aa08        0x0 c:/altera_lite/15.1/nios2eds/bin/gnu/h-x86_64-mingw32/bin/../lib/gcc/nios2-elf/4.9.2/../../../../../H-x86_64-mingw32/nios2-elf/lib/mhw-mulx\libc.a(lib_a-int_errno.o)
 .data          0x000000000001aa08        0x0 c:/altera_lite/15.1/nios2eds/bin/gnu/h-x86_64-mingw32/bin/../lib/gcc/nios2-elf/4.9.2/../../../../../H-x86_64-mingw32/nios2-elf/lib/mhw-mulx\libc.a(lib_a-isattyr.o)
 .data          0x000000000001aa08        0x0 c:/altera_lite/15.1/nios2eds/bin/gnu/h-x86_64-mingw32/bin/../lib/gcc/nios2-elf/4.9.2/../../../../../H-x86_64-mingw32/nios2-elf/lib/mhw-mulx\libc.a(lib_a-lseekr.o)
 .data          0x000000000001aa08        0x0 c:/altera_lite/15.1/nios2eds/bin/gnu/h-x86_64-mingw32/bin/../lib/gcc/nios2-elf/4.9.2/../../../../../H-x86_64-mingw32/nios2-elf/lib/mhw-mulx\libc.a(lib_a-readr.o)
 .data          0x000000000001aa08        0x0 c:/altera_lite/15.1/nios2eds/bin/gnu/h-x86_64-mingw32/bin/../lib/gcc/nios2-elf/4.9.2/../../../../../H-x86_64-mingw32/nios2-elf/lib/mhw-mulx\libc.a(lib_a-wbuf.o)
 .data          0x000000000001aa08        0x0 c:/altera_lite/15.1/nios2eds/bin/gnu/h-x86_64-mingw32/bin/../lib/gcc/nios2-elf/4.9.2/../../../../../H-x86_64-mingw32/nios2-elf/lib/mhw-mulx\libc.a(lib_a-wcrtomb.o)
 .data          0x000000000001aa08        0x0 c:/altera_lite/15.1/nios2eds/bin/gnu/h-x86_64-mingw32/bin/../lib/gcc/nios2-elf/4.9.2/../../../../../H-x86_64-mingw32/nios2-elf/lib/mhw-mulx\libc.a(lib_a-wctomb_r.o)
 .data          0x000000000001aa08        0x0 c:/altera_lite/15.1/nios2eds/bin/gnu/h-x86_64-mingw32/bin/../lib/gcc/nios2-elf/4.9.2/mhw-mulx\libgcc.a(_udivdi3.o)
 .data          0x000000000001aa08        0x0 c:/altera_lite/15.1/nios2eds/bin/gnu/h-x86_64-mingw32/bin/../lib/gcc/nios2-elf/4.9.2/mhw-mulx\libgcc.a(_umoddi3.o)
 .data          0x000000000001aa08        0x0 c:/altera_lite/15.1/nios2eds/bin/gnu/h-x86_64-mingw32/bin/../lib/gcc/nios2-elf/4.9.2/mhw-mulx\libgcc.a(lib2-divmod.o)
 .data          0x000000000001aa08        0x0 c:/altera_lite/15.1/nios2eds/bin/gnu/h-x86_64-mingw32/bin/../lib/gcc/nios2-elf/4.9.2/mhw-mulx\libgcc.a(adddf3.o)
 .data          0x000000000001aa08        0x0 c:/altera_lite/15.1/nios2eds/bin/gnu/h-x86_64-mingw32/bin/../lib/gcc/nios2-elf/4.9.2/mhw-mulx\libgcc.a(divdf3.o)
 .data          0x000000000001aa08        0x0 c:/altera_lite/15.1/nios2eds/bin/gnu/h-x86_64-mingw32/bin/../lib/gcc/nios2-elf/4.9.2/mhw-mulx\libgcc.a(eqdf2.o)
 .data          0x000000000001aa08        0x0 c:/altera_lite/15.1/nios2eds/bin/gnu/h-x86_64-mingw32/bin/../lib/gcc/nios2-elf/4.9.2/mhw-mulx\libgcc.a(gedf2.o)
 .data          0x000000000001aa08        0x0 c:/altera_lite/15.1/nios2eds/bin/gnu/h-x86_64-mingw32/bin/../lib/gcc/nios2-elf/4.9.2/mhw-mulx\libgcc.a(ledf2.o)
 .data          0x000000000001aa08        0x0 c:/altera_lite/15.1/nios2eds/bin/gnu/h-x86_64-mingw32/bin/../lib/gcc/nios2-elf/4.9.2/mhw-mulx\libgcc.a(muldf3.o)
 .data          0x000000000001aa08        0x0 c:/altera_lite/15.1/nios2eds/bin/gnu/h-x86_64-mingw32/bin/../lib/gcc/nios2-elf/4.9.2/mhw-mulx\libgcc.a(subdf3.o)
 .data          0x000000000001aa08        0x0 c:/altera_lite/15.1/nios2eds/bin/gnu/h-x86_64-mingw32/bin/../lib/gcc/nios2-elf/4.9.2/mhw-mulx\libgcc.a(fixdfsi.o)
 .data          0x000000000001aa08        0x0 c:/altera_lite/15.1/nios2eds/bin/gnu/h-x86_64-mingw32/bin/../lib/gcc/nios2-elf/4.9.2/mhw-mulx\libgcc.a(floatsidf.o)
 .data          0x000000000001aa08        0x0 c:/altera_lite/15.1/nios2eds/bin/gnu/h-x86_64-mingw32/bin/../lib/gcc/nios2-elf/4.9.2/mhw-mulx\libgcc.a(floatunsidf.o)
 .data          0x000000000001aa08        0x0 c:/altera_lite/15.1/nios2eds/bin/gnu/h-x86_64-mingw32/bin/../lib/gcc/nios2-elf/4.9.2/mhw-mulx\libgcc.a(_clz.o)
 .data          0x000000000001aa08        0x0 c:/altera_lite/15.1/nios2eds/bin/gnu/h-x86_64-mingw32/bin/../lib/gcc/nios2-elf/4.9.2/mhw-mulx\libgcc.a(_clzsi2.o)
 .data          0x000000000001aa08        0x0 C:/Users/daans/Documents/Eclipse_Projecten_Nios/Keyboard_bsp/\libucosii_bsp.a(alt_close.o)
 .data          0x000000000001aa08      0x1a8 C:/Users/daans/Documents/Eclipse_Projecten_Nios/Keyboard_bsp/\libucosii_bsp.a(alt_dev.o)
                0x000000000001aa08                alt_dev_null
                0x000000000001aa30                alt_fd_list
 .data          0x000000000001abb0        0x0 C:/Users/daans/Documents/Eclipse_Projecten_Nios/Keyboard_bsp/\libucosii_bsp.a(alt_errno.o)
 .data          0x000000000001abb0        0x0 C:/Users/daans/Documents/Eclipse_Projecten_Nios/Keyboard_bsp/\libucosii_bsp.a(alt_fstat.o)
 .data          0x000000000001abb0        0x0 C:/Users/daans/Documents/Eclipse_Projecten_Nios/Keyboard_bsp/\libucosii_bsp.a(alt_isatty.o)
 .data          0x000000000001abb0        0x0 C:/Users/daans/Documents/Eclipse_Projecten_Nios/Keyboard_bsp/\libucosii_bsp.a(alt_load.o)
 .data          0x000000000001abb0        0x0 C:/Users/daans/Documents/Eclipse_Projecten_Nios/Keyboard_bsp/\libucosii_bsp.a(alt_lseek.o)
 .data          0x000000000001abb0        0x0 C:/Users/daans/Documents/Eclipse_Projecten_Nios/Keyboard_bsp/\libucosii_bsp.a(alt_main.o)
 .data          0x000000000001abb0        0x0 C:/Users/daans/Documents/Eclipse_Projecten_Nios/Keyboard_bsp/\libucosii_bsp.a(alt_read.o)
 .data          0x000000000001abb0        0x0 C:/Users/daans/Documents/Eclipse_Projecten_Nios/Keyboard_bsp/\libucosii_bsp.a(alt_release_fd.o)
 .data          0x000000000001abb0        0x0 C:/Users/daans/Documents/Eclipse_Projecten_Nios/Keyboard_bsp/\libucosii_bsp.a(alt_sbrk.o)
 .data          0x000000000001abb0        0x0 C:/Users/daans/Documents/Eclipse_Projecten_Nios/Keyboard_bsp/\libucosii_bsp.a(alt_write.o)
 .data          0x000000000001abb0        0x0 C:/Users/daans/Documents/Eclipse_Projecten_Nios/Keyboard_bsp/\libucosii_bsp.a(alt_env_lock.o)
 .data          0x000000000001abb0        0x0 C:/Users/daans/Documents/Eclipse_Projecten_Nios/Keyboard_bsp/\libucosii_bsp.a(alt_malloc_lock.o)
 .data          0x000000000001abb0        0x0 C:/Users/daans/Documents/Eclipse_Projecten_Nios/Keyboard_bsp/\libucosii_bsp.a(os_core.o)
 .data          0x000000000001abb0        0x0 C:/Users/daans/Documents/Eclipse_Projecten_Nios/Keyboard_bsp/\libucosii_bsp.a(os_dbg.o)
 .data          0x000000000001abb0        0x0 C:/Users/daans/Documents/Eclipse_Projecten_Nios/Keyboard_bsp/\libucosii_bsp.a(os_flag.o)
 .data          0x000000000001abb0        0x0 C:/Users/daans/Documents/Eclipse_Projecten_Nios/Keyboard_bsp/\libucosii_bsp.a(os_mem.o)
 .data          0x000000000001abb0        0x0 C:/Users/daans/Documents/Eclipse_Projecten_Nios/Keyboard_bsp/\libucosii_bsp.a(os_q.o)
 .data          0x000000000001abb0        0x0 C:/Users/daans/Documents/Eclipse_Projecten_Nios/Keyboard_bsp/\libucosii_bsp.a(os_sem.o)
 .data          0x000000000001abb0        0x0 C:/Users/daans/Documents/Eclipse_Projecten_Nios/Keyboard_bsp/\libucosii_bsp.a(os_task.o)
 .data          0x000000000001abb0        0x0 C:/Users/daans/Documents/Eclipse_Projecten_Nios/Keyboard_bsp/\libucosii_bsp.a(os_time.o)
 .data          0x000000000001abb0     0x13f0 C:/Users/daans/Documents/Eclipse_Projecten_Nios/Keyboard_bsp/\libucosii_bsp.a(alt_sys_init.o)
 .data          0x000000000001bfa0        0x0 C:/Users/daans/Documents/Eclipse_Projecten_Nios/Keyboard_bsp/\libucosii_bsp.a(altera_avalon_jtag_uart_fd.o)
 .data          0x000000000001bfa0        0x0 C:/Users/daans/Documents/Eclipse_Projecten_Nios/Keyboard_bsp/\libucosii_bsp.a(altera_avalon_jtag_uart_init.o)