Archive member included to satisfy reference by file (symbol)

c:/altera_lite/15.1/nios2eds/bin/gnu/h-x86_64-mingw32/bin/../lib/gcc/nios2-elf/4.9.2/../../../../../H-x86_64-mingw32/nios2-elf/lib/mhw-mulx\libc.a(lib_a-printf.o)
                              obj/default/hello_ucosii.o (printf)
c:/altera_lite/15.1/nios2eds/bin/gnu/h-x86_64-mingw32/bin/../lib/gcc/nios2-elf/4.9.2/../../../../../H-x86_64-mingw32/nios2-elf/lib/mhw-mulx\libc.a(lib_a-vfprintf.o)
                              c:/altera_lite/15.1/nios2eds/bin/gnu/h-x86_64-mingw32/bin/../lib/gcc/nios2-elf/4.9.2/../../../../../H-x86_64-mingw32/nios2-elf/lib/mhw-mulx\libc.a(lib_a-printf.o) (___vfprintf_internal_r)
c:/altera_lite/15.1/nios2eds/bin/gnu/h-x86_64-mingw32/bin/../lib/gcc/nios2-elf/4.9.2/../../../../../H-x86_64-mingw32/nios2-elf/lib/mhw-mulx\libc.a(lib_a-wsetup.o)
                              c:/altera_lite/15.1/nios2eds/bin/gnu/h-x86_64-mingw32/bin/../lib/gcc/nios2-elf/4.9.2/../../../../../H-x86_64-mingw32/nios2-elf/lib/mhw-mulx\libc.a(lib_a-vfprintf.o) (__swsetup_r)
c:/altera_lite/15.1/nios2eds/bin/gnu/h-x86_64-mingw32/bin/../lib/gcc/nios2-elf/4.9.2/../../../../../H-x86_64-mingw32/nios2-elf/lib/mhw-mulx\libc.a(lib_a-dtoa.o)
                              c:/altera_lite/15.1/nios2eds/bin/gnu/h-x86_64-mingw32/bin/../lib/gcc/nios2-elf/4.9.2/../../../../../H-x86_64-mingw32/nios2-elf/lib/mhw-mulx\libc.a(lib_a-vfprintf.o) (_dtoa_r)
c:/altera_lite/15.1/nios2eds/bin/gnu/h-x86_64-mingw32/bin/../lib/gcc/nios2-elf/4.9.2/../../../../../H-x86_64-mingw32/nios2-elf/lib/mhw-mulx\libc.a(lib_a-fflush.o)
                              c:/altera_lite/15.1/nios2eds/bin/gnu/h-x86_64-mingw32/bin/../lib/gcc/nios2-elf/4.9.2/../../../../../H-x86_64-mingw32/nios2-elf/lib/mhw-mulx\libc.a(lib_a-vfprintf.o) (_fflush_r)
c:/altera_lite/15.1/nios2eds/bin/gnu/h-x86_64-mingw32/bin/../lib/gcc/nios2-elf/4.9.2/../../../../../H-x86_64-mingw32/nios2-elf/lib/mhw-mulx\libc.a(lib_a-findfp.o)
                              c:/altera_lite/15.1/nios2eds/bin/gnu/h-x86_64-mingw32/bin/../lib/gcc/nios2-elf/4.9.2/../../../../../H-x86_64-mingw32/nios2-elf/lib/mhw-mulx\libc.a(lib_a-vfprintf.o) (__sinit)
c:/altera_lite/15.1/nios2eds/bin/gnu/h-x86_64-mingw32/bin/../lib/gcc/nios2-elf/4.9.2/../../../../../H-x86_64-mingw32/nios2-elf/lib/mhw-mulx\libc.a(lib_a-freer.o)
                              c:/altera_lite/15.1/nios2eds/bin/gnu/h-x86_64-mingw32/bin/../lib/gcc/nios2-elf/4.9.2/../../../../../H-x86_64-mingw32/nios2-elf/lib/mhw-mulx\libc.a(lib_a-wsetup.o) (_free_r)
c:/altera_lite/15.1/nios2eds/bin/gnu/h-x86_64-mingw32/bin/../lib/gcc/nios2-elf/4.9.2/../../../../../H-x86_64-mingw32/nios2-elf/lib/mhw-mulx\libc.a(lib_a-fwalk.o)
                              c:/altera_lite/15.1/nios2eds/bin/gnu/h-x86_64-mingw32/bin/../lib/gcc/nios2-elf/4.9.2/../../../../../H-x86_64-mingw32/nios2-elf/lib/mhw-mulx\libc.a(lib_a-findfp.o) (_fwalk)
c:/altera_lite/15.1/nios2eds/bin/gnu/h-x86_64-mingw32/bin/../lib/gcc/nios2-elf/4.9.2/../../../../../H-x86_64-mingw32/nios2-elf/lib/mhw-mulx\libc.a(lib_a-impure.o)
                              c:/altera_lite/15.1/nios2eds/bin/gnu/h-x86_64-mingw32/bin/../lib/gcc/nios2-elf/4.9.2/../../../../../H-x86_64-mingw32/nios2-elf/lib/mhw-mulx\libc.a(lib_a-fflush.o) (_global_impure_ptr)
c:/altera_lite/15.1/nios2eds/bin/gnu/h-x86_64-mingw32/bin/../lib/gcc/nios2-elf/4.9.2/../../../../../H-x86_64-mingw32/nios2-elf/lib/mhw-mulx\libc.a(lib_a-locale.o)
                              c:/altera_lite/15.1/nios2eds/bin/gnu/h-x86_64-mingw32/bin/../lib/gcc/nios2-elf/4.9.2/../../../../../H-x86_64-mingw32/nios2-elf/lib/mhw-mulx\libc.a(lib_a-vfprintf.o) (_localeconv_r)
c:/altera_lite/15.1/nios2eds/bin/gnu/h-x86_64-mingw32/bin/../lib/gcc/nios2-elf/4.9.2/../../../../../H-x86_64-mingw32/nios2-elf/lib/mhw-mulx\libc.a(lib_a-makebuf.o)
                              c:/altera_lite/15.1/nios2eds/bin/gnu/h-x86_64-mingw32/bin/../lib/gcc/nios2-elf/4.9.2/../../../../../H-x86_64-mingw32/nios2-elf/lib/mhw-mulx\libc.a(lib_a-wsetup.o) (__smakebuf_r)
c:/altera_lite/15.1/nios2eds/bin/gnu/h-x86_64-mingw32/bin/../lib/gcc/nios2-elf/4.9.2/../../../../../H-x86_64-mingw32/nios2-elf/lib/mhw-mulx\libc.a(lib_a-mallocr.o)
                              c:/altera_lite/15.1/nios2eds/bin/gnu/h-x86_64-mingw32/bin/../lib/gcc/nios2-elf/4.9.2/../../../../../H-x86_64-mingw32/nios2-elf/lib/mhw-mulx\libc.a(lib_a-findfp.o) (_malloc_r)
c:/altera_lite/15.1/nios2eds/bin/gnu/h-x86_64-mingw32/bin/../lib/gcc/nios2-elf/4.9.2/../../../../../H-x86_64-mingw32/nios2-elf/lib/mhw-mulx\libc.a(lib_a-memchr.o)
                              c:/altera_lite/15.1/nios2eds/bin/gnu/h-x86_64-mingw32/bin/../lib/gcc/nios2-elf/4.9.2/../../../../../H-x86_64-mingw32/nios2-elf/lib/mhw-mulx\libc.a(lib_a-vfprintf.o) (memchr)
c:/altera_lite/15.1/nios2eds/bin/gnu/h-x86_64-mingw32/bin/../lib/gcc/nios2-elf/4.9.2/../../../../../H-x86_64-mingw32/nios2-elf/lib/mhw-mulx\libc.a(lib_a-memcpy.o)
[...]
Memory Configuration

Name             Origin             Length             Attributes
reset            0x0000000000000000 0x0000000000000020
SDRAM            0x0000000000000020 0x0000000003ffffe0
Flash_flash_data 0x000000000c000000 0x0000000000800000
*default*        0x0000000000000000 0xffffffffffffffff

Linker script and memory map

LOAD C:/Users/daans/Documents/Eclipse_Projecten_Nios/Keyboard_bsp//obj/HAL/src/crt0.o
LOAD obj/default/hello_ucosii.o
LOAD c:/altera_lite/15.1/nios2eds/bin/gnu/h-x86_64-mingw32/bin/../lib/gcc/nios2-elf/4.9.2/../../../../../H-x86_64-mingw32/nios2-elf/lib/mhw-mulx\libstdc++.a
LOAD c:/altera_lite/15.1/nios2eds/bin/gnu/h-x86_64-mingw32/bin/../lib/gcc/nios2-elf/4.9.2/../../../../../H-x86_64-mingw32/nios2-elf/lib/mhw-mulx\libm.a
LOAD c:/altera_lite/15.1/nios2eds/bin/gnu/h-x86_64-mingw32/bin/../lib/gcc/nios2-elf/4.9.2/mhw-mulx\libgcc.a
START GROUP
LOAD c:/altera_lite/15.1/nios2eds/bin/gnu/h-x86_64-mingw32/bin/../lib/gcc/nios2-elf/4.9.2/../../../../../H-x86_64-mingw32/nios2-elf/lib/mhw-mulx\libc.a
LOAD c:/altera_lite/15.1/nios2eds/bin/gnu/h-x86_64-mingw32/bin/../lib/gcc/nios2-elf/4.9.2/mhw-mulx\libgcc.a
LOAD C:/Users/daans/Documents/Eclipse_Projecten_Nios/Keyboard_bsp/\libucosii_bsp.a
LOAD c:/altera_lite/15.1/nios2eds/bin/gnu/h-x86_64-mingw32/bin/../lib/gcc/nios2-elf/4.9.2/../../../../../H-x86_64-mingw32/nios2-elf/lib/mhw-mulx\libm.a
END GROUP
LOAD c:/altera_lite/15.1/nios2eds/bin/gnu/h-x86_64-mingw32/bin/../lib/gcc/nios2-elf/4.9.2/mhw-mulx\libgcc.a
                0x0000000000000000                __alt_mem_SDRAM = 0x0
                0x000000000c000000                __alt_mem_Flash_flash_data = 0xc000000

.entry          0x0000000000000000       0x20
 *(.entry)
 .entry         0x0000000000000000       0x20 C:/Users/daans/Documents/Eclipse_Projecten_Nios/Keyboard_bsp//obj/HAL/src/crt0.o
                0x0000000000000000                __reset

.exceptions     0x0000000000000020      0x224
                0x0000000000000020                PROVIDE (__ram_exceptions_start, ABSOLUTE (.))
                0x0000000000000020                . = ALIGN (0x20)
 *(.irq)
 *(.exceptions.entry.label)
 .exceptions.entry.label
                0x0000000000000020        0x0 C:/Users/daans/Documents/Eclipse_Projecten_Nios/Keyboard_bsp/\libucosii_bsp.a(alt_irq_entry.o)
                0x0000000000000020                alt_irq_entry
 .exceptions.entry.label
                0x0000000000000020        0x0 C:/Users/daans/Documents/Eclipse_Projecten_Nios/Keyboard_bsp/\libucosii_bsp.a(alt_exception_entry.o)
                0x0000000000000020                alt_exception
 *(.exceptions.entry.user)
 *(.exceptions.entry.ecc_fatal)
 *(.exceptions.entry)
 .exceptions.entry
                0x0000000000000020       0x54 C:/Users/daans/Documents/Eclipse_Projecten_Nios/Keyboard_bsp/\libucosii_bsp.a(alt_exception_entry.o)
 *(.exceptions.irqtest.user)
 *(.exceptions.irqtest)
 .exceptions.irqtest
                0x0000000000000074       0x10 C:/Users/daans/Documents/Eclipse_Projecten_Nios/Keyboard_bsp/\libucosii_bsp.a(alt_irq_entry.o)
 *(.exceptions.irqhandler.user)
 *(.exceptions.irqhandler)
 .exceptions.irqhandler
                0x0000000000000084        0x4 C:/Users/daans/Documents/Eclipse_Projecten_Nios/Keyboard_bsp/\libucosii_bsp.a(alt_irq_entry.o)
 *(.exceptions.irqreturn.user)
 *(.exceptions.irqreturn)
 .exceptions.irqreturn
                0x0000000000000088        0x4 C:/Users/daans/Documents/Eclipse_Projecten_Nios/Keyboard_bsp/\libucosii_bsp.a(alt_irq_entry.o)
 *(.exceptions.notirq.label)
 .exceptions.notirq.label
                0x000000000000008c        0x0 C:/Users/daans/Documents/Eclipse_Projecten_Nios/Keyboard_bsp/\libucosii_bsp.a(alt_irq_entry.o)
 *(.exceptions.notirq.user)
 *(.exceptions.notirq)
 .exceptions.notirq
                0x000000000000008c        0x8 C:/Users/daans/Documents/Eclipse_Projecten_Nios/Keyboard_bsp/\libucosii_bsp.a(alt_exception_entry.o)
 *(.exceptions.soft.user)
 *(.exceptions.soft)
 *(.exceptions.unknown.user)
 *(.exceptions.unknown)
 .exceptions.unknown
                0x0000000000000094       0x14 C:/Users/daans/Documents/Eclipse_Projecten_Nios/Keyboard_bsp/\libucosii_bsp.a(alt_exception_entry.o)
 *(.exceptions.exit.label)
 .exceptions.exit.label
                0x00000000000000a8        0x0 C:/Users/daans/Documents/Eclipse_Projecten_Nios/Keyboard_bsp/\libucosii_bsp.a(alt_irq_entry.o)
 .exceptions.exit.label
                0x00000000000000a8        0x0 C:/Users/daans/Documents/Eclipse_Projecten_Nios/Keyboard_bsp/\libucosii_bsp.a(alt_exception_entry.o)
 *(.exceptions.exit.user)
 *(.exceptions.exit)
 .exceptions.exit
                0x00000000000000a8       0x54 C:/Users/daans/Documents/Eclipse_Projecten_Nios/Keyboard_bsp/\libucosii_bsp.a(alt_exception_entry.o)
 *(.exceptions)
 .exceptions    0x00000000000000fc       0xd4 C:/Users/daans/Documents/Eclipse_Projecten_Nios/Keyboard_bsp/\libucosii_bsp.a(alt_irq_handler.o)
                0x00000000000000fc                alt_irq_handler
 .exceptions    0x00000000000001d0       0x74 C:/Users/daans/Documents/Eclipse_Projecten_Nios/Keyboard_bsp/\libucosii_bsp.a(alt_instruction_exception_entry.o)
                0x00000000000001d0                alt_instruction_exception_entry
                0x0000000000000244                PROVIDE (__ram_exceptions_end, ABSOLUTE (.))
                0x0000000000000020                PROVIDE (__flash_exceptions_start, LOADADDR (.exceptions))

.text           0x0000000000000244    0x193f0
                0x0000000000000244                PROVIDE (stext, ABSOLUTE (.))
 *(.interp)
 *(.hash)
 *(.dynsym)
 *(.dynstr)
 *(.gnu.version)
 *(.gnu.version_d)
 *(.gnu.version_r)
 *(.rel.init)
 *(.rela.init)
 *(.rel.text .rel.text.* .rel.gnu.linkonce.t.*)
 *(.rela.text .rela.text.* .rela.gnu.linkonce.t.*)
 *(.rel.fini)
 *(.rela.fini)
 *(.rel.rodata .rel.rodata.* .rel.gnu.linkonce.r.*)
 *(.rela.rodata .rela.rodata.* .rela.gnu.linkonce.r.*)
 *(.rel.data .rel.data.* .rel.gnu.linkonce.d.*)
 *(.rela.data .rela.data.* .rela.gnu.linkonce.d.*)
 *(.rel.tdata .rel.tdata.* .rel.gnu.linkonce.td.*)
 *(.rela.tdata .rela.tdata.* .rela.gnu.linkonce.td.*)
 *(.rel.tbss .rel.tbss.* .rel.gnu.linkonce.tb.*)
 *(.rela.tbss .rela.tbss.* .rela.gnu.linkonce.tb.*)
 *(.rel.ctors)
 *(.rela.ctors)
 *(.rel.dtors)
 *(.rela.dtors)
 *(.rel.got)
 *(.rela.got)
 *(.rel.sdata .rel.sdata.* .rel.gnu.linkonce.s.*)
 *(.rela.sdata .rela.sdata.* .rela.gnu.linkonce.s.*)
 *(.rel.sbss .rel.sbss.* .rel.gnu.linkonce.sb.*)
 *(.rela.sbss .rela.sbss.* .rela.gnu.linkonce.sb.*)
 *(.rel.sdata2 .rel.sdata2.* .rel.gnu.linkonce.s2.*)
 *(.rela.sdata2 .rela.sdata2.* .rela.gnu.linkonce.s2.*)
 *(.rel.sbss2 .rel.sbss2.* .rel.gnu.linkonce.sb2.*)
 *(.rela.sbss2 .rela.sbss2.* .rela.gnu.linkonce.sb2.*)
 *(.rel.bss .rel.bss.* .rel.gnu.linkonce.b.*)
 *(.rela.bss .rela.bss.* .rela.gnu.linkonce.b.*)
 *(.rel.plt)
 *(.rela.plt)
 *(.rel.dyn)
 *(.init)
 *(.plt)
 *(.text .stub .text.* .gnu.linkonce.t.*)
 .text          0x0000000000000244       0x3c C:/Users/daans/Documents/Eclipse_Projecten_Nios/Keyboard_bsp//obj/HAL/src/crt0.o
                0x0000000000000244                _start
 .text          0x0000000000000280      0x408 obj/default/hello_ucosii.o
                0x0000000000000280                getKey
                0x0000000000000368                task1
                0x00000000000003cc                VGA_char
                0x0000000000000420                main
                0x00000000000004a4                VGA_box
                0x0000000000000558                VGA_text
                0x00000000000005d4                PS2
                0x0000000000000624                convert
                0x0000000000000644                print
 .text          0x0000000000000688        0x0 c:/altera_lite/15.1/nios2eds/bin/gnu/h-x86_64-mingw32/bin/../lib/gcc/nios2-elf/4.9.2/../../../../../H-x86_64-mingw32/nios2-elf/lib/mhw-mulx\libc.a(lib_a-printf.o)
 .text._printf_r
                0x0000000000000688       0x2c c:/altera_lite/15.1/nios2eds/bin/gnu/h-x86_64-mingw32/bin/../lib/gcc/nios2-elf/4.9.2/../../../../../H-x86_64-mingw32/nios2-elf/lib/mhw-mulx\libc.a(lib_a-printf.o)
                0x0000000000000688                _printf_r
 .text.printf   0x00000000000006b4       0x3c c:/altera_lite/15.1/nios2eds/bin/gnu/h-x86_64-mingw32/bin/../lib/gcc/nios2-elf/4.9.2/../../../../../H-x86_64-mingw32/nios2-elf/lib/mhw-mulx\libc.a(lib_a-printf.o)
                0x00000000000006b4                printf
 .text          0x00000000000006f0        0x0 c:/altera_lite/15.1/nios2eds/bin/gnu/h-x86_64-mingw32/bin/../lib/gcc/nios2-elf/4.9.2/../../../../../H-x86_64-mingw32/nios2-elf/lib/mhw-mulx\libc.a(lib_a-vfprintf.o)
 .text.___vfprintf_internal_r
                0x00000000000006f0     0x1f50 c:/altera_lite/15.1/nios2eds/bin/gnu/h-x86_64-mingw32/bin/../lib/gcc/nios2-elf/4.9.2/../../../../../H-x86_64-mingw32/nios2-elf/lib/mhw-mulx\libc.a(lib_a-vfprintf.o)
                0x00000000000006f0                ___vfprintf_internal_r
 .text.__vfprintf_internal
                0x0000000000002640       0x24 c:/altera_lite/15.1/nios2eds/bin/gnu/h-x86_64-mingw32/bin/../lib/gcc/nios2-elf/4.9.2/../../../../../H-x86_64-mingw32/nios2-elf/lib/mhw-mulx\libc.a(lib_a-vfprintf.o)
                0x0000000000002640                __vfprintf_internal
 .text.__sbprintf
                0x0000000000002664       0xbc c:/altera_lite/15.1/nios2eds/bin/gnu/h-x86_64-mingw32/bin/../lib/gcc/nios2-elf/4.9.2/../../../../../H-x86_64-mingw32/nios2-elf/lib/mhw-mulx\libc.a(lib_a-vfprintf.o)
 .text          0x0000000000002720        0x0 c:/altera_lite/15.1/nios2eds/bin/gnu/h-x86_64-mingw32/bin/../lib/gcc/nios2-elf/4.9.2/../../../../../H-x86_64-mingw32/nios2-elf/lib/mhw-mulx\libc.a(lib_a-wsetup.o)
 .text.__swsetup_r
                0x0000000000002720      0x154 c:/altera_lite/15.1/nios2eds/bin/gnu/h-x86_64-mingw32/bin/../lib/gcc/nios2-elf/4.9.2/../../../../../H-x86_64-mingw32/nios2-elf/lib/mhw-mulx\libc.a(lib_a-wsetup.o)
                0x0000000000002720                __swsetup_r
 .text          0x0000000000002874        0x0 c:/altera_lite/15.1/nios2eds/bin/gnu/h-x86_64-mingw32/bin/../lib/gcc/nios2-elf/4.9.2/../../../../../H-x86_64-mingw32/nios2-elf/lib/mhw-mulx\libc.a(lib_a-dtoa.o)
 .text.quorem   0x0000000000002874      0x200 c:/altera_lite/15.1/nios2eds/bin/gnu/h-x86_64-mingw32/bin/../lib/gcc/nios2-elf/4.9.2/../../../../../H-x86_64-mingw32/nios2-elf/lib/mhw-mulx\libc.a(lib_a-dtoa.o)
 .text._dtoa_r  0x0000000000002a74     0x1728 c:/altera_lite/15.1/nios2eds/bin/gnu/h-x86_64-mingw32/bin/../lib/gcc/nios2-elf/4.9.2/../../../../../H-x86_64-mingw32/nios2-elf/lib/mhw-mulx\libc.a(lib_a-dtoa.o)
                0x0000000000002a74                _dtoa_r
 .text          0x000000000000419c        0x0 c:/altera_lite/15.1/nios2eds/bin/gnu/h-x86_64-mingw32/bin/../lib/gcc/nios2-elf/4.9.2/../../../../../H-x86_64-mingw32/nios2-elf/lib/mhw-mulx\libc.a(lib_a-fflush.o)
 .text.__sflush_r
                0x000000000000419c      0x208 c:/altera_lite/15.1/nios2eds/bin/gnu/h-x86_64-mingw32/bin/../lib/gcc/nios2-elf/4.9.2/../../../../../H-x86_64-mingw32/nios2-elf/lib/mhw-mulx\libc.a(lib_a-fflush.o)
                0x000000000000419c                __sflush_r
 .text._fflush_r
                0x00000000000043a4       0x5c c:/altera_lite/15.1/nios2eds/bin/gnu/h-x86_64-mingw32/bin/../lib/gcc/nios2-elf/4.9.2/../../../../../H-x86_64-mingw32/nios2-elf/lib/mhw-mulx\libc.a(lib_a-fflush.o)
                0x00000000000043a4                _fflush_r
 .text.fflush   0x0000000000004400       0x30 c:/altera_lite/15.1/nios2eds/bin/gnu/h-x86_64-mingw32/bin/../lib/gcc/nios2-elf/4.9.2/../../../../../H-x86_64-mingw32/nios2-elf/lib/mhw-mulx\libc.a(lib_a-fflush.o)
                0x0000000000004400                fflush
 .text          0x0000000000004430        0x0 c:/altera_lite/15.1/nios2eds/bin/gnu/h-x86_64-mingw32/bin/../lib/gcc/nios2-elf/4.9.2/../../../../../H-x86_64-mingw32/nios2-elf/lib/mhw-mulx\libc.a(lib_a-findfp.o)
 .text.__fp_lock
                0x0000000000004430        0x8 c:/altera_lite/15.1/nios2eds/bin/gnu/h-x86_64-mingw32/bin/../lib/gcc/nios2-elf/4.9.2/../../../../../H-x86_64-mingw32/nios2-elf/lib/mhw-mulx\libc.a(lib_a-findfp.o)
 .text.__fp_unlock
                0x0000000000004438        0x8 c:/altera_lite/15.1/nios2eds/bin/gnu/h-x86_64-mingw32/bin/../lib/gcc/nios2-elf/4.9.2/../../../../../H-x86_64-mingw32/nios2-elf/lib/mhw-mulx\libc.a(lib_a-findfp.o)
 .text._cleanup_r
                0x0000000000004440        0xc c:/altera_lite/15.1/nios2eds/bin/gnu/h-x86_64-mingw32/bin/../lib/gcc/nios2-elf/4.9.2/../../../../../H-x86_64-mingw32/nios2-elf/lib/mhw-mulx\libc.a(lib_a-findfp.o)
                0x0000000000004440                _cleanup_r
 .text.__sinit.part.1
                0x000000000000444c      0x19c c:/altera_lite/15.1/nios2eds/bin/gnu/h-x86_64-mingw32/bin/../lib/gcc/nios2-elf/4.9.2/../../../../../H-x86_64-mingw32/nios2-elf/lib/mhw-mulx\libc.a(lib_a-findfp.o)
 .text.__sfmoreglue
                0x00000000000045e8       0x68 c:/altera_lite/15.1/nios2eds/bin/gnu/h-x86_64-mingw32/bin/../lib/gcc/nios2-elf/4.9.2/../../../../../H-x86_64-mingw32/nios2-elf/lib/mhw-mulx\libc.a(lib_a-findfp.o)
                0x00000000000045e8                __sfmoreglue
 .text.__sfp    0x0000000000004650      0x118 c:/altera_lite/15.1/nios2eds/bin/gnu/h-x86_64-mingw32/bin/../lib/gcc/nios2-elf/4.9.2/../../../../../H-x86_64-mingw32/nios2-elf/lib/mhw-mulx\libc.a(lib_a-findfp.o)
                0x0000000000004650                __sfp
 .text._cleanup
                0x0000000000004768       0x18 c:/altera_lite/15.1/nios2eds/bin/gnu/h-x86_64-mingw32/bin/../lib/gcc/nios2-elf/4.9.2/../../../../../H-x86_64-mingw32/nios2-elf/lib/mhw-mulx\libc.a(lib_a-findfp.o)
                0x0000000000004768                _cleanup
 .text.__sinit  0x0000000000004780       0x10 c:/altera_lite/15.1/nios2eds/bin/gnu/h-x86_64-mingw32/bin/../lib/gcc/nios2-elf/4.9.2/../../../../../H-x86_64-mingw32/nios2-elf/lib/mhw-mulx\libc.a(lib_a-findfp.o)
                0x0000000000004780                __sinit
 .text.__sfp_lock_acquire
                0x0000000000004790        0x4 c:/altera_lite/15.1/nios2eds/bin/gnu/h-x86_64-mingw32/bin/../lib/gcc/nios2-elf/4.9.2/../../../../../H-x86_64-mingw32/nios2-elf/lib/mhw-mulx\libc.a(lib_a-findfp.o)
                0x0000000000004790                __sfp_lock_acquire
 .text.__sfp_lock_release
                0x0000000000004794        0x4 c:/altera_lite/15.1/nios2eds/bin/gnu/h-x86_64-mingw32/bin/../lib/gcc/nios2-elf/4.9.2/../../../../../H-x86_64-mingw32/nios2-elf/lib/mhw-mulx\libc.a(lib_a-findfp.o)
                0x0000000000004794                __sfp_lock_release
 .text.__sinit_lock_acquire
                0x0000000000004798        0x4 c:/altera_lite/15.1/nios2eds/bin/gnu/h-x86_64-mingw32/bin/../lib/gcc/nios2-elf/4.9.2/../../../../../H-x86_64-mingw32/nios2-elf/lib/mhw-mulx\libc.a(lib_a-findfp.o)
                0x0000000000004798                __sinit_lock_acquire
 .text.__sinit_lock_release
                0x000000000000479c        0x4 c:/altera_lite/15.1/nios2eds/bin/gnu/h-x86_64-mingw32/bin/../lib/gcc/nios2-elf/4.9.2/../../../../../H-x86_64-mingw32/nios2-elf/lib/mhw-mulx\libc.a(lib_a-findfp.o)
                0x000000000000479c                __sinit_lock_release
 .text.__fp_lock_all
                0x00000000000047a0       0x18 c:/altera_lite/15.1/nios2eds/bin/gnu/h-x86_64-mingw32/bin/../lib/gcc/nios2-elf/4.9.2/../../../../../H-x86_64-mingw32/nios2-elf/lib/mhw-mulx\libc.a(lib_a-findfp.o)
                0x00000000000047a0                __fp_lock_all
 .text.__fp_unlock_all
                0x00000000000047b8       0x18 c:/altera_lite/15.1/nios2eds/bin/gnu/h-x86_64-mingw32/bin/../lib/gcc/nios2-elf/4.9.2/../../../../../H-x86_64-mingw32/nios2-elf/lib/mhw-mulx\libc.a(lib_a-findfp.o)
                0x00000000000047b8                __fp_unlock_all
 .text          0x00000000000047d0        0x0 c:/altera_lite/15.1/nios2eds/bin/gnu/h-x86_64-mingw32/bin/../lib/gcc/nios2-elf/4.9.2/../../../../../H-x86_64-mingw32/nios2-elf/lib/mhw-mulx\libc.a(lib_a-freer.o)
 .text._malloc_trim_r
                0x00000000000047d0      0x124 c:/altera_lite/15.1/nios2eds/bin/gnu/h-x86_64-mingw32/bin/../lib/gcc/nios2-elf/4.9.2/../../../../../H-x86_64-mingw32/nios2-elf/lib/mhw-mulx\libc.a(lib_a-freer.o)
                0x00000000000047d0                _malloc_trim_r
 .text._free_r  0x00000000000048f4      0x2f0 c:/altera_lite/15.1/nios2eds/bin/gnu/h-x86_64-mingw32/bin/../lib/gcc/nios2-elf/4.9.2/../../../../../H-x86_64-mingw32/nios2-elf/lib/mhw-mulx\libc.a(lib_a-freer.o)
                0x00000000000048f4                _free_r
 .text          0x0000000000004be4        0x0 c:/altera_lite/15.1/nios2eds/bin/gnu/h-x86_64-mingw32/bin/../lib/gcc/nios2-elf/4.9.2/../../../../../H-x86_64-mingw32/nios2-elf/lib/mhw-mulx\libc.a(lib_a-fwalk.o)
 .text._fwalk   0x0000000000004be4       0xc4 c:/altera_lite/15.1/nios2eds/bin/gnu/h-x86_64-mingw32/bin/../lib/gcc/nios2-elf/4.9.2/../../../../../H-x86_64-mingw32/nios2-elf/lib/mhw-mulx\libc.a(lib_a-fwalk.o)
                0x0000000000004be4                _fwalk
 .text._fwalk_reent
                0x0000000000004ca8       0xc4 c:/altera_lite/15.1/nios2eds/bin/gnu/h-x86_64-mingw32/bin/../lib/gcc/nios2-elf/4.9.2/../../../../../H-x86_64-mingw32/nios2-elf/lib/mhw-mulx\libc.a(lib_a-fwalk.o)
                0x0000000000004ca8                _fwalk_reent
 .text          0x0000000000004d6c        0x0 c:/altera_lite/15.1/nios2eds/bin/gnu/h-x86_64-mingw32/bin/../lib/gcc/nios2-elf/4.9.2/../../../../../H-x86_64-mingw32/nios2-elf/lib/mhw-mulx\libc.a(lib_a-impure.o)
 .text          0x0000000000004d6c        0x0 c:/altera_lite/15.1/nios2eds/bin/gnu/h-x86_64-mingw32/bin/../lib/gcc/nios2-elf/4.9.2/../../../../../H-x86_64-mingw32/nios2-elf/lib/mhw-mulx\libc.a(lib_a-locale.o)
 .text._setlocale_r
                0x0000000000004d6c       0x7c c:/altera_lite/15.1/nios2eds/bin/gnu/h-x86_64-mingw32/bin/../lib/gcc/nios2-elf/4.9.2/../../../../../H-x86_64-mingw32/nios2-elf/lib/mhw-mulx\libc.a(lib_a-locale.o)
                0x0000000000004d6c                _setlocale_r
 .text.__locale_charset
                0x0000000000004de8        0xc c:/altera_lite/15.1/nios2eds/bin/gnu/h-x86_64-mingw32/bin/../lib/gcc/nios2-elf/4.9.2/../../../../../H-x86_64-mingw32/nios2-elf/lib/mhw-mulx\libc.a(lib_a-locale.o)
                0x0000000000004de8                __locale_charset
 .text.__locale_mb_cur_max
                0x0000000000004df4       0x10 c:/altera_lite/15.1/nios2eds/bin/gnu/h-x86_64-mingw32/bin/../lib/gcc/nios2-elf/4.9.2/../../../../../H-x86_64-mingw32/nios2-elf/lib/mhw-mulx\libc.a(lib_a-locale.o)
                0x0000000000004df4                __locale_mb_cur_max
 .text.__locale_msgcharset
                0x0000000000004e04        0xc c:/altera_lite/15.1/nios2eds/bin/gnu/h-x86_64-mingw32/bin/../lib/gcc/nios2-elf/4.9.2/../../../../../H-x86_64-mingw32/nios2-elf/lib/mhw-mulx\libc.a(lib_a-locale.o)
                0x0000000000004e04                __locale_msgcharset
 .text.__locale_cjk_lang
                0x0000000000004e10        0x8 c:/altera_lite/15.1/nios2eds/bin/gnu/h-x86_64-mingw32/bin/../lib/gcc/nios2-elf/4.9.2/../../../../../H-x86_64-mingw32/nios2-elf/lib/mhw-mulx\libc.a(lib_a-locale.o)
                0x0000000000004e10                __locale_cjk_lang
 .text._localeconv_r
                0x0000000000004e18        0xc c:/altera_lite/15.1/nios2eds/bin/gnu/h-x86_64-mingw32/bin/../lib/gcc/nios2-elf/4.9.2/../../../../../H-x86_64-mingw32/nios2-elf/lib/mhw-mulx\libc.a(lib_a-locale.o)
                0x0000000000004e18                _localeconv_r
 .text.setlocale
                0x0000000000004e24       0x1c c:/altera_lite/15.1/nios2eds/bin/gnu/h-x86_64-mingw32/bin/../lib/gcc/nios2-elf/4.9.2/../../../../../H-x86_64-mingw32/nios2-elf/lib/mhw-mulx\libc.a(lib_a-locale.o)
                0x0000000000004e24                setlocale
 .text.localeconv
                0x0000000000004e40        0xc c:/altera_lite/15.1/nios2eds/bin/gnu/h-x86_64-mingw32/bin/../lib/gcc/nios2-elf/4.9.2/../../../../../H-x86_64-mingw32/nios2-elf/lib/mhw-mulx\libc.a(lib_a-locale.o)
                0x0000000000004e40                localeconv
 .text          0x0000000000004e4c        0x0 c:/altera_lite/15.1/nios2eds/bin/gnu/h-x86_64-mingw32/bin/../lib/gcc/nios2-elf/4.9.2/../../../../../H-x86_64-mingw32/nios2-elf/lib/mhw-mulx\libc.a(lib_a-makebuf.o)
 .text.__smakebuf_r
                0x0000000000004e4c      0x1b8 c:/altera_lite/15.1/nios2eds/bin/gnu/h-x86_64-mingw32/bin/../lib/gcc/nios2-elf/4.9.2/../../../../../H-x86_64-mingw32/nios2-elf/lib/mhw-mulx\libc.a(lib_a-makebuf.o)
                0x0000000000004e4c                __smakebuf_r
 .text          0x0000000000005004        0x0 c:/altera_lite/15.1/nios2eds/bin/gnu/h-x86_64-mingw32/bin/../lib/gcc/nios2-elf/4.9.2/../../../../../H-x86_64-mingw32/nios2-elf/lib/mhw-mulx\libc.a(lib_a-mallocr.o)
 .text._malloc_r
                0x0000000000005004      0x7a8 c:/altera_lite/15.1/nios2eds/bin/gnu/h-x86_64-mingw32/bin/../lib/gcc/nios2-elf/4.9.2/../../../../../H-x86_64-mingw32/nios2-elf/lib/mhw-mulx\libc.a(lib_a-mallocr.o)
                0x0000000000005004                _malloc_r
 .text          0x00000000000057ac        0x0 c:/altera_lite/15.1/nios2eds/bin/gnu/h-x86_64-mingw32/bin/../lib/gcc/nios2-elf/4.9.2/../../../../../H-x86_64-mingw32/nios2-elf/lib/mhw-mulx\libc.a(lib_a-memchr.o)
 .text.memchr   0x00000000000057ac       0xe8 c:/altera_lite/15.1/nios2eds/bin/gnu/h-x86_64-mingw32/bin/../lib/gcc/nios2-elf/4.9.2/../../../../../H-x86_64-mingw32/nios2-elf/lib/mhw-mulx\libc.a(lib_a-memchr.o)
                0x00000000000057ac                memchr
 .text          0x0000000000005894        0x0 c:/altera_lite/15.1/nios2eds/bin/gnu/h-x86_64-mingw32/bin/../lib/gcc/nios2-elf/4.9.2/../../../../../H-x86_64-mingw32/nios2-elf/lib/mhw-mulx\libc.a(lib_a-memcpy.o)
 .text.memcpy   0x0000000000005894      0x138 c:/altera_lite/15.1/nios2eds/bin/gnu/h-x86_64-mingw32/bin/../lib/gcc/nios2-elf/4.9.2/../../../../../H-x86_64-mingw32/nios2-elf/lib/mhw-mulx\libc.a(lib_a-memcpy.o)
                0x0000000000005894                memcpy
 .text          0x00000000000059cc        0x0 c:/altera_lite/15.1/nios2eds/bin/gnu/h-x86_64-mingw32/bin/../lib/gcc/nios2-elf/4.9.2/../../../../../H-x86_64-mingw32/nios2-elf/lib/mhw-mulx\libc.a(lib_a-memset.o)
 .text.memset   0x00000000000059cc      0x124 c:/altera_lite/15.1/nios2eds/bin/gnu/h-x86_64-mingw32/bin/../lib/gcc/nios2-elf/4.9.2/../../../../../H-x86_64-mingw32/nios2-elf/lib/mhw-mulx\libc.a(lib_a-memset.o)
                0x00000000000059cc                memset
 .text          0x0000000000005af0        0x0 c:/altera_lite/15.1/nios2eds/bin/gnu/h-x86_64-mingw32/bin/../lib/gcc/nios2-elf/4.9.2/../../../../../H-x86_64-mingw32/nios2-elf/lib/mhw-mulx\libc.a(lib_a-mprec.o)
 .text._Balloc  0x0000000000005af0       0xa8 c:/altera_lite/15.1/nios2eds/bin/gnu/h-x86_64-mingw32/bin/../lib/gcc/nios2-elf/4.9.2/../../../../../H-x86_64-mingw32/nios2-elf/lib/mhw-mulx\libc.a(lib_a-mprec.o)
                0x0000000000005af0                _Balloc
 .text._Bfree   0x0000000000005b98       0x28 c:/altera_lite/15.1/nios2eds/bin/gnu/h-x86_64-mingw32/bin/../lib/gcc/nios2-elf/4.9.2/../../../../../H-x86_64-mingw32/nios2-elf/lib/mhw-mulx\libc.a(lib_a-mprec.o)
                0x0000000000005b98                _Bfree
 .text.__multadd
                0x0000000000005bc0      0x120 c:/altera_lite/15.1/nios2eds/bin/gnu/h-x86_64-mingw32/bin/../lib/gcc/nios2-elf/4.9.2/../../../../../H-x86_64-mingw32/nios2-elf/lib/mhw-mulx\libc.a(lib_a-mprec.o)
                0x0000000000005bc0                __multadd
 .text.__s2b    0x0000000000005ce0      0x104 c:/altera_lite/15.1/nios2eds/bin/gnu/h-x86_64-mingw32/bin/../lib/gcc/nios2-elf/4.9.2/../../../../../H-x86_64-mingw32/nios2-elf/lib/mhw-mulx\libc.a(lib_a-mprec.o)
                0x0000000000005ce0                __s2b
 .text.__hi0bits
                0x0000000000005de4       0x68 c:/altera_lite/15.1/nios2eds/bin/gnu/h-x86_64-mingw32/bin/../lib/gcc/nios2-elf/4.9.2/../../../../../H-x86_64-mingw32/nios2-elf/lib/mhw-mulx\libc.a(lib_a-mprec.o)
                0x0000000000005de4                __hi0bits
 .text.__lo0bits
                0x0000000000005e4c       0xb0 c:/altera_lite/15.1/nios2eds/bin/gnu/h-x86_64-mingw32/bin/../lib/gcc/nios2-elf/4.9.2/../../../../../H-x86_64-mingw32/nios2-elf/lib/mhw-mulx\libc.a(lib_a-mprec.o)
                0x0000000000005e4c                __lo0bits
 .text.__i2b    0x0000000000005efc       0x3c c:/altera_lite/15.1/nios2eds/bin/gnu/h-x86_64-mingw32/bin/../lib/gcc/nios2-elf/4.9.2/../../../../../H-x86_64-mingw32/nios2-elf/lib/mhw-mulx\libc.a(lib_a-mprec.o)
                0x0000000000005efc                __i2b
 .text.__multiply
                0x0000000000005f38      0x1fc c:/altera_lite/15.1/nios2eds/bin/gnu/h-x86_64-mingw32/bin/../lib/gcc/nios2-elf/4.9.2/../../../../../H-x86_64-mingw32/nios2-elf/lib/mhw-mulx\libc.a(lib_a-mprec.o)
                0x0000000000005f38                __multiply
 .text.__pow5mult
                0x0000000000006134      0x140 c:/altera_lite/15.1/nios2eds/bin/gnu/h-x86_64-mingw32/bin/../lib/gcc/nios2-elf/4.9.2/../../../../../H-x86_64-mingw32/nios2-elf/lib/mhw-mulx\libc.a(lib_a-mprec.o)
                0x0000000000006134                __pow5mult
 .text.__lshift
                0x0000000000006274      0x150 c:/altera_lite/15.1/nios2eds/bin/gnu/h-x86_64-mingw32/bin/../lib/gcc/nios2-elf/4.9.2/../../../../../H-x86_64-mingw32/nios2-elf/lib/mhw-mulx\libc.a(lib_a-mprec.o)
                0x0000000000006274                __lshift
 .text.__mcmp   0x00000000000063c4       0x60 c:/altera_lite/15.1/nios2eds/bin/gnu/h-x86_64-mingw32/bin/../lib/gcc/nios2-elf/4.9.2/../../../../../H-x86_64-mingw32/nios2-elf/lib/mhw-mulx\libc.a(lib_a-mprec.o)
                0x00000000000063c4                __mcmp
 .text.__mdiff  0x0000000000006424      0x198 c:/altera_lite/15.1/nios2eds/bin/gnu/h-x86_64-mingw32/bin/../lib/gcc/nios2-elf/4.9.2/../../../../../H-x86_64-mingw32/nios2-elf/lib/mhw-mulx\libc.a(lib_a-mprec.o)
                0x0000000000006424                __mdiff
 .text.__ulp    0x00000000000065bc       0x60 c:/altera_lite/15.1/nios2eds/bin/gnu/h-x86_64-mingw32/bin/../lib/gcc/nios2-elf/4.9.2/../../../../../H-x86_64-mingw32/nios2-elf/lib/mhw-mulx\libc.a(lib_a-mprec.o)
                0x00000000000065bc                __ulp
 .text.__b2d    0x000000000000661c      0x11c c:/altera_lite/15.1/nios2eds/bin/gnu/h-x86_64-mingw32/bin/../lib/gcc/nios2-elf/4.9.2/../../../../../H-x86_64-mingw32/nios2-elf/lib/mhw-mulx\libc.a(lib_a-mprec.o)
                0x000000000000661c                __b2d
 .text.__d2b    0x0000000000006738      0x13c c:/altera_lite/15.1/nios2eds/bin/gnu/h-x86_64-mingw32/bin/../lib/gcc/nios2-elf/4.9.2/../../../../../H-x86_64-mingw32/nios2-elf/lib/mhw-mulx\libc.a(lib_a-mprec.o)
                0x0000000000006738                __d2b
 .text.__ratio  0x0000000000006874       0xa4 c:/altera_lite/15.1/nios2eds/bin/gnu/h-x86_64-mingw32/bin/../lib/gcc/nios2-elf/4.9.2/../../../../../H-x86_64-mingw32/nios2-elf/lib/mhw-mulx\libc.a(lib_a-mprec.o)
                0x0000000000006874                __ratio
 .text._mprec_log10
                0x0000000000006918       0x74 c:/altera_lite/15.1/nios2eds/bin/gnu/h-x86_64-mingw32/bin/../lib/gcc/nios2-elf/4.9.2/../../../../../H-x86_64-mingw32/nios2-elf/lib/mhw-mulx\libc.a(lib_a-mprec.o)
                0x0000000000006918                _mprec_log10
 .text.__copybits
                0x000000000000698c       0x78 c:/altera_lite/15.1/nios2eds/bin/gnu/h-x86_64-mingw32/bin/../lib/gcc/nios2-elf/4.9.2/../../../../../H-x86_64-mingw32/nios2-elf/lib/mhw-mulx\libc.a(lib_a-mprec.o)
                0x000000000000698c                __copybits
 .text.__any_on
                0x0000000000006a04       0x8c c:/altera_lite/15.1/nios2eds/bin/gnu/h-x86_64-mingw32/bin/../lib/gcc/nios2-elf/4.9.2/../../../../../H-x86_64-mingw32/nios2-elf/lib/mhw-mulx\libc.a(lib_a-mprec.o)
                0x0000000000006a04                __any_on
 .text          0x0000000000006a90        0x0 c:/altera_lite/15.1/nios2eds/bin/gnu/h-x86_64-mingw32/bin/../lib/gcc/nios2-elf/4.9.2/../../../../../H-x86_64-mingw32/nios2-elf/lib/mhw-mulx\libc.a(lib_a-s_fpclassify.o)
 .text.__fpclassifyd
                0x0000000000006a90       0x74 c:/altera_lite/15.1/nios2eds/bin/gnu/h-x86_64-mingw32/bin/../lib/gcc/nios2-elf/4.9.2/../../../../../H-x86_64-mingw32/nios2-elf/lib/mhw-mulx\libc.a(lib_a-s_fpclassify.o)
                0x0000000000006a90                __fpclassifyd
 .text          0x0000000000006b04        0x0 c:/altera_lite/15.1/nios2eds/bin/gnu/h-x86_64-mingw32/bin/../lib/gcc/nios2-elf/4.9.2/../../../../../H-x86_64-mingw32/nios2-elf/lib/mhw-mulx\libc.a(lib_a-sbrkr.o)
 .text._sbrk_r  0x0000000000006b04       0x54 c:/altera_lite/15.1/nios2eds/bin/gnu/h-x86_64-mingw32/bin/../lib/gcc/nios2-elf/4.9.2/../../../../../H-x86_64-mingw32/nios2-elf/lib/mhw-mulx\libc.a(lib_a-sbrkr.o)
                0x0000000000006b04                _sbrk_r
 .text          0x0000000000006b58        0x0 c:/altera_lite/15.1/nios2eds/bin/gnu/h-x86_64-mingw32/bin/../lib/gcc/nios2-elf/4.9.2/../../../../../H-x86_64-mingw32/nios2-elf/lib/mhw-mulx\libc.a(lib_a-stdio.o)
 .text.__sread  0x0000000000006b58       0x54 c:/altera_lite/15.1/nios2eds/bin/gnu/h-x86_64-mingw32/bin/../lib/gcc/nios2-elf/4.9.2/../../../../../H-x86_64-mingw32/nios2-elf/lib/mhw-mulx\libc.a(lib_a-stdio.o)
                0x0000000000006b58                __sread
 .text.__seofread
                0x0000000000006bac        0x8 c:/altera_lite/15.1/nios2eds/bin/gnu/h-x86_64-mingw32/bin/../lib/gcc/nios2-elf/4.9.2/../../../../../H-x86_64-mingw32/nios2-elf/lib/mhw-mulx\libc.a(lib_a-stdio.o)
                0x0000000000006bac                __seofread
 .text.__swrite
                0x0000000000006bb4       0x7c c:/altera_lite/15.1/nios2eds/bin/gnu/h-x86_64-mingw32/bin/../lib/gcc/nios2-elf/4.9.2/../../../../../H-x86_64-mingw32/nios2-elf/lib/mhw-mulx\libc.a(lib_a-stdio.o)
                0x0000000000006bb4                __swrite
 .text.__sseek  0x0000000000006c30       0x5c c:/altera_lite/15.1/nios2eds/bin/gnu/h-x86_64-mingw32/bin/../lib/gcc/nios2-elf/4.9.2/../../../../../H-x86_64-mingw32/nios2-elf/lib/mhw-mulx\libc.a(lib_a-stdio.o)
                0x0000000000006c30                __sseek
 .text.__sclose
                0x0000000000006c8c        0x8 c:/altera_lite/15.1/nios2eds/bin/gnu/h-x86_64-mingw32/bin/../lib/gcc/nios2-elf/4.9.2/../../../../../H-x86_64-mingw32/nios2-elf/lib/mhw-mulx\libc.a(lib_a-stdio.o)
                0x0000000000006c8c                __sclose
 .text          0x0000000000006c94        0x0 c:/altera_lite/15.1/nios2eds/bin/gnu/h-x86_64-mingw32/bin/../lib/gcc/nios2-elf/4.9.2/../../../../../H-x86_64-mingw32/nios2-elf/lib/mhw-mulx\libc.a(lib_a-strcmp.o)
 .text.strcmp   0x0000000000006c94       0xa4 c:/altera_lite/15.1/nios2eds/bin/gnu/h-x86_64-mingw32/bin/../lib/gcc/nios2-elf/4.9.2/../../../../../H-x86_64-mingw32/nios2-elf/lib/mhw-mulx\libc.a(lib_a-strcmp.o)
                0x0000000000006c94                strcmp
 .text          0x0000000000006d38        0x0 c:/altera_lite/15.1/nios2eds/bin/gnu/h-x86_64-mingw32/bin/../lib/gcc/nios2-elf/4.9.2/../../../../../H-x86_64-mingw32/nios2-elf/lib/mhw-mulx\libc.a(lib_a-strlen.o)
 .text.strlen   0x0000000000006d38       0x98 c:/altera_lite/15.1/nios2eds/bin/gnu/h-x86_64-mingw32/bin/../lib/gcc/nios2-elf/4.9.2/../../../../../H-x86_64-mingw32/nios2-elf/lib/mhw-mulx\libc.a(lib_a-strlen.o)
                0x0000000000006d38                strlen
 .text          0x0000000000006dd0        0x0 c:/altera_lite/15.1/nios2eds/bin/gnu/h-x86_64-mingw32/bin/../lib/gcc/nios2-elf/4.9.2/../../../../../H-x86_64-mingw32/nios2-elf/lib/mhw-mulx\libc.a(lib_a-vfiprintf.o)
 .text.__sprint_r.part.0
                0x0000000000006dd0       0xfc c:/altera_lite/15.1/nios2eds/bin/gnu/h-x86_64-mingw32/bin/../lib/gcc/nios2-elf/4.9.2/../../../../../H-x86_64-mingw32/nios2-elf/lib/mhw-mulx\libc.a(lib_a-vfiprintf.o)
 .text.__sprint_r
                0x0000000000006ecc       0x18 c:/altera_lite/15.1/nios2eds/bin/gnu/h-x86_64-mingw32/bin/../lib/gcc/nios2-elf/4.9.2/../../../../../H-x86_64-mingw32/nios2-elf/lib/mhw-mulx\libc.a(lib_a-vfiprintf.o)
                0x0000000000006ecc                __sprint_r
 .text.___vfiprintf_internal_r
                0x0000000000006ee4     0x12d0 c:/altera_lite/15.1/nios2eds/bin/gnu/h-x86_64-mingw32/bin/../lib/gcc/nios2-elf/4.9.2/../../../../../H-x86_64-mingw32/nios2-elf/lib/mhw-mulx\libc.a(lib_a-vfiprintf.o)
                0x0000000000006ee4                ___vfiprintf_internal_r
 .text.__vfiprintf_internal
                0x00000000000081b4       0x24 c:/altera_lite/15.1/nios2eds/bin/gnu/h-x86_64-mingw32/bin/../lib/gcc/nios2-elf/4.9.2/../../../../../H-x86_64-mingw32/nios2-elf/lib/mhw-mulx\libc.a(lib_a-vfiprintf.o)
                0x00000000000081b4                __vfiprintf_internal
 .text.__sbprintf
                0x00000000000081d8       0xbc c:/altera_lite/15.1/nios2eds/bin/gnu/h-x86_64-mingw32/bin/../lib/gcc/nios2-elf/4.9.2/../../../../../H-x86_64-mingw32/nios2-elf/lib/mhw-mulx\libc.a(lib_a-vfiprintf.o)
 .text          0x0000000000008294        0x0 c:/altera_lite/15.1/nios2eds/bin/gnu/h-x86_64-mingw32/bin/../lib/gcc/nios2-elf/4.9.2/../../../../../H-x86_64-mingw32/nios2-elf/lib/mhw-mulx\libc.a(lib_a-writer.o)
 .text._write_r
                0x0000000000008294       0x5c c:/altera_lite/15.1/nios2eds/bin/gnu/h-x86_64-mingw32/bin/../lib/gcc/nios2-elf/4.9.2/../../../../../H-x86_64-mingw32/nios2-elf/lib/mhw-mulx\libc.a(lib_a-writer.o)
                0x0000000000008294                _write_r
 .text          0x00000000000082f0        0x0 c:/altera_lite/15.1/nios2eds/bin/gnu/h-x86_64-mingw32/bin/../lib/gcc/nios2-elf/4.9.2/../../../../../H-x86_64-mingw32/nios2-elf/lib/mhw-mulx\libc.a(closer.o)
 .text._close_r
                0x00000000000082f0       0x54 c:/altera_lite/15.1/nios2eds/bin/gnu/h-x86_64-mingw32/bin/../lib/gcc/nios2-elf/4.9.2/../../../../../H-x86_64-mingw32/nios2-elf/lib/mhw-mulx\libc.a(closer.o)
                0x00000000000082f0                _close_r
 .text          0x0000000000008344        0x0 c:/altera_lite/15.1/nios2eds/bin/gnu/h-x86_64-mingw32/bin/../lib/gcc/nios2-elf/4.9.2/../../../../../H-x86_64-mingw32/nios2-elf/lib/mhw-mulx\libc.a(lib_a-callocr.o)
 .text._calloc_r
                0x0000000000008344       0xc4 c:/altera_lite/15.1/nios2eds/bin/gnu/h-x86_64-mingw32/bin/../lib/gcc/nios2-elf/4.9.2/../../../../../H-x86_64-mingw32/nios2-elf/lib/mhw-mulx\libc.a(lib_a-callocr.o)
                0x0000000000008344                _calloc_r
 .text          0x0000000000008408        0x0 c:/altera_lite/15.1/nios2eds/bin/gnu/h-x86_64-mingw32/bin/../lib/gcc/nios2-elf/4.9.2/../../../../../H-x86_64-mingw32/nios2-elf/lib/mhw-mulx\libc.a(lib_a-fclose.o)
 .text._fclose_r
                0x0000000000008408       0xf0 c:/altera_lite/15.1/nios2eds/bin/gnu/h-x86_64-mingw32/bin/../lib/gcc/nios2-elf/4.9.2/../../../../../H-x86_64-mingw32/nios2-elf/lib/mhw-mulx\libc.a(lib_a-fclose.o)
                0x0000000000008408                _fclose_r
 .text.fclose   0x00000000000084f8       0x14 c:/altera_lite/15.1/nios2eds/bin/gnu/h-x86_64-mingw32/bin/../lib/gcc/nios2-elf/4.9.2/../../../../../H-x86_64-mingw32/nios2-elf/lib/mhw-mulx\libc.a(lib_a-fclose.o)
                0x00000000000084f8                fclose
 .text          0x000000000000850c        0x0 c:/altera_lite/15.1/nios2eds/bin/gnu/h-x86_64-mingw32/bin/../lib/gcc/nios2-elf/4.9.2/../../../../../H-x86_64-mingw32/nios2-elf/lib/mhw-mulx\libc.a(lib_a-fputwc.o)
 .text._fputwc_r
                0x000000000000850c      0x184 c:/altera_lite/15.1/nios2eds/bin/gnu/h-x86_64-mingw32/bin/../lib/gcc/nios2-elf/4.9.2/../../../../../H-x86_64-mingw32/nios2-elf/lib/mhw-mulx\libc.a(lib_a-fputwc.o)
                0x000000000000850c                _fputwc_r
 .text.fputwc   0x0000000000008690       0x5c c:/altera_lite/15.1/nios2eds/bin/gnu/h-x86_64-mingw32/bin/../lib/gcc/nios2-elf/4.9.2/../../../../../H-x86_64-mingw32/nios2-elf/lib/mhw-mulx\libc.a(lib_a-fputwc.o)
                0x0000000000008690                fputwc
 .text          0x00000000000086ec        0x0 c:/altera_lite/15.1/nios2eds/bin/gnu/h-x86_64-mingw32/bin/../lib/gcc/nios2-elf/4.9.2/../../../../../H-x86_64-mingw32/nios2-elf/lib/mhw-mulx\libc.a(lib_a-fstatr.o)
 .text._fstat_r
                0x00000000000086ec       0x58 c:/altera_lite/15.1/nios2eds/bin/gnu/h-x86_64-mingw32/bin/../lib/gcc/nios2-elf/4.9.2/../../../../../H-x86_64-mingw32/nios2-elf/lib/mhw-mulx\libc.a(lib_a-fstatr.o)
                0x00000000000086ec                _fstat_r
 .text          0x0000000000008744        0x0 c:/altera_lite/15.1/nios2eds/bin/gnu/h-x86_64-mingw32/bin/../lib/gcc/nios2-elf/4.9.2/../../../../../H-x86_64-mingw32/nios2-elf/lib/mhw-mulx\libc.a(lib_a-fvwrite.o)
 .text.__sfvwrite_r
                0x0000000000008744      0x4c0 c:/altera_lite/15.1/nios2eds/bin/gnu/h-x86_64-mingw32/bin/../lib/gcc/nios2-elf/4.9.2/../../../../../H-x86_64-mingw32/nios2-elf/lib/mhw-mulx\libc.a(lib_a-fvwrite.o)
                0x0000000000008744                __sfvwrite_r
 .text          0x0000000000008c04        0x0 c:/altera_lite/15.1/nios2eds/bin/gnu/h-x86_64-mingw32/bin/../lib/gcc/nios2-elf/4.9.2/../../../../../H-x86_64-mingw32/nios2-elf/lib/mhw-mulx\libc.a(lib_a-int_errno.o)
 .text          0x0000000000008c04        0x0 c:/altera_lite/15.1/nios2eds/bin/gnu/h-x86_64-mingw32/bin/../lib/gcc/nios2-elf/4.9.2/../../../../../H-x86_64-mingw32/nios2-elf/lib/mhw-mulx\libc.a(lib_a-isattyr.o)
 .text._isatty_r
                0x0000000000008c04       0x54 c:/altera_lite/15.1/nios2eds/bin/gnu/h-x86_64-mingw32/bin/../lib/gcc/nios2-elf/4.9.2/../../../../../H-x86_64-mingw32/nios2-elf/lib/mhw-mulx\libc.a(lib_a-isattyr.o)
                0x0000000000008c04                _isatty_r
 .text          0x0000000000008c58        0x0 c:/altera_lite/15.1/nios2eds/bin/gnu/h-x86_64-mingw32/bin/../lib/gcc/nios2-elf/4.9.2/../../../../../H-x86_64-mingw32/nios2-elf/lib/mhw-mulx\libc.a(lib_a-lseekr.o)
 .text._lseek_r
                0x0000000000008c58       0x5c c:/altera_lite/15.1/nios2eds/bin/gnu/h-x86_64-mingw32/bin/../lib/gcc/nios2-elf/4.9.2/../../../../../H-x86_64-mingw32/nios2-elf/lib/mhw-mulx\libc.a(lib_a-lseekr.o)
                0x0000000000008c58                _lseek_r
 .text          0x0000000000008cb4        0x0 c:/altera_lite/15.1/nios2eds/bin/gnu/h-x86_64-mingw32/bin/../lib/gcc/nios2-elf/4.9.2/../../../../../H-x86_64-mingw32/nios2-elf/lib/mhw-mulx\libc.a(lib_a-memmove.o)
 .text.memmove  0x0000000000008cb4      0x15c c:/altera_lite/15.1/nios2eds/bin/gnu/h-x86_64-mingw32/bin/../lib/gcc/nios2-elf/4.9.2/../../../../../H-x86_64-mingw32/nios2-elf/lib/mhw-mulx\libc.a(lib_a-memmove.o)
                0x0000000000008cb4                memmove
 .text          0x0000000000008e10        0x0 c:/altera_lite/15.1/nios2eds/bin/gnu/h-x86_64-mingw32/bin/../lib/gcc/nios2-elf/4.9.2/../../../../../H-x86_64-mingw32/nios2-elf/lib/mhw-mulx\libc.a(lib_a-readr.o)
 .text._read_r  0x0000000000008e10       0x5c c:/altera_lite/15.1/nios2eds/bin/gnu/h-x86_64-mingw32/bin/../lib/gcc/nios2-elf/4.9.2/../../../../../H-x86_64-mingw32/nios2-elf/lib/mhw-mulx\libc.a(lib_a-readr.o)
                0x0000000000008e10                _read_r
 .text          0x0000000000008e6c        0x0 c:/altera_lite/15.1/nios2eds/bin/gnu/h-x86_64-mingw32/bin/../lib/gcc/nios2-elf/4.9.2/../../../../../H-x86_64-mingw32/nios2-elf/lib/mhw-mulx\libc.a(lib_a-reallocr.o)
 .text._realloc_r
                0x0000000000008e6c      0x568 c:/altera_lite/15.1/nios2eds/bin/gnu/h-x86_64-mingw32/bin/../lib/gcc/nios2-elf/4.9.2/../../../../../H-x86_64-mingw32/nios2-elf/lib/mhw-mulx\libc.a(lib_a-reallocr.o)
                0x0000000000008e6c                _realloc_r
 .text          0x00000000000093d4        0x0 c:/altera_lite/15.1/nios2eds/bin/gnu/h-x86_64-mingw32/bin/../lib/gcc/nios2-elf/4.9.2/../../../../../H-x86_64-mingw32/nios2-elf/lib/mhw-mulx\libc.a(lib_a-wbuf.o)
 .text.__swbuf_r
                0x00000000000093d4      0x138 c:/altera_lite/15.1/nios2eds/bin/gnu/h-x86_64-mingw32/bin/../lib/gcc/nios2-elf/4.9.2/../../../../../H-x86_64-mingw32/nios2-elf/lib/mhw-mulx\libc.a(lib_a-wbuf.o)
                0x00000000000093d4                __swbuf_r
 .text.__swbuf  0x000000000000950c       0x1c c:/altera_lite/15.1/nios2eds/bin/gnu/h-x86_64-mingw32/bin/../lib/gcc/nios2-elf/4.9.2/../../../../../H-x86_64-mingw32/nios2-elf/lib/mhw-mulx\libc.a(lib_a-wbuf.o)
                0x000000000000950c                __swbuf
 .text          0x0000000000009528        0x0 c:/altera_lite/15.1/nios2eds/bin/gnu/h-x86_64-mingw32/bin/../lib/gcc/nios2-elf/4.9.2/../../../../../H-x86_64-mingw32/nios2-elf/lib/mhw-mulx\libc.a(lib_a-wcrtomb.o)
 .text._wcrtomb_r
                0x0000000000009528       0x9c c:/altera_lite/15.1/nios2eds/bin/gnu/h-x86_64-mingw32/bin/../lib/gcc/nios2-elf/4.9.2/../../../../../H-x86_64-mingw32/nios2-elf/lib/mhw-mulx\libc.a(lib_a-wcrtomb.o)
                0x0000000000009528                _wcrtomb_r
 .text.wcrtomb  0x00000000000095c4       0xc0 c:/altera_lite/15.1/nios2eds/bin/gnu/h-x86_64-mingw32/bin/../lib/gcc/nios2-elf/4.9.2/../../../../../H-x86_64-mingw32/nios2-elf/lib/mhw-mulx\libc.a(lib_a-wcrtomb.o)
                0x00000000000095c4                wcrtomb
 .text          0x0000000000009684        0x0 c:/altera_lite/15.1/nios2eds/bin/gnu/h-x86_64-mingw32/bin/../lib/gcc/nios2-elf/4.9.2/../../../../../H-x86_64-mingw32/nios2-elf/lib/mhw-mulx\libc.a(lib_a-wctomb_r.o)
 .text.__ascii_wctomb
                0x0000000000009684       0x30 c:/altera_lite/15.1/nios2eds/bin/gnu/h-x86_64-mingw32/bin/../lib/gcc/nios2-elf/4.9.2/../../../../../H-x86_64-mingw32/nios2-elf/lib/mhw-mulx\libc.a(lib_a-wctomb_r.o)
                0x0000000000009684                __ascii_wctomb
 .text._wctomb_r
                0x00000000000096b4       0x5c c:/altera_lite/15.1/nios2eds/bin/gnu/h-x86_64-mingw32/bin/../lib/gcc/nios2-elf/4.9.2/../../../../../H-x86_64-mingw32/nios2-elf/lib/mhw-mulx\libc.a(lib_a-wctomb_r.o)
                0x00000000000096b4                _wctomb_r
 .text          0x0000000000009710      0x5c0 c:/altera_lite/15.1/nios2eds/bin/gnu/h-x86_64-mingw32/bin/../lib/gcc/nios2-elf/4.9.2/mhw-mulx\libgcc.a(_udivdi3.o)
                0x0000000000009710                __udivdi3
 .text          0x0000000000009cd0      0x590 c:/altera_lite/15.1/nios2eds/bin/gnu/h-x86_64-mingw32/bin/../lib/gcc/nios2-elf/4.9.2/mhw-mulx\libgcc.a(_umoddi3.o)
                0x0000000000009cd0                __umoddi3
 .text          0x000000000000a260      0x12c c:/altera_lite/15.1/nios2eds/bin/gnu/h-x86_64-mingw32/bin/../lib/gcc/nios2-elf/4.9.2/mhw-mulx\libgcc.a(lib2-divmod.o)
                0x000000000000a2cc                __divsi3
                0x000000000000a320                __modsi3
                0x000000000000a37c                __udivsi3
                0x000000000000a384                __umodsi3
 .text          0x000000000000a38c      0x89c c:/altera_lite/15.1/nios2eds/bin/gnu/h-x86_64-mingw32/bin/../lib/gcc/nios2-elf/4.9.2/mhw-mulx\libgcc.a(adddf3.o)
                0x000000000000a38c                __adddf3
 .text          0x000000000000ac28      0x8cc c:/altera_lite/15.1/nios2eds/bin/gnu/h-x86_64-mingw32/bin/../lib/gcc/nios2-elf/4.9.2/mhw-mulx\libgcc.a(divdf3.o)
                0x000000000000ac28                __divdf3
 .text          0x000000000000b4f4       0x84 c:/altera_lite/15.1/nios2eds/bin/gnu/h-x86_64-mingw32/bin/../lib/gcc/nios2-elf/4.9.2/mhw-mulx\libgcc.a(eqdf2.o)
                0x000000000000b4f4                __nedf2
                0x000000000000b4f4                __eqdf2
 .text          0x000000000000b578       0xe0 c:/altera_lite/15.1/nios2eds/bin/gnu/h-x86_64-mingw32/bin/../lib/gcc/nios2-elf/4.9.2/mhw-mulx\libgcc.a(gedf2.o)
                0x000000000000b578                __gedf2
                0x000000000000b578                __gtdf2
 .text          0x000000000000b658       0xe0 c:/altera_lite/15.1/nios2eds/bin/gnu/h-x86_64-mingw32/bin/../lib/gcc/nios2-elf/4.9.2/mhw-mulx\libgcc.a(ledf2.o)
                0x000000000000b658                __ledf2
                0x000000000000b658                __ltdf2
 .text          0x000000000000b738      0x724 c:/altera_lite/15.1/nios2eds/bin/gnu/h-x86_64-mingw32/bin/../lib/gcc/nios2-elf/4.9.2/mhw-mulx\libgcc.a(muldf3.o)
                0x000000000000b738                __muldf3
 .text          0x000000000000be5c      0x8d0 c:/altera_lite/15.1/nios2eds/bin/gnu/h-x86_64-mingw32/bin/../lib/gcc/nios2-elf/4.9.2/mhw-mulx\libgcc.a(subdf3.o)
                0x000000000000be5c                __subdf3
 .text          0x000000000000c72c       0x88 c:/altera_lite/15.1/nios2eds/bin/gnu/h-x86_64-mingw32/bin/../lib/gcc/nios2-elf/4.9.2/mhw-mulx\libgcc.a(fixdfsi.o)
                0x000000000000c72c                __fixdfsi
 .text          0x000000000000c7b4       0xd0 c:/altera_lite/15.1/nios2eds/bin/gnu/h-x86_64-mingw32/bin/../lib/gcc/nios2-elf/4.9.2/mhw-mulx\libgcc.a(floatsidf.o)
                0x000000000000c7b4                __floatsidf
 .text          0x000000000000c884       0xa4 c:/altera_lite/15.1/nios2eds/bin/gnu/h-x86_64-mingw32/bin/../lib/gcc/nios2-elf/4.9.2/mhw-mulx\libgcc.a(floatunsidf.o)
                0x000000000000c884                __floatunsidf
 .text          0x000000000000c928        0x0 c:/altera_lite/15.1/nios2eds/bin/gnu/h-x86_64-mingw32/bin/../lib/gcc/nios2-elf/4.9.2/mhw-mulx\libgcc.a(_clz.o)
 .text          0x000000000000c928       0x64 c:/altera_lite/15.1/nios2eds/bin/gnu/h-x86_64-mingw32/bin/../lib/gcc/nios2-elf/4.9.2/mhw-mulx\libgcc.a(_clzsi2.o)
                0x000000000000c928                __clzsi2
 .text          0x000000000000c98c      0x120 C:/Users/daans/Documents/Eclipse_Projecten_Nios/Keyboard_bsp/\libucosii_bsp.a(alt_close.o)
                0x000000000000c9dc                close
 .text          0x000000000000caac       0x2c C:/Users/daans/Documents/Eclipse_Projecten_Nios/Keyboard_bsp/\libucosii_bsp.a(alt_dev.o)
 .text          0x000000000000cad8        0x0 C:/Users/daans/Documents/Eclipse_Projecten_Nios/Keyboard_bsp/\libucosii_bsp.a(alt_errno.o)
 .text          0x000000000000cad8      0x100 C:/Users/daans/Documents/Eclipse_Projecten_Nios/Keyboard_bsp/\libucosii_bsp.a(alt_fstat.o)
                0x000000000000cb28                fstat
 .text          0x000000000000cbd8       0xf4 C:/Users/daans/Documents/Eclipse_Projecten_Nios/Keyboard_bsp/\libucosii_bsp.a(alt_isatty.o)
                0x000000000000cc28                isatty
 .text          0x000000000000cccc       0xe4 C:/Users/daans/Documents/Eclipse_Projecten_Nios/Keyboard_bsp/\libucosii_bsp.a(alt_load.o)
                0x000000000000cd30                alt_load
 .text          0x000000000000cdb0      0x124 C:/Users/daans/Documents/Eclipse_Projecten_Nios/Keyboard_bsp/\libucosii_bsp.a(alt_lseek.o)
                0x000000000000ce00                lseek
 .text          0x000000000000ced4       0xd4 C:/Users/daans/Documents/Eclipse_Projecten_Nios/Keyboard_bsp/\libucosii_bsp.a(alt_main.o)
                0x000000000000ced4                alt_main
 .text          0x000000000000cfa8      0x14c C:/Users/daans/Documents/Eclipse_Projecten_Nios/Keyboard_bsp/\libucosii_bsp.a(alt_read.o)
                0x000000000000cff8                read
 .text          0x000000000000d0f4       0x60 C:/Users/daans/Documents/Eclipse_Projecten_Nios/Keyboard_bsp/\libucosii_bsp.a(alt_release_fd.o)
                0x000000000000d0f4                alt_release_fd
 .text          0x000000000000d154       0xb0 C:/Users/daans/Documents/Eclipse_Projecten_Nios/Keyboard_bsp/\libucosii_bsp.a(alt_sbrk.o)
                0x000000000000d154                sbrk
 .text          0x000000000000d204      0x148 C:/Users/daans/Documents/Eclipse_Projecten_Nios/Keyboard_bsp/\libucosii_bsp.a(alt_write.o)
                0x000000000000d254                write
 .text          0x000000000000d34c      0x11c C:/Users/daans/Documents/Eclipse_Projecten_Nios/Keyboard_bsp/\libucosii_bsp.a(alt_env_lock.o)
                0x000000000000d34c                __env_lock
                0x000000000000d40c                __env_unlock
 .text          0x000000000000d468      0x1f0 C:/Users/daans/Documents/Eclipse_Projecten_Nios/Keyboard_bsp/\libucosii_bsp.a(alt_malloc_lock.o)
                0x000000000000d468                __malloc_lock
                0x000000000000d588                __malloc_unlock
 .text          0x000000000000d658     0x1ff0 C:/Users/daans/Documents/Eclipse_Projecten_Nios/Keyboard_bsp/\libucosii_bsp.a(os_core.o)
                0x000000000000d658                OSEventNameGet
                0x000000000000d778                OSEventNameSet
                0x000000000000d8b4                OSEventPendMulti
                0x000000000000dec4                OSInit
                0x000000000000df18                OSIntEnter
                0x000000000000df94                OSIntExit
                0x000000000000e088                OSSchedLock
                0x000000000000e110                OSSchedUnlock
                0x000000000000e1e8                OSStart
                0x000000000000e254                OSStatInit
                0x000000000000e300                OSTimeTick
                0x000000000000e51c                OSVersion
                0x000000000000e53c                OS_Dummy
                0x000000000000e558                OS_EventTaskRdy
                0x000000000000e6f0                OS_EventTaskWait
                0x000000000000e7fc                OS_EventTaskWaitMulti
                0x000000000000e948                OS_EventTaskRemove
                0x000000000000e9fc                OS_EventTaskRemoveMulti
                0x000000000000eaf8                OS_EventWaitListInit
                0x000000000000eebc                OS_MemClr
                0x000000000000ef0c                OS_MemCopy
                0x000000000000ef70                OS_Sched
                0x000000000000f0ac                OS_StrCopy
                0x000000000000f120                OS_StrLen
                0x000000000000f174                OS_TaskIdle
                0x000000000000f1d0                OS_TaskStat
                0x000000000000f2ac                OS_TaskStatStkChk
                0x000000000000f374                OS_TCBInit
 .text          0x000000000000f648      0x18c C:/Users/daans/Documents/Eclipse_Projecten_Nios/Keyboard_bsp/\libucosii_bsp.a(os_dbg.o)
                0x000000000000f648                OSDebugInit
 .text          0x000000000000f7d4     0x181c C:/Users/daans/Documents/Eclipse_Projecten_Nios/Keyboard_bsp/\libucosii_bsp.a(os_flag.o)
                0x000000000000f7d4                OSFlagAccept
                0x000000000000fadc                OSFlagCreate
                0x000000000000fc04                OSFlagDel
                0x000000000000fe74                OSFlagNameGet
                0x000000000000ffa4                OSFlagNameSet
                0x00000000000100f4                OSFlagPend
                0x00000000000106e4                OSFlagPendGetFlagsRdy
                0x000000000001074c                OSFlagPost
                0x0000000000010ad4                OSFlagQuery
                0x0000000000010d5c                OS_FlagInit
                0x0000000000010f50                OS_FlagUnlink
 .text          0x0000000000010ff0      0x784 C:/Users/daans/Documents/Eclipse_Projecten_Nios/Keyboard_bsp/\libucosii_bsp.a(os_mem.o)
                0x0000000000010ff0                OSMemCreate
                0x00000000000111e4                OSMemGet
                0x00000000000112d4                OSMemNameGet
                0x00000000000113cc                OSMemNameSet
                0x00000000000114e4                OSMemPut
                0x00000000000115bc                OSMemQuery
                0x00000000000116a4                OS_MemInit
 .text          0x0000000000011774     0x1210 C:/Users/daans/Documents/Eclipse_Projecten_Nios/Keyboard_bsp/\libucosii_bsp.a(os_q.o)
                0x0000000000011774                OSQAccept
                0x00000000000118b4                OSQCreate
                0x0000000000011ab0                OSQDel
                0x0000000000011d78                OSQFlush
                0x0000000000011e30                OSQPend
                0x000000000001212c                OSQPendAbort
                0x0000000000012298                OSQPost
                0x0000000000012400                OSQPostFront
                0x0000000000012570                OSQPostOpt
                0x000000000001277c                OSQQuery
                0x00000000000128d8                OS_QInit
 .text          0x0000000000012984      0xb08 C:/Users/daans/Documents/Eclipse_Projecten_Nios/Keyboard_bsp/\libucosii_bsp.a(os_sem.o)
                0x0000000000012984                OSSemAccept
                0x0000000000012a34                OSSemCreate
                0x0000000000012b34                OSSemDel
                0x0000000000012d9c                OSSemPend
                0x0000000000013004                OSSemPendAbort
                0x0000000000013170                OSSemPost
                0x0000000000013280                OSSemQuery
                0x0000000000013390                OSSemSet
 .text          0x000000000001348c     0x18f4 C:/Users/daans/Documents/Eclipse_Projecten_Nios/Keyboard_bsp/\libucosii_bsp.a(os_task.o)
                0x000000000001348c                OSTaskChangePrio
                0x00000000000139cc                OSTaskCreate
                0x0000000000013b88                OSTaskCreateExt
                0x0000000000013d74                OSTaskDel
                0x0000000000014154                OSTaskDelReq
                0x00000000000142ac                OSTaskNameGet
                0x0000000000014454                OSTaskNameSet
                0x0000000000014614                OSTaskResume
                0x000000000001480c                OSTaskStkChk
                0x00000000000149d4                OSTaskSuspend
                0x0000000000014be8                OSTaskQuery
                0x0000000000014d14                OS_TaskStkClr
 .text          0x0000000000014d80      0x568 C:/Users/daans/Documents/Eclipse_Projecten_Nios/Keyboard_bsp/\libucosii_bsp.a(os_time.o)
                0x0000000000014d80                OSTimeDly
                0x0000000000014ec8                OSTimeDlyHMSM
                0x0000000000015030                OSTimeDlyResume
                0x0000000000015220                OSTimeGet
                0x0000000000015284                OSTimeSet
 .text          0x00000000000152e8      0x444 C:/Users/daans/Documents/Eclipse_Projecten_Nios/Keyboard_bsp/\libucosii_bsp.a(alt_sys_init.o)
                0x0000000000015320                alt_irq_init
                0x0000000000015354                alt_sys_init
 .text          0x000000000001572c      0x164 C:/Users/daans/Documents/Eclipse_Projecten_Nios/Keyboard_bsp/\libucosii_bsp.a(altera_avalon_jtag_uart_fd.o)
                0x000000000001572c                altera_avalon_jtag_uart_read_fd
                0x000000000001578c                altera_avalon_jtag_uart_write_fd
                0x00000000000157ec                altera_avalon_jtag_uart_close_fd
                0x000000000001583c                altera_avalon_jtag_uart_ioctl_fd
 .text          0x0000000000015890      0x560 C:/Users/daans/Documents/Eclipse_Projecten_Nios/Keyboard_bsp/\libucosii_bsp.a(altera_avalon_jtag_uart_init.o)
                0x0000000000015890                altera_avalon_jtag_uart_init
                0x0000000000015d88                altera_avalon_jtag_uart_close
 .text          0x0000000000015df0       0xec C:/Users/daans/Documents/Eclipse_Projecten_Nios/Keyboard_bsp/\libucosii_bsp.a(altera_avalon_jtag_uart_ioctl.o)
                0x0000000000015df0                altera_avalon_jtag_uart_ioctl
 .text          0x0000000000015edc      0x2b4 C:/Users/daans/Documents/Eclipse_Projecten_Nios/Keyboard_bsp/\libucosii_bsp.a(altera_avalon_jtag_uart_read.o)
                0x0000000000015edc                altera_avalon_jtag_uart_read
 .text          0x0000000000016190      0x2c0 C:/Users/daans/Documents/Eclipse_Projecten_Nios/Keyboard_bsp/\libucosii_bsp.a(altera_avalon_jtag_uart_write.o)
                0x0000000000016190                altera_avalon_jtag_uart_write
 .text          0x0000000000016450       0xf8 C:/Users/daans/Documents/Eclipse_Projecten_Nios/Keyboard_bsp/\libucosii_bsp.a(altera_avalon_timer_sc.o)
                0x00000000000164c8                alt_avalon_timer_sc_init
 .text          0x0000000000016548      0x4d8 C:/Users/daans/Documents/Eclipse_Projecten_Nios/Keyboard_bsp/\libucosii_bsp.a(altera_up_avalon_character_lcd.o)
                0x0000000000016548                get_DDRAM_addr
                0x00000000000165bc                alt_up_character_lcd_send_cmd
                0x00000000000165f8                alt_up_character_lcd_init
                0x000000000001662c                alt_up_character_lcd_open_dev
                0x000000000001666c                alt_up_character_lcd_write
                0x00000000000166e4                alt_up_character_lcd_string
                0x0000000000016758                alt_up_character_lcd_write_fd
                0x00000000000167a8                alt_up_character_lcd_set_cursor_pos
                0x000000000001681c                alt_up_character_lcd_shift_cursor
                0x00000000000168a4                alt_up_character_lcd_shift_display
                0x000000000001692c                alt_up_character_lcd_erase_pos
                0x00000000000169b8                alt_up_character_lcd_cursor_off
                0x00000000000169ec                alt_up_character_lcd_cursor_blink_on
 .text          0x0000000000016a20      0x388 C:/Users/daans/Documents/Eclipse_Projecten_Nios/Keyboard_bsp/\libucosii_bsp.a(altera_up_avalon_irda.o)
                0x0000000000016a20                alt_up_irda_enable_read_interrupt
                0x0000000000016a78                alt_up_irda_disable_read_interrupt
                0x0000000000016ad4                alt_up_irda_get_used_space_in_read_FIFO
                0x0000000000016b14                alt_up_irda_get_available_space_in_write_FIFO
                0x0000000000016b50                alt_up_irda_check_parity
                0x0000000000016b94                alt_up_irda_write_data
                0x0000000000016bd4                alt_up_irda_read_data
                0x0000000000016c48                alt_up_irda_read_fd
                0x0000000000016cd8                alt_up_irda_write_fd
                0x0000000000016d68                alt_up_irda_open_dev
 .text          0x0000000000016da8      0x6b4 C:/Users/daans/Documents/Eclipse_Projecten_Nios/Keyboard_bsp/\libucosii_bsp.a(altera_up_avalon_ps2.o)
                0x0000000000016da8                read_RI_bit
                0x0000000000016ddc                read_RE_bit
                0x0000000000016e0c                read_CE_bit
                0x0000000000016e40                read_num_bytes_available
                0x0000000000016e70                read_data_valid
                0x0000000000016ea4                read_data_byte
                0x0000000000016ed0                alt_up_ps2_init
                0x0000000000016f94                alt_up_ps2_enable_read_interrupt
                0x0000000000016fec                alt_up_ps2_disable_read_interrupt
                0x0000000000017048                alt_up_ps2_write_data_byte
                0x00000000000170bc                alt_up_ps2_wait_for_ack
                0x000000000001712c                alt_up_ps2_write_data_byte_with_ack
                0x0000000000017190                alt_up_ps2_read_data_byte_timeout
                0x0000000000017234                alt_up_ps2_read_data_byte
                0x00000000000172a4                alt_up_ps2_clear_fifo
                0x00000000000172f8                alt_up_ps2_read_fd
                0x0000000000017384                alt_up_ps2_write_fd
                0x000000000001741c                alt_up_ps2_open_dev
 .text          0x000000000001745c      0x38c C:/Users/daans/Documents/Eclipse_Projecten_Nios/Keyboard_bsp/\libucosii_bsp.a(altera_up_avalon_rs232.o)
                0x000000000001745c                alt_up_rs232_enable_read_interrupt
                0x00000000000174b4                alt_up_rs232_disable_read_interrupt
                0x0000000000017510                alt_up_rs232_get_used_space_in_read_FIFO
                0x0000000000017550                alt_up_rs232_get_available_space_in_write_FIFO
                0x000000000001758c                alt_up_rs232_check_parity
                0x00000000000175d0                alt_up_rs232_write_data
                0x0000000000017610                alt_up_rs232_read_data
                0x0000000000017684                alt_up_rs232_read_fd
                0x0000000000017714                alt_up_rs232_write_fd
                0x00000000000177a8                alt_up_rs232_open_dev
 .text          0x00000000000177e8      0x2e8 C:/Users/daans/Documents/Eclipse_Projecten_Nios/Keyboard_bsp/\libucosii_bsp.a(altera_up_avalon_video_character_buffer_with_dma.o)
                0x00000000000177e8                alt_up_char_buffer_init
                0x0000000000017868                alt_up_char_buffer_open_dev
                0x00000000000178a8                alt_up_char_buffer_draw
                0x0000000000017974                alt_up_char_buffer_string
                0x0000000000017a74                alt_up_char_buffer_clear
 .text          0x0000000000017ad0      0x5dc C:/Users/daans/Documents/Eclipse_Projecten_Nios/Keyboard_bsp/\libucosii_bsp.a(altera_up_ps2_keyboard.o)
                0x0000000000017ad0                get_multi_byte_make_code_index
                0x0000000000017b40                get_single_byte_make_code_index
                0x0000000000017bb0                get_next_state
                0x0000000000017e00                decode_scancode
                0x0000000000017eb8                set_keyboard_rate
                0x0000000000017f1c                translate_make_code
                0x0000000000018030                reset_keyboard
 .text          0x00000000000180ac      0x140 C:/Users/daans/Documents/Eclipse_Projecten_Nios/Keyboard_bsp/\libucosii_bsp.a(alt_alarm_start.o)
                0x00000000000180ac                alt_alarm_start
 .text          0x00000000000181ec       0x1c C:/Users/daans/Documents/Eclipse_Projecten_Nios/Keyboard_bsp/\libucosii_bsp.a(alt_dcache_flush_all.o)
                0x00000000000181ec                alt_dcache_flush_all
 .text          0x0000000000018208       0xf4 C:/Users/daans/Documents/Eclipse_Projecten_Nios/Keyboard_bsp/\libucosii_bsp.a(alt_dev_llist_insert.o)
                0x0000000000018258                alt_dev_llist_insert
 .text          0x00000000000182fc       0x5c C:/Users/daans/Documents/Eclipse_Projecten_Nios/Keyboard_bsp/\libucosii_bsp.a(alt_do_ctors.o)
                0x00000000000182fc                _do_ctors
 .text          0x0000000000018358       0x5c C:/Users/daans/Documents/Eclipse_Projecten_Nios/Keyboard_bsp/\libucosii_bsp.a(alt_do_dtors.o)
                0x0000000000018358                _do_dtors
 .text          0x00000000000183b4       0x90 C:/Users/daans/Documents/Eclipse_Projecten_Nios/Keyboard_bsp/\libucosii_bsp.a(alt_find_dev.o)
                0x00000000000183b4                alt_find_dev
 .text          0x0000000000018444       0x30 C:/Users/daans/Documents/Eclipse_Projecten_Nios/Keyboard_bsp/\libucosii_bsp.a(alt_icache_flush_all.o)
                0x0000000000018444                alt_icache_flush_all
 .text          0x0000000000018474      0x138 C:/Users/daans/Documents/Eclipse_Projecten_Nios/Keyboard_bsp/\libucosii_bsp.a(alt_io_redirect.o)
                0x0000000000018534                alt_io_redirect
 .text          0x00000000000185ac      0x1b0 C:/Users/daans/Documents/Eclipse_Projecten_Nios/Keyboard_bsp/\libucosii_bsp.a(alt_irq_register.o)
                0x00000000000185ac                alt_irq_register
 .text          0x000000000001875c        0x0 C:/Users/daans/Documents/Eclipse_Projecten_Nios/Keyboard_bsp/\libucosii_bsp.a(alt_irq_vars.o)
 .text          0x000000000001875c      0x274 C:/Users/daans/Documents/Eclipse_Projecten_Nios/Keyboard_bsp/\libucosii_bsp.a(alt_open.o)
                0x0000000000018878                open
 .text          0x00000000000189d0      0x19c C:/Users/daans/Documents/Eclipse_Projecten_Nios/Keyboard_bsp/\libucosii_bsp.a(alt_tick.o)
                0x00000000000189d0                alt_alarm_stop
                0x0000000000018a68                alt_tick
 .text          0x0000000000018b6c       0x20 C:/Users/daans/Documents/Eclipse_Projecten_Nios/Keyboard_bsp/\libucosii_bsp.a(altera_nios2_gen2_irq.o)
                0x0000000000018b6c                altera_nios2_gen2_irq_init
 .text          0x0000000000018b8c       0xd0 C:/Users/daans/Documents/Eclipse_Projecten_Nios/Keyboard_bsp/\libucosii_bsp.a(os_cpu_a.o)
                0x0000000000018b8c                OSCtxSw
                0x0000000000018b8c                OSIntCtxSw
                0x0000000000018c18                OSStartHighRdy
                0x0000000000018c38                OSStartTsk
 .text          0x0000000000018c5c      0x264 C:/Users/daans/Documents/Eclipse_Projecten_Nios/Keyboard_bsp/\libucosii_bsp.a(os_cpu_c.o)
                0x0000000000018c5c                OSTaskStkInit
                0x0000000000018db8                OSTaskCreateHook
                0x0000000000018dd8                OSTaskDelHook
                0x0000000000018df8                OSTaskSwHook
                0x0000000000018e14                OSTaskStatHook
                0x0000000000018e30                OSTimeTickHook
                0x0000000000018e4c                OSInitHookBegin
                0x0000000000018e68                OSInitHookEnd
                0x0000000000018e84                OSTaskIdleHook
                0x0000000000018ea0                OSTCBInitHook
 .text          0x0000000000018ec0      0x114 C:/Users/daans/Documents/Eclipse_Projecten_Nios/Keyboard_bsp/\libucosii_bsp.a(alt_find_file.o)
                0x0000000000018ec0                alt_find_file
 .text          0x0000000000018fd4       0xfc C:/Users/daans/Documents/Eclipse_Projecten_Nios/Keyboard_bsp/\libucosii_bsp.a(alt_get_fd.o)
                0x0000000000018fd4                alt_get_fd
 .text          0x00000000000190d0       0x8c C:/Users/daans/Documents/Eclipse_Projecten_Nios/Keyboard_bsp/\libucosii_bsp.a(alt_icache_flush.o)
                0x00000000000190d0                alt_icache_flush
 .text          0x000000000001915c        0x0 C:/Users/daans/Documents/Eclipse_Projecten_Nios/Keyboard_bsp/\libucosii_bsp.a(alt_irq_entry.o)
 .text          0x000000000001915c        0x0 C:/Users/daans/Documents/Eclipse_Projecten_Nios/Keyboard_bsp/\libucosii_bsp.a(alt_irq_handler.o)
 .text          0x000000000001915c        0x0 C:/Users/daans/Documents/Eclipse_Projecten_Nios/Keyboard_bsp/\libucosii_bsp.a(alt_exception_entry.o)
 .text          0x000000000001915c       0x9c C:/Users/daans/Documents/Eclipse_Projecten_Nios/Keyboard_bsp/\libucosii_bsp.a(alt_instruction_exception_entry.o)
                0x000000000001915c                alt_exception_cause_generated_bad_addr
 .text          0x00000000000191f8        0x0 c:/altera_lite/15.1/nios2eds/bin/gnu/h-x86_64-mingw32/bin/../lib/gcc/nios2-elf/4.9.2/../../../../../H-x86_64-mingw32/nios2-elf/lib/mhw-mulx\libc.a(lib_a-atexit.o)
 .text.atexit   0x00000000000191f8       0x14 c:/altera_lite/15.1/nios2eds/bin/gnu/h-x86_64-mingw32/bin/../lib/gcc/nios2-elf/4.9.2/../../../../../H-x86_64-mingw32/nios2-elf/lib/mhw-mulx\libc.a(lib_a-atexit.o)
                0x00000000000191f8                atexit
 .text          0x000000000001920c        0x0 c:/altera_lite/15.1/nios2eds/bin/gnu/h-x86_64-mingw32/bin/../lib/gcc/nios2-elf/4.9.2/../../../../../H-x86_64-mingw32/nios2-elf/lib/mhw-mulx\libc.a(lib_a-exit.o)
 .text.exit     0x000000000001920c       0x38 c:/altera_lite/15.1/nios2eds/bin/gnu/h-x86_64-mingw32/bin/../lib/gcc/nios2-elf/4.9.2/../../../../../H-x86_64-mingw32/nios2-elf/lib/mhw-mulx\libc.a(lib_a-exit.o)
                0x000000000001920c                exit
 .text          0x0000000000019244        0x0 c:/altera_lite/15.1/nios2eds/bin/gnu/h-x86_64-mingw32/bin/../lib/gcc/nios2-elf/4.9.2/../../../../../H-x86_64-mingw32/nios2-elf/lib/mhw-mulx\libc.a(lib_a-memcmp.o)
 .text.memcmp   0x0000000000019244       0x7c c:/altera_lite/15.1/nios2eds/bin/gnu/h-x86_64-mingw32/bin/../lib/gcc/nios2-elf/4.9.2/../../../../../H-x86_64-mingw32/nios2-elf/lib/mhw-mulx\libc.a(lib_a-memcmp.o)
                0x0000000000019244                memcmp
 .text          0x00000000000192c0        0x0 c:/altera_lite/15.1/nios2eds/bin/gnu/h-x86_64-mingw32/bin/../lib/gcc/nios2-elf/4.9.2/../../../../../H-x86_64-mingw32/nios2-elf/lib/mhw-mulx\libc.a(lib_a-strcpy.o)
 .text.strcpy   0x00000000000192c0       0x90 c:/altera_lite/15.1/nios2eds/bin/gnu/h-x86_64-mingw32/bin/../lib/gcc/nios2-elf/4.9.2/../../../../../H-x86_64-mingw32/nios2-elf/lib/mhw-mulx\libc.a(lib_a-strcpy.o)
                0x00000000000192c0                strcpy
 .text          0x0000000000019350        0x0 c:/altera_lite/15.1/nios2eds/bin/gnu/h-x86_64-mingw32/bin/../lib/gcc/nios2-elf/4.9.2/../../../../../H-x86_64-mingw32/nios2-elf/lib/mhw-mulx\libc.a(lib_a-__atexit.o)
 .text.__register_exitproc
                0x0000000000019350      0x114 c:/altera_lite/15.1/nios2eds/bin/gnu/h-x86_64-mingw32/bin/../lib/gcc/nios2-elf/4.9.2/../../../../../H-x86_64-mingw32/nios2-elf/lib/mhw-mulx\libc.a(lib_a-__atexit.o)
                0x0000000000019350                __register_exitproc
 .text          0x0000000000019464        0x0 c:/altera_lite/15.1/nios2eds/bin/gnu/h-x86_64-mingw32/bin/../lib/gcc/nios2-elf/4.9.2/../../../../../H-x86_64-mingw32/nios2-elf/lib/mhw-mulx\libc.a(lib_a-__call_atexit.o)
 .text.__call_exitprocs
                0x0000000000019464      0x194 c:/altera_lite/15.1/nios2eds/bin/gnu/h-x86_64-mingw32/bin/../lib/gcc/nios2-elf/4.9.2/../../../../../H-x86_64-mingw32/nios2-elf/lib/mhw-mulx\libc.a(lib_a-__call_atexit.o)
                0x0000000000019464                __call_exitprocs
 .text          0x00000000000195f8       0x3c C:/Users/daans/Documents/Eclipse_Projecten_Nios/Keyboard_bsp/\libucosii_bsp.a(alt_exit.o)
                0x00000000000195f8                _exit
 *(.gnu.warning.*)
 *(.fini)
                0x0000000000019634                PROVIDE (__etext, ABSOLUTE (.))
                0x0000000000019634                PROVIDE (_etext, ABSOLUTE (.))
                0x0000000000019634                PROVIDE (etext, ABSOLUTE (.))
 *(.eh_frame_hdr)
                0x0000000000019634                . = ALIGN (0x4)
                0x0000000000019634                PROVIDE (__preinit_array_start, ABSOLUTE (.))
 *(.preinit_array)
                0x0000000000019634                PROVIDE (__preinit_array_end, ABSOLUTE (.))
                0x0000000000019634                PROVIDE (__init_array_start, ABSOLUTE (.))
 *(.init_array)
                0x0000000000019634                PROVIDE (__init_array_end, ABSOLUTE (.))
                0x0000000000019634                PROVIDE (__fini_array_start, ABSOLUTE (.))
 *(.fini_array)
                0x0000000000019634                PROVIDE (__fini_array_end, ABSOLUTE (.))
 *(.eh_frame)
 *(.gcc_except_table .gcc_except_table.*)
 *(.dynamic)
                0x0000000000019634                PROVIDE (__CTOR_LIST__, ABSOLUTE (.))
 *(.ctors)
 *(SORT(.ctors.*))
                0x0000000000019634                PROVIDE (__CTOR_END__, ABSOLUTE (.))
                0x0000000000019634                PROVIDE (__DTOR_LIST__, ABSOLUTE (.))
 *(.dtors)
 *(SORT(.dtors.*))
                0x0000000000019634                PROVIDE (__DTOR_END__, ABSOLUTE (.))
 *(.jcr)
                0x0000000000019634                . = ALIGN (0x4)

.rodata         0x0000000000019634      0x81c
                0x0000000000019634                PROVIDE (__ram_rodata_start, ABSOLUTE (.))
                0x0000000000019634                . = ALIGN (0x4)
 *(.rodata .rodata.* .gnu.linkonce.r.*)
 .rodata        0x0000000000019634       0x2c obj/default/hello_ucosii.o
 .rodata.str1.4
                0x0000000000019660       0x42 c:/altera_lite/15.1/nios2eds/bin/gnu/h-x86_64-mingw32/bin/../lib/gcc/nios2-elf/4.9.2/../../../../../H-x86_64-mingw32/nios2-elf/lib/mhw-mulx\libc.a(lib_a-vfprintf.o)
                                         0x44 (size before relaxing)
 .rodata.zeroes.4255
                0x00000000000196a2       0x10 c:/altera_lite/15.1/nios2eds/bin/gnu/h-x86_64-mingw32/bin/../lib/gcc/nios2-elf/4.9.2/../../../../../H-x86_64-mingw32/nios2-elf/lib/mhw-mulx\libc.a(lib_a-vfprintf.o)
 .rodata.blanks.4254
                0x00000000000196b2       0x10 c:/altera_lite/15.1/nios2eds/bin/gnu/h-x86_64-mingw32/bin/../lib/gcc/nios2-elf/4.9.2/../../../../../H-x86_64-mingw32/nios2-elf/lib/mhw-mulx\libc.a(lib_a-vfprintf.o)
 *fill*         0x00000000000196c2        0x2 
 .rodata.str1.4
                0x00000000000196c4       0x10 c:/altera_lite/15.1/nios2eds/bin/gnu/h-x86_64-mingw32/bin/../lib/gcc/nios2-elf/4.9.2/../../../../../H-x86_64-mingw32/nios2-elf/lib/mhw-mulx\libc.a(lib_a-dtoa.o)
                                         0x14 (size before relaxing)
 .rodata.str1.4
                0x00000000000196d4        0x2 c:/altera_lite/15.1/nios2eds/bin/gnu/h-x86_64-mingw32/bin/../lib/gcc/nios2-elf/4.9.2/../../../../../H-x86_64-mingw32/nios2-elf/lib/mhw-mulx\libc.a(lib_a-impure.o)
                                          0x4 (size before relaxing)
 *fill*         0x00000000000196d6        0x2 
 .rodata.str1.4
                0x00000000000196d8        0xc c:/altera_lite/15.1/nios2eds/bin/gnu/h-x86_64-mingw32/bin/../lib/gcc/nios2-elf/4.9.2/../../../../../H-x86_64-mingw32/nios2-elf/lib/mhw-mulx\libc.a(lib_a-locale.o)
                                         0x14 (size before relaxing)
 .rodata.p05.2710
                0x00000000000196e4        0xc c:/altera_lite/15.1/nios2eds/bin/gnu/h-x86_64-mingw32/bin/../lib/gcc/nios2-elf/4.9.2/../../../../../H-x86_64-mingw32/nios2-elf/lib/mhw-mulx\libc.a(lib_a-mprec.o)
 .rodata.__mprec_tinytens
                0x00000000000196f0       0x28 c:/altera_lite/15.1/nios2eds/bin/gnu/h-x86_64-mingw32/bin/../lib/gcc/nios2-elf/4.9.2/../../../../../H-x86_64-mingw32/nios2-elf/lib/mhw-mulx\libc.a(lib_a-mprec.o)
                0x00000000000196f0                __mprec_tinytens
 .rodata.__mprec_bigtens
                0x0000000000019718       0x28 c:/altera_lite/15.1/nios2eds/bin/gnu/h-x86_64-mingw32/bin/../lib/gcc/nios2-elf/4.9.2/../../../../../H-x86_64-mingw32/nios2-elf/lib/mhw-mulx\libc.a(lib_a-mprec.o)
                0x0000000000019718                __mprec_bigtens
 .rodata.__mprec_tens
                0x0000000000019740       0xc8 c:/altera_lite/15.1/nios2eds/bin/gnu/h-x86_64-mingw32/bin/../lib/gcc/nios2-elf/4.9.2/../../../../../H-x86_64-mingw32/nios2-elf/lib/mhw-mulx\libc.a(lib_a-mprec.o)
                0x0000000000019740                __mprec_tens
 .rodata.str1.4
                0x0000000000000000       0x30 c:/altera_lite/15.1/nios2eds/bin/gnu/h-x86_64-mingw32/bin/../lib/gcc/nios2-elf/4.9.2/../../../../../H-x86_64-mingw32/nios2-elf/lib/mhw-mulx\libc.a(lib_a-vfiprintf.o)
 .rodata.zeroes.4200
                0x0000000000019808       0x10 c:/altera_lite/15.1/nios2eds/bin/gnu/h-x86_64-mingw32/bin/../lib/gcc/nios2-elf/4.9.2/../../../../../H-x86_64-mingw32/nios2-elf/lib/mhw-mulx\libc.a(lib_a-vfiprintf.o)
 .rodata.blanks.4199
                0x0000000000019818       0x10 c:/altera_lite/15.1/nios2eds/bin/gnu/h-x86_64-mingw32/bin/../lib/gcc/nios2-elf/4.9.2/../../../../../H-x86_64-mingw32/nios2-elf/lib/mhw-mulx\libc.a(lib_a-vfiprintf.o)
 .rodata        0x0000000000019828      0x100 c:/altera_lite/15.1/nios2eds/bin/gnu/h-x86_64-mingw32/bin/../lib/gcc/nios2-elf/4.9.2/mhw-mulx\libgcc.a(_clz.o)
                0x0000000000019828                __clz_tab
 .rodata        0x0000000000019928        0xc C:/Users/daans/Documents/Eclipse_Projecten_Nios/Keyboard_bsp/\libucosii_bsp.a(alt_dev.o)
 .rodata        0x0000000000019934       0x10 C:/Users/daans/Documents/Eclipse_Projecten_Nios/Keyboard_bsp/\libucosii_bsp.a(alt_main.o)
 .rodata        0x0000000000019944      0x120 C:/Users/daans/Documents/Eclipse_Projecten_Nios/Keyboard_bsp/\libucosii_bsp.a(os_core.o)
                0x0000000000019944                OSUnMapTbl
 .rodata        0x0000000000019a64      0x190 C:/Users/daans/Documents/Eclipse_Projecten_Nios/Keyboard_bsp/\libucosii_bsp.a(alt_sys_init.o)
 .rodata        0x0000000000019bf4       0x1c C:/Users/daans/Documents/Eclipse_Projecten_Nios/Keyboard_bsp/\libucosii_bsp.a(altera_up_avalon_video_character_buffer_with_dma.o)
 .rodata        0x0000000000019c10      0x23c C:/Users/daans/Documents/Eclipse_Projecten_Nios/Keyboard_bsp/\libucosii_bsp.a(altera_up_ps2_keyboard.o)
 .rodata        0x0000000000019e4c        0x4 C:/Users/daans/Documents/Eclipse_Projecten_Nios/Keyboard_bsp/\libucosii_bsp.a(os_cpu_c.o)
 *(.rodata1)
                0x0000000000019e50                . = ALIGN (0x4)
                0x0000000000019e50                PROVIDE (__ram_rodata_end, ABSOLUTE (.))
                0x0000000000019634                PROVIDE (__flash_rodata_start, LOADADDR (.rodata))

.rwdata         0x0000000000019e50     0x21d0 load address 0x000000000001c020
                0x0000000000019e50                PROVIDE (__ram_rwdata_start, ABSOLUTE (.))
                0x0000000000019e50                . = ALIGN (0x4)
 *(.got.plt)
 *(.got)
 *(.data1)
 *(.data .data.* .gnu.linkonce.d.*)
 .data          0x0000000000019e50        0x0 C:/Users/daans/Documents/Eclipse_Projecten_Nios/Keyboard_bsp//obj/HAL/src/crt0.o
 .data          0x0000000000019e50        0x0 obj/default/hello_ucosii.o
 .data          0x0000000000019e50        0x0 c:/altera_lite/15.1/nios2eds/bin/gnu/h-x86_64-mingw32/bin/../lib/gcc/nios2-elf/4.9.2/../../../../../H-x86_64-mingw32/nios2-elf/lib/mhw-mulx\libc.a(lib_a-printf.o)
 .data          0x0000000000019e50        0x0 c:/altera_lite/15.1/nios2eds/bin/gnu/h-x86_64-mingw32/bin/../lib/gcc/nios2-elf/4.9.2/../../../../../H-x86_64-mingw32/nios2-elf/lib/mhw-mulx\libc.a(lib_a-vfprintf.o)
 .data          0x0000000000019e50        0x0 c:/altera_lite/15.1/nios2eds/bin/gnu/h-x86_64-mingw32/bin/../lib/gcc/nios2-elf/4.9.2/../../../../../H-x86_64-mingw32/nios2-elf/lib/mhw-mulx\libc.a(lib_a-wsetup.o)
 .data          0x0000000000019e50        0x0 c:/altera_lite/15.1/nios2eds/bin/gnu/h-x86_64-mingw32/bin/../lib/gcc/nios2-elf/4.9.2/../../../../../H-x86_64-mingw32/nios2-elf/lib/mhw-mulx\libc.a(lib_a-dtoa.o)
 .data          0x0000000000019e50        0x0 c:/altera_lite/15.1/nios2eds/bin/gnu/h-x86_64-mingw32/bin/../lib/gcc/nios2-elf/4.9.2/../../../../../H-x86_64-mingw32/nios2-elf/lib/mhw-mulx\libc.a(lib_a-fflush.o)
 .data          0x0000000000019e50        0x0 c:/altera_lite/15.1/nios2eds/bin/gnu/h-x86_64-mingw32/bin/../lib/gcc/nios2-elf/4.9.2/../../../../../H-x86_64-mingw32/nios2-elf/lib/mhw-mulx\libc.a(lib_a-findfp.o)
 .data          0x0000000000019e50        0x0 c:/altera_lite/15.1/nios2eds/bin/gnu/h-x86_64-mingw32/bin/../lib/gcc/nios2-elf/4.9.2/../../../../../H-x86_64-mingw32/nios2-elf/lib/mhw-mulx\libc.a(lib_a-freer.o)
 .data          0x0000000000019e50        0x0 c:/altera_lite/15.1/nios2eds/bin/gnu/h-x86_64-mingw32/bin/../lib/gcc/nios2-elf/4.9.2/../../../../../H-x86_64-mingw32/nios2-elf/lib/mhw-mulx\libc.a(lib_a-fwalk.o)
 .data          0x0000000000019e50        0x0 c:/altera_lite/15.1/nios2eds/bin/gnu/h-x86_64-mingw32/bin/../lib/gcc/nios2-elf/4.9.2/../../../../../H-x86_64-mingw32/nios2-elf/lib/mhw-mulx\libc.a(lib_a-impure.o)
 .data.impure_data
                0x0000000000019e50      0x424 c:/altera_lite/15.1/nios2eds/bin/gnu/h-x86_64-mingw32/bin/../lib/gcc/nios2-elf/4.9.2/../../../../../H-x86_64-mingw32/nios2-elf/lib/mhw-mulx\libc.a(lib_a-impure.o)
 .data          0x000000000001a274        0x0 c:/altera_lite/15.1/nios2eds/bin/gnu/h-x86_64-mingw32/bin/../lib/gcc/nios2-elf/4.9.2/../../../../../H-x86_64-mingw32/nios2-elf/lib/mhw-mulx\libc.a(lib_a-locale.o)
 .data.lc_message_charset
                0x000000000001a274       0x20 c:/altera_lite/15.1/nios2eds/bin/gnu/h-x86_64-mingw32/bin/../lib/gcc/nios2-elf/4.9.2/../../../../../H-x86_64-mingw32/nios2-elf/lib/mhw-mulx\libc.a(lib_a-locale.o)
 .data.lc_ctype_charset
                0x000000000001a294       0x20 c:/altera_lite/15.1/nios2eds/bin/gnu/h-x86_64-mingw32/bin/../lib/gcc/nios2-elf/4.9.2/../../../../../H-x86_64-mingw32/nios2-elf/lib/mhw-mulx\libc.a(lib_a-locale.o)
 .data.lconv    0x000000000001a2b4       0x38 c:/altera_lite/15.1/nios2eds/bin/gnu/h-x86_64-mingw32/bin/../lib/gcc/nios2-elf/4.9.2/../../../../../H-x86_64-mingw32/nios2-elf/lib/mhw-mulx\libc.a(lib_a-locale.o)
 .data          0x000000000001a2ec        0x0 c:/altera_lite/15.1/nios2eds/bin/gnu/h-x86_64-mingw32/bin/../lib/gcc/nios2-elf/4.9.2/../../../../../H-x86_64-mingw32/nios2-elf/lib/mhw-mulx\libc.a(lib_a-makebuf.o)
 .data          0x000000000001a2ec        0x0 c:/altera_lite/15.1/nios2eds/bin/gnu/h-x86_64-mingw32/bin/../lib/gcc/nios2-elf/4.9.2/../../../../../H-x86_64-mingw32/nios2-elf/lib/mhw-mulx\libc.a(lib_a-mallocr.o)
 .data.__malloc_av_
                0x000000000001a2ec      0x408 c:/altera_lite/15.1/nios2eds/bin/gnu/h-x86_64-mingw32/bin/../lib/gcc/nios2-elf/4.9.2/../../../../../H-x86_64-mingw32/nios2-elf/lib/mhw-mulx\libc.a(lib_a-mallocr.o)
                0x000000000001a2ec                __malloc_av_
 .data          0x000000000001a6f4        0x0 c:/altera_lite/15.1/nios2eds/bin/gnu/h-x86_64-mingw32/bin/../lib/gcc/nios2-elf/4.9.2/../../../../../H-x86_64-mingw32/nios2-elf/lib/mhw-mulx\libc.a(lib_a-memchr.o)
 .data          0x000000000001a6f4        0x0 c:/altera_lite/15.1/nios2eds/bin/gnu/h-x86_64-mingw32/bin/../lib/gcc/nios2-elf/4.9.2/../../../../../H-x86_64-mingw32/nios2-elf/lib/mhw-mulx\libc.a(lib_a-memcpy.o)
 .data          0x000000000001a6f4        0x0 c:/altera_lite/15.1/nios2eds/bin/gnu/h-x86_64-mingw32/bin/../lib/gcc/nios2-elf/4.9.2/../../../../../H-x86_64-mingw32/nios2-elf/lib/mhw-mulx\libc.a(lib_a-memset.o)
 .data          0x000000000001a6f4        0x0 c:/altera_lite/15.1/nios2eds/bin/gnu/h-x86_64-mingw32/bin/../lib/gcc/nios2-elf/4.9.2/../../../../../H-x86_64-mingw32/nios2-elf/lib/mhw-mulx\libc.a(lib_a-mprec.o)
 .data          0x000000000001a6f4        0x0 c:/altera_lite/15.1/nios2eds/bin/gnu/h-x86_64-mingw32/bin/../lib/gcc/nios2-elf/4.9.2/../../../../../H-x86_64-mingw32/nios2-elf/lib/mhw-mulx\libc.a(lib_a-s_fpclassify.o)
 .data          0x000000000001a6f4        0x0 c:/altera_lite/15.1/nios2eds/bin/gnu/h-x86_64-mingw32/bin/../lib/gcc/nios2-elf/4.9.2/../../../../../H-x86_64-mingw32/nios2-elf/lib/mhw-mulx\libc.a(lib_a-sbrkr.o)
 .data          0x000000000001a6f4        0x0 c:/altera_lite/15.1/nios2eds/bin/gnu/h-x86_64-mingw32/bin/../lib/gcc/nios2-elf/4.9.2/../../../../../H-x86_64-mingw32/nios2-elf/lib/mhw-mulx\libc.a(lib_a-stdio.o)
 .data          0x000000000001a6f4        0x0 c:/altera_lite/15.1/nios2eds/bin/gnu/h-x86_64-mingw32/bin/../lib/gcc/nios2-elf/4.9.2/../../../../../H-x86_64-mingw32/nios2-elf/lib/mhw-mulx\libc.a(lib_a-strcmp.o)
 .data          0x000000000001a6f4        0x0 c:/altera_lite/15.1/nios2eds/bin/gnu/h-x86_64-mingw32/bin/../lib/gcc/nios2-elf/4.9.2/../../../../../H-x86_64-mingw32/nios2-elf/lib/mhw-mulx\libc.a(lib_a-strlen.o)
 .data          0x000000000001a6f4        0x0 c:/altera_lite/15.1/nios2eds/bin/gnu/h-x86_64-mingw32/bin/../lib/gcc/nios2-elf/4.9.2/../../../../../H-x86_64-mingw32/nios2-elf/lib/mhw-mulx\libc.a(lib_a-vfiprintf.o)
 .data          0x000000000001a6f4        0x0 c:/altera_lite/15.1/nios2eds/bin/gnu/h-x86_64-mingw32/bin/../lib/gcc/nios2-elf/4.9.2/../../../../../H-x86_64-mingw32/nios2-elf/lib/mhw-mulx\libc.a(lib_a-writer.o)
 .data          0x000000000001a6f4        0x0 c:/altera_lite/15.1/nios2eds/bin/gnu/h-x86_64-mingw32/bin/../lib/gcc/nios2-elf/4.9.2/../../../../../H-x86_64-mingw32/nios2-elf/lib/mhw-mulx\libc.a(closer.o)
 .data          0x000000000001a6f4        0x0 c:/altera_lite/15.1/nios2eds/bin/gnu/h-x86_64-mingw32/bin/../lib/gcc/nios2-elf/4.9.2/../../../../../H-x86_64-mingw32/nios2-elf/lib/mhw-mulx\libc.a(lib_a-callocr.o)
 .data          0x000000000001a6f4        0x0 c:/altera_lite/15.1/nios2eds/bin/gnu/h-x86_64-mingw32/bin/../lib/gcc/nios2-elf/4.9.2/../../../../../H-x86_64-mingw32/nios2-elf/lib/mhw-mulx\libc.a(lib_a-fclose.o)
 .data          0x000000000001a6f4        0x0 c:/altera_lite/15.1/nios2eds/bin/gnu/h-x86_64-mingw32/bin/../lib/gcc/nios2-elf/4.9.2/../../../../../H-x86_64-mingw32/nios2-elf/lib/mhw-mulx\libc.a(lib_a-fputwc.o)
 .data          0x000000000001a6f4        0x0 c:/altera_lite/15.1/nios2eds/bin/gnu/h-x86_64-mingw32/bin/../lib/gcc/nios2-elf/4.9.2/../../../../../H-x86_64-mingw32/nios2-elf/lib/mhw-mulx\libc.a(lib_a-fstatr.o)
 .data          0x000000000001a6f4        0x0 c:/altera_lite/15.1/nios2eds/bin/gnu/h-x86_64-mingw32/bin/../lib/gcc/nios2-elf/4.9.2/../../../../../H-x86_64-mingw32/nios2-elf/lib/mhw-mulx\libc.a(lib_a-fvwrite.o)
 .data          0x000000000001a6f4        0x0 c:/altera_lite/15.1/nios2eds/bin/gnu/h-x86_64-mingw32/bin/../lib/gcc/nios2-elf/4.9.2/../../../../../H-x86_64-mingw32/nios2-elf/lib/mhw-mulx\libc.a(lib_a-int_errno.o)
 .data          0x000000000001a6f4        0x0 c:/altera_lite/15.1/nios2eds/bin/gnu/h-x86_64-mingw32/bin/../lib/gcc/nios2-elf/4.9.2/../../../../../H-x86_64-mingw32/nios2-elf/lib/mhw-mulx\libc.a(lib_a-isattyr.o)
 .data          0x000000000001a6f4        0x0 c:/altera_lite/15.1/nios2eds/bin/gnu/h-x86_64-mingw32/bin/../lib/gcc/nios2-elf/4.9.2/../../../../../H-x86_64-mingw32/nios2-elf/lib/mhw-mulx\libc.a(lib_a-lseekr.o)
 .data          0x000000000001a6f4        0x0 c:/altera_lite/15.1/nios2eds/bin/gnu/h-x86_64-mingw32/bin/../lib/gcc/nios2-elf/4.9.2/../../../../../H-x86_64-mingw32/nios2-elf/lib/mhw-mulx\libc.a(lib_a-memmove.o)
 .data          0x000000000001a6f4        0x0 c:/altera_lite/15.1/nios2eds/bin/gnu/h-x86_64-mingw32/bin/../lib/gcc/nios2-elf/4.9.2/../../../../../H-x86_64-mingw32/nios2-elf/lib/mhw-mulx\libc.a(lib_a-readr.o)
 .data          0x000000000001a6f4        0x0 c:/altera_lite/15.1/nios2eds/bin/gnu/h-x86_64-mingw32/bin/../lib/gcc/nios2-elf/4.9.2/../../../../../H-x86_64-mingw32/nios2-elf/lib/mhw-mulx\libc.a(lib_a-reallocr.o)
 .data          0x000000000001a6f4        0x0 c:/altera_lite/15.1/nios2eds/bin/gnu/h-x86_64-mingw32/bin/../lib/gcc/nios2-elf/4.9.2/../../../../../H-x86_64-mingw32/nios2-elf/lib/mhw-mulx\libc.a(lib_a-wbuf.o)
 .data          0x000000000001a6f4        0x0 c:/altera_lite/15.1/nios2eds/bin/gnu/h-x86_64-mingw32/bin/../lib/gcc/nios2-elf/4.9.2/../../../../../H-x86_64-mingw32/nios2-elf/lib/mhw-mulx\libc.a(lib_a-wcrtomb.o)
 .data          0x000000000001a6f4        0x0 c:/altera_lite/15.1/nios2eds/bin/gnu/h-x86_64-mingw32/bin/../lib/gcc/nios2-elf/4.9.2/../../../../../H-x86_64-mingw32/nios2-elf/lib/mhw-mulx\libc.a(lib_a-wctomb_r.o)
 .data          0x000000000001a6f4        0x0 c:/altera_lite/15.1/nios2eds/bin/gnu/h-x86_64-mingw32/bin/../lib/gcc/nios2-elf/4.9.2/mhw-mulx\libgcc.a(_udivdi3.o)
 .data          0x000000000001a6f4        0x0 c:/altera_lite/15.1/nios2eds/bin/gnu/h-x86_64-mingw32/bin/../lib/gcc/nios2-elf/4.9.2/mhw-mulx\libgcc.a(_umoddi3.o)
 .data          0x000000000001a6f4        0x0 c:/altera_lite/15.1/nios2eds/bin/gnu/h-x86_64-mingw32/bin/../lib/gcc/nios2-elf/4.9.2/mhw-mulx\libgcc.a(lib2-divmod.o)
 .data          0x000000000001a6f4        0x0 c:/altera_lite/15.1/nios2eds/bin/gnu/h-x86_64-mingw32/bin/../lib/gcc/nios2-elf/4.9.2/mhw-mulx\libgcc.a(adddf3.o)
 .data          0x000000000001a6f4        0x0 c:/altera_lite/15.1/nios2eds/bin/gnu/h-x86_64-mingw32/bin/../lib/gcc/nios2-elf/4.9.2/mhw-mulx\libgcc.a(divdf3.o)
 .data          0x000000000001a6f4        0x0 c:/altera_lite/15.1/nios2eds/bin/gnu/h-x86_64-mingw32/bin/../lib/gcc/nios2-elf/4.9.2/mhw-mulx\libgcc.a(eqdf2.o)
 .data          0x000000000001a6f4        0x0 c:/altera_lite/15.1/nios2eds/bin/gnu/h-x86_64-mingw32/bin/../lib/gcc/nios2-elf/4.9.2/mhw-mulx\libgcc.a(gedf2.o)
 .data          0x000000000001a6f4        0x0 c:/altera_lite/15.1/nios2eds/bin/gnu/h-x86_64-mingw32/bin/../lib/gcc/nios2-elf/4.9.2/mhw-mulx\libgcc.a(ledf2.o)
 .data          0x000000000001a6f4        0x0 c:/altera_lite/15.1/nios2eds/bin/gnu/h-x86_64-mingw32/bin/../lib/gcc/nios2-elf/4.9.2/mhw-mulx\libgcc.a(muldf3.o)
 .data          0x000000000001a6f4        0x0 c:/altera_lite/15.1/nios2eds/bin/gnu/h-x86_64-mingw32/bin/../lib/gcc/nios2-elf/4.9.2/mhw-mulx\libgcc.a(subdf3.o)
 .data          0x000000000001a6f4        0x0 c:/altera_lite/15.1/nios2eds/bin/gnu/h-x86_64-mingw32/bin/../lib/gcc/nios2-elf/4.9.2/mhw-mulx\libgcc.a(fixdfsi.o)
 .data          0x000000000001a6f4        0x0 c:/altera_lite/15.1/nios2eds/bin/gnu/h-x86_64-mingw32/bin/../lib/gcc/nios2-elf/4.9.2/mhw-mulx\libgcc.a(floatsidf.o)
 .data          0x000000000001a6f4        0x0 c:/altera_lite/15.1/nios2eds/bin/gnu/h-x86_64-mingw32/bin/../lib/gcc/nios2-elf/4.9.2/mhw-mulx\libgcc.a(floatunsidf.o)
 .data          0x000000000001a6f4        0x0 c:/altera_lite/15.1/nios2eds/bin/gnu/h-x86_64-mingw32/bin/../lib/gcc/nios2-elf/4.9.2/mhw-mulx\libgcc.a(_clz.o)
 .data          0x000000000001a6f4        0x0 c:/altera_lite/15.1/nios2eds/bin/gnu/h-x86_64-mingw32/bin/../lib/gcc/nios2-elf/4.9.2/mhw-mulx\libgcc.a(_clzsi2.o)
 .data          0x000000000001a6f4        0x0 C:/Users/daans/Documents/Eclipse_Projecten_Nios/Keyboard_bsp/\libucosii_bsp.a(alt_close.o)
 .data          0x000000000001a6f4      0x1a8 C:/Users/daans/Documents/Eclipse_Projecten_Nios/Keyboard_bsp/\libucosii_bsp.a(alt_dev.o)
                0x000000000001a6f4                alt_dev_null
                0x000000000001a71c                alt_fd_list
 .data          0x000000000001a89c        0x0 C:/Users/daans/Documents/Eclipse_Projecten_Nios/Keyboard_bsp/\libucosii_bsp.a(alt_errno.o)
 .data          0x000000000001a89c        0x0 C:/Users/daans/Documents/Eclipse_Projecten_Nios/Keyboard_bsp/\libucosii_bsp.a(alt_fstat.o)
 .data          0x000000000001a89c        0x0 C:/Users/daans/Documents/Eclipse_Projecten_Nios/Keyboard_bsp/\libucosii_bsp.a(alt_isatty.o)
 .data          0x000000000001a89c        0x0 C:/Users/daans/Documents/Eclipse_Projecten_Nios/Keyboard_bsp/\libucosii_bsp.a(alt_load.o)
 .data          0x000000000001a89c        0x0 C:/Users/daans/Documents/Eclipse_Projecten_Nios/Keyboard_bsp/\libucosii_bsp.a(alt_lseek.o)
 .data          0x000000000001a89c        0x0 C:/Users/daans/Documents/Eclipse_Projecten_Nios/Keyboard_bsp/\libucosii_bsp.a(alt_main.o)
 .data          0x000000000001a89c        0x0 C:/Users/daans/Documents/Eclipse_Projecten_Nios/Keyboard_bsp/\libucosii_bsp.a(alt_read.o)
 .data          0x000000000001a89c        0x0 C:/Users/daans/Documents/Eclipse_Projecten_Nios/Keyboard_bsp/\libucosii_bsp.a(alt_release_fd.o)
 .data          0x000000000001a89c        0x0 C:/Users/daans/Documents/Eclipse_Projecten_Nios/Keyboard_bsp/\libucosii_bsp.a(alt_sbrk.o)
 .data          0x000000000001a89c        0x0 C:/Users/daans/Documents/Eclipse_Projecten_Nios/Keyboard_bsp/\libucosii_bsp.a(alt_write.o)
 .data          0x000000000001a89c        0x0 C:/Users/daans/Documents/Eclipse_Projecten_Nios/Keyboard_bsp/\libucosii_bsp.a(alt_env_lock.o)
 .data          0x000000000001a89c        0x0 C:/Users/daans/Documents/Eclipse_Projecten_Nios/Keyboard_bsp/\libucosii_bsp.a(alt_malloc_lock.o)
 .data          0x000000000001a89c        0x0 C:/Users/daans/Documents/Eclipse_Projecten_Nios/Keyboard_bsp/\libucosii_bsp.a(os_core.o)
 .data          0x000000000001a89c        0x0 C:/Users/daans/Documents/Eclipse_Projecten_Nios/Keyboard_bsp/\libucosii_bsp.a(os_dbg.o)
 .data          0x000000000001a89c        0x0 C:/Users/daans/Documents/Eclipse_Projecten_Nios/Keyboard_bsp/\libucosii_bsp.a(os_flag.o)
 .data          0x000000000001a89c        0x0 C:/Users/daans/Documents/Eclipse_Projecten_Nios/Keyboard_bsp/\libucosii_bsp.a(os_mem.o)
 .data          0x000000000001a89c        0x0 C:/Users/daans/Documents/Eclipse_Projecten_Nios/Keyboard_bsp/\libucosii_bsp.a(os_q.o)
 .data          0x000000000001a89c        0x0 C:/Users/daans/Documents/Eclipse_Projecten_Nios/Keyboard_bsp/\libucosii_bsp.a(os_sem.o)
 .data          0x000000000001a89c        0x0 C:/Users/daans/Documents/Eclipse_Projecten_Nios/Keyboard_bsp/\libucosii_bsp.a(os_task.o)
 .data          0x000000000001a89c        0x0 C:/Users/daans/Documents/Eclipse_Projecten_Nios/Keyboard_bsp/\libucosii_bsp.a(os_time.o)
 .data          0x000000000001a89c     0x13f0 C:/Users/daans/Documents/Eclipse_Projecten_Nios/Keyboard_bsp/\libucosii_bsp.a(alt_sys_init.o)
 .data          0x000000000001bc8c        0x0 C:/Users/daans/Documents/Eclipse_Projecten_Nios/Keyboard_bsp/\libucosii_bsp.a(altera_avalon_jtag_uart_fd.o)
 .data          0x000000000001bc8c        0x0 C:/Users/daans/Documents/Eclipse_Projecten_Nios/Keyboard_bsp/\libucosii_bsp.a(altera_avalon_jtag_uart_init.o)
 .data          0x000000000001bc8c        0x0 C:/Users/daans/Documents/Eclipse_Projecten_Nios/Keyboard_bsp/\libucosii_bsp.a(altera_avalon_jtag_uart_ioctl.o)
 .data          0x000000000001bc8c        0x0 C:/Users/daans/Documents/Eclipse_Projecten_Nios/Keyboard_bsp/\libucosii_bsp.a(altera_avalon_jtag_uart_read.o)
 .data          0x000000000001bc8c        0x0 C:/Users/daans/Documents/Eclipse_Projecten_Nios/Keyboard_bsp/\libucosii_bsp.a(altera_avalon_jtag_uart_write.o)
 .data          0x000000000001bc8c        0x0 C:/Users/daans/Documents/Eclipse_Projecten_Nios/Keyboard_bsp/\libucosii_bsp.a(altera_avalon_timer_sc.o)
 .data          0x000000000001bc8c        0x0 C:/Users/daans/Documents/Eclipse_Projecten_Nios/Keyboard_bsp/\libucosii_bsp.a(altera_up_avalon_character_lcd.o)
 .data          0x000000000001bc8c        0x0 C:/Users/daans/Documents/Eclipse_Projecten_Nios/Keyboard_bsp/\libucosii_bsp.a(altera_up_avalon_irda.o)
 .data          0x000000000001bc8c        0x0 C:/Users/daans/Documents/Eclipse_Projecten_Nios/Keyboard_bsp/\libucosii_bsp.a(altera_up_avalon_ps2.o)
 .data          0x000000000001bc8c        0x0 C:/Users/daans/Documents/Eclipse_Projecten_Nios/Keyboard_bsp/\libucosii_bsp.a(altera_up_avalon_rs232.o)
 .data          0x000000000001bc8c        0x0 C:/Users/daans/Documents/Eclipse_Projecten_Nios/Keyboard_bsp/\libucosii_bsp.a(altera_up_avalon_video_character_buffer_with_dma.o)
 .data          0x000000000001bc8c      0x2cc C:/Users/daans/Documents/Eclipse_Projecten_Nios/Keyboard_bsp/\libucosii_bsp.a(altera_up_ps2_keyboard.o)
                0x000000000001bc8c                key_table