Archive member included to satisfy reference by file (symbol)

c:/altera_lite/15.1/nios2eds/bin/gnu/h-x86_64-mingw32/bin/../lib/gcc/nios2-elf/4.9.2/../../../../../H-x86_64-mingw32/nios2-elf/lib/mhw-mulx\libc.a(lib_a-printf.o)
                              obj/default/hello_ucosii.o (printf)
c:/altera_lite/15.1/nios2eds/bin/gnu/h-x86_64-mingw32/bin/../lib/gcc/nios2-elf/4.9.2/../../../../../H-x86_64-mingw32/nios2-elf/lib/mhw-mulx\libc.a(lib_a-strcmp.o)
                              obj/default/hello_ucosii.o (strcmp)
c:/altera_lite/15.1/nios2eds/bin/gnu/h-x86_64-mingw32/bin/../lib/gcc/nios2-elf/4.9.2/../../../../../H-x86_64-mingw32/nios2-elf/lib/mhw-mulx\libc.a(lib_a-strlen.o)
                              obj/default/hello_ucosii.o (strlen)
c:/altera_lite/15.1/nios2eds/bin/gnu/h-x86_64-mingw32/bin/../lib/gcc/nios2-elf/4.9.2/../../../../../H-x86_64-mingw32/nios2-elf/lib/mhw-mulx\libc.a(lib_a-vfprintf.o)
                              c:/altera_lite/15.1/nios2eds/bin/gnu/h-x86_64-mingw32/bin/../lib/gcc/nios2-elf/4.9.2/../../../../../H-x86_64-mingw32/nios2-elf/lib/mhw-mulx\libc.a(lib_a-printf.o) (___vfprintf_internal_r)
c:/altera_lite/15.1/nios2eds/bin/gnu/h-x86_64-mingw32/bin/../lib/gcc/nios2-elf/4.9.2/../../../../../H-x86_64-mingw32/nios2-elf/lib/mhw-mulx\libc.a(lib_a-wsetup.o)
                              c:/altera_lite/15.1/nios2eds/bin/gnu/h-x86_64-mingw32/bin/../lib/gcc/nios2-elf/4.9.2/../../../../../H-x86_64-mingw32/nios2-elf/lib/mhw-mulx\libc.a(lib_a-vfprintf.o) (__swsetup_r)
c:/altera_lite/15.1/nios2eds/bin/gnu/h-x86_64-mingw32/bin/../lib/gcc/nios2-elf/4.9.2/../../../../../H-x86_64-mingw32/nios2-elf/lib/mhw-mulx\libc.a(lib_a-dtoa.o)
                              c:/altera_lite/15.1/nios2eds/bin/gnu/h-x86_64-mingw32/bin/../lib/gcc/nios2-elf/4.9.2/../../../../../H-x86_64-mingw32/nios2-elf/lib/mhw-mulx\libc.a(lib_a-vfprintf.o) (_dtoa_r)
c:/altera_lite/15.1/nios2eds/bin/gnu/h-x86_64-mingw32/bin/../lib/gcc/nios2-elf/4.9.2/../../../../../H-x86_64-mingw32/nios2-elf/lib/mhw-mulx\libc.a(lib_a-fflush.o)
                              c:/altera_lite/15.1/nios2eds/bin/gnu/h-x86_64-mingw32/bin/../lib/gcc/nios2-elf/4.9.2/../../../../../H-x86_64-mingw32/nios2-elf/lib/mhw-mulx\libc.a(lib_a-vfprintf.o) (_fflush_r)
c:/altera_lite/15.1/nios2eds/bin/gnu/h-x86_64-mingw32/bin/../lib/gcc/nios2-elf/4.9.2/../../../../../H-x86_64-mingw32/nios2-elf/lib/mhw-mulx\libc.a(lib_a-findfp.o)
                              c:/altera_lite/15.1/nios2eds/bin/gnu/h-x86_64-mingw32/bin/../lib/gcc/nios2-elf/4.9.2/../../../../../H-x86_64-mingw32/nios2-elf/lib/mhw-mulx\libc.a(lib_a-vfprintf.o) (__sinit)
c:/altera_lite/15.1/nios2eds/bin/gnu/h-x86_64-mingw32/bin/../lib/gcc/nios2-elf/4.9.2/../../../../../H-x86_64-mingw32/nios2-elf/lib/mhw-mulx\libc.a(lib_a-freer.o)
                              c:/altera_lite/15.1/nios2eds/bin/gnu/h-x86_64-mingw32/bin/../lib/gcc/nios2-elf/4.9.2/../../../../../H-x86_64-mingw32/nios2-elf/lib/mhw-mulx\libc.a(lib_a-wsetup.o) (_free_r)
c:/altera_lite/15.1/nios2eds/bin/gnu/h-x86_64-mingw32/bin/../lib/gcc/nios2-elf/4.9.2/../../../../../H-x86_64-mingw32/nios2-elf/lib/mhw-mulx\libc.a(lib_a-fwalk.o)
                              c:/altera_lite/15.1/nios2eds/bin/gnu/h-x86_64-mingw32/bin/../lib/gcc/nios2-elf/4.9.2/../../../../../H-x86_64-mingw32/nios2-elf/lib/mhw-mulx\libc.a(lib_a-findfp.o) (_fwalk)
c:/altera_lite/15.1/nios2eds/bin/gnu/h-x86_64-mingw32/bin/../lib/gcc/nios2-elf/4.9.2/../../../../../H-x86_64-mingw32/nios2-elf/lib/mhw-mulx\libc.a(lib_a-impure.o)
                              c:/altera_lite/15.1/nios2eds/bin/gnu/h-x86_64-mingw32/bin/../lib/gcc/nios2-elf/4.9.2/../../../../../H-x86_64-mingw32/nios2-elf/lib/mhw-mulx\libc.a(lib_a-fflush.o) (_global_impure_ptr)
c:/altera_lite/15.1/nios2eds/bin/gnu/h-x86_64-mingw32/bin/../lib/gcc/nios2-elf/4.9.2/../../../../../H-x86_64-mingw32/nios2-elf/lib/mhw-mulx\libc.a(lib_a-locale.o)
                              c:/altera_lite/15.1/nios2eds/bin/gnu/h-x86_64-mingw32/bin/../lib/gcc/nios2-elf/4.9.2/../../../../../H-x86_64-mingw32/nios2-elf/lib/mhw-mulx\libc.a(lib_a-vfprintf.o) (_localeconv_r)
c:/altera_lite/15.1/nios2eds/bin/gnu/h-x86_64-mingw32/bin/../lib/gcc/nios2-elf/4.9.2/../../../../../H-x86_64-mingw32/nios2-elf/lib/mhw-mulx\libc.a(lib_a-makebuf.o)
                              c:/altera_lite/15.1/nios2eds/bin/gnu/h-x86_64-mingw32/bin/../lib/gcc/nios2-elf/4.9.2/../../../../../H-x86_64-mingw32/nios2-elf/lib/mhw-mulx\libc.a(lib_a-wsetup.o) (__smakebuf_r)
c:/altera_lite/15.1/nios2eds/bin/gnu/h-x86_64-mingw32/bin/../lib/gcc/nios2-elf/4.9.2/../../../../../H-x86_64-mingw32/nios2-elf/lib/mhw-mulx\libc.a(lib_a-mallocr.o)
                              c:/altera_lite/15.1/nios2eds/bin/gnu/h-x86_64-mingw32/bin/../lib/gcc/nios2-elf/4.9.2/../../../../../H-x86_64-mingw32/nios2-elf/lib/mhw-mulx\libc.a(lib_a-findfp.o) (_malloc_r)
c:/altera_lite/15.1/nios2eds/bin/gnu/h-x86_64-mingw32/bin/../lib/gcc/nios2-elf/4.9.2/../../../../../H-x86_64-mingw32/nios2-elf/lib/mhw-mulx\libc.a(lib_a-memchr.o)
[...]
Memory Configuration

Name             Origin             Length             Attributes
reset            0x0000000000000000 0x0000000000000020
SDRAM            0x0000000000000020 0x0000000003ffffe0
Flash_flash_data 0x000000000c000000 0x0000000000800000
*default*        0x0000000000000000 0xffffffffffffffff

Linker script and memory map

LOAD C:/Users/daans/Documents/Eclipse_Projecten_Nios/Keyboard_bsp//obj/HAL/src/crt0.o
LOAD obj/default/hello_ucosii.o
LOAD c:/altera_lite/15.1/nios2eds/bin/gnu/h-x86_64-mingw32/bin/../lib/gcc/nios2-elf/4.9.2/../../../../../H-x86_64-mingw32/nios2-elf/lib/mhw-mulx\libstdc++.a
LOAD c:/altera_lite/15.1/nios2eds/bin/gnu/h-x86_64-mingw32/bin/../lib/gcc/nios2-elf/4.9.2/../../../../../H-x86_64-mingw32/nios2-elf/lib/mhw-mulx\libm.a
LOAD c:/altera_lite/15.1/nios2eds/bin/gnu/h-x86_64-mingw32/bin/../lib/gcc/nios2-elf/4.9.2/mhw-mulx\libgcc.a
START GROUP
LOAD c:/altera_lite/15.1/nios2eds/bin/gnu/h-x86_64-mingw32/bin/../lib/gcc/nios2-elf/4.9.2/../../../../../H-x86_64-mingw32/nios2-elf/lib/mhw-mulx\libc.a
LOAD c:/altera_lite/15.1/nios2eds/bin/gnu/h-x86_64-mingw32/bin/../lib/gcc/nios2-elf/4.9.2/mhw-mulx\libgcc.a
LOAD C:/Users/daans/Documents/Eclipse_Projecten_Nios/Keyboard_bsp/\libucosii_bsp.a
LOAD c:/altera_lite/15.1/nios2eds/bin/gnu/h-x86_64-mingw32/bin/../lib/gcc/nios2-elf/4.9.2/../../../../../H-x86_64-mingw32/nios2-elf/lib/mhw-mulx\libm.a
END GROUP
LOAD c:/altera_lite/15.1/nios2eds/bin/gnu/h-x86_64-mingw32/bin/../lib/gcc/nios2-elf/4.9.2/mhw-mulx\libgcc.a
                0x0000000000000000                __alt_mem_SDRAM = 0x0
                0x000000000c000000                __alt_mem_Flash_flash_data = 0xc000000

.entry          0x0000000000000000       0x20
 *(.entry)
 .entry         0x0000000000000000       0x20 C:/Users/daans/Documents/Eclipse_Projecten_Nios/Keyboard_bsp//obj/HAL/src/crt0.o
                0x0000000000000000                __reset

.exceptions     0x0000000000000020      0x224
                0x0000000000000020                PROVIDE (__ram_exceptions_start, ABSOLUTE (.))
                0x0000000000000020                . = ALIGN (0x20)
 *(.irq)
 *(.exceptions.entry.label)
 .exceptions.entry.label
                0x0000000000000020        0x0 C:/Users/daans/Documents/Eclipse_Projecten_Nios/Keyboard_bsp/\libucosii_bsp.a(alt_irq_entry.o)
                0x0000000000000020                alt_irq_entry
 .exceptions.entry.label
                0x0000000000000020        0x0 C:/Users/daans/Documents/Eclipse_Projecten_Nios/Keyboard_bsp/\libucosii_bsp.a(alt_exception_entry.o)
                0x0000000000000020                alt_exception
 *(.exceptions.entry.user)
 *(.exceptions.entry.ecc_fatal)
 *(.exceptions.entry)
 .exceptions.entry
                0x0000000000000020       0x54 C:/Users/daans/Documents/Eclipse_Projecten_Nios/Keyboard_bsp/\libucosii_bsp.a(alt_exception_entry.o)
 *(.exceptions.irqtest.user)
 *(.exceptions.irqtest)
 .exceptions.irqtest
                0x0000000000000074       0x10 C:/Users/daans/Documents/Eclipse_Projecten_Nios/Keyboard_bsp/\libucosii_bsp.a(alt_irq_entry.o)
 *(.exceptions.irqhandler.user)
 *(.exceptions.irqhandler)
 .exceptions.irqhandler
                0x0000000000000084        0x4 C:/Users/daans/Documents/Eclipse_Projecten_Nios/Keyboard_bsp/\libucosii_bsp.a(alt_irq_entry.o)
 *(.exceptions.irqreturn.user)
 *(.exceptions.irqreturn)
 .exceptions.irqreturn
                0x0000000000000088        0x4 C:/Users/daans/Documents/Eclipse_Projecten_Nios/Keyboard_bsp/\libucosii_bsp.a(alt_irq_entry.o)
 *(.exceptions.notirq.label)
 .exceptions.notirq.label
                0x000000000000008c        0x0 C:/Users/daans/Documents/Eclipse_Projecten_Nios/Keyboard_bsp/\libucosii_bsp.a(alt_irq_entry.o)
 *(.exceptions.notirq.user)
 *(.exceptions.notirq)
 .exceptions.notirq
                0x000000000000008c        0x8 C:/Users/daans/Documents/Eclipse_Projecten_Nios/Keyboard_bsp/\libucosii_bsp.a(alt_exception_entry.o)
 *(.exceptions.soft.user)
 *(.exceptions.soft)
 *(.exceptions.unknown.user)
 *(.exceptions.unknown)
 .exceptions.unknown
                0x0000000000000094       0x14 C:/Users/daans/Documents/Eclipse_Projecten_Nios/Keyboard_bsp/\libucosii_bsp.a(alt_exception_entry.o)
 *(.exceptions.exit.label)
 .exceptions.exit.label
                0x00000000000000a8        0x0 C:/Users/daans/Documents/Eclipse_Projecten_Nios/Keyboard_bsp/\libucosii_bsp.a(alt_irq_entry.o)
 .exceptions.exit.label
                0x00000000000000a8        0x0 C:/Users/daans/Documents/Eclipse_Projecten_Nios/Keyboard_bsp/\libucosii_bsp.a(alt_exception_entry.o)
 *(.exceptions.exit.user)
 *(.exceptions.exit)
 .exceptions.exit
                0x00000000000000a8       0x54 C:/Users/daans/Documents/Eclipse_Projecten_Nios/Keyboard_bsp/\libucosii_bsp.a(alt_exception_entry.o)
 *(.exceptions)
 .exceptions    0x00000000000000fc       0xd4 C:/Users/daans/Documents/Eclipse_Projecten_Nios/Keyboard_bsp/\libucosii_bsp.a(alt_irq_handler.o)
                0x00000000000000fc                alt_irq_handler
 .exceptions    0x00000000000001d0       0x74 C:/Users/daans/Documents/Eclipse_Projecten_Nios/Keyboard_bsp/\libucosii_bsp.a(alt_instruction_exception_entry.o)
                0x00000000000001d0                alt_instruction_exception_entry
                0x0000000000000244                PROVIDE (__ram_exceptions_end, ABSOLUTE (.))
                0x0000000000000020                PROVIDE (__flash_exceptions_start, LOADADDR (.exceptions))

.text           0x0000000000000244    0x19624
                0x0000000000000244                PROVIDE (stext, ABSOLUTE (.))
 *(.interp)
 *(.hash)
 *(.dynsym)
 *(.dynstr)
 *(.gnu.version)
 *(.gnu.version_d)
 *(.gnu.version_r)
 *(.rel.init)
 *(.rela.init)
 *(.rel.text .rel.text.* .rel.gnu.linkonce.t.*)
 *(.rela.text .rela.text.* .rela.gnu.linkonce.t.*)
 *(.rel.fini)
 *(.rela.fini)
 *(.rel.rodata .rel.rodata.* .rel.gnu.linkonce.r.*)
 *(.rela.rodata .rela.rodata.* .rela.gnu.linkonce.r.*)
 *(.rel.data .rel.data.* .rel.gnu.linkonce.d.*)
 *(.rela.data .rela.data.* .rela.gnu.linkonce.d.*)
 *(.rel.tdata .rel.tdata.* .rel.gnu.linkonce.td.*)
 *(.rela.tdata .rela.tdata.* .rela.gnu.linkonce.td.*)
 *(.rel.tbss .rel.tbss.* .rel.gnu.linkonce.tb.*)
 *(.rela.tbss .rela.tbss.* .rela.gnu.linkonce.tb.*)
 *(.rel.ctors)
 *(.rela.ctors)
 *(.rel.dtors)
 *(.rela.dtors)
 *(.rel.got)
 *(.rela.got)
 *(.rel.sdata .rel.sdata.* .rel.gnu.linkonce.s.*)
 *(.rela.sdata .rela.sdata.* .rela.gnu.linkonce.s.*)
 *(.rel.sbss .rel.sbss.* .rel.gnu.linkonce.sb.*)
 *(.rela.sbss .rela.sbss.* .rela.gnu.linkonce.sb.*)
 *(.rel.sdata2 .rel.sdata2.* .rel.gnu.linkonce.s2.*)
 *(.rela.sdata2 .rela.sdata2.* .rela.gnu.linkonce.s2.*)
 *(.rel.sbss2 .rel.sbss2.* .rel.gnu.linkonce.sb2.*)
 *(.rela.sbss2 .rela.sbss2.* .rela.gnu.linkonce.sb2.*)
 *(.rel.bss .rel.bss.* .rel.gnu.linkonce.b.*)
 *(.rela.bss .rela.bss.* .rela.gnu.linkonce.b.*)
 *(.rel.plt)
 *(.rela.plt)
 *(.rel.dyn)
 *(.init)
 *(.plt)
 *(.text .stub .text.* .gnu.linkonce.t.*)
 .text          0x0000000000000244       0x3c C:/Users/daans/Documents/Eclipse_Projecten_Nios/Keyboard_bsp//obj/HAL/src/crt0.o
                0x0000000000000244                _start
 .text          0x0000000000000280      0x5fc obj/default/hello_ucosii.o
                0x0000000000000280                task1
                0x00000000000002e8                main
                0x0000000000000394                VGA_box
                0x0000000000000448                VGA_text
                0x00000000000004c4                PS2
                0x000000000000050c                getKey
                0x0000000000000630                getChar
                0x0000000000000738                charToBinary
                0x0000000000000808                binaryToChar
 .text          0x000000000000087c        0x0 c:/altera_lite/15.1/nios2eds/bin/gnu/h-x86_64-mingw32/bin/../lib/gcc/nios2-elf/4.9.2/../../../../../H-x86_64-mingw32/nios2-elf/lib/mhw-mulx\libc.a(lib_a-printf.o)
 .text._printf_r
                0x000000000000087c       0x2c c:/altera_lite/15.1/nios2eds/bin/gnu/h-x86_64-mingw32/bin/../lib/gcc/nios2-elf/4.9.2/../../../../../H-x86_64-mingw32/nios2-elf/lib/mhw-mulx\libc.a(lib_a-printf.o)
                0x000000000000087c                _printf_r
 .text.printf   0x00000000000008a8       0x3c c:/altera_lite/15.1/nios2eds/bin/gnu/h-x86_64-mingw32/bin/../lib/gcc/nios2-elf/4.9.2/../../../../../H-x86_64-mingw32/nios2-elf/lib/mhw-mulx\libc.a(lib_a-printf.o)
                0x00000000000008a8                printf
 .text          0x00000000000008e4        0x0 c:/altera_lite/15.1/nios2eds/bin/gnu/h-x86_64-mingw32/bin/../lib/gcc/nios2-elf/4.9.2/../../../../../H-x86_64-mingw32/nios2-elf/lib/mhw-mulx\libc.a(lib_a-strcmp.o)
 .text.strcmp   0x00000000000008e4       0xa4 c:/altera_lite/15.1/nios2eds/bin/gnu/h-x86_64-mingw32/bin/../lib/gcc/nios2-elf/4.9.2/../../../../../H-x86_64-mingw32/nios2-elf/lib/mhw-mulx\libc.a(lib_a-strcmp.o)
                0x00000000000008e4                strcmp
 .text          0x0000000000000988        0x0 c:/altera_lite/15.1/nios2eds/bin/gnu/h-x86_64-mingw32/bin/../lib/gcc/nios2-elf/4.9.2/../../../../../H-x86_64-mingw32/nios2-elf/lib/mhw-mulx\libc.a(lib_a-strlen.o)
 .text.strlen   0x0000000000000988       0x98 c:/altera_lite/15.1/nios2eds/bin/gnu/h-x86_64-mingw32/bin/../lib/gcc/nios2-elf/4.9.2/../../../../../H-x86_64-mingw32/nios2-elf/lib/mhw-mulx\libc.a(lib_a-strlen.o)
                0x0000000000000988                strlen
 .text          0x0000000000000a20        0x0 c:/altera_lite/15.1/nios2eds/bin/gnu/h-x86_64-mingw32/bin/../lib/gcc/nios2-elf/4.9.2/../../../../../H-x86_64-mingw32/nios2-elf/lib/mhw-mulx\libc.a(lib_a-vfprintf.o)
 .text.___vfprintf_internal_r
                0x0000000000000a20     0x1f50 c:/altera_lite/15.1/nios2eds/bin/gnu/h-x86_64-mingw32/bin/../lib/gcc/nios2-elf/4.9.2/../../../../../H-x86_64-mingw32/nios2-elf/lib/mhw-mulx\libc.a(lib_a-vfprintf.o)
                0x0000000000000a20                ___vfprintf_internal_r
 .text.__vfprintf_internal
                0x0000000000002970       0x24 c:/altera_lite/15.1/nios2eds/bin/gnu/h-x86_64-mingw32/bin/../lib/gcc/nios2-elf/4.9.2/../../../../../H-x86_64-mingw32/nios2-elf/lib/mhw-mulx\libc.a(lib_a-vfprintf.o)
                0x0000000000002970                __vfprintf_internal
 .text.__sbprintf
                0x0000000000002994       0xbc c:/altera_lite/15.1/nios2eds/bin/gnu/h-x86_64-mingw32/bin/../lib/gcc/nios2-elf/4.9.2/../../../../../H-x86_64-mingw32/nios2-elf/lib/mhw-mulx\libc.a(lib_a-vfprintf.o)
 .text          0x0000000000002a50        0x0 c:/altera_lite/15.1/nios2eds/bin/gnu/h-x86_64-mingw32/bin/../lib/gcc/nios2-elf/4.9.2/../../../../../H-x86_64-mingw32/nios2-elf/lib/mhw-mulx\libc.a(lib_a-wsetup.o)
 .text.__swsetup_r
                0x0000000000002a50      0x154 c:/altera_lite/15.1/nios2eds/bin/gnu/h-x86_64-mingw32/bin/../lib/gcc/nios2-elf/4.9.2/../../../../../H-x86_64-mingw32/nios2-elf/lib/mhw-mulx\libc.a(lib_a-wsetup.o)
                0x0000000000002a50                __swsetup_r
 .text          0x0000000000002ba4        0x0 c:/altera_lite/15.1/nios2eds/bin/gnu/h-x86_64-mingw32/bin/../lib/gcc/nios2-elf/4.9.2/../../../../../H-x86_64-mingw32/nios2-elf/lib/mhw-mulx\libc.a(lib_a-dtoa.o)
 .text.quorem   0x0000000000002ba4      0x200 c:/altera_lite/15.1/nios2eds/bin/gnu/h-x86_64-mingw32/bin/../lib/gcc/nios2-elf/4.9.2/../../../../../H-x86_64-mingw32/nios2-elf/lib/mhw-mulx\libc.a(lib_a-dtoa.o)
 .text._dtoa_r  0x0000000000002da4     0x1728 c:/altera_lite/15.1/nios2eds/bin/gnu/h-x86_64-mingw32/bin/../lib/gcc/nios2-elf/4.9.2/../../../../../H-x86_64-mingw32/nios2-elf/lib/mhw-mulx\libc.a(lib_a-dtoa.o)
                0x0000000000002da4                _dtoa_r
 .text          0x00000000000044cc        0x0 c:/altera_lite/15.1/nios2eds/bin/gnu/h-x86_64-mingw32/bin/../lib/gcc/nios2-elf/4.9.2/../../../../../H-x86_64-mingw32/nios2-elf/lib/mhw-mulx\libc.a(lib_a-fflush.o)
 .text.__sflush_r
                0x00000000000044cc      0x208 c:/altera_lite/15.1/nios2eds/bin/gnu/h-x86_64-mingw32/bin/../lib/gcc/nios2-elf/4.9.2/../../../../../H-x86_64-mingw32/nios2-elf/lib/mhw-mulx\libc.a(lib_a-fflush.o)
                0x00000000000044cc                __sflush_r
 .text._fflush_r
                0x00000000000046d4       0x5c c:/altera_lite/15.1/nios2eds/bin/gnu/h-x86_64-mingw32/bin/../lib/gcc/nios2-elf/4.9.2/../../../../../H-x86_64-mingw32/nios2-elf/lib/mhw-mulx\libc.a(lib_a-fflush.o)
                0x00000000000046d4                _fflush_r
 .text.fflush   0x0000000000004730       0x30 c:/altera_lite/15.1/nios2eds/bin/gnu/h-x86_64-mingw32/bin/../lib/gcc/nios2-elf/4.9.2/../../../../../H-x86_64-mingw32/nios2-elf/lib/mhw-mulx\libc.a(lib_a-fflush.o)
                0x0000000000004730                fflush
 .text          0x0000000000004760        0x0 c:/altera_lite/15.1/nios2eds/bin/gnu/h-x86_64-mingw32/bin/../lib/gcc/nios2-elf/4.9.2/../../../../../H-x86_64-mingw32/nios2-elf/lib/mhw-mulx\libc.a(lib_a-findfp.o)
 .text.__fp_lock
                0x0000000000004760        0x8 c:/altera_lite/15.1/nios2eds/bin/gnu/h-x86_64-mingw32/bin/../lib/gcc/nios2-elf/4.9.2/../../../../../H-x86_64-mingw32/nios2-elf/lib/mhw-mulx\libc.a(lib_a-findfp.o)
 .text.__fp_unlock
                0x0000000000004768        0x8 c:/altera_lite/15.1/nios2eds/bin/gnu/h-x86_64-mingw32/bin/../lib/gcc/nios2-elf/4.9.2/../../../../../H-x86_64-mingw32/nios2-elf/lib/mhw-mulx\libc.a(lib_a-findfp.o)
 .text._cleanup_r
                0x0000000000004770        0xc c:/altera_lite/15.1/nios2eds/bin/gnu/h-x86_64-mingw32/bin/../lib/gcc/nios2-elf/4.9.2/../../../../../H-x86_64-mingw32/nios2-elf/lib/mhw-mulx\libc.a(lib_a-findfp.o)
                0x0000000000004770                _cleanup_r
 .text.__sinit.part.1
                0x000000000000477c      0x19c c:/altera_lite/15.1/nios2eds/bin/gnu/h-x86_64-mingw32/bin/../lib/gcc/nios2-elf/4.9.2/../../../../../H-x86_64-mingw32/nios2-elf/lib/mhw-mulx\libc.a(lib_a-findfp.o)
 .text.__sfmoreglue
                0x0000000000004918       0x68 c:/altera_lite/15.1/nios2eds/bin/gnu/h-x86_64-mingw32/bin/../lib/gcc/nios2-elf/4.9.2/../../../../../H-x86_64-mingw32/nios2-elf/lib/mhw-mulx\libc.a(lib_a-findfp.o)
                0x0000000000004918                __sfmoreglue
 .text.__sfp    0x0000000000004980      0x118 c:/altera_lite/15.1/nios2eds/bin/gnu/h-x86_64-mingw32/bin/../lib/gcc/nios2-elf/4.9.2/../../../../../H-x86_64-mingw32/nios2-elf/lib/mhw-mulx\libc.a(lib_a-findfp.o)
                0x0000000000004980                __sfp
 .text._cleanup
                0x0000000000004a98       0x18 c:/altera_lite/15.1/nios2eds/bin/gnu/h-x86_64-mingw32/bin/../lib/gcc/nios2-elf/4.9.2/../../../../../H-x86_64-mingw32/nios2-elf/lib/mhw-mulx\libc.a(lib_a-findfp.o)
                0x0000000000004a98                _cleanup
 .text.__sinit  0x0000000000004ab0       0x10 c:/altera_lite/15.1/nios2eds/bin/gnu/h-x86_64-mingw32/bin/../lib/gcc/nios2-elf/4.9.2/../../../../../H-x86_64-mingw32/nios2-elf/lib/mhw-mulx\libc.a(lib_a-findfp.o)
                0x0000000000004ab0                __sinit
 .text.__sfp_lock_acquire
                0x0000000000004ac0        0x4 c:/altera_lite/15.1/nios2eds/bin/gnu/h-x86_64-mingw32/bin/../lib/gcc/nios2-elf/4.9.2/../../../../../H-x86_64-mingw32/nios2-elf/lib/mhw-mulx\libc.a(lib_a-findfp.o)
                0x0000000000004ac0                __sfp_lock_acquire
 .text.__sfp_lock_release
                0x0000000000004ac4        0x4 c:/altera_lite/15.1/nios2eds/bin/gnu/h-x86_64-mingw32/bin/../lib/gcc/nios2-elf/4.9.2/../../../../../H-x86_64-mingw32/nios2-elf/lib/mhw-mulx\libc.a(lib_a-findfp.o)
                0x0000000000004ac4                __sfp_lock_release
 .text.__sinit_lock_acquire
                0x0000000000004ac8        0x4 c:/altera_lite/15.1/nios2eds/bin/gnu/h-x86_64-mingw32/bin/../lib/gcc/nios2-elf/4.9.2/../../../../../H-x86_64-mingw32/nios2-elf/lib/mhw-mulx\libc.a(lib_a-findfp.o)
                0x0000000000004ac8                __sinit_lock_acquire
 .text.__sinit_lock_release
                0x0000000000004acc        0x4 c:/altera_lite/15.1/nios2eds/bin/gnu/h-x86_64-mingw32/bin/../lib/gcc/nios2-elf/4.9.2/../../../../../H-x86_64-mingw32/nios2-elf/lib/mhw-mulx\libc.a(lib_a-findfp.o)
                0x0000000000004acc                __sinit_lock_release
 .text.__fp_lock_all
                0x0000000000004ad0       0x18 c:/altera_lite/15.1/nios2eds/bin/gnu/h-x86_64-mingw32/bin/../lib/gcc/nios2-elf/4.9.2/../../../../../H-x86_64-mingw32/nios2-elf/lib/mhw-mulx\libc.a(lib_a-findfp.o)
                0x0000000000004ad0                __fp_lock_all
 .text.__fp_unlock_all
                0x0000000000004ae8       0x18 c:/altera_lite/15.1/nios2eds/bin/gnu/h-x86_64-mingw32/bin/../lib/gcc/nios2-elf/4.9.2/../../../../../H-x86_64-mingw32/nios2-elf/lib/mhw-mulx\libc.a(lib_a-findfp.o)
                0x0000000000004ae8                __fp_unlock_all
 .text          0x0000000000004b00        0x0 c:/altera_lite/15.1/nios2eds/bin/gnu/h-x86_64-mingw32/bin/../lib/gcc/nios2-elf/4.9.2/../../../../../H-x86_64-mingw32/nios2-elf/lib/mhw-mulx\libc.a(lib_a-freer.o)
 .text._malloc_trim_r
                0x0000000000004b00      0x124 c:/altera_lite/15.1/nios2eds/bin/gnu/h-x86_64-mingw32/bin/../lib/gcc/nios2-elf/4.9.2/../../../../../H-x86_64-mingw32/nios2-elf/lib/mhw-mulx\libc.a(lib_a-freer.o)
                0x0000000000004b00                _malloc_trim_r
 .text._free_r  0x0000000000004c24      0x2f0 c:/altera_lite/15.1/nios2eds/bin/gnu/h-x86_64-mingw32/bin/../lib/gcc/nios2-elf/4.9.2/../../../../../H-x86_64-mingw32/nios2-elf/lib/mhw-mulx\libc.a(lib_a-freer.o)
                0x0000000000004c24                _free_r
 .text          0x0000000000004f14        0x0 c:/altera_lite/15.1/nios2eds/bin/gnu/h-x86_64-mingw32/bin/../lib/gcc/nios2-elf/4.9.2/../../../../../H-x86_64-mingw32/nios2-elf/lib/mhw-mulx\libc.a(lib_a-fwalk.o)
 .text._fwalk   0x0000000000004f14       0xc4 c:/altera_lite/15.1/nios2eds/bin/gnu/h-x86_64-mingw32/bin/../lib/gcc/nios2-elf/4.9.2/../../../../../H-x86_64-mingw32/nios2-elf/lib/mhw-mulx\libc.a(lib_a-fwalk.o)
                0x0000000000004f14                _fwalk
 .text._fwalk_reent
                0x0000000000004fd8       0xc4 c:/altera_lite/15.1/nios2eds/bin/gnu/h-x86_64-mingw32/bin/../lib/gcc/nios2-elf/4.9.2/../../../../../H-x86_64-mingw32/nios2-elf/lib/mhw-mulx\libc.a(lib_a-fwalk.o)
                0x0000000000004fd8                _fwalk_reent
 .text          0x000000000000509c        0x0 c:/altera_lite/15.1/nios2eds/bin/gnu/h-x86_64-mingw32/bin/../lib/gcc/nios2-elf/4.9.2/../../../../../H-x86_64-mingw32/nios2-elf/lib/mhw-mulx\libc.a(lib_a-impure.o)
 .text          0x000000000000509c        0x0 c:/altera_lite/15.1/nios2eds/bin/gnu/h-x86_64-mingw32/bin/../lib/gcc/nios2-elf/4.9.2/../../../../../H-x86_64-mingw32/nios2-elf/lib/mhw-mulx\libc.a(lib_a-locale.o)
 .text._setlocale_r
                0x000000000000509c       0x7c c:/altera_lite/15.1/nios2eds/bin/gnu/h-x86_64-mingw32/bin/../lib/gcc/nios2-elf/4.9.2/../../../../../H-x86_64-mingw32/nios2-elf/lib/mhw-mulx\libc.a(lib_a-locale.o)
                0x000000000000509c                _setlocale_r
 .text.__locale_charset
                0x0000000000005118        0xc c:/altera_lite/15.1/nios2eds/bin/gnu/h-x86_64-mingw32/bin/../lib/gcc/nios2-elf/4.9.2/../../../../../H-x86_64-mingw32/nios2-elf/lib/mhw-mulx\libc.a(lib_a-locale.o)
                0x0000000000005118                __locale_charset
 .text.__locale_mb_cur_max
                0x0000000000005124       0x10 c:/altera_lite/15.1/nios2eds/bin/gnu/h-x86_64-mingw32/bin/../lib/gcc/nios2-elf/4.9.2/../../../../../H-x86_64-mingw32/nios2-elf/lib/mhw-mulx\libc.a(lib_a-locale.o)
                0x0000000000005124                __locale_mb_cur_max
 .text.__locale_msgcharset
                0x0000000000005134        0xc c:/altera_lite/15.1/nios2eds/bin/gnu/h-x86_64-mingw32/bin/../lib/gcc/nios2-elf/4.9.2/../../../../../H-x86_64-mingw32/nios2-elf/lib/mhw-mulx\libc.a(lib_a-locale.o)
                0x0000000000005134                __locale_msgcharset
 .text.__locale_cjk_lang
                0x0000000000005140        0x8 c:/altera_lite/15.1/nios2eds/bin/gnu/h-x86_64-mingw32/bin/../lib/gcc/nios2-elf/4.9.2/../../../../../H-x86_64-mingw32/nios2-elf/lib/mhw-mulx\libc.a(lib_a-locale.o)
                0x0000000000005140                __locale_cjk_lang
 .text._localeconv_r
                0x0000000000005148        0xc c:/altera_lite/15.1/nios2eds/bin/gnu/h-x86_64-mingw32/bin/../lib/gcc/nios2-elf/4.9.2/../../../../../H-x86_64-mingw32/nios2-elf/lib/mhw-mulx\libc.a(lib_a-locale.o)
                0x0000000000005148                _localeconv_r
 .text.setlocale
                0x0000000000005154       0x1c c:/altera_lite/15.1/nios2eds/bin/gnu/h-x86_64-mingw32/bin/../lib/gcc/nios2-elf/4.9.2/../../../../../H-x86_64-mingw32/nios2-elf/lib/mhw-mulx\libc.a(lib_a-locale.o)
                0x0000000000005154                setlocale
 .text.localeconv
                0x0000000000005170        0xc c:/altera_lite/15.1/nios2eds/bin/gnu/h-x86_64-mingw32/bin/../lib/gcc/nios2-elf/4.9.2/../../../../../H-x86_64-mingw32/nios2-elf/lib/mhw-mulx\libc.a(lib_a-locale.o)
                0x0000000000005170                localeconv
 .text          0x000000000000517c        0x0 c:/altera_lite/15.1/nios2eds/bin/gnu/h-x86_64-mingw32/bin/../lib/gcc/nios2-elf/4.9.2/../../../../../H-x86_64-mingw32/nios2-elf/lib/mhw-mulx\libc.a(lib_a-makebuf.o)
 .text.__smakebuf_r
                0x000000000000517c      0x1b8 c:/altera_lite/15.1/nios2eds/bin/gnu/h-x86_64-mingw32/bin/../lib/gcc/nios2-elf/4.9.2/../../../../../H-x86_64-mingw32/nios2-elf/lib/mhw-mulx\libc.a(lib_a-makebuf.o)
                0x000000000000517c                __smakebuf_r
 .text          0x0000000000005334        0x0 c:/altera_lite/15.1/nios2eds/bin/gnu/h-x86_64-mingw32/bin/../lib/gcc/nios2-elf/4.9.2/../../../../../H-x86_64-mingw32/nios2-elf/lib/mhw-mulx\libc.a(lib_a-mallocr.o)
 .text._malloc_r
                0x0000000000005334      0x7a8 c:/altera_lite/15.1/nios2eds/bin/gnu/h-x86_64-mingw32/bin/../lib/gcc/nios2-elf/4.9.2/../../../../../H-x86_64-mingw32/nios2-elf/lib/mhw-mulx\libc.a(lib_a-mallocr.o)
                0x0000000000005334                _malloc_r
 .text          0x0000000000005adc        0x0 c:/altera_lite/15.1/nios2eds/bin/gnu/h-x86_64-mingw32/bin/../lib/gcc/nios2-elf/4.9.2/../../../../../H-x86_64-mingw32/nios2-elf/lib/mhw-mulx\libc.a(lib_a-memchr.o)
 .text.memchr   0x0000000000005adc       0xe8 c:/altera_lite/15.1/nios2eds/bin/gnu/h-x86_64-mingw32/bin/../lib/gcc/nios2-elf/4.9.2/../../../../../H-x86_64-mingw32/nios2-elf/lib/mhw-mulx\libc.a(lib_a-memchr.o)
                0x0000000000005adc                memchr
 .text          0x0000000000005bc4        0x0 c:/altera_lite/15.1/nios2eds/bin/gnu/h-x86_64-mingw32/bin/../lib/gcc/nios2-elf/4.9.2/../../../../../H-x86_64-mingw32/nios2-elf/lib/mhw-mulx\libc.a(lib_a-memcpy.o)
 .text.memcpy   0x0000000000005bc4      0x138 c:/altera_lite/15.1/nios2eds/bin/gnu/h-x86_64-mingw32/bin/../lib/gcc/nios2-elf/4.9.2/../../../../../H-x86_64-mingw32/nios2-elf/lib/mhw-mulx\libc.a(lib_a-memcpy.o)
                0x0000000000005bc4                memcpy
 .text          0x0000000000005cfc        0x0 c:/altera_lite/15.1/nios2eds/bin/gnu/h-x86_64-mingw32/bin/../lib/gcc/nios2-elf/4.9.2/../../../../../H-x86_64-mingw32/nios2-elf/lib/mhw-mulx\libc.a(lib_a-memset.o)
 .text.memset   0x0000000000005cfc      0x124 c:/altera_lite/15.1/nios2eds/bin/gnu/h-x86_64-mingw32/bin/../lib/gcc/nios2-elf/4.9.2/../../../../../H-x86_64-mingw32/nios2-elf/lib/mhw-mulx\libc.a(lib_a-memset.o)
                0x0000000000005cfc                memset
 .text          0x0000000000005e20        0x0 c:/altera_lite/15.1/nios2eds/bin/gnu/h-x86_64-mingw32/bin/../lib/gcc/nios2-elf/4.9.2/../../../../../H-x86_64-mingw32/nios2-elf/lib/mhw-mulx\libc.a(lib_a-mprec.o)
 .text._Balloc  0x0000000000005e20       0xa8 c:/altera_lite/15.1/nios2eds/bin/gnu/h-x86_64-mingw32/bin/../lib/gcc/nios2-elf/4.9.2/../../../../../H-x86_64-mingw32/nios2-elf/lib/mhw-mulx\libc.a(lib_a-mprec.o)
                0x0000000000005e20                _Balloc
 .text._Bfree   0x0000000000005ec8       0x28 c:/altera_lite/15.1/nios2eds/bin/gnu/h-x86_64-mingw32/bin/../lib/gcc/nios2-elf/4.9.2/../../../../../H-x86_64-mingw32/nios2-elf/lib/mhw-mulx\libc.a(lib_a-mprec.o)
                0x0000000000005ec8                _Bfree
 .text.__multadd
                0x0000000000005ef0      0x120 c:/altera_lite/15.1/nios2eds/bin/gnu/h-x86_64-mingw32/bin/../lib/gcc/nios2-elf/4.9.2/../../../../../H-x86_64-mingw32/nios2-elf/lib/mhw-mulx\libc.a(lib_a-mprec.o)
                0x0000000000005ef0                __multadd
 .text.__s2b    0x0000000000006010      0x104 c:/altera_lite/15.1/nios2eds/bin/gnu/h-x86_64-mingw32/bin/../lib/gcc/nios2-elf/4.9.2/../../../../../H-x86_64-mingw32/nios2-elf/lib/mhw-mulx\libc.a(lib_a-mprec.o)
                0x0000000000006010                __s2b
 .text.__hi0bits
                0x0000000000006114       0x68 c:/altera_lite/15.1/nios2eds/bin/gnu/h-x86_64-mingw32/bin/../lib/gcc/nios2-elf/4.9.2/../../../../../H-x86_64-mingw32/nios2-elf/lib/mhw-mulx\libc.a(lib_a-mprec.o)
                0x0000000000006114                __hi0bits
 .text.__lo0bits
                0x000000000000617c       0xb0 c:/altera_lite/15.1/nios2eds/bin/gnu/h-x86_64-mingw32/bin/../lib/gcc/nios2-elf/4.9.2/../../../../../H-x86_64-mingw32/nios2-elf/lib/mhw-mulx\libc.a(lib_a-mprec.o)
                0x000000000000617c                __lo0bits
 .text.__i2b    0x000000000000622c       0x3c c:/altera_lite/15.1/nios2eds/bin/gnu/h-x86_64-mingw32/bin/../lib/gcc/nios2-elf/4.9.2/../../../../../H-x86_64-mingw32/nios2-elf/lib/mhw-mulx\libc.a(lib_a-mprec.o)
                0x000000000000622c                __i2b
 .text.__multiply
                0x0000000000006268      0x1fc c:/altera_lite/15.1/nios2eds/bin/gnu/h-x86_64-mingw32/bin/../lib/gcc/nios2-elf/4.9.2/../../../../../H-x86_64-mingw32/nios2-elf/lib/mhw-mulx\libc.a(lib_a-mprec.o)
                0x0000000000006268                __multiply
 .text.__pow5mult
                0x0000000000006464      0x140 c:/altera_lite/15.1/nios2eds/bin/gnu/h-x86_64-mingw32/bin/../lib/gcc/nios2-elf/4.9.2/../../../../../H-x86_64-mingw32/nios2-elf/lib/mhw-mulx\libc.a(lib_a-mprec.o)
                0x0000000000006464                __pow5mult
 .text.__lshift
                0x00000000000065a4      0x150 c:/altera_lite/15.1/nios2eds/bin/gnu/h-x86_64-mingw32/bin/../lib/gcc/nios2-elf/4.9.2/../../../../../H-x86_64-mingw32/nios2-elf/lib/mhw-mulx\libc.a(lib_a-mprec.o)
                0x00000000000065a4                __lshift
 .text.__mcmp   0x00000000000066f4       0x60 c:/altera_lite/15.1/nios2eds/bin/gnu/h-x86_64-mingw32/bin/../lib/gcc/nios2-elf/4.9.2/../../../../../H-x86_64-mingw32/nios2-elf/lib/mhw-mulx\libc.a(lib_a-mprec.o)
                0x00000000000066f4                __mcmp
 .text.__mdiff  0x0000000000006754      0x198 c:/altera_lite/15.1/nios2eds/bin/gnu/h-x86_64-mingw32/bin/../lib/gcc/nios2-elf/4.9.2/../../../../../H-x86_64-mingw32/nios2-elf/lib/mhw-mulx\libc.a(lib_a-mprec.o)
                0x0000000000006754                __mdiff
 .text.__ulp    0x00000000000068ec       0x60 c:/altera_lite/15.1/nios2eds/bin/gnu/h-x86_64-mingw32/bin/../lib/gcc/nios2-elf/4.9.2/../../../../../H-x86_64-mingw32/nios2-elf/lib/mhw-mulx\libc.a(lib_a-mprec.o)
                0x00000000000068ec                __ulp
 .text.__b2d    0x000000000000694c      0x11c c:/altera_lite/15.1/nios2eds/bin/gnu/h-x86_64-mingw32/bin/../lib/gcc/nios2-elf/4.9.2/../../../../../H-x86_64-mingw32/nios2-elf/lib/mhw-mulx\libc.a(lib_a-mprec.o)
                0x000000000000694c                __b2d
 .text.__d2b    0x0000000000006a68      0x13c c:/altera_lite/15.1/nios2eds/bin/gnu/h-x86_64-mingw32/bin/../lib/gcc/nios2-elf/4.9.2/../../../../../H-x86_64-mingw32/nios2-elf/lib/mhw-mulx\libc.a(lib_a-mprec.o)
                0x0000000000006a68                __d2b
 .text.__ratio  0x0000000000006ba4       0xa4 c:/altera_lite/15.1/nios2eds/bin/gnu/h-x86_64-mingw32/bin/../lib/gcc/nios2-elf/4.9.2/../../../../../H-x86_64-mingw32/nios2-elf/lib/mhw-mulx\libc.a(lib_a-mprec.o)
                0x0000000000006ba4                __ratio
 .text._mprec_log10
                0x0000000000006c48       0x74 c:/altera_lite/15.1/nios2eds/bin/gnu/h-x86_64-mingw32/bin/../lib/gcc/nios2-elf/4.9.2/../../../../../H-x86_64-mingw32/nios2-elf/lib/mhw-mulx\libc.a(lib_a-mprec.o)
                0x0000000000006c48                _mprec_log10
 .text.__copybits
                0x0000000000006cbc       0x78 c:/altera_lite/15.1/nios2eds/bin/gnu/h-x86_64-mingw32/bin/../lib/gcc/nios2-elf/4.9.2/../../../../../H-x86_64-mingw32/nios2-elf/lib/mhw-mulx\libc.a(lib_a-mprec.o)
                0x0000000000006cbc                __copybits
 .text.__any_on
                0x0000000000006d34       0x8c c:/altera_lite/15.1/nios2eds/bin/gnu/h-x86_64-mingw32/bin/../lib/gcc/nios2-elf/4.9.2/../../../../../H-x86_64-mingw32/nios2-elf/lib/mhw-mulx\libc.a(lib_a-mprec.o)
                0x0000000000006d34                __any_on
 .text          0x0000000000006dc0        0x0 c:/altera_lite/15.1/nios2eds/bin/gnu/h-x86_64-mingw32/bin/../lib/gcc/nios2-elf/4.9.2/../../../../../H-x86_64-mingw32/nios2-elf/lib/mhw-mulx\libc.a(lib_a-s_fpclassify.o)
 .text.__fpclassifyd
                0x0000000000006dc0       0x74 c:/altera_lite/15.1/nios2eds/bin/gnu/h-x86_64-mingw32/bin/../lib/gcc/nios2-elf/4.9.2/../../../../../H-x86_64-mingw32/nios2-elf/lib/mhw-mulx\libc.a(lib_a-s_fpclassify.o)
                0x0000000000006dc0                __fpclassifyd
 .text          0x0000000000006e34        0x0 c:/altera_lite/15.1/nios2eds/bin/gnu/h-x86_64-mingw32/bin/../lib/gcc/nios2-elf/4.9.2/../../../../../H-x86_64-mingw32/nios2-elf/lib/mhw-mulx\libc.a(lib_a-sbrkr.o)
 .text._sbrk_r  0x0000000000006e34       0x54 c:/altera_lite/15.1/nios2eds/bin/gnu/h-x86_64-mingw32/bin/../lib/gcc/nios2-elf/4.9.2/../../../../../H-x86_64-mingw32/nios2-elf/lib/mhw-mulx\libc.a(lib_a-sbrkr.o)
                0x0000000000006e34                _sbrk_r
 .text          0x0000000000006e88        0x0 c:/altera_lite/15.1/nios2eds/bin/gnu/h-x86_64-mingw32/bin/../lib/gcc/nios2-elf/4.9.2/../../../../../H-x86_64-mingw32/nios2-elf/lib/mhw-mulx\libc.a(lib_a-stdio.o)
 .text.__sread  0x0000000000006e88       0x54 c:/altera_lite/15.1/nios2eds/bin/gnu/h-x86_64-mingw32/bin/../lib/gcc/nios2-elf/4.9.2/../../../../../H-x86_64-mingw32/nios2-elf/lib/mhw-mulx\libc.a(lib_a-stdio.o)
                0x0000000000006e88                __sread
 .text.__seofread
                0x0000000000006edc        0x8 c:/altera_lite/15.1/nios2eds/bin/gnu/h-x86_64-mingw32/bin/../lib/gcc/nios2-elf/4.9.2/../../../../../H-x86_64-mingw32/nios2-elf/lib/mhw-mulx\libc.a(lib_a-stdio.o)
                0x0000000000006edc                __seofread
 .text.__swrite
                0x0000000000006ee4       0x7c c:/altera_lite/15.1/nios2eds/bin/gnu/h-x86_64-mingw32/bin/../lib/gcc/nios2-elf/4.9.2/../../../../../H-x86_64-mingw32/nios2-elf/lib/mhw-mulx\libc.a(lib_a-stdio.o)
                0x0000000000006ee4                __swrite
 .text.__sseek  0x0000000000006f60       0x5c c:/altera_lite/15.1/nios2eds/bin/gnu/h-x86_64-mingw32/bin/../lib/gcc/nios2-elf/4.9.2/../../../../../H-x86_64-mingw32/nios2-elf/lib/mhw-mulx\libc.a(lib_a-stdio.o)
                0x0000000000006f60                __sseek
 .text.__sclose
                0x0000000000006fbc        0x8 c:/altera_lite/15.1/nios2eds/bin/gnu/h-x86_64-mingw32/bin/../lib/gcc/nios2-elf/4.9.2/../../../../../H-x86_64-mingw32/nios2-elf/lib/mhw-mulx\libc.a(lib_a-stdio.o)
                0x0000000000006fbc                __sclose
 .text          0x0000000000006fc4        0x0 c:/altera_lite/15.1/nios2eds/bin/gnu/h-x86_64-mingw32/bin/../lib/gcc/nios2-elf/4.9.2/../../../../../H-x86_64-mingw32/nios2-elf/lib/mhw-mulx\libc.a(lib_a-vfiprintf.o)
 .text.__sprint_r.part.0
                0x0000000000006fc4       0xfc c:/altera_lite/15.1/nios2eds/bin/gnu/h-x86_64-mingw32/bin/../lib/gcc/nios2-elf/4.9.2/../../../../../H-x86_64-mingw32/nios2-elf/lib/mhw-mulx\libc.a(lib_a-vfiprintf.o)
 .text.__sprint_r
                0x00000000000070c0       0x18 c:/altera_lite/15.1/nios2eds/bin/gnu/h-x86_64-mingw32/bin/../lib/gcc/nios2-elf/4.9.2/../../../../../H-x86_64-mingw32/nios2-elf/lib/mhw-mulx\libc.a(lib_a-vfiprintf.o)
                0x00000000000070c0                __sprint_r
 .text.___vfiprintf_internal_r
                0x00000000000070d8     0x12d0 c:/altera_lite/15.1/nios2eds/bin/gnu/h-x86_64-mingw32/bin/../lib/gcc/nios2-elf/4.9.2/../../../../../H-x86_64-mingw32/nios2-elf/lib/mhw-mulx\libc.a(lib_a-vfiprintf.o)
                0x00000000000070d8                ___vfiprintf_internal_r
 .text.__vfiprintf_internal
                0x00000000000083a8       0x24 c:/altera_lite/15.1/nios2eds/bin/gnu/h-x86_64-mingw32/bin/../lib/gcc/nios2-elf/4.9.2/../../../../../H-x86_64-mingw32/nios2-elf/lib/mhw-mulx\libc.a(lib_a-vfiprintf.o)
                0x00000000000083a8                __vfiprintf_internal
 .text.__sbprintf
                0x00000000000083cc       0xbc c:/altera_lite/15.1/nios2eds/bin/gnu/h-x86_64-mingw32/bin/../lib/gcc/nios2-elf/4.9.2/../../../../../H-x86_64-mingw32/nios2-elf/lib/mhw-mulx\libc.a(lib_a-vfiprintf.o)
 .text          0x0000000000008488        0x0 c:/altera_lite/15.1/nios2eds/bin/gnu/h-x86_64-mingw32/bin/../lib/gcc/nios2-elf/4.9.2/../../../../../H-x86_64-mingw32/nios2-elf/lib/mhw-mulx\libc.a(lib_a-writer.o)
 .text._write_r
                0x0000000000008488       0x5c c:/altera_lite/15.1/nios2eds/bin/gnu/h-x86_64-mingw32/bin/../lib/gcc/nios2-elf/4.9.2/../../../../../H-x86_64-mingw32/nios2-elf/lib/mhw-mulx\libc.a(lib_a-writer.o)
                0x0000000000008488                _write_r
 .text          0x00000000000084e4        0x0 c:/altera_lite/15.1/nios2eds/bin/gnu/h-x86_64-mingw32/bin/../lib/gcc/nios2-elf/4.9.2/../../../../../H-x86_64-mingw32/nios2-elf/lib/mhw-mulx\libc.a(closer.o)
 .text._close_r
                0x00000000000084e4       0x54 c:/altera_lite/15.1/nios2eds/bin/gnu/h-x86_64-mingw32/bin/../lib/gcc/nios2-elf/4.9.2/../../../../../H-x86_64-mingw32/nios2-elf/lib/mhw-mulx\libc.a(closer.o)
                0x00000000000084e4                _close_r
 .text          0x0000000000008538        0x0 c:/altera_lite/15.1/nios2eds/bin/gnu/h-x86_64-mingw32/bin/../lib/gcc/nios2-elf/4.9.2/../../../../../H-x86_64-mingw32/nios2-elf/lib/mhw-mulx\libc.a(lib_a-callocr.o)
 .text._calloc_r
                0x0000000000008538       0xc4 c:/altera_lite/15.1/nios2eds/bin/gnu/h-x86_64-mingw32/bin/../lib/gcc/nios2-elf/4.9.2/../../../../../H-x86_64-mingw32/nios2-elf/lib/mhw-mulx\libc.a(lib_a-callocr.o)
                0x0000000000008538                _calloc_r
 .text          0x00000000000085fc        0x0 c:/altera_lite/15.1/nios2eds/bin/gnu/h-x86_64-mingw32/bin/../lib/gcc/nios2-elf/4.9.2/../../../../../H-x86_64-mingw32/nios2-elf/lib/mhw-mulx\libc.a(lib_a-fclose.o)
 .text._fclose_r
                0x00000000000085fc       0xf0 c:/altera_lite/15.1/nios2eds/bin/gnu/h-x86_64-mingw32/bin/../lib/gcc/nios2-elf/4.9.2/../../../../../H-x86_64-mingw32/nios2-elf/lib/mhw-mulx\libc.a(lib_a-fclose.o)
                0x00000000000085fc                _fclose_r
 .text.fclose   0x00000000000086ec       0x14 c:/altera_lite/15.1/nios2eds/bin/gnu/h-x86_64-mingw32/bin/../lib/gcc/nios2-elf/4.9.2/../../../../../H-x86_64-mingw32/nios2-elf/lib/mhw-mulx\libc.a(lib_a-fclose.o)
                0x00000000000086ec                fclose
 .text          0x0000000000008700        0x0 c:/altera_lite/15.1/nios2eds/bin/gnu/h-x86_64-mingw32/bin/../lib/gcc/nios2-elf/4.9.2/../../../../../H-x86_64-mingw32/nios2-elf/lib/mhw-mulx\libc.a(lib_a-fputwc.o)
 .text._fputwc_r
                0x0000000000008700      0x184 c:/altera_lite/15.1/nios2eds/bin/gnu/h-x86_64-mingw32/bin/../lib/gcc/nios2-elf/4.9.2/../../../../../H-x86_64-mingw32/nios2-elf/lib/mhw-mulx\libc.a(lib_a-fputwc.o)
                0x0000000000008700                _fputwc_r
 .text.fputwc   0x0000000000008884       0x5c c:/altera_lite/15.1/nios2eds/bin/gnu/h-x86_64-mingw32/bin/../lib/gcc/nios2-elf/4.9.2/../../../../../H-x86_64-mingw32/nios2-elf/lib/mhw-mulx\libc.a(lib_a-fputwc.o)
                0x0000000000008884                fputwc
 .text          0x00000000000088e0        0x0 c:/altera_lite/15.1/nios2eds/bin/gnu/h-x86_64-mingw32/bin/../lib/gcc/nios2-elf/4.9.2/../../../../../H-x86_64-mingw32/nios2-elf/lib/mhw-mulx\libc.a(lib_a-fstatr.o)
 .text._fstat_r
                0x00000000000088e0       0x58 c:/altera_lite/15.1/nios2eds/bin/gnu/h-x86_64-mingw32/bin/../lib/gcc/nios2-elf/4.9.2/../../../../../H-x86_64-mingw32/nios2-elf/lib/mhw-mulx\libc.a(lib_a-fstatr.o)
                0x00000000000088e0                _fstat_r
 .text          0x0000000000008938        0x0 c:/altera_lite/15.1/nios2eds/bin/gnu/h-x86_64-mingw32/bin/../lib/gcc/nios2-elf/4.9.2/../../../../../H-x86_64-mingw32/nios2-elf/lib/mhw-mulx\libc.a(lib_a-fvwrite.o)
 .text.__sfvwrite_r
                0x0000000000008938      0x4c0 c:/altera_lite/15.1/nios2eds/bin/gnu/h-x86_64-mingw32/bin/../lib/gcc/nios2-elf/4.9.2/../../../../../H-x86_64-mingw32/nios2-elf/lib/mhw-mulx\libc.a(lib_a-fvwrite.o)
                0x0000000000008938                __sfvwrite_r
 .text          0x0000000000008df8        0x0 c:/altera_lite/15.1/nios2eds/bin/gnu/h-x86_64-mingw32/bin/../lib/gcc/nios2-elf/4.9.2/../../../../../H-x86_64-mingw32/nios2-elf/lib/mhw-mulx\libc.a(lib_a-int_errno.o)
 .text          0x0000000000008df8        0x0 c:/altera_lite/15.1/nios2eds/bin/gnu/h-x86_64-mingw32/bin/../lib/gcc/nios2-elf/4.9.2/../../../../../H-x86_64-mingw32/nios2-elf/lib/mhw-mulx\libc.a(lib_a-isattyr.o)
 .text._isatty_r
                0x0000000000008df8       0x54 c:/altera_lite/15.1/nios2eds/bin/gnu/h-x86_64-mingw32/bin/../lib/gcc/nios2-elf/4.9.2/../../../../../H-x86_64-mingw32/nios2-elf/lib/mhw-mulx\libc.a(lib_a-isattyr.o)
                0x0000000000008df8                _isatty_r
 .text          0x0000000000008e4c        0x0 c:/altera_lite/15.1/nios2eds/bin/gnu/h-x86_64-mingw32/bin/../lib/gcc/nios2-elf/4.9.2/../../../../../H-x86_64-mingw32/nios2-elf/lib/mhw-mulx\libc.a(lib_a-lseekr.o)
 .text._lseek_r
                0x0000000000008e4c       0x5c c:/altera_lite/15.1/nios2eds/bin/gnu/h-x86_64-mingw32/bin/../lib/gcc/nios2-elf/4.9.2/../../../../../H-x86_64-mingw32/nios2-elf/lib/mhw-mulx\libc.a(lib_a-lseekr.o)
                0x0000000000008e4c                _lseek_r
 .text          0x0000000000008ea8        0x0 c:/altera_lite/15.1/nios2eds/bin/gnu/h-x86_64-mingw32/bin/../lib/gcc/nios2-elf/4.9.2/../../../../../H-x86_64-mingw32/nios2-elf/lib/mhw-mulx\libc.a(lib_a-memmove.o)
 .text.memmove  0x0000000000008ea8      0x15c c:/altera_lite/15.1/nios2eds/bin/gnu/h-x86_64-mingw32/bin/../lib/gcc/nios2-elf/4.9.2/../../../../../H-x86_64-mingw32/nios2-elf/lib/mhw-mulx\libc.a(lib_a-memmove.o)
                0x0000000000008ea8                memmove
 .text          0x0000000000009004        0x0 c:/altera_lite/15.1/nios2eds/bin/gnu/h-x86_64-mingw32/bin/../lib/gcc/nios2-elf/4.9.2/../../../../../H-x86_64-mingw32/nios2-elf/lib/mhw-mulx\libc.a(lib_a-readr.o)
 .text._read_r  0x0000000000009004       0x5c c:/altera_lite/15.1/nios2eds/bin/gnu/h-x86_64-mingw32/bin/../lib/gcc/nios2-elf/4.9.2/../../../../../H-x86_64-mingw32/nios2-elf/lib/mhw-mulx\libc.a(lib_a-readr.o)
                0x0000000000009004                _read_r
 .text          0x0000000000009060        0x0 c:/altera_lite/15.1/nios2eds/bin/gnu/h-x86_64-mingw32/bin/../lib/gcc/nios2-elf/4.9.2/../../../../../H-x86_64-mingw32/nios2-elf/lib/mhw-mulx\libc.a(lib_a-reallocr.o)
 .text._realloc_r
                0x0000000000009060      0x568 c:/altera_lite/15.1/nios2eds/bin/gnu/h-x86_64-mingw32/bin/../lib/gcc/nios2-elf/4.9.2/../../../../../H-x86_64-mingw32/nios2-elf/lib/mhw-mulx\libc.a(lib_a-reallocr.o)
                0x0000000000009060                _realloc_r
 .text          0x00000000000095c8        0x0 c:/altera_lite/15.1/nios2eds/bin/gnu/h-x86_64-mingw32/bin/../lib/gcc/nios2-elf/4.9.2/../../../../../H-x86_64-mingw32/nios2-elf/lib/mhw-mulx\libc.a(lib_a-wbuf.o)
 .text.__swbuf_r
                0x00000000000095c8      0x138 c:/altera_lite/15.1/nios2eds/bin/gnu/h-x86_64-mingw32/bin/../lib/gcc/nios2-elf/4.9.2/../../../../../H-x86_64-mingw32/nios2-elf/lib/mhw-mulx\libc.a(lib_a-wbuf.o)
                0x00000000000095c8                __swbuf_r
 .text.__swbuf  0x0000000000009700       0x1c c:/altera_lite/15.1/nios2eds/bin/gnu/h-x86_64-mingw32/bin/../lib/gcc/nios2-elf/4.9.2/../../../../../H-x86_64-mingw32/nios2-elf/lib/mhw-mulx\libc.a(lib_a-wbuf.o)
                0x0000000000009700                __swbuf
 .text          0x000000000000971c        0x0 c:/altera_lite/15.1/nios2eds/bin/gnu/h-x86_64-mingw32/bin/../lib/gcc/nios2-elf/4.9.2/../../../../../H-x86_64-mingw32/nios2-elf/lib/mhw-mulx\libc.a(lib_a-wcrtomb.o)
 .text._wcrtomb_r
                0x000000000000971c       0x9c c:/altera_lite/15.1/nios2eds/bin/gnu/h-x86_64-mingw32/bin/../lib/gcc/nios2-elf/4.9.2/../../../../../H-x86_64-mingw32/nios2-elf/lib/mhw-mulx\libc.a(lib_a-wcrtomb.o)
                0x000000000000971c                _wcrtomb_r
 .text.wcrtomb  0x00000000000097b8       0xc0 c:/altera_lite/15.1/nios2eds/bin/gnu/h-x86_64-mingw32/bin/../lib/gcc/nios2-elf/4.9.2/../../../../../H-x86_64-mingw32/nios2-elf/lib/mhw-mulx\libc.a(lib_a-wcrtomb.o)
                0x00000000000097b8                wcrtomb
 .text          0x0000000000009878        0x0 c:/altera_lite/15.1/nios2eds/bin/gnu/h-x86_64-mingw32/bin/../lib/gcc/nios2-elf/4.9.2/../../../../../H-x86_64-mingw32/nios2-elf/lib/mhw-mulx\libc.a(lib_a-wctomb_r.o)
 .text.__ascii_wctomb
                0x0000000000009878       0x30 c:/altera_lite/15.1/nios2eds/bin/gnu/h-x86_64-mingw32/bin/../lib/gcc/nios2-elf/4.9.2/../../../../../H-x86_64-mingw32/nios2-elf/lib/mhw-mulx\libc.a(lib_a-wctomb_r.o)
                0x0000000000009878                __ascii_wctomb
 .text._wctomb_r
                0x00000000000098a8       0x5c c:/altera_lite/15.1/nios2eds/bin/gnu/h-x86_64-mingw32/bin/../lib/gcc/nios2-elf/4.9.2/../../../../../H-x86_64-mingw32/nios2-elf/lib/mhw-mulx\libc.a(lib_a-wctomb_r.o)
                0x00000000000098a8                _wctomb_r
 .text          0x0000000000009904      0x5c0 c:/altera_lite/15.1/nios2eds/bin/gnu/h-x86_64-mingw32/bin/../lib/gcc/nios2-elf/4.9.2/mhw-mulx\libgcc.a(_udivdi3.o)
                0x0000000000009904                __udivdi3
 .text          0x0000000000009ec4      0x590 c:/altera_lite/15.1/nios2eds/bin/gnu/h-x86_64-mingw32/bin/../lib/gcc/nios2-elf/4.9.2/mhw-mulx\libgcc.a(_umoddi3.o)
                0x0000000000009ec4                __umoddi3
 .text          0x000000000000a454      0x12c c:/altera_lite/15.1/nios2eds/bin/gnu/h-x86_64-mingw32/bin/../lib/gcc/nios2-elf/4.9.2/mhw-mulx\libgcc.a(lib2-divmod.o)
                0x000000000000a4c0                __divsi3
                0x000000000000a514                __modsi3
                0x000000000000a570                __udivsi3
                0x000000000000a578                __umodsi3
 .text          0x000000000000a580      0x89c c:/altera_lite/15.1/nios2eds/bin/gnu/h-x86_64-mingw32/bin/../lib/gcc/nios2-elf/4.9.2/mhw-mulx\libgcc.a(adddf3.o)
                0x000000000000a580                __adddf3
 .text          0x000000000000ae1c      0x8cc c:/altera_lite/15.1/nios2eds/bin/gnu/h-x86_64-mingw32/bin/../lib/gcc/nios2-elf/4.9.2/mhw-mulx\libgcc.a(divdf3.o)
                0x000000000000ae1c                __divdf3
 .text          0x000000000000b6e8       0x84 c:/altera_lite/15.1/nios2eds/bin/gnu/h-x86_64-mingw32/bin/../lib/gcc/nios2-elf/4.9.2/mhw-mulx\libgcc.a(eqdf2.o)
                0x000000000000b6e8                __nedf2
                0x000000000000b6e8                __eqdf2
 .text          0x000000000000b76c       0xe0 c:/altera_lite/15.1/nios2eds/bin/gnu/h-x86_64-mingw32/bin/../lib/gcc/nios2-elf/4.9.2/mhw-mulx\libgcc.a(gedf2.o)
                0x000000000000b76c                __gedf2
                0x000000000000b76c                __gtdf2
 .text          0x000000000000b84c       0xe0 c:/altera_lite/15.1/nios2eds/bin/gnu/h-x86_64-mingw32/bin/../lib/gcc/nios2-elf/4.9.2/mhw-mulx\libgcc.a(ledf2.o)
                0x000000000000b84c                __ledf2
                0x000000000000b84c                __ltdf2
 .text          0x000000000000b92c      0x724 c:/altera_lite/15.1/nios2eds/bin/gnu/h-x86_64-mingw32/bin/../lib/gcc/nios2-elf/4.9.2/mhw-mulx\libgcc.a(muldf3.o)
                0x000000000000b92c                __muldf3
 .text          0x000000000000c050      0x8d0 c:/altera_lite/15.1/nios2eds/bin/gnu/h-x86_64-mingw32/bin/../lib/gcc/nios2-elf/4.9.2/mhw-mulx\libgcc.a(subdf3.o)
                0x000000000000c050                __subdf3
 .text          0x000000000000c920       0x88 c:/altera_lite/15.1/nios2eds/bin/gnu/h-x86_64-mingw32/bin/../lib/gcc/nios2-elf/4.9.2/mhw-mulx\libgcc.a(fixdfsi.o)
                0x000000000000c920                __fixdfsi
 .text          0x000000000000c9a8       0xd0 c:/altera_lite/15.1/nios2eds/bin/gnu/h-x86_64-mingw32/bin/../lib/gcc/nios2-elf/4.9.2/mhw-mulx\libgcc.a(floatsidf.o)
                0x000000000000c9a8                __floatsidf
 .text          0x000000000000ca78       0xa4 c:/altera_lite/15.1/nios2eds/bin/gnu/h-x86_64-mingw32/bin/../lib/gcc/nios2-elf/4.9.2/mhw-mulx\libgcc.a(floatunsidf.o)
                0x000000000000ca78                __floatunsidf
 .text          0x000000000000cb1c        0x0 c:/altera_lite/15.1/nios2eds/bin/gnu/h-x86_64-mingw32/bin/../lib/gcc/nios2-elf/4.9.2/mhw-mulx\libgcc.a(_clz.o)
 .text          0x000000000000cb1c       0x64 c:/altera_lite/15.1/nios2eds/bin/gnu/h-x86_64-mingw32/bin/../lib/gcc/nios2-elf/4.9.2/mhw-mulx\libgcc.a(_clzsi2.o)
                0x000000000000cb1c                __clzsi2
 .text          0x000000000000cb80      0x120 C:/Users/daans/Documents/Eclipse_Projecten_Nios/Keyboard_bsp/\libucosii_bsp.a(alt_close.o)
                0x000000000000cbd0                close
 .text          0x000000000000cca0       0x2c C:/Users/daans/Documents/Eclipse_Projecten_Nios/Keyboard_bsp/\libucosii_bsp.a(alt_dev.o)
 .text          0x000000000000cccc        0x0 C:/Users/daans/Documents/Eclipse_Projecten_Nios/Keyboard_bsp/\libucosii_bsp.a(alt_errno.o)
 .text          0x000000000000cccc      0x100 C:/Users/daans/Documents/Eclipse_Projecten_Nios/Keyboard_bsp/\libucosii_bsp.a(alt_fstat.o)
                0x000000000000cd1c                fstat
 .text          0x000000000000cdcc       0xf4 C:/Users/daans/Documents/Eclipse_Projecten_Nios/Keyboard_bsp/\libucosii_bsp.a(alt_isatty.o)
                0x000000000000ce1c                isatty
 .text          0x000000000000cec0       0xe4 C:/Users/daans/Documents/Eclipse_Projecten_Nios/Keyboard_bsp/\libucosii_bsp.a(alt_load.o)
                0x000000000000cf24                alt_load
 .text          0x000000000000cfa4      0x124 C:/Users/daans/Documents/Eclipse_Projecten_Nios/Keyboard_bsp/\libucosii_bsp.a(alt_lseek.o)
                0x000000000000cff4                lseek
 .text          0x000000000000d0c8       0xd4 C:/Users/daans/Documents/Eclipse_Projecten_Nios/Keyboard_bsp/\libucosii_bsp.a(alt_main.o)
                0x000000000000d0c8                alt_main
 .text          0x000000000000d19c      0x14c C:/Users/daans/Documents/Eclipse_Projecten_Nios/Keyboard_bsp/\libucosii_bsp.a(alt_read.o)
                0x000000000000d1ec                read
 .text          0x000000000000d2e8       0x60 C:/Users/daans/Documents/Eclipse_Projecten_Nios/Keyboard_bsp/\libucosii_bsp.a(alt_release_fd.o)
                0x000000000000d2e8                alt_release_fd
 .text          0x000000000000d348       0xb0 C:/Users/daans/Documents/Eclipse_Projecten_Nios/Keyboard_bsp/\libucosii_bsp.a(alt_sbrk.o)
                0x000000000000d348                sbrk
 .text          0x000000000000d3f8      0x148 C:/Users/daans/Documents/Eclipse_Projecten_Nios/Keyboard_bsp/\libucosii_bsp.a(alt_write.o)
                0x000000000000d448                write
 .text          0x000000000000d540      0x11c C:/Users/daans/Documents/Eclipse_Projecten_Nios/Keyboard_bsp/\libucosii_bsp.a(alt_env_lock.o)
                0x000000000000d540                __env_lock
                0x000000000000d600                __env_unlock
 .text          0x000000000000d65c      0x1f0 C:/Users/daans/Documents/Eclipse_Projecten_Nios/Keyboard_bsp/\libucosii_bsp.a(alt_malloc_lock.o)
                0x000000000000d65c                __malloc_lock
                0x000000000000d77c                __malloc_unlock
 .text          0x000000000000d84c     0x1ff0 C:/Users/daans/Documents/Eclipse_Projecten_Nios/Keyboard_bsp/\libucosii_bsp.a(os_core.o)
                0x000000000000d84c                OSEventNameGet
                0x000000000000d96c                OSEventNameSet
                0x000000000000daa8                OSEventPendMulti
                0x000000000000e0b8                OSInit
                0x000000000000e10c                OSIntEnter
                0x000000000000e188                OSIntExit
                0x000000000000e27c                OSSchedLock
                0x000000000000e304                OSSchedUnlock
                0x000000000000e3dc                OSStart
                0x000000000000e448                OSStatInit
                0x000000000000e4f4                OSTimeTick
                0x000000000000e710                OSVersion
                0x000000000000e730                OS_Dummy
                0x000000000000e74c                OS_EventTaskRdy
                0x000000000000e8e4                OS_EventTaskWait
                0x000000000000e9f0                OS_EventTaskWaitMulti
                0x000000000000eb3c                OS_EventTaskRemove
                0x000000000000ebf0                OS_EventTaskRemoveMulti
                0x000000000000ecec                OS_EventWaitListInit
                0x000000000000f0b0                OS_MemClr
                0x000000000000f100                OS_MemCopy
                0x000000000000f164                OS_Sched
                0x000000000000f2a0                OS_StrCopy
                0x000000000000f314                OS_StrLen
                0x000000000000f368                OS_TaskIdle
                0x000000000000f3c4                OS_TaskStat
                0x000000000000f4a0                OS_TaskStatStkChk
                0x000000000000f568                OS_TCBInit
 .text          0x000000000000f83c      0x18c C:/Users/daans/Documents/Eclipse_Projecten_Nios/Keyboard_bsp/\libucosii_bsp.a(os_dbg.o)
                0x000000000000f83c                OSDebugInit
 .text          0x000000000000f9c8     0x181c C:/Users/daans/Documents/Eclipse_Projecten_Nios/Keyboard_bsp/\libucosii_bsp.a(os_flag.o)
                0x000000000000f9c8                OSFlagAccept
                0x000000000000fcd0                OSFlagCreate
                0x000000000000fdf8                OSFlagDel
                0x0000000000010068                OSFlagNameGet
                0x0000000000010198                OSFlagNameSet
                0x00000000000102e8                OSFlagPend
                0x00000000000108d8                OSFlagPendGetFlagsRdy
                0x0000000000010940                OSFlagPost
                0x0000000000010cc8                OSFlagQuery
                0x0000000000010f50                OS_FlagInit
                0x0000000000011144                OS_FlagUnlink
 .text          0x00000000000111e4      0x784 C:/Users/daans/Documents/Eclipse_Projecten_Nios/Keyboard_bsp/\libucosii_bsp.a(os_mem.o)
                0x00000000000111e4                OSMemCreate
                0x00000000000113d8                OSMemGet
                0x00000000000114c8                OSMemNameGet
                0x00000000000115c0                OSMemNameSet
                0x00000000000116d8                OSMemPut
                0x00000000000117b0                OSMemQuery
                0x0000000000011898                OS_MemInit
 .text          0x0000000000011968     0x1210 C:/Users/daans/Documents/Eclipse_Projecten_Nios/Keyboard_bsp/\libucosii_bsp.a(os_q.o)
                0x0000000000011968                OSQAccept
                0x0000000000011aa8                OSQCreate
                0x0000000000011ca4                OSQDel
                0x0000000000011f6c                OSQFlush
                0x0000000000012024                OSQPend
                0x0000000000012320                OSQPendAbort
                0x000000000001248c                OSQPost
                0x00000000000125f4                OSQPostFront
                0x0000000000012764                OSQPostOpt
                0x0000000000012970                OSQQuery
                0x0000000000012acc                OS_QInit
 .text          0x0000000000012b78      0xb08 C:/Users/daans/Documents/Eclipse_Projecten_Nios/Keyboard_bsp/\libucosii_bsp.a(os_sem.o)
                0x0000000000012b78                OSSemAccept
                0x0000000000012c28                OSSemCreate
                0x0000000000012d28                OSSemDel
                0x0000000000012f90                OSSemPend
                0x00000000000131f8                OSSemPendAbort
                0x0000000000013364                OSSemPost
                0x0000000000013474                OSSemQuery
                0x0000000000013584                OSSemSet
 .text          0x0000000000013680     0x18f4 C:/Users/daans/Documents/Eclipse_Projecten_Nios/Keyboard_bsp/\libucosii_bsp.a(os_task.o)
                0x0000000000013680                OSTaskChangePrio
                0x0000000000013bc0                OSTaskCreate
                0x0000000000013d7c                OSTaskCreateExt
                0x0000000000013f68                OSTaskDel
                0x0000000000014348                OSTaskDelReq
                0x00000000000144a0                OSTaskNameGet
                0x0000000000014648                OSTaskNameSet
                0x0000000000014808                OSTaskResume
                0x0000000000014a00                OSTaskStkChk
                0x0000000000014bc8                OSTaskSuspend
                0x0000000000014ddc                OSTaskQuery
                0x0000000000014f08                OS_TaskStkClr
 .text          0x0000000000014f74      0x568 C:/Users/daans/Documents/Eclipse_Projecten_Nios/Keyboard_bsp/\libucosii_bsp.a(os_time.o)
                0x0000000000014f74                OSTimeDly
                0x00000000000150bc                OSTimeDlyHMSM
                0x0000000000015224                OSTimeDlyResume
                0x0000000000015414                OSTimeGet
                0x0000000000015478                OSTimeSet
 .text          0x00000000000154dc      0x444 C:/Users/daans/Documents/Eclipse_Projecten_Nios/Keyboard_bsp/\libucosii_bsp.a(alt_sys_init.o)
                0x0000000000015514                alt_irq_init
                0x0000000000015548                alt_sys_init
 .text          0x0000000000015920      0x164 C:/Users/daans/Documents/Eclipse_Projecten_Nios/Keyboard_bsp/\libucosii_bsp.a(altera_avalon_jtag_uart_fd.o)
                0x0000000000015920                altera_avalon_jtag_uart_read_fd
                0x0000000000015980                altera_avalon_jtag_uart_write_fd
                0x00000000000159e0                altera_avalon_jtag_uart_close_fd
                0x0000000000015a30                altera_avalon_jtag_uart_ioctl_fd
 .text          0x0000000000015a84      0x560 C:/Users/daans/Documents/Eclipse_Projecten_Nios/Keyboard_bsp/\libucosii_bsp.a(altera_avalon_jtag_uart_init.o)
                0x0000000000015a84                altera_avalon_jtag_uart_init
                0x0000000000015f7c                altera_avalon_jtag_uart_close
 .text          0x0000000000015fe4       0xec C:/Users/daans/Documents/Eclipse_Projecten_Nios/Keyboard_bsp/\libucosii_bsp.a(altera_avalon_jtag_uart_ioctl.o)
                0x0000000000015fe4                altera_avalon_jtag_uart_ioctl
 .text          0x00000000000160d0      0x2b4 C:/Users/daans/Documents/Eclipse_Projecten_Nios/Keyboard_bsp/\libucosii_bsp.a(altera_avalon_jtag_uart_read.o)
                0x00000000000160d0                altera_avalon_jtag_uart_read
 .text          0x0000000000016384      0x2c0 C:/Users/daans/Documents/Eclipse_Projecten_Nios/Keyboard_bsp/\libucosii_bsp.a(altera_avalon_jtag_uart_write.o)
                0x0000000000016384                altera_avalon_jtag_uart_write
 .text          0x0000000000016644       0xf8 C:/Users/daans/Documents/Eclipse_Projecten_Nios/Keyboard_bsp/\libucosii_bsp.a(altera_avalon_timer_sc.o)
                0x00000000000166bc                alt_avalon_timer_sc_init
 .text          0x000000000001673c      0x4d8 C:/Users/daans/Documents/Eclipse_Projecten_Nios/Keyboard_bsp/\libucosii_bsp.a(altera_up_avalon_character_lcd.o)
                0x000000000001673c                get_DDRAM_addr
                0x00000000000167b0                alt_up_character_lcd_send_cmd
                0x00000000000167ec                alt_up_character_lcd_init
                0x0000000000016820                alt_up_character_lcd_open_dev
                0x0000000000016860                alt_up_character_lcd_write
                0x00000000000168d8                alt_up_character_lcd_string
                0x000000000001694c                alt_up_character_lcd_write_fd
                0x000000000001699c                alt_up_character_lcd_set_cursor_pos
                0x0000000000016a10                alt_up_character_lcd_shift_cursor
                0x0000000000016a98                alt_up_character_lcd_shift_display
                0x0000000000016b20                alt_up_character_lcd_erase_pos
                0x0000000000016bac                alt_up_character_lcd_cursor_off
                0x0000000000016be0                alt_up_character_lcd_cursor_blink_on
 .text          0x0000000000016c14      0x388 C:/Users/daans/Documents/Eclipse_Projecten_Nios/Keyboard_bsp/\libucosii_bsp.a(altera_up_avalon_irda.o)
                0x0000000000016c14                alt_up_irda_enable_read_interrupt
                0x0000000000016c6c                alt_up_irda_disable_read_interrupt
                0x0000000000016cc8                alt_up_irda_get_used_space_in_read_FIFO
                0x0000000000016d08                alt_up_irda_get_available_space_in_write_FIFO
                0x0000000000016d44                alt_up_irda_check_parity
                0x0000000000016d88                alt_up_irda_write_data
                0x0000000000016dc8                alt_up_irda_read_data
                0x0000000000016e3c                alt_up_irda_read_fd
                0x0000000000016ecc                alt_up_irda_write_fd
                0x0000000000016f5c                alt_up_irda_open_dev
 .text          0x0000000000016f9c       0x40 C:/Users/daans/Documents/Eclipse_Projecten_Nios/Keyboard_bsp/\libucosii_bsp.a(altera_up_avalon_parallel_port.o)
                0x0000000000016f9c                alt_up_parallel_port_open_dev
 .text          0x0000000000016fdc      0x6b4 C:/Users/daans/Documents/Eclipse_Projecten_Nios/Keyboard_bsp/\libucosii_bsp.a(altera_up_avalon_ps2.o)
                0x0000000000016fdc                read_RI_bit
                0x0000000000017010                read_RE_bit
                0x0000000000017040                read_CE_bit
                0x0000000000017074                read_num_bytes_available
                0x00000000000170a4                read_data_valid
                0x00000000000170d8                read_data_byte
                0x0000000000017104                alt_up_ps2_init
                0x00000000000171c8                alt_up_ps2_enable_read_interrupt
                0x0000000000017220                alt_up_ps2_disable_read_interrupt
                0x000000000001727c                alt_up_ps2_write_data_byte
                0x00000000000172f0                alt_up_ps2_wait_for_ack
                0x0000000000017360                alt_up_ps2_write_data_byte_with_ack
                0x00000000000173c4                alt_up_ps2_read_data_byte_timeout
                0x0000000000017468                alt_up_ps2_read_data_byte
                0x00000000000174d8                alt_up_ps2_clear_fifo
                0x000000000001752c                alt_up_ps2_read_fd
                0x00000000000175b8                alt_up_ps2_write_fd
                0x0000000000017650                alt_up_ps2_open_dev
 .text          0x0000000000017690      0x38c C:/Users/daans/Documents/Eclipse_Projecten_Nios/Keyboard_bsp/\libucosii_bsp.a(altera_up_avalon_rs232.o)
                0x0000000000017690                alt_up_rs232_enable_read_interrupt
                0x00000000000176e8                alt_up_rs232_disable_read_interrupt
                0x0000000000017744                alt_up_rs232_get_used_space_in_read_FIFO
                0x0000000000017784                alt_up_rs232_get_available_space_in_write_FIFO
                0x00000000000177c0                alt_up_rs232_check_parity
                0x0000000000017804                alt_up_rs232_write_data
                0x0000000000017844                alt_up_rs232_read_data
                0x00000000000178b8                alt_up_rs232_read_fd
                0x0000000000017948                alt_up_rs232_write_fd
                0x00000000000179dc                alt_up_rs232_open_dev
 .text          0x0000000000017a1c      0x2e8 C:/Users/daans/Documents/Eclipse_Projecten_Nios/Keyboard_bsp/\libucosii_bsp.a(altera_up_avalon_video_character_buffer_with_dma.o)
                0x0000000000017a1c                alt_up_char_buffer_init
                0x0000000000017a9c                alt_up_char_buffer_open_dev
                0x0000000000017adc                alt_up_char_buffer_draw
                0x0000000000017ba8                alt_up_char_buffer_string
                0x0000000000017ca8                alt_up_char_buffer_clear
 .text          0x0000000000017d04      0x5dc C:/Users/daans/Documents/Eclipse_Projecten_Nios/Keyboard_bsp/\libucosii_bsp.a(altera_up_ps2_keyboard.o)
                0x0000000000017d04                get_multi_byte_make_code_index
                0x0000000000017d74                get_single_byte_make_code_index
                0x0000000000017de4                get_next_state
                0x0000000000018034                decode_scancode
                0x00000000000180ec                set_keyboard_rate
                0x0000000000018150                translate_make_code
                0x0000000000018264                reset_keyboard
 .text          0x00000000000182e0      0x140 C:/Users/daans/Documents/Eclipse_Projecten_Nios/Keyboard_bsp/\libucosii_bsp.a(alt_alarm_start.o)
                0x00000000000182e0                alt_alarm_start
 .text          0x0000000000018420       0x1c C:/Users/daans/Documents/Eclipse_Projecten_Nios/Keyboard_bsp/\libucosii_bsp.a(alt_dcache_flush_all.o)
                0x0000000000018420                alt_dcache_flush_all
 .text          0x000000000001843c       0xf4 C:/Users/daans/Documents/Eclipse_Projecten_Nios/Keyboard_bsp/\libucosii_bsp.a(alt_dev_llist_insert.o)
                0x000000000001848c                alt_dev_llist_insert
 .text          0x0000000000018530       0x5c C:/Users/daans/Documents/Eclipse_Projecten_Nios/Keyboard_bsp/\libucosii_bsp.a(alt_do_ctors.o)
                0x0000000000018530                _do_ctors
 .text          0x000000000001858c       0x5c C:/Users/daans/Documents/Eclipse_Projecten_Nios/Keyboard_bsp/\libucosii_bsp.a(alt_do_dtors.o)
                0x000000000001858c                _do_dtors
 .text          0x00000000000185e8       0x90 C:/Users/daans/Documents/Eclipse_Projecten_Nios/Keyboard_bsp/\libucosii_bsp.a(alt_find_dev.o)
                0x00000000000185e8                alt_find_dev
 .text          0x0000000000018678       0x30 C:/Users/daans/Documents/Eclipse_Projecten_Nios/Keyboard_bsp/\libucosii_bsp.a(alt_icache_flush_all.o)
                0x0000000000018678                alt_icache_flush_all
 .text          0x00000000000186a8      0x138 C:/Users/daans/Documents/Eclipse_Projecten_Nios/Keyboard_bsp/\libucosii_bsp.a(alt_io_redirect.o)
                0x0000000000018768                alt_io_redirect
 .text          0x00000000000187e0      0x1b0 C:/Users/daans/Documents/Eclipse_Projecten_Nios/Keyboard_bsp/\libucosii_bsp.a(alt_irq_register.o)
                0x00000000000187e0                alt_irq_register
 .text          0x0000000000018990        0x0 C:/Users/daans/Documents/Eclipse_Projecten_Nios/Keyboard_bsp/\libucosii_bsp.a(alt_irq_vars.o)
 .text          0x0000000000018990      0x274 C:/Users/daans/Documents/Eclipse_Projecten_Nios/Keyboard_bsp/\libucosii_bsp.a(alt_open.o)
                0x0000000000018aac                open
 .text          0x0000000000018c04      0x19c C:/Users/daans/Documents/Eclipse_Projecten_Nios/Keyboard_bsp/\libucosii_bsp.a(alt_tick.o)
                0x0000000000018c04                alt_alarm_stop
                0x0000000000018c9c                alt_tick
 .text          0x0000000000018da0       0x20 C:/Users/daans/Documents/Eclipse_Projecten_Nios/Keyboard_bsp/\libucosii_bsp.a(altera_nios2_gen2_irq.o)
                0x0000000000018da0                altera_nios2_gen2_irq_init
 .text          0x0000000000018dc0       0xd0 C:/Users/daans/Documents/Eclipse_Projecten_Nios/Keyboard_bsp/\libucosii_bsp.a(os_cpu_a.o)
                0x0000000000018dc0                OSCtxSw
                0x0000000000018dc0                OSIntCtxSw
                0x0000000000018e4c                OSStartHighRdy
                0x0000000000018e6c                OSStartTsk
 .text          0x0000000000018e90      0x264 C:/Users/daans/Documents/Eclipse_Projecten_Nios/Keyboard_bsp/\libucosii_bsp.a(os_cpu_c.o)
                0x0000000000018e90                OSTaskStkInit
                0x0000000000018fec                OSTaskCreateHook
                0x000000000001900c                OSTaskDelHook
                0x000000000001902c                OSTaskSwHook
                0x0000000000019048                OSTaskStatHook
                0x0000000000019064                OSTimeTickHook
                0x0000000000019080                OSInitHookBegin
                0x000000000001909c                OSInitHookEnd
                0x00000000000190b8                OSTaskIdleHook
                0x00000000000190d4                OSTCBInitHook
 .text          0x00000000000190f4      0x114 C:/Users/daans/Documents/Eclipse_Projecten_Nios/Keyboard_bsp/\libucosii_bsp.a(alt_find_file.o)
                0x00000000000190f4                alt_find_file
 .text          0x0000000000019208       0xfc C:/Users/daans/Documents/Eclipse_Projecten_Nios/Keyboard_bsp/\libucosii_bsp.a(alt_get_fd.o)
                0x0000000000019208                alt_get_fd
 .text          0x0000000000019304       0x8c C:/Users/daans/Documents/Eclipse_Projecten_Nios/Keyboard_bsp/\libucosii_bsp.a(alt_icache_flush.o)
                0x0000000000019304                alt_icache_flush
 .text          0x0000000000019390        0x0 C:/Users/daans/Documents/Eclipse_Projecten_Nios/Keyboard_bsp/\libucosii_bsp.a(alt_irq_entry.o)
 .text          0x0000000000019390        0x0 C:/Users/daans/Documents/Eclipse_Projecten_Nios/Keyboard_bsp/\libucosii_bsp.a(alt_irq_handler.o)
 .text          0x0000000000019390        0x0 C:/Users/daans/Documents/Eclipse_Projecten_Nios/Keyboard_bsp/\libucosii_bsp.a(alt_exception_entry.o)
 .text          0x0000000000019390       0x9c C:/Users/daans/Documents/Eclipse_Projecten_Nios/Keyboard_bsp/\libucosii_bsp.a(alt_instruction_exception_entry.o)
                0x0000000000019390                alt_exception_cause_generated_bad_addr
 .text          0x000000000001942c        0x0 c:/altera_lite/15.1/nios2eds/bin/gnu/h-x86_64-mingw32/bin/../lib/gcc/nios2-elf/4.9.2/../../../../../H-x86_64-mingw32/nios2-elf/lib/mhw-mulx\libc.a(lib_a-atexit.o)
 .text.atexit   0x000000000001942c       0x14 c:/altera_lite/15.1/nios2eds/bin/gnu/h-x86_64-mingw32/bin/../lib/gcc/nios2-elf/4.9.2/../../../../../H-x86_64-mingw32/nios2-elf/lib/mhw-mulx\libc.a(lib_a-atexit.o)
                0x000000000001942c                atexit
 .text          0x0000000000019440        0x0 c:/altera_lite/15.1/nios2eds/bin/gnu/h-x86_64-mingw32/bin/../lib/gcc/nios2-elf/4.9.2/../../../../../H-x86_64-mingw32/nios2-elf/lib/mhw-mulx\libc.a(lib_a-exit.o)
 .text.exit     0x0000000000019440       0x38 c:/altera_lite/15.1/nios2eds/bin/gnu/h-x86_64-mingw32/bin/../lib/gcc/nios2-elf/4.9.2/../../../../../H-x86_64-mingw32/nios2-elf/lib/mhw-mulx\libc.a(lib_a-exit.o)
                0x0000000000019440                exit
 .text          0x0000000000019478        0x0 c:/altera_lite/15.1/nios2eds/bin/gnu/h-x86_64-mingw32/bin/../lib/gcc/nios2-elf/4.9.2/../../../../../H-x86_64-mingw32/nios2-elf/lib/mhw-mulx\libc.a(lib_a-memcmp.o)
 .text.memcmp   0x0000000000019478       0x7c c:/altera_lite/15.1/nios2eds/bin/gnu/h-x86_64-mingw32/bin/../lib/gcc/nios2-elf/4.9.2/../../../../../H-x86_64-mingw32/nios2-elf/lib/mhw-mulx\libc.a(lib_a-memcmp.o)
                0x0000000000019478                memcmp
 .text          0x00000000000194f4        0x0 c:/altera_lite/15.1/nios2eds/bin/gnu/h-x86_64-mingw32/bin/../lib/gcc/nios2-elf/4.9.2/../../../../../H-x86_64-mingw32/nios2-elf/lib/mhw-mulx\libc.a(lib_a-strcpy.o)
 .text.strcpy   0x00000000000194f4       0x90 c:/altera_lite/15.1/nios2eds/bin/gnu/h-x86_64-mingw32/bin/../lib/gcc/nios2-elf/4.9.2/../../../../../H-x86_64-mingw32/nios2-elf/lib/mhw-mulx\libc.a(lib_a-strcpy.o)
                0x00000000000194f4                strcpy
 .text          0x0000000000019584        0x0 c:/altera_lite/15.1/nios2eds/bin/gnu/h-x86_64-mingw32/bin/../lib/gcc/nios2-elf/4.9.2/../../../../../H-x86_64-mingw32/nios2-elf/lib/mhw-mulx\libc.a(lib_a-__atexit.o)
 .text.__register_exitproc
                0x0000000000019584      0x114 c:/altera_lite/15.1/nios2eds/bin/gnu/h-x86_64-mingw32/bin/../lib/gcc/nios2-elf/4.9.2/../../../../../H-x86_64-mingw32/nios2-elf/lib/mhw-mulx\libc.a(lib_a-__atexit.o)
                0x0000000000019584                __register_exitproc
 .text          0x0000000000019698        0x0 c:/altera_lite/15.1/nios2eds/bin/gnu/h-x86_64-mingw32/bin/../lib/gcc/nios2-elf/4.9.2/../../../../../H-x86_64-mingw32/nios2-elf/lib/mhw-mulx\libc.a(lib_a-__call_atexit.o)
 .text.__call_exitprocs
                0x0000000000019698      0x194 c:/altera_lite/15.1/nios2eds/bin/gnu/h-x86_64-mingw32/bin/../lib/gcc/nios2-elf/4.9.2/../../../../../H-x86_64-mingw32/nios2-elf/lib/mhw-mulx\libc.a(lib_a-__call_atexit.o)
                0x0000000000019698                __call_exitprocs
 .text          0x000000000001982c       0x3c C:/Users/daans/Documents/Eclipse_Projecten_Nios/Keyboard_bsp/\libucosii_bsp.a(alt_exit.o)
                0x000000000001982c                _exit
 *(.gnu.warning.*)
 *(.fini)
                0x0000000000019868                PROVIDE (__etext, ABSOLUTE (.))
                0x0000000000019868                PROVIDE (_etext, ABSOLUTE (.))
                0x0000000000019868                PROVIDE (etext, ABSOLUTE (.))
 *(.eh_frame_hdr)
                0x0000000000019868                . = ALIGN (0x4)
                0x0000000000019868                PROVIDE (__preinit_array_start, ABSOLUTE (.))
 *(.preinit_array)
                0x0000000000019868                PROVIDE (__preinit_array_end, ABSOLUTE (.))
                0x0000000000019868                PROVIDE (__init_array_start, ABSOLUTE (.))
 *(.init_array)
                0x0000000000019868                PROVIDE (__init_array_end, ABSOLUTE (.))
                0x0000000000019868                PROVIDE (__fini_array_start, ABSOLUTE (.))
 *(.fini_array)
                0x0000000000019868                PROVIDE (__fini_array_end, ABSOLUTE (.))
 *(.eh_frame)
 *(.gcc_except_table .gcc_except_table.*)
 *(.dynamic)
                0x0000000000019868                PROVIDE (__CTOR_LIST__, ABSOLUTE (.))
 *(.ctors)
 *(SORT(.ctors.*))
                0x0000000000019868                PROVIDE (__CTOR_END__, ABSOLUTE (.))
                0x0000000000019868                PROVIDE (__DTOR_LIST__, ABSOLUTE (.))
 *(.dtors)
 *(SORT(.dtors.*))
                0x0000000000019868                PROVIDE (__DTOR_END__, ABSOLUTE (.))
 *(.jcr)
                0x0000000000019868                . = ALIGN (0x4)

.rodata         0x0000000000019868      0x828
                0x0000000000019868                PROVIDE (__ram_rodata_start, ABSOLUTE (.))
                0x0000000000019868                . = ALIGN (0x4)
 *(.rodata .rodata.* .gnu.linkonce.r.*)
 .rodata        0x0000000000019868       0x38 obj/default/hello_ucosii.o
 .rodata.str1.4
                0x00000000000198a0       0x42 c:/altera_lite/15.1/nios2eds/bin/gnu/h-x86_64-mingw32/bin/../lib/gcc/nios2-elf/4.9.2/../../../../../H-x86_64-mingw32/nios2-elf/lib/mhw-mulx\libc.a(lib_a-vfprintf.o)
                                         0x44 (size before relaxing)
 .rodata.zeroes.4255
                0x00000000000198e2       0x10 c:/altera_lite/15.1/nios2eds/bin/gnu/h-x86_64-mingw32/bin/../lib/gcc/nios2-elf/4.9.2/../../../../../H-x86_64-mingw32/nios2-elf/lib/mhw-mulx\libc.a(lib_a-vfprintf.o)
 .rodata.blanks.4254
                0x00000000000198f2       0x10 c:/altera_lite/15.1/nios2eds/bin/gnu/h-x86_64-mingw32/bin/../lib/gcc/nios2-elf/4.9.2/../../../../../H-x86_64-mingw32/nios2-elf/lib/mhw-mulx\libc.a(lib_a-vfprintf.o)
 *fill*         0x0000000000019902        0x2 
 .rodata.str1.4
                0x0000000000019904       0x10 c:/altera_lite/15.1/nios2eds/bin/gnu/h-x86_64-mingw32/bin/../lib/gcc/nios2-elf/4.9.2/../../../../../H-x86_64-mingw32/nios2-elf/lib/mhw-mulx\libc.a(lib_a-dtoa.o)
                                         0x14 (size before relaxing)
 .rodata.str1.4
                0x0000000000019914        0x2 c:/altera_lite/15.1/nios2eds/bin/gnu/h-x86_64-mingw32/bin/../lib/gcc/nios2-elf/4.9.2/../../../../../H-x86_64-mingw32/nios2-elf/lib/mhw-mulx\libc.a(lib_a-impure.o)
                                          0x4 (size before relaxing)
 *fill*         0x0000000000019916        0x2 
 .rodata.str1.4
                0x0000000000019918        0xc c:/altera_lite/15.1/nios2eds/bin/gnu/h-x86_64-mingw32/bin/../lib/gcc/nios2-elf/4.9.2/../../../../../H-x86_64-mingw32/nios2-elf/lib/mhw-mulx\libc.a(lib_a-locale.o)
                                         0x14 (size before relaxing)
 .rodata.p05.2710
                0x0000000000019924        0xc c:/altera_lite/15.1/nios2eds/bin/gnu/h-x86_64-mingw32/bin/../lib/gcc/nios2-elf/4.9.2/../../../../../H-x86_64-mingw32/nios2-elf/lib/mhw-mulx\libc.a(lib_a-mprec.o)
 .rodata.__mprec_tinytens
                0x0000000000019930       0x28 c:/altera_lite/15.1/nios2eds/bin/gnu/h-x86_64-mingw32/bin/../lib/gcc/nios2-elf/4.9.2/../../../../../H-x86_64-mingw32/nios2-elf/lib/mhw-mulx\libc.a(lib_a-mprec.o)
                0x0000000000019930                __mprec_tinytens
 .rodata.__mprec_bigtens
                0x0000000000019958       0x28 c:/altera_lite/15.1/nios2eds/bin/gnu/h-x86_64-mingw32/bin/../lib/gcc/nios2-elf/4.9.2/../../../../../H-x86_64-mingw32/nios2-elf/lib/mhw-mulx\libc.a(lib_a-mprec.o)
                0x0000000000019958                __mprec_bigtens
 .rodata.__mprec_tens
                0x0000000000019980       0xc8 c:/altera_lite/15.1/nios2eds/bin/gnu/h-x86_64-mingw32/bin/../lib/gcc/nios2-elf/4.9.2/../../../../../H-x86_64-mingw32/nios2-elf/lib/mhw-mulx\libc.a(lib_a-mprec.o)
                0x0000000000019980                __mprec_tens
 .rodata.str1.4
                0x0000000000000000       0x30 c:/altera_lite/15.1/nios2eds/bin/gnu/h-x86_64-mingw32/bin/../lib/gcc/nios2-elf/4.9.2/../../../../../H-x86_64-mingw32/nios2-elf/lib/mhw-mulx\libc.a(lib_a-vfiprintf.o)
 .rodata.zeroes.4200
                0x0000000000019a48       0x10 c:/altera_lite/15.1/nios2eds/bin/gnu/h-x86_64-mingw32/bin/../lib/gcc/nios2-elf/4.9.2/../../../../../H-x86_64-mingw32/nios2-elf/lib/mhw-mulx\libc.a(lib_a-vfiprintf.o)
 .rodata.blanks.4199
                0x0000000000019a58       0x10 c:/altera_lite/15.1/nios2eds/bin/gnu/h-x86_64-mingw32/bin/../lib/gcc/nios2-elf/4.9.2/../../../../../H-x86_64-mingw32/nios2-elf/lib/mhw-mulx\libc.a(lib_a-vfiprintf.o)
 .rodata        0x0000000000019a68      0x100 c:/altera_lite/15.1/nios2eds/bin/gnu/h-x86_64-mingw32/bin/../lib/gcc/nios2-elf/4.9.2/mhw-mulx\libgcc.a(_clz.o)
                0x0000000000019a68                __clz_tab
 .rodata        0x0000000000019b68        0xc C:/Users/daans/Documents/Eclipse_Projecten_Nios/Keyboard_bsp/\libucosii_bsp.a(alt_dev.o)
 .rodata        0x0000000000019b74       0x10 C:/Users/daans/Documents/Eclipse_Projecten_Nios/Keyboard_bsp/\libucosii_bsp.a(alt_main.o)
 .rodata        0x0000000000019b84      0x120 C:/Users/daans/Documents/Eclipse_Projecten_Nios/Keyboard_bsp/\libucosii_bsp.a(os_core.o)
                0x0000000000019b84                OSUnMapTbl
 .rodata        0x0000000000019ca4      0x190 C:/Users/daans/Documents/Eclipse_Projecten_Nios/Keyboard_bsp/\libucosii_bsp.a(alt_sys_init.o)
 .rodata        0x0000000000019e34       0x1c C:/Users/daans/Documents/Eclipse_Projecten_Nios/Keyboard_bsp/\libucosii_bsp.a(altera_up_avalon_video_character_buffer_with_dma.o)
 .rodata        0x0000000000019e50      0x23c C:/Users/daans/Documents/Eclipse_Projecten_Nios/Keyboard_bsp/\libucosii_bsp.a(altera_up_ps2_keyboard.o)
 .rodata        0x000000000001a08c        0x4 C:/Users/daans/Documents/Eclipse_Projecten_Nios/Keyboard_bsp/\libucosii_bsp.a(os_cpu_c.o)
 *(.rodata1)
                0x000000000001a090                . = ALIGN (0x4)
                0x000000000001a090                PROVIDE (__ram_rodata_end, ABSOLUTE (.))
                0x0000000000019868                PROVIDE (__flash_rodata_start, LOADADDR (.rodata))

.rwdata         0x000000000001a090     0x21cc load address 0x000000000001c25c
                0x000000000001a090                PROVIDE (__ram_rwdata_start, ABSOLUTE (.))
                0x000000000001a090                . = ALIGN (0x4)
 *(.got.plt)
 *(.got)
 *(.data1)
 *(.data .data.* .gnu.linkonce.d.*)
 .data          0x000000000001a090        0x0 C:/Users/daans/Documents/Eclipse_Projecten_Nios/Keyboard_bsp//obj/HAL/src/crt0.o
 .data          0x000000000001a090        0x0 obj/default/hello_ucosii.o
 .data          0x000000000001a090        0x0 c:/altera_lite/15.1/nios2eds/bin/gnu/h-x86_64-mingw32/bin/../lib/gcc/nios2-elf/4.9.2/../../../../../H-x86_64-mingw32/nios2-elf/lib/mhw-mulx\libc.a(lib_a-printf.o)
 .data          0x000000000001a090        0x0 c:/altera_lite/15.1/nios2eds/bin/gnu/h-x86_64-mingw32/bin/../lib/gcc/nios2-elf/4.9.2/../../../../../H-x86_64-mingw32/nios2-elf/lib/mhw-mulx\libc.a(lib_a-strcmp.o)
 .data          0x000000000001a090        0x0 c:/altera_lite/15.1/nios2eds/bin/gnu/h-x86_64-mingw32/bin/../lib/gcc/nios2-elf/4.9.2/../../../../../H-x86_64-mingw32/nios2-elf/lib/mhw-mulx\libc.a(lib_a-strlen.o)
 .data          0x000000000001a090        0x0 c:/altera_lite/15.1/nios2eds/bin/gnu/h-x86_64-mingw32/bin/../lib/gcc/nios2-elf/4.9.2/../../../../../H-x86_64-mingw32/nios2-elf/lib/mhw-mulx\libc.a(lib_a-vfprintf.o)
 .data          0x000000000001a090        0x0 c:/altera_lite/15.1/nios2eds/bin/gnu/h-x86_64-mingw32/bin/../lib/gcc/nios2-elf/4.9.2/../../../../../H-x86_64-mingw32/nios2-elf/lib/mhw-mulx\libc.a(lib_a-wsetup.o)
 .data          0x000000000001a090        0x0 c:/altera_lite/15.1/nios2eds/bin/gnu/h-x86_64-mingw32/bin/../lib/gcc/nios2-elf/4.9.2/../../../../../H-x86_64-mingw32/nios2-elf/lib/mhw-mulx\libc.a(lib_a-dtoa.o)
 .data          0x000000000001a090        0x0 c:/altera_lite/15.1/nios2eds/bin/gnu/h-x86_64-mingw32/bin/../lib/gcc/nios2-elf/4.9.2/../../../../../H-x86_64-mingw32/nios2-elf/lib/mhw-mulx\libc.a(lib_a-fflush.o)
 .data          0x000000000001a090        0x0 c:/altera_lite/15.1/nios2eds/bin/gnu/h-x86_64-mingw32/bin/../lib/gcc/nios2-elf/4.9.2/../../../../../H-x86_64-mingw32/nios2-elf/lib/mhw-mulx\libc.a(lib_a-findfp.o)
 .data          0x000000000001a090        0x0 c:/altera_lite/15.1/nios2eds/bin/gnu/h-x86_64-mingw32/bin/../lib/gcc/nios2-elf/4.9.2/../../../../../H-x86_64-mingw32/nios2-elf/lib/mhw-mulx\libc.a(lib_a-freer.o)
 .data          0x000000000001a090        0x0 c:/altera_lite/15.1/nios2eds/bin/gnu/h-x86_64-mingw32/bin/../lib/gcc/nios2-elf/4.9.2/../../../../../H-x86_64-mingw32/nios2-elf/lib/mhw-mulx\libc.a(lib_a-fwalk.o)
 .data          0x000000000001a090        0x0 c:/altera_lite/15.1/nios2eds/bin/gnu/h-x86_64-mingw32/bin/../lib/gcc/nios2-elf/4.9.2/../../../../../H-x86_64-mingw32/nios2-elf/lib/mhw-mulx\libc.a(lib_a-impure.o)
 .data.impure_data
                0x000000000001a090      0x424 c:/altera_lite/15.1/nios2eds/bin/gnu/h-x86_64-mingw32/bin/../lib/gcc/nios2-elf/4.9.2/../../../../../H-x86_64-mingw32/nios2-elf/lib/mhw-mulx\libc.a(lib_a-impure.o)
 .data          0x000000000001a4b4        0x0 c:/altera_lite/15.1/nios2eds/bin/gnu/h-x86_64-mingw32/bin/../lib/gcc/nios2-elf/4.9.2/../../../../../H-x86_64-mingw32/nios2-elf/lib/mhw-mulx\libc.a(lib_a-locale.o)
 .data.lc_message_charset
                0x000000000001a4b4       0x20 c:/altera_lite/15.1/nios2eds/bin/gnu/h-x86_64-mingw32/bin/../lib/gcc/nios2-elf/4.9.2/../../../../../H-x86_64-mingw32/nios2-elf/lib/mhw-mulx\libc.a(lib_a-locale.o)
 .data.lc_ctype_charset
                0x000000000001a4d4       0x20 c:/altera_lite/15.1/nios2eds/bin/gnu/h-x86_64-mingw32/bin/../lib/gcc/nios2-elf/4.9.2/../../../../../H-x86_64-mingw32/nios2-elf/lib/mhw-mulx\libc.a(lib_a-locale.o)
 .data.lconv    0x000000000001a4f4       0x38 c:/altera_lite/15.1/nios2eds/bin/gnu/h-x86_64-mingw32/bin/../lib/gcc/nios2-elf/4.9.2/../../../../../H-x86_64-mingw32/nios2-elf/lib/mhw-mulx\libc.a(lib_a-locale.o)
 .data          0x000000000001a52c        0x0 c:/altera_lite/15.1/nios2eds/bin/gnu/h-x86_64-mingw32/bin/../lib/gcc/nios2-elf/4.9.2/../../../../../H-x86_64-mingw32/nios2-elf/lib/mhw-mulx\libc.a(lib_a-makebuf.o)
 .data          0x000000000001a52c        0x0 c:/altera_lite/15.1/nios2eds/bin/gnu/h-x86_64-mingw32/bin/../lib/gcc/nios2-elf/4.9.2/../../../../../H-x86_64-mingw32/nios2-elf/lib/mhw-mulx\libc.a(lib_a-mallocr.o)
 .data.__malloc_av_
                0x000000000001a52c      0x408 c:/altera_lite/15.1/nios2eds/bin/gnu/h-x86_64-mingw32/bin/../lib/gcc/nios2-elf/4.9.2/../../../../../H-x86_64-mingw32/nios2-elf/lib/mhw-mulx\libc.a(lib_a-mallocr.o)
                0x000000000001a52c                __malloc_av_
 .data          0x000000000001a934        0x0 c:/altera_lite/15.1/nios2eds/bin/gnu/h-x86_64-mingw32/bin/../lib/gcc/nios2-elf/4.9.2/../../../../../H-x86_64-mingw32/nios2-elf/lib/mhw-mulx\libc.a(lib_a-memchr.o)
 .data          0x000000000001a934        0x0 c:/altera_lite/15.1/nios2eds/bin/gnu/h-x86_64-mingw32/bin/../lib/gcc/nios2-elf/4.9.2/../../../../../H-x86_64-mingw32/nios2-elf/lib/mhw-mulx\libc.a(lib_a-memcpy.o)
 .data          0x000000000001a934        0x0 c:/altera_lite/15.1/nios2eds/bin/gnu/h-x86_64-mingw32/bin/../lib/gcc/nios2-elf/4.9.2/../../../../../H-x86_64-mingw32/nios2-elf/lib/mhw-mulx\libc.a(lib_a-memset.o)
 .data          0x000000000001a934        0x0 c:/altera_lite/15.1/nios2eds/bin/gnu/h-x86_64-mingw32/bin/../lib/gcc/nios2-elf/4.9.2/../../../../../H-x86_64-mingw32/nios2-elf/lib/mhw-mulx\libc.a(lib_a-mprec.o)
 .data          0x000000000001a934        0x0 c:/altera_lite/15.1/nios2eds/bin/gnu/h-x86_64-mingw32/bin/../lib/gcc/nios2-elf/4.9.2/../../../../../H-x86_64-mingw32/nios2-elf/lib/mhw-mulx\libc.a(lib_a-s_fpclassify.o)
 .data          0x000000000001a934        0x0 c:/altera_lite/15.1/nios2eds/bin/gnu/h-x86_64-mingw32/bin/../lib/gcc/nios2-elf/4.9.2/../../../../../H-x86_64-mingw32/nios2-elf/lib/mhw-mulx\libc.a(lib_a-sbrkr.o)
 .data          0x000000000001a934        0x0 c:/altera_lite/15.1/nios2eds/bin/gnu/h-x86_64-mingw32/bin/../lib/gcc/nios2-elf/4.9.2/../../../../../H-x86_64-mingw32/nios2-elf/lib/mhw-mulx\libc.a(lib_a-stdio.o)
 .data          0x000000000001a934        0x0 c:/altera_lite/15.1/nios2eds/bin/gnu/h-x86_64-mingw32/bin/../lib/gcc/nios2-elf/4.9.2/../../../../../H-x86_64-mingw32/nios2-elf/lib/mhw-mulx\libc.a(lib_a-vfiprintf.o)
 .data          0x000000000001a934        0x0 c:/altera_lite/15.1/nios2eds/bin/gnu/h-x86_64-mingw32/bin/../lib/gcc/nios2-elf/4.9.2/../../../../../H-x86_64-mingw32/nios2-elf/lib/mhw-mulx\libc.a(lib_a-writer.o)
 .data          0x000000000001a934        0x0 c:/altera_lite/15.1/nios2eds/bin/gnu/h-x86_64-mingw32/bin/../lib/gcc/nios2-elf/4.9.2/../../../../../H-x86_64-mingw32/nios2-elf/lib/mhw-mulx\libc.a(closer.o)
 .data          0x000000000001a934        0x0 c:/altera_lite/15.1/nios2eds/bin/gnu/h-x86_64-mingw32/bin/../lib/gcc/nios2-elf/4.9.2/../../../../../H-x86_64-mingw32/nios2-elf/lib/mhw-mulx\libc.a(lib_a-callocr.o)
 .data          0x000000000001a934        0x0 c:/altera_lite/15.1/nios2eds/bin/gnu/h-x86_64-mingw32/bin/../lib/gcc/nios2-elf/4.9.2/../../../../../H-x86_64-mingw32/nios2-elf/lib/mhw-mulx\libc.a(lib_a-fclose.o)
 .data          0x000000000001a934        0x0 c:/altera_lite/15.1/nios2eds/bin/gnu/h-x86_64-mingw32/bin/../lib/gcc/nios2-elf/4.9.2/../../../../../H-x86_64-mingw32/nios2-elf/lib/mhw-mulx\libc.a(lib_a-fputwc.o)
 .data          0x000000000001a934        0x0 c:/altera_lite/15.1/nios2eds/bin/gnu/h-x86_64-mingw32/bin/../lib/gcc/nios2-elf/4.9.2/../../../../../H-x86_64-mingw32/nios2-elf/lib/mhw-mulx\libc.a(lib_a-fstatr.o)
 .data          0x000000000001a934        0x0 c:/altera_lite/15.1/nios2eds/bin/gnu/h-x86_64-mingw32/bin/../lib/gcc/nios2-elf/4.9.2/../../../../../H-x86_64-mingw32/nios2-elf/lib/mhw-mulx\libc.a(lib_a-fvwrite.o)
 .data          0x000000000001a934        0x0 c:/altera_lite/15.1/nios2eds/bin/gnu/h-x86_64-mingw32/bin/../lib/gcc/nios2-elf/4.9.2/../../../../../H-x86_64-mingw32/nios2-elf/lib/mhw-mulx\libc.a(lib_a-int_errno.o)
 .data          0x000000000001a934        0x0 c:/altera_lite/15.1/nios2eds/bin/gnu/h-x86_64-mingw32/bin/../lib/gcc/nios2-elf/4.9.2/../../../../../H-x86_64-mingw32/nios2-elf/lib/mhw-mulx\libc.a(lib_a-isattyr.o)
 .data          0x000000000001a934        0x0 c:/altera_lite/15.1/nios2eds/bin/gnu/h-x86_64-mingw32/bin/../lib/gcc/nios2-elf/4.9.2/../../../../../H-x86_64-mingw32/nios2-elf/lib/mhw-mulx\libc.a(lib_a-lseekr.o)
 .data          0x000000000001a934        0x0 c:/altera_lite/15.1/nios2eds/bin/gnu/h-x86_64-mingw32/bin/../lib/gcc/nios2-elf/4.9.2/../../../../../H-x86_64-mingw32/nios2-elf/lib/mhw-mulx\libc.a(lib_a-memmove.o)
 .data          0x000000000001a934        0x0 c:/altera_lite/15.1/nios2eds/bin/gnu/h-x86_64-mingw32/bin/../lib/gcc/nios2-elf/4.9.2/../../../../../H-x86_64-mingw32/nios2-elf/lib/mhw-mulx\libc.a(lib_a-readr.o)
 .data          0x000000000001a934        0x0 c:/altera_lite/15.1/nios2eds/bin/gnu/h-x86_64-mingw32/bin/../lib/gcc/nios2-elf/4.9.2/../../../../../H-x86_64-mingw32/nios2-elf/lib/mhw-mulx\libc.a(lib_a-reallocr.o)
 .data          0x000000000001a934        0x0 c:/altera_lite/15.1/nios2eds/bin/gnu/h-x86_64-mingw32/bin/../lib/gcc/nios2-elf/4.9.2/../../../../../H-x86_64-mingw32/nios2-elf/lib/mhw-mulx\libc.a(lib_a-wbuf.o)
 .data          0x000000000001a934        0x0 c:/altera_lite/15.1/nios2eds/bin/gnu/h-x86_64-mingw32/bin/../lib/gcc/nios2-elf/4.9.2/../../../../../H-x86_64-mingw32/nios2-elf/lib/mhw-mulx\libc.a(lib_a-wcrtomb.o)
 .data          0x000000000001a934        0x0 c:/altera_lite/15.1/nios2eds/bin/gnu/h-x86_64-mingw32/bin/../lib/gcc/nios2-elf/4.9.2/../../../../../H-x86_64-mingw32/nios2-elf/lib/mhw-mulx\libc.a(lib_a-wctomb_r.o)
 .data          0x000000000001a934        0x0 c:/altera_lite/15.1/nios2eds/bin/gnu/h-x86_64-mingw32/bin/../lib/gcc/nios2-elf/4.9.2/mhw-mulx\libgcc.a(_udivdi3.o)
 .data          0x000000000001a934        0x0 c:/altera_lite/15.1/nios2eds/bin/gnu/h-x86_64-mingw32/bin/../lib/gcc/nios2-elf/4.9.2/mhw-mulx\libgcc.a(_umoddi3.o)
 .data          0x000000000001a934        0x0 c:/altera_lite/15.1/nios2eds/bin/gnu/h-x86_64-mingw32/bin/../lib/gcc/nios2-elf/4.9.2/mhw-mulx\libgcc.a(lib2-divmod.o)
 .data          0x000000000001a934        0x0 c:/altera_lite/15.1/nios2eds/bin/gnu/h-x86_64-mingw32/bin/../lib/gcc/nios2-elf/4.9.2/mhw-mulx\libgcc.a(adddf3.o)
 .data          0x000000000001a934        0x0 c:/altera_lite/15.1/nios2eds/bin/gnu/h-x86_64-mingw32/bin/../lib/gcc/nios2-elf/4.9.2/mhw-mulx\libgcc.a(divdf3.o)
 .data          0x000000000001a934        0x0 c:/altera_lite/15.1/nios2eds/bin/gnu/h-x86_64-mingw32/bin/../lib/gcc/nios2-elf/4.9.2/mhw-mulx\libgcc.a(eqdf2.o)
 .data          0x000000000001a934        0x0 c:/altera_lite/15.1/nios2eds/bin/gnu/h-x86_64-mingw32/bin/../lib/gcc/nios2-elf/4.9.2/mhw-mulx\libgcc.a(gedf2.o)
 .data          0x000000000001a934        0x0 c:/altera_lite/15.1/nios2eds/bin/gnu/h-x86_64-mingw32/bin/../lib/gcc/nios2-elf/4.9.2/mhw-mulx\libgcc.a(ledf2.o)
 .data          0x000000000001a934        0x0 c:/altera_lite/15.1/nios2eds/bin/gnu/h-x86_64-mingw32/bin/../lib/gcc/nios2-elf/4.9.2/mhw-mulx\libgcc.a(muldf3.o)
 .data          0x000000000001a934        0x0 c:/altera_lite/15.1/nios2eds/bin/gnu/h-x86_64-mingw32/bin/../lib/gcc/nios2-elf/4.9.2/mhw-mulx\libgcc.a(subdf3.o)
 .data          0x000000000001a934        0x0 c:/altera_lite/15.1/nios2eds/bin/gnu/h-x86_64-mingw32/bin/../lib/gcc/nios2-elf/4.9.2/mhw-mulx\libgcc.a(fixdfsi.o)
 .data          0x000000000001a934        0x0 c:/altera_lite/15.1/nios2eds/bin/gnu/h-x86_64-mingw32/bin/../lib/gcc/nios2-elf/4.9.2/mhw-mulx\libgcc.a(floatsidf.o)
 .data          0x000000000001a934        0x0 c:/altera_lite/15.1/nios2eds/bin/gnu/h-x86_64-mingw32/bin/../lib/gcc/nios2-elf/4.9.2/mhw-mulx\libgcc.a(floatunsidf.o)
 .data          0x000000000001a934        0x0 c:/altera_lite/15.1/nios2eds/bin/gnu/h-x86_64-mingw32/bin/../lib/gcc/nios2-elf/4.9.2/mhw-mulx\libgcc.a(_clz.o)
 .data          0x000000000001a934        0x0 c:/altera_lite/15.1/nios2eds/bin/gnu/h-x86_64-mingw32/bin/../lib/gcc/nios2-elf/4.9.2/mhw-mulx\libgcc.a(_clzsi2.o)
 .data          0x000000000001a934        0x0 C:/Users/daans/Documents/Eclipse_Projecten_Nios/Keyboard_bsp/\libucosii_bsp.a(alt_close.o)
 .data          0x000000000001a934      0x1a8 C:/Users/daans/Documents/Eclipse_Projecten_Nios/Keyboard_bsp/\libucosii_bsp.a(alt_dev.o)
                0x000000000001a934                alt_dev_null
                0x000000000001a95c                alt_fd_list
 .data          0x000000000001aadc        0x0 C:/Users/daans/Documents/Eclipse_Projecten_Nios/Keyboard_bsp/\libucosii_bsp.a(alt_errno.o)
 .data          0x000000000001aadc        0x0 C:/Users/daans/Documents/Eclipse_Projecten_Nios/Keyboard_bsp/\libucosii_bsp.a(alt_fstat.o)
 .data          0x000000000001aadc        0x0 C:/Users/daans/Documents/Eclipse_Projecten_Nios/Keyboard_bsp/\libucosii_bsp.a(alt_isatty.o)
 .data          0x000000000001aadc        0x0 C:/Users/daans/Documents/Eclipse_Projecten_Nios/Keyboard_bsp/\libucosii_bsp.a(alt_load.o)
 .data          0x000000000001aadc        0x0 C:/Users/daans/Documents/Eclipse_Projecten_Nios/Keyboard_bsp/\libucosii_bsp.a(alt_lseek.o)
 .data          0x000000000001aadc        0x0 C:/Users/daans/Documents/Eclipse_Projecten_Nios/Keyboard_bsp/\libucosii_bsp.a(alt_main.o)
 .data          0x000000000001aadc        0x0 C:/Users/daans/Documents/Eclipse_Projecten_Nios/Keyboard_bsp/\libucosii_bsp.a(alt_read.o)
 .data          0x000000000001aadc        0x0 C:/Users/daans/Documents/Eclipse_Projecten_Nios/Keyboard_bsp/\libucosii_bsp.a(alt_release_fd.o)
 .data          0x000000000001aadc        0x0 C:/Users/daans/Documents/Eclipse_Projecten_Nios/Keyboard_bsp/\libucosii_bsp.a(alt_sbrk.o)
 .data          0x000000000001aadc        0x0 C:/Users/daans/Documents/Eclipse_Projecten_Nios/Keyboard_bsp/\libucosii_bsp.a(alt_write.o)
 .data          0x000000000001aadc        0x0 C:/Users/daans/Documents/Eclipse_Projecten_Nios/Keyboard_bsp/\libucosii_bsp.a(alt_env_lock.o)
 .data          0x000000000001aadc        0x0 C:/Users/daans/Documents/Eclipse_Projecten_Nios/Keyboard_bsp/\libucosii_bsp.a(alt_malloc_lock.o)
 .data          0x000000000001aadc        0x0 C:/Users/daans/Documents/Eclipse_Projecten_Nios/Keyboard_bsp/\libucosii_bsp.a(os_core.o)
 .data          0x000000000001aadc        0x0 C:/Users/daans/Documents/Eclipse_Projecten_Nios/Keyboard_bsp/\libucosii_bsp.a(os_dbg.o)
 .data          0x000000000001aadc        0x0 C:/Users/daans/Documents/Eclipse_Projecten_Nios/Keyboard_bsp/\libucosii_bsp.a(os_flag.o)
 .data          0x000000000001aadc        0x0 C:/Users/daans/Documents/Eclipse_Projecten_Nios/Keyboard_bsp/\libucosii_bsp.a(os_mem.o)
 .data          0x000000000001aadc        0x0 C:/Users/daans/Documents/Eclipse_Projecten_Nios/Keyboard_bsp/\libucosii_bsp.a(os_q.o)
 .data          0x000000000001aadc        0x0 C:/Users/daans/Documents/Eclipse_Projecten_Nios/Keyboard_bsp/\libucosii_bsp.a(os_sem.o)
 .data          0x000000000001aadc        0x0 C:/Users/daans/Documents/Eclipse_Projecten_Nios/Keyboard_bsp/\libucosii_bsp.a(os_task.o)
 .data          0x000000000001aadc        0x0 C:/Users/daans/Documents/Eclipse_Projecten_Nios/Keyboard_bsp/\libucosii_bsp.a(os_time.o)
 .data          0x000000000001aadc     0x13f0 C:/Users/daans/Documents/Eclipse_Projecten_Nios/Keyboard_bsp/\libucosii_bsp.a(alt_sys_init.o)
 .data          0x000000000001becc        0x0 C:/Users/daans/Documents/Eclipse_Projecten_Nios/Keyboard_bsp/\libucosii_bsp.a(altera_avalon_jtag_uart_fd.o)
 .data          0x000000000001becc        0x0 C:/Users/daans/Documents/Eclipse_Projecten_Nios/Keyboard_bsp/\libucosii_bsp.a(altera_avalon_jtag_uart_init.o)
 .data          0x000000000001becc        0x0 C:/Users/daans/Documents/Eclipse_Projecten_Nios/Keyboard_bsp/\libucosii_bsp.a(altera_avalon_jtag_uart_ioctl.o)
 .data          0x000000000001becc        0x0 C:/Users/daans/Documents/Eclipse_Projecten_Nios/Keyboard_bsp/\libucosii_bsp.a(altera_avalon_jtag_uart_read.o)
 .data          0x000000000001becc        0x0 C:/Users/daans/Documents/Eclipse_Projecten_Nios/Keyboard_bsp/\libucosii_bsp.a(altera_avalon_jtag_uart_write.o)
 .data          0x000000000001becc        0x0 C:/Users/daans/Documents/Eclipse_Projecten_Nios/Keyboard_bsp/\libucosii_bsp.a(altera_avalon_timer_sc.o)
 .data          0x000000000001becc        0x0 C:/Users/daans/Documents/Eclipse_Projecten_Nios/Keyboard_bsp/\libucosii_bsp.a(altera_up_avalon_character_lcd.o)
 .data          0x000000000001becc        0x0 C:/Users/daans/Documents/Eclipse_Projecten_Nios/Keyboard_bsp/\libucosii_bsp.a(altera_up_avalon_irda.o)
 .data          0x000000000001becc        0x0 C:/Users/daans/Documents/Eclipse_Projecten_Nios/Keyboard_bsp/\libucosii_bsp.a(altera_up_avalon_parallel_port.o)
 .data          0x000000000001becc        0x0 C:/Users/daans/Documents/Eclipse_Projecten_Nios/Keyboard_bsp/\libucosii_bsp.a(altera_up_avalon_ps2.o)
 .data          0x000000000001becc        0x0 C:/Users/daans/Documents/Eclipse_Projecten_Nios/Keyboard_bsp/\libucosii_bsp.a(altera_up_avalon_rs232.o)