Archive member included to satisfy reference by file (symbol)

d:/altera_lite/15.1/nios2eds/bin/gnu/h-x86_64-mingw32/bin/../lib/gcc/nios2-elf/4.9.2/../../../../../H-x86_64-mingw32/nios2-elf/lib/mhw-mulx\libc.a(lib_a-strcmp.o)
                              obj/default/hello_ucosii.o (strcmp)
d:/altera_lite/15.1/nios2eds/bin/gnu/h-x86_64-mingw32/bin/../lib/gcc/nios2-elf/4.9.2/../../../../../H-x86_64-mingw32/nios2-elf/lib/mhw-mulx\libc.a(lib_a-strlen.o)
                              obj/default/hello_ucosii.o (strlen)
../Enigma_bsp/\libucosii_bsp.a(alt_load.o)
                              ../Enigma_bsp//obj/HAL/src/crt0.o (alt_load)
../Enigma_bsp/\libucosii_bsp.a(alt_main.o)
                              ../Enigma_bsp//obj/HAL/src/crt0.o (alt_main)
../Enigma_bsp/\libucosii_bsp.a(alt_env_lock.o)
                              ../Enigma_bsp/\libucosii_bsp.a(alt_main.o) (alt_envsem)
../Enigma_bsp/\libucosii_bsp.a(alt_malloc_lock.o)
                              ../Enigma_bsp/\libucosii_bsp.a(alt_main.o) (alt_heapsem)
../Enigma_bsp/\libucosii_bsp.a(os_core.o)
                              ../Enigma_bsp/\libucosii_bsp.a(alt_malloc_lock.o) (OSRunning)
../Enigma_bsp/\libucosii_bsp.a(os_dbg.o)
                              ../Enigma_bsp/\libucosii_bsp.a(os_core.o) (OSDebugInit)
../Enigma_bsp/\libucosii_bsp.a(os_flag.o)
                              ../Enigma_bsp/\libucosii_bsp.a(os_core.o) (OS_FlagInit)
../Enigma_bsp/\libucosii_bsp.a(os_mem.o)
                              ../Enigma_bsp/\libucosii_bsp.a(os_core.o) (OS_MemInit)
../Enigma_bsp/\libucosii_bsp.a(os_q.o)
                              ../Enigma_bsp/\libucosii_bsp.a(os_core.o) (OS_QInit)
../Enigma_bsp/\libucosii_bsp.a(os_sem.o)
                              ../Enigma_bsp/\libucosii_bsp.a(alt_main.o) (OSSemCreate)
../Enigma_bsp/\libucosii_bsp.a(os_task.o)
                              obj/default/hello_ucosii.o (OSTaskCreate)
../Enigma_bsp/\libucosii_bsp.a(os_time.o)
                              ../Enigma_bsp/\libucosii_bsp.a(os_core.o) (OSTimeDly)
../Enigma_bsp/\libucosii_bsp.a(alt_sys_init.o)
                              ../Enigma_bsp/\libucosii_bsp.a(alt_main.o) (alt_irq_init)
../Enigma_bsp/\libucosii_bsp.a(altera_avalon_jtag_uart_fd.o)
                              ../Enigma_bsp/\libucosii_bsp.a(alt_sys_init.o) (altera_avalon_jtag_uart_read_fd)
../Enigma_bsp/\libucosii_bsp.a(altera_avalon_jtag_uart_init.o)
                              ../Enigma_bsp/\libucosii_bsp.a(alt_sys_init.o) (altera_avalon_jtag_uart_init)
../Enigma_bsp/\libucosii_bsp.a(altera_avalon_jtag_uart_ioctl.o)
                              ../Enigma_bsp/\libucosii_bsp.a(altera_avalon_jtag_uart_fd.o) (altera_avalon_jtag_uart_ioctl)
../Enigma_bsp/\libucosii_bsp.a(altera_avalon_jtag_uart_read.o)
                              ../Enigma_bsp/\libucosii_bsp.a(altera_avalon_jtag_uart_fd.o) (altera_avalon_jtag_uart_read)
../Enigma_bsp/\libucosii_bsp.a(altera_avalon_jtag_uart_write.o)
                              ../Enigma_bsp/\libucosii_bsp.a(altera_avalon_jtag_uart_fd.o) (altera_avalon_jtag_uart_write)
../Enigma_bsp/\libucosii_bsp.a(altera_avalon_timer_sc.o)
                              ../Enigma_bsp/\libucosii_bsp.a(alt_sys_init.o) (alt_avalon_timer_sc_init)
../Enigma_bsp/\libucosii_bsp.a(altera_up_avalon_character_lcd.o)
                              ../Enigma_bsp/\libucosii_bsp.a(alt_sys_init.o) (alt_up_character_lcd_init)
../Enigma_bsp/\libucosii_bsp.a(altera_up_avalon_irda.o)
                              ../Enigma_bsp/\libucosii_bsp.a(alt_sys_init.o) (alt_up_irda_read_fd)
../Enigma_bsp/\libucosii_bsp.a(altera_up_avalon_ps2.o)
                              ../Enigma_bsp/\libucosii_bsp.a(alt_sys_init.o) (alt_up_ps2_init)
../Enigma_bsp/\libucosii_bsp.a(altera_up_avalon_rs232.o)
                              ../Enigma_bsp/\libucosii_bsp.a(alt_sys_init.o) (alt_up_rs232_read_fd)
../Enigma_bsp/\libucosii_bsp.a(altera_up_avalon_video_character_buffer_with_dma.o)
                              ../Enigma_bsp/\libucosii_bsp.a(alt_sys_init.o) (alt_up_char_buffer_init)
../Enigma_bsp/\libucosii_bsp.a(altera_up_ps2_keyboard.o)
                              obj/default/hello_ucosii.o (translate_make_code)
../Enigma_bsp/\libucosii_bsp.a(alt_alarm_start.o)
                              ../Enigma_bsp/\libucosii_bsp.a(altera_avalon_jtag_uart_init.o) (alt_alarm_start)
../Enigma_bsp/\libucosii_bsp.a(alt_close.o)
                              ../Enigma_bsp/\libucosii_bsp.a(alt_main.o) (close)
../Enigma_bsp/\libucosii_bsp.a(alt_dcache_flush_all.o)
                              ../Enigma_bsp/\libucosii_bsp.a(alt_load.o) (alt_dcache_flush_all)
../Enigma_bsp/\libucosii_bsp.a(alt_dev.o)
                              ../Enigma_bsp/\libucosii_bsp.a(alt_sys_init.o) (alt_dev_list)
../Enigma_bsp/\libucosii_bsp.a(alt_dev_llist_insert.o)
                              ../Enigma_bsp/\libucosii_bsp.a(alt_sys_init.o) (alt_dev_llist_insert)
../Enigma_bsp/\libucosii_bsp.a(alt_do_ctors.o)
[...]
Memory Configuration

Name             Origin             Length             Attributes
reset            0x0000000000000000 0x0000000000000020
SDRAM            0x0000000000000020 0x0000000003ffffe0
Flash_flash_data 0x000000000c000000 0x0000000000800000
*default*        0x0000000000000000 0xffffffffffffffff

Linker script and memory map

LOAD ../Enigma_bsp//obj/HAL/src/crt0.o
LOAD obj/default/hello_ucosii.o
LOAD d:/altera_lite/15.1/nios2eds/bin/gnu/h-x86_64-mingw32/bin/../lib/gcc/nios2-elf/4.9.2/../../../../../H-x86_64-mingw32/nios2-elf/lib/mhw-mulx\libstdc++.a
LOAD d:/altera_lite/15.1/nios2eds/bin/gnu/h-x86_64-mingw32/bin/../lib/gcc/nios2-elf/4.9.2/../../../../../H-x86_64-mingw32/nios2-elf/lib/mhw-mulx\libm.a
LOAD d:/altera_lite/15.1/nios2eds/bin/gnu/h-x86_64-mingw32/bin/../lib/gcc/nios2-elf/4.9.2/mhw-mulx\libgcc.a
START GROUP
LOAD d:/altera_lite/15.1/nios2eds/bin/gnu/h-x86_64-mingw32/bin/../lib/gcc/nios2-elf/4.9.2/../../../../../H-x86_64-mingw32/nios2-elf/lib/mhw-mulx\libc.a
LOAD d:/altera_lite/15.1/nios2eds/bin/gnu/h-x86_64-mingw32/bin/../lib/gcc/nios2-elf/4.9.2/mhw-mulx\libgcc.a
LOAD ../Enigma_bsp/\libucosii_bsp.a
LOAD d:/altera_lite/15.1/nios2eds/bin/gnu/h-x86_64-mingw32/bin/../lib/gcc/nios2-elf/4.9.2/../../../../../H-x86_64-mingw32/nios2-elf/lib/mhw-mulx\libm.a
END GROUP
LOAD d:/altera_lite/15.1/nios2eds/bin/gnu/h-x86_64-mingw32/bin/../lib/gcc/nios2-elf/4.9.2/mhw-mulx\libgcc.a
                0x0000000000000000                __alt_mem_SDRAM = 0x0
                0x000000000c000000                __alt_mem_Flash_flash_data = 0xc000000

.entry          0x0000000000000000       0x20
 *(.entry)
 .entry         0x0000000000000000       0x20 ../Enigma_bsp//obj/HAL/src/crt0.o
                0x0000000000000000                __reset

.exceptions     0x0000000000000020      0x224
                0x0000000000000020                PROVIDE (__ram_exceptions_start, ABSOLUTE (.))
                0x0000000000000020                . = ALIGN (0x20)
 *(.irq)
 *(.exceptions.entry.label)
 .exceptions.entry.label
                0x0000000000000020        0x0 ../Enigma_bsp/\libucosii_bsp.a(alt_irq_entry.o)
                0x0000000000000020                alt_irq_entry
 .exceptions.entry.label
                0x0000000000000020        0x0 ../Enigma_bsp/\libucosii_bsp.a(alt_exception_entry.o)
                0x0000000000000020                alt_exception
 *(.exceptions.entry.user)
 *(.exceptions.entry.ecc_fatal)
 *(.exceptions.entry)
 .exceptions.entry
                0x0000000000000020       0x54 ../Enigma_bsp/\libucosii_bsp.a(alt_exception_entry.o)
 *(.exceptions.irqtest.user)
 *(.exceptions.irqtest)
 .exceptions.irqtest
                0x0000000000000074       0x10 ../Enigma_bsp/\libucosii_bsp.a(alt_irq_entry.o)
 *(.exceptions.irqhandler.user)
 *(.exceptions.irqhandler)
 .exceptions.irqhandler
                0x0000000000000084        0x4 ../Enigma_bsp/\libucosii_bsp.a(alt_irq_entry.o)
 *(.exceptions.irqreturn.user)
 *(.exceptions.irqreturn)
 .exceptions.irqreturn
                0x0000000000000088        0x4 ../Enigma_bsp/\libucosii_bsp.a(alt_irq_entry.o)
 *(.exceptions.notirq.label)
 .exceptions.notirq.label
                0x000000000000008c        0x0 ../Enigma_bsp/\libucosii_bsp.a(alt_irq_entry.o)
 *(.exceptions.notirq.user)
 *(.exceptions.notirq)
 .exceptions.notirq
                0x000000000000008c        0x8 ../Enigma_bsp/\libucosii_bsp.a(alt_exception_entry.o)
 *(.exceptions.soft.user)
 *(.exceptions.soft)
 *(.exceptions.unknown.user)
 *(.exceptions.unknown)
 .exceptions.unknown
                0x0000000000000094       0x14 ../Enigma_bsp/\libucosii_bsp.a(alt_exception_entry.o)
 *(.exceptions.exit.label)
 .exceptions.exit.label
                0x00000000000000a8        0x0 ../Enigma_bsp/\libucosii_bsp.a(alt_irq_entry.o)
 .exceptions.exit.label
                0x00000000000000a8        0x0 ../Enigma_bsp/\libucosii_bsp.a(alt_exception_entry.o)
 *(.exceptions.exit.user)
 *(.exceptions.exit)
 .exceptions.exit
                0x00000000000000a8       0x54 ../Enigma_bsp/\libucosii_bsp.a(alt_exception_entry.o)
 *(.exceptions)
 .exceptions    0x00000000000000fc       0xd4 ../Enigma_bsp/\libucosii_bsp.a(alt_irq_handler.o)
                0x00000000000000fc                alt_irq_handler
 .exceptions    0x00000000000001d0       0x74 ../Enigma_bsp/\libucosii_bsp.a(alt_instruction_exception_entry.o)
                0x00000000000001d0                alt_instruction_exception_entry
                0x0000000000000244                PROVIDE (__ram_exceptions_end, ABSOLUTE (.))
                0x0000000000000020                PROVIDE (__flash_exceptions_start, LOADADDR (.exceptions))

.text           0x0000000000000244     0xd6a8
                0x0000000000000244                PROVIDE (stext, ABSOLUTE (.))
 *(.interp)
 *(.hash)
 *(.dynsym)
 *(.dynstr)
 *(.gnu.version)
 *(.gnu.version_d)
 *(.gnu.version_r)
 *(.rel.init)
 *(.rela.init)
 *(.rel.text .rel.text.* .rel.gnu.linkonce.t.*)
 *(.rela.text .rela.text.* .rela.gnu.linkonce.t.*)
 *(.rel.fini)
 *(.rela.fini)
 *(.rel.rodata .rel.rodata.* .rel.gnu.linkonce.r.*)
 *(.rela.rodata .rela.rodata.* .rela.gnu.linkonce.r.*)
 *(.rel.data .rel.data.* .rel.gnu.linkonce.d.*)
 *(.rela.data .rela.data.* .rela.gnu.linkonce.d.*)
 *(.rel.tdata .rel.tdata.* .rel.gnu.linkonce.td.*)
 *(.rela.tdata .rela.tdata.* .rela.gnu.linkonce.td.*)
 *(.rel.tbss .rel.tbss.* .rel.gnu.linkonce.tb.*)
 *(.rela.tbss .rela.tbss.* .rela.gnu.linkonce.tb.*)
 *(.rel.ctors)
 *(.rela.ctors)
 *(.rel.dtors)
 *(.rela.dtors)
 *(.rel.got)
 *(.rela.got)
 *(.rel.sdata .rel.sdata.* .rel.gnu.linkonce.s.*)
 *(.rela.sdata .rela.sdata.* .rela.gnu.linkonce.s.*)
 *(.rel.sbss .rel.sbss.* .rel.gnu.linkonce.sb.*)
 *(.rela.sbss .rela.sbss.* .rela.gnu.linkonce.sb.*)
 *(.rel.sdata2 .rel.sdata2.* .rel.gnu.linkonce.s2.*)
 *(.rela.sdata2 .rela.sdata2.* .rela.gnu.linkonce.s2.*)
 *(.rel.sbss2 .rel.sbss2.* .rel.gnu.linkonce.sb2.*)
 *(.rela.sbss2 .rela.sbss2.* .rela.gnu.linkonce.sb2.*)
 *(.rel.bss .rel.bss.* .rel.gnu.linkonce.b.*)
 *(.rela.bss .rela.bss.* .rela.gnu.linkonce.b.*)
 *(.rel.plt)
 *(.rela.plt)
 *(.rel.dyn)
 *(.init)
 *(.plt)
 *(.text .stub .text.* .gnu.linkonce.t.*)
 .text          0x0000000000000244       0x3c ../Enigma_bsp//obj/HAL/src/crt0.o
                0x0000000000000244                _start
 .text          0x0000000000000280      0xc88 obj/default/hello_ucosii.o
                0x0000000000000280                task1
                0x0000000000000358                main
                0x0000000000000424                VGA_box
                0x00000000000004cc                VGA_text
                0x0000000000000554                typen
                0x000000000000078c                select
                0x0000000000000c88                clearScreen
                0x0000000000000ce0                PS2
                0x0000000000000d38                getKey
 .text          0x0000000000000f08        0x0 d:/altera_lite/15.1/nios2eds/bin/gnu/h-x86_64-mingw32/bin/../lib/gcc/nios2-elf/4.9.2/../../../../../H-x86_64-mingw32/nios2-elf/lib/mhw-mulx\libc.a(lib_a-strcmp.o)
 .text.strcmp   0x0000000000000f08       0xa4 d:/altera_lite/15.1/nios2eds/bin/gnu/h-x86_64-mingw32/bin/../lib/gcc/nios2-elf/4.9.2/../../../../../H-x86_64-mingw32/nios2-elf/lib/mhw-mulx\libc.a(lib_a-strcmp.o)
                0x0000000000000f08                strcmp
 .text          0x0000000000000fac        0x0 d:/altera_lite/15.1/nios2eds/bin/gnu/h-x86_64-mingw32/bin/../lib/gcc/nios2-elf/4.9.2/../../../../../H-x86_64-mingw32/nios2-elf/lib/mhw-mulx\libc.a(lib_a-strlen.o)
 .text.strlen   0x0000000000000fac       0x98 d:/altera_lite/15.1/nios2eds/bin/gnu/h-x86_64-mingw32/bin/../lib/gcc/nios2-elf/4.9.2/../../../../../H-x86_64-mingw32/nios2-elf/lib/mhw-mulx\libc.a(lib_a-strlen.o)
                0x0000000000000fac                strlen
 .text          0x0000000000001044       0xe4 ../Enigma_bsp/\libucosii_bsp.a(alt_load.o)
                0x00000000000010a8                alt_load
 .text          0x0000000000001128       0xd4 ../Enigma_bsp/\libucosii_bsp.a(alt_main.o)
                0x0000000000001128                alt_main
 .text          0x00000000000011fc      0x11c ../Enigma_bsp/\libucosii_bsp.a(alt_env_lock.o)
                0x00000000000011fc                __env_lock
                0x00000000000012bc                __env_unlock
 .text          0x0000000000001318      0x1f0 ../Enigma_bsp/\libucosii_bsp.a(alt_malloc_lock.o)
                0x0000000000001318                __malloc_lock
                0x0000000000001438                __malloc_unlock
 .text          0x0000000000001508     0x1ff0 ../Enigma_bsp/\libucosii_bsp.a(os_core.o)
                0x0000000000001508                OSEventNameGet
                0x0000000000001628                OSEventNameSet
                0x0000000000001764                OSEventPendMulti
                0x0000000000001d74                OSInit
                0x0000000000001dc8                OSIntEnter
                0x0000000000001e44                OSIntExit
                0x0000000000001f38                OSSchedLock
                0x0000000000001fc0                OSSchedUnlock
                0x0000000000002098                OSStart
                0x0000000000002104                OSStatInit
                0x00000000000021b0                OSTimeTick
                0x00000000000023cc                OSVersion
                0x00000000000023ec                OS_Dummy
                0x0000000000002408                OS_EventTaskRdy
                0x00000000000025a0                OS_EventTaskWait
                0x00000000000026ac                OS_EventTaskWaitMulti
                0x00000000000027f8                OS_EventTaskRemove
                0x00000000000028ac                OS_EventTaskRemoveMulti
                0x00000000000029a8                OS_EventWaitListInit
                0x0000000000002d6c                OS_MemClr
                0x0000000000002dbc                OS_MemCopy
                0x0000000000002e20                OS_Sched
                0x0000000000002f5c                OS_StrCopy
                0x0000000000002fd0                OS_StrLen
                0x0000000000003024                OS_TaskIdle
                0x0000000000003080                OS_TaskStat
                0x000000000000315c                OS_TaskStatStkChk
                0x0000000000003224                OS_TCBInit
 .text          0x00000000000034f8      0x18c ../Enigma_bsp/\libucosii_bsp.a(os_dbg.o)
                0x00000000000034f8                OSDebugInit
 .text          0x0000000000003684     0x181c ../Enigma_bsp/\libucosii_bsp.a(os_flag.o)
                0x0000000000003684                OSFlagAccept
                0x000000000000398c                OSFlagCreate
                0x0000000000003ab4                OSFlagDel
                0x0000000000003d24                OSFlagNameGet
                0x0000000000003e54                OSFlagNameSet
                0x0000000000003fa4                OSFlagPend
                0x0000000000004594                OSFlagPendGetFlagsRdy
                0x00000000000045fc                OSFlagPost
                0x0000000000004984                OSFlagQuery
                0x0000000000004c0c                OS_FlagInit
                0x0000000000004e00                OS_FlagUnlink
 .text          0x0000000000004ea0      0x784 ../Enigma_bsp/\libucosii_bsp.a(os_mem.o)
                0x0000000000004ea0                OSMemCreate
                0x0000000000005094                OSMemGet
                0x0000000000005184                OSMemNameGet
                0x000000000000527c                OSMemNameSet
                0x0000000000005394                OSMemPut
                0x000000000000546c                OSMemQuery
                0x0000000000005554                OS_MemInit
 .text          0x0000000000005624     0x1210 ../Enigma_bsp/\libucosii_bsp.a(os_q.o)
                0x0000000000005624                OSQAccept
                0x0000000000005764                OSQCreate
                0x0000000000005960                OSQDel
                0x0000000000005c28                OSQFlush
                0x0000000000005ce0                OSQPend
                0x0000000000005fdc                OSQPendAbort
                0x0000000000006148                OSQPost
                0x00000000000062b0                OSQPostFront
                0x0000000000006420                OSQPostOpt
                0x000000000000662c                OSQQuery
                0x0000000000006788                OS_QInit
 .text          0x0000000000006834      0xb08 ../Enigma_bsp/\libucosii_bsp.a(os_sem.o)
                0x0000000000006834                OSSemAccept
                0x00000000000068e4                OSSemCreate
                0x00000000000069e4                OSSemDel
                0x0000000000006c4c                OSSemPend
                0x0000000000006eb4                OSSemPendAbort
                0x0000000000007020                OSSemPost
                0x0000000000007130                OSSemQuery
                0x0000000000007240                OSSemSet
 .text          0x000000000000733c     0x18f4 ../Enigma_bsp/\libucosii_bsp.a(os_task.o)
                0x000000000000733c                OSTaskChangePrio
                0x000000000000787c                OSTaskCreate
                0x0000000000007a38                OSTaskCreateExt
                0x0000000000007c24                OSTaskDel
                0x0000000000008004                OSTaskDelReq
                0x000000000000815c                OSTaskNameGet
                0x0000000000008304                OSTaskNameSet
                0x00000000000084c4                OSTaskResume
                0x00000000000086bc                OSTaskStkChk
                0x0000000000008884                OSTaskSuspend
                0x0000000000008a98                OSTaskQuery
                0x0000000000008bc4                OS_TaskStkClr
 .text          0x0000000000008c30      0x568 ../Enigma_bsp/\libucosii_bsp.a(os_time.o)
                0x0000000000008c30                OSTimeDly
                0x0000000000008d78                OSTimeDlyHMSM
                0x0000000000008ee0                OSTimeDlyResume
                0x00000000000090d0                OSTimeGet
                0x0000000000009134                OSTimeSet
 .text          0x0000000000009198      0x444 ../Enigma_bsp/\libucosii_bsp.a(alt_sys_init.o)
                0x00000000000091d0                alt_irq_init
                0x0000000000009204                alt_sys_init
 .text          0x00000000000095dc      0x164 ../Enigma_bsp/\libucosii_bsp.a(altera_avalon_jtag_uart_fd.o)
                0x00000000000095dc                altera_avalon_jtag_uart_read_fd
                0x000000000000963c                altera_avalon_jtag_uart_write_fd
                0x000000000000969c                altera_avalon_jtag_uart_close_fd
                0x00000000000096ec                altera_avalon_jtag_uart_ioctl_fd
 .text          0x0000000000009740      0x560 ../Enigma_bsp/\libucosii_bsp.a(altera_avalon_jtag_uart_init.o)
                0x0000000000009740                altera_avalon_jtag_uart_init
                0x0000000000009c38                altera_avalon_jtag_uart_close
 .text          0x0000000000009ca0       0xec ../Enigma_bsp/\libucosii_bsp.a(altera_avalon_jtag_uart_ioctl.o)
                0x0000000000009ca0                altera_avalon_jtag_uart_ioctl
 .text          0x0000000000009d8c      0x2b4 ../Enigma_bsp/\libucosii_bsp.a(altera_avalon_jtag_uart_read.o)
                0x0000000000009d8c                altera_avalon_jtag_uart_read
 .text          0x000000000000a040      0x2c0 ../Enigma_bsp/\libucosii_bsp.a(altera_avalon_jtag_uart_write.o)
                0x000000000000a040                altera_avalon_jtag_uart_write
 .text          0x000000000000a300       0xf8 ../Enigma_bsp/\libucosii_bsp.a(altera_avalon_timer_sc.o)
                0x000000000000a378                alt_avalon_timer_sc_init
 .text          0x000000000000a3f8      0x4d8 ../Enigma_bsp/\libucosii_bsp.a(altera_up_avalon_character_lcd.o)
                0x000000000000a3f8                get_DDRAM_addr
                0x000000000000a46c                alt_up_character_lcd_send_cmd
                0x000000000000a4a8                alt_up_character_lcd_init
                0x000000000000a4dc                alt_up_character_lcd_open_dev
                0x000000000000a51c                alt_up_character_lcd_write
                0x000000000000a594                alt_up_character_lcd_string
                0x000000000000a608                alt_up_character_lcd_write_fd
                0x000000000000a658                alt_up_character_lcd_set_cursor_pos
                0x000000000000a6cc                alt_up_character_lcd_shift_cursor
                0x000000000000a754                alt_up_character_lcd_shift_display
                0x000000000000a7dc                alt_up_character_lcd_erase_pos
                0x000000000000a868                alt_up_character_lcd_cursor_off
                0x000000000000a89c                alt_up_character_lcd_cursor_blink_on
 .text          0x000000000000a8d0      0x388 ../Enigma_bsp/\libucosii_bsp.a(altera_up_avalon_irda.o)
                0x000000000000a8d0                alt_up_irda_enable_read_interrupt
                0x000000000000a928                alt_up_irda_disable_read_interrupt
                0x000000000000a984                alt_up_irda_get_used_space_in_read_FIFO
                0x000000000000a9c4                alt_up_irda_get_available_space_in_write_FIFO
                0x000000000000aa00                alt_up_irda_check_parity
                0x000000000000aa44                alt_up_irda_write_data
                0x000000000000aa84                alt_up_irda_read_data
                0x000000000000aaf8                alt_up_irda_read_fd
                0x000000000000ab88                alt_up_irda_write_fd
                0x000000000000ac18                alt_up_irda_open_dev
 .text          0x000000000000ac58      0x6b4 ../Enigma_bsp/\libucosii_bsp.a(altera_up_avalon_ps2.o)
                0x000000000000ac58                read_RI_bit
                0x000000000000ac8c                read_RE_bit
                0x000000000000acbc                read_CE_bit
                0x000000000000acf0                read_num_bytes_available
                0x000000000000ad20                read_data_valid
                0x000000000000ad54                read_data_byte
                0x000000000000ad80                alt_up_ps2_init
                0x000000000000ae44                alt_up_ps2_enable_read_interrupt
                0x000000000000ae9c                alt_up_ps2_disable_read_interrupt
                0x000000000000aef8                alt_up_ps2_write_data_byte
                0x000000000000af6c                alt_up_ps2_wait_for_ack
                0x000000000000afdc                alt_up_ps2_write_data_byte_with_ack
                0x000000000000b040                alt_up_ps2_read_data_byte_timeout
                0x000000000000b0e4                alt_up_ps2_read_data_byte
                0x000000000000b154                alt_up_ps2_clear_fifo
                0x000000000000b1a8                alt_up_ps2_read_fd
                0x000000000000b234                alt_up_ps2_write_fd
                0x000000000000b2cc                alt_up_ps2_open_dev
 .text          0x000000000000b30c      0x38c ../Enigma_bsp/\libucosii_bsp.a(altera_up_avalon_rs232.o)
                0x000000000000b30c                alt_up_rs232_enable_read_interrupt
                0x000000000000b364                alt_up_rs232_disable_read_interrupt
                0x000000000000b3c0                alt_up_rs232_get_used_space_in_read_FIFO
                0x000000000000b400                alt_up_rs232_get_available_space_in_write_FIFO
                0x000000000000b43c                alt_up_rs232_check_parity
                0x000000000000b480                alt_up_rs232_write_data
                0x000000000000b4c0                alt_up_rs232_read_data
                0x000000000000b534                alt_up_rs232_read_fd
                0x000000000000b5c4                alt_up_rs232_write_fd
                0x000000000000b658                alt_up_rs232_open_dev
 .text          0x000000000000b698      0x2e8 ../Enigma_bsp/\libucosii_bsp.a(altera_up_avalon_video_character_buffer_with_dma.o)
                0x000000000000b698                alt_up_char_buffer_init
                0x000000000000b718                alt_up_char_buffer_open_dev
                0x000000000000b758                alt_up_char_buffer_draw
                0x000000000000b824                alt_up_char_buffer_string
                0x000000000000b924                alt_up_char_buffer_clear
 .text          0x000000000000b980      0x5dc ../Enigma_bsp/\libucosii_bsp.a(altera_up_ps2_keyboard.o)
                0x000000000000b980                get_multi_byte_make_code_index
                0x000000000000b9f0                get_single_byte_make_code_index
                0x000000000000ba60                get_next_state
                0x000000000000bcb0                decode_scancode
                0x000000000000bd68                set_keyboard_rate
                0x000000000000bdcc                translate_make_code
                0x000000000000bee0                reset_keyboard
 .text          0x000000000000bf5c      0x140 ../Enigma_bsp/\libucosii_bsp.a(alt_alarm_start.o)
                0x000000000000bf5c                alt_alarm_start
 .text          0x000000000000c09c      0x120 ../Enigma_bsp/\libucosii_bsp.a(alt_close.o)
                0x000000000000c0ec                close
 .text          0x000000000000c1bc       0x1c ../Enigma_bsp/\libucosii_bsp.a(alt_dcache_flush_all.o)
                0x000000000000c1bc                alt_dcache_flush_all
 .text          0x000000000000c1d8       0x2c ../Enigma_bsp/\libucosii_bsp.a(alt_dev.o)
 .text          0x000000000000c204       0xf4 ../Enigma_bsp/\libucosii_bsp.a(alt_dev_llist_insert.o)
                0x000000000000c254                alt_dev_llist_insert
 .text          0x000000000000c2f8       0x5c ../Enigma_bsp/\libucosii_bsp.a(alt_do_ctors.o)
                0x000000000000c2f8                _do_ctors
 .text          0x000000000000c354       0x5c ../Enigma_bsp/\libucosii_bsp.a(alt_do_dtors.o)
                0x000000000000c354                _do_dtors
 .text          0x000000000000c3b0        0x0 ../Enigma_bsp/\libucosii_bsp.a(alt_errno.o)
 .text          0x000000000000c3b0       0x90 ../Enigma_bsp/\libucosii_bsp.a(alt_find_dev.o)
                0x000000000000c3b0                alt_find_dev
 .text          0x000000000000c440       0x30 ../Enigma_bsp/\libucosii_bsp.a(alt_icache_flush_all.o)
                0x000000000000c440                alt_icache_flush_all
 .text          0x000000000000c470      0x138 ../Enigma_bsp/\libucosii_bsp.a(alt_io_redirect.o)
                0x000000000000c530                alt_io_redirect
 .text          0x000000000000c5a8      0x1b0 ../Enigma_bsp/\libucosii_bsp.a(alt_irq_register.o)
                0x000000000000c5a8                alt_irq_register
 .text          0x000000000000c758        0x0 ../Enigma_bsp/\libucosii_bsp.a(alt_irq_vars.o)
 .text          0x000000000000c758      0x274 ../Enigma_bsp/\libucosii_bsp.a(alt_open.o)
                0x000000000000c874                open
 .text          0x000000000000c9cc       0x60 ../Enigma_bsp/\libucosii_bsp.a(alt_release_fd.o)
                0x000000000000c9cc                alt_release_fd
 .text          0x000000000000ca2c      0x19c ../Enigma_bsp/\libucosii_bsp.a(alt_tick.o)
                0x000000000000ca2c                alt_alarm_stop
                0x000000000000cac4                alt_tick
 .text          0x000000000000cbc8       0x20 ../Enigma_bsp/\libucosii_bsp.a(altera_nios2_gen2_irq.o)
                0x000000000000cbc8                altera_nios2_gen2_irq_init
 .text          0x000000000000cbe8       0xd0 ../Enigma_bsp/\libucosii_bsp.a(os_cpu_a.o)
                0x000000000000cbe8                OSCtxSw
                0x000000000000cbe8                OSIntCtxSw
                0x000000000000cc74                OSStartHighRdy
                0x000000000000cc94                OSStartTsk
 .text          0x000000000000ccb8      0x264 ../Enigma_bsp/\libucosii_bsp.a(os_cpu_c.o)
                0x000000000000ccb8                OSTaskStkInit
                0x000000000000ce14                OSTaskCreateHook
                0x000000000000ce34                OSTaskDelHook
                0x000000000000ce54                OSTaskSwHook
                0x000000000000ce70                OSTaskStatHook
                0x000000000000ce8c                OSTimeTickHook
                0x000000000000cea8                OSInitHookBegin
                0x000000000000cec4                OSInitHookEnd
                0x000000000000cee0                OSTaskIdleHook
                0x000000000000cefc                OSTCBInitHook
 .text          0x000000000000cf1c      0x114 ../Enigma_bsp/\libucosii_bsp.a(alt_find_file.o)
                0x000000000000cf1c                alt_find_file
 .text          0x000000000000d030       0xfc ../Enigma_bsp/\libucosii_bsp.a(alt_get_fd.o)
                0x000000000000d030                alt_get_fd
 .text          0x000000000000d12c       0x8c ../Enigma_bsp/\libucosii_bsp.a(alt_icache_flush.o)
                0x000000000000d12c                alt_icache_flush
 .text          0x000000000000d1b8        0x0 ../Enigma_bsp/\libucosii_bsp.a(alt_irq_entry.o)
 .text          0x000000000000d1b8        0x0 ../Enigma_bsp/\libucosii_bsp.a(alt_irq_handler.o)
 .text          0x000000000000d1b8        0x0 ../Enigma_bsp/\libucosii_bsp.a(alt_exception_entry.o)
 .text          0x000000000000d1b8       0x9c ../Enigma_bsp/\libucosii_bsp.a(alt_instruction_exception_entry.o)
                0x000000000000d1b8                alt_exception_cause_generated_bad_addr
 .text          0x000000000000d254        0x0 d:/altera_lite/15.1/nios2eds/bin/gnu/h-x86_64-mingw32/bin/../lib/gcc/nios2-elf/4.9.2/../../../../../H-x86_64-mingw32/nios2-elf/lib/mhw-mulx\libc.a(lib_a-atexit.o)
 .text.atexit   0x000000000000d254       0x14 d:/altera_lite/15.1/nios2eds/bin/gnu/h-x86_64-mingw32/bin/../lib/gcc/nios2-elf/4.9.2/../../../../../H-x86_64-mingw32/nios2-elf/lib/mhw-mulx\libc.a(lib_a-atexit.o)
                0x000000000000d254                atexit
 .text          0x000000000000d268        0x0 d:/altera_lite/15.1/nios2eds/bin/gnu/h-x86_64-mingw32/bin/../lib/gcc/nios2-elf/4.9.2/../../../../../H-x86_64-mingw32/nios2-elf/lib/mhw-mulx\libc.a(lib_a-exit.o)
 .text.exit     0x000000000000d268       0x38 d:/altera_lite/15.1/nios2eds/bin/gnu/h-x86_64-mingw32/bin/../lib/gcc/nios2-elf/4.9.2/../../../../../H-x86_64-mingw32/nios2-elf/lib/mhw-mulx\libc.a(lib_a-exit.o)
                0x000000000000d268                exit
 .text          0x000000000000d2a0        0x0 d:/altera_lite/15.1/nios2eds/bin/gnu/h-x86_64-mingw32/bin/../lib/gcc/nios2-elf/4.9.2/../../../../../H-x86_64-mingw32/nios2-elf/lib/mhw-mulx\libc.a(lib_a-impure.o)
 .text          0x000000000000d2a0        0x0 d:/altera_lite/15.1/nios2eds/bin/gnu/h-x86_64-mingw32/bin/../lib/gcc/nios2-elf/4.9.2/../../../../../H-x86_64-mingw32/nios2-elf/lib/mhw-mulx\libc.a(lib_a-int_errno.o)
 .text          0x000000000000d2a0        0x0 d:/altera_lite/15.1/nios2eds/bin/gnu/h-x86_64-mingw32/bin/../lib/gcc/nios2-elf/4.9.2/../../../../../H-x86_64-mingw32/nios2-elf/lib/mhw-mulx\libc.a(lib_a-memcmp.o)
 .text.memcmp   0x000000000000d2a0       0x7c d:/altera_lite/15.1/nios2eds/bin/gnu/h-x86_64-mingw32/bin/../lib/gcc/nios2-elf/4.9.2/../../../../../H-x86_64-mingw32/nios2-elf/lib/mhw-mulx\libc.a(lib_a-memcmp.o)
                0x000000000000d2a0                memcmp
 .text          0x000000000000d31c        0x0 d:/altera_lite/15.1/nios2eds/bin/gnu/h-x86_64-mingw32/bin/../lib/gcc/nios2-elf/4.9.2/../../../../../H-x86_64-mingw32/nios2-elf/lib/mhw-mulx\libc.a(lib_a-memcpy.o)
 .text.memcpy   0x000000000000d31c      0x138 d:/altera_lite/15.1/nios2eds/bin/gnu/h-x86_64-mingw32/bin/../lib/gcc/nios2-elf/4.9.2/../../../../../H-x86_64-mingw32/nios2-elf/lib/mhw-mulx\libc.a(lib_a-memcpy.o)
                0x000000000000d31c                memcpy
 .text          0x000000000000d454        0x0 d:/altera_lite/15.1/nios2eds/bin/gnu/h-x86_64-mingw32/bin/../lib/gcc/nios2-elf/4.9.2/../../../../../H-x86_64-mingw32/nios2-elf/lib/mhw-mulx\libc.a(lib_a-memset.o)
 .text.memset   0x000000000000d454      0x124 d:/altera_lite/15.1/nios2eds/bin/gnu/h-x86_64-mingw32/bin/../lib/gcc/nios2-elf/4.9.2/../../../../../H-x86_64-mingw32/nios2-elf/lib/mhw-mulx\libc.a(lib_a-memset.o)
                0x000000000000d454                memset
 .text          0x000000000000d578        0x0 d:/altera_lite/15.1/nios2eds/bin/gnu/h-x86_64-mingw32/bin/../lib/gcc/nios2-elf/4.9.2/../../../../../H-x86_64-mingw32/nios2-elf/lib/mhw-mulx\libc.a(lib_a-strcpy.o)
 .text.strcpy   0x000000000000d578       0x90 d:/altera_lite/15.1/nios2eds/bin/gnu/h-x86_64-mingw32/bin/../lib/gcc/nios2-elf/4.9.2/../../../../../H-x86_64-mingw32/nios2-elf/lib/mhw-mulx\libc.a(lib_a-strcpy.o)
                0x000000000000d578                strcpy
 .text          0x000000000000d608        0x0 d:/altera_lite/15.1/nios2eds/bin/gnu/h-x86_64-mingw32/bin/../lib/gcc/nios2-elf/4.9.2/../../../../../H-x86_64-mingw32/nios2-elf/lib/mhw-mulx\libc.a(lib_a-__atexit.o)
 .text.__register_exitproc
                0x000000000000d608      0x114 d:/altera_lite/15.1/nios2eds/bin/gnu/h-x86_64-mingw32/bin/../lib/gcc/nios2-elf/4.9.2/../../../../../H-x86_64-mingw32/nios2-elf/lib/mhw-mulx\libc.a(lib_a-__atexit.o)
                0x000000000000d608                __register_exitproc
 .text          0x000000000000d71c        0x0 d:/altera_lite/15.1/nios2eds/bin/gnu/h-x86_64-mingw32/bin/../lib/gcc/nios2-elf/4.9.2/../../../../../H-x86_64-mingw32/nios2-elf/lib/mhw-mulx\libc.a(lib_a-__call_atexit.o)
 .text.__call_exitprocs
                0x000000000000d71c      0x194 d:/altera_lite/15.1/nios2eds/bin/gnu/h-x86_64-mingw32/bin/../lib/gcc/nios2-elf/4.9.2/../../../../../H-x86_64-mingw32/nios2-elf/lib/mhw-mulx\libc.a(lib_a-__call_atexit.o)
                0x000000000000d71c                __call_exitprocs
 .text          0x000000000000d8b0       0x3c ../Enigma_bsp/\libucosii_bsp.a(alt_exit.o)
                0x000000000000d8b0                _exit
 *(.gnu.warning.*)
 *(.fini)
                0x000000000000d8ec                PROVIDE (__etext, ABSOLUTE (.))
                0x000000000000d8ec                PROVIDE (_etext, ABSOLUTE (.))
                0x000000000000d8ec                PROVIDE (etext, ABSOLUTE (.))
 *(.eh_frame_hdr)
                0x000000000000d8ec                . = ALIGN (0x4)
                0x000000000000d8ec                PROVIDE (__preinit_array_start, ABSOLUTE (.))
 *(.preinit_array)
                0x000000000000d8ec                PROVIDE (__preinit_array_end, ABSOLUTE (.))
                0x000000000000d8ec                PROVIDE (__init_array_start, ABSOLUTE (.))
 *(.init_array)
                0x000000000000d8ec                PROVIDE (__init_array_end, ABSOLUTE (.))
                0x000000000000d8ec                PROVIDE (__fini_array_start, ABSOLUTE (.))
 *(.fini_array)
                0x000000000000d8ec                PROVIDE (__fini_array_end, ABSOLUTE (.))
 *(.eh_frame)
 *(.gcc_except_table .gcc_except_table.*)
 *(.dynamic)
                0x000000000000d8ec                PROVIDE (__CTOR_LIST__, ABSOLUTE (.))
 *(.ctors)
 *(SORT(.ctors.*))
                0x000000000000d8ec                PROVIDE (__CTOR_END__, ABSOLUTE (.))
                0x000000000000d8ec                PROVIDE (__DTOR_LIST__, ABSOLUTE (.))
 *(.dtors)
 *(SORT(.dtors.*))
                0x000000000000d8ec                PROVIDE (__DTOR_END__, ABSOLUTE (.))
 *(.jcr)
                0x000000000000d8ec                . = ALIGN (0x4)

.rodata         0x000000000000d8ec      0x5dc
                0x000000000000d8ec                PROVIDE (__ram_rodata_start, ABSOLUTE (.))
                0x000000000000d8ec                . = ALIGN (0x4)
 *(.rodata .rodata.* .gnu.linkonce.r.*)
 .rodata        0x000000000000d8ec       0xb0 obj/default/hello_ucosii.o
 .rodata        0x000000000000d99c       0x10 ../Enigma_bsp/\libucosii_bsp.a(alt_main.o)
 .rodata        0x000000000000d9ac      0x120 ../Enigma_bsp/\libucosii_bsp.a(os_core.o)
                0x000000000000d9ac                OSUnMapTbl
 .rodata        0x000000000000dacc      0x190 ../Enigma_bsp/\libucosii_bsp.a(alt_sys_init.o)
 .rodata        0x000000000000dc5c       0x1c ../Enigma_bsp/\libucosii_bsp.a(altera_up_avalon_video_character_buffer_with_dma.o)
 .rodata        0x000000000000dc78      0x23c ../Enigma_bsp/\libucosii_bsp.a(altera_up_ps2_keyboard.o)
 .rodata        0x000000000000deb4        0xc ../Enigma_bsp/\libucosii_bsp.a(alt_dev.o)
 .rodata        0x000000000000dec0        0x4 ../Enigma_bsp/\libucosii_bsp.a(os_cpu_c.o)
 .rodata.str1.4
                0x000000000000dec4        0x4 d:/altera_lite/15.1/nios2eds/bin/gnu/h-x86_64-mingw32/bin/../lib/gcc/nios2-elf/4.9.2/../../../../../H-x86_64-mingw32/nios2-elf/lib/mhw-mulx\libc.a(lib_a-impure.o)
 *(.rodata1)
                0x000000000000dec8                . = ALIGN (0x4)
                0x000000000000dec8                PROVIDE (__ram_rodata_end, ABSOLUTE (.))
                0x000000000000d8ec                PROVIDE (__flash_rodata_start, LOADADDR (.rodata))

.rwdata         0x000000000000dec8     0x1d44 load address 0x000000000000fc0c
                0x000000000000dec8                PROVIDE (__ram_rwdata_start, ABSOLUTE (.))
                0x000000000000dec8                . = ALIGN (0x4)
 *(.got.plt)
 *(.got)
 *(.data1)
 *(.data .data.* .gnu.linkonce.d.*)
 .data          0x000000000000dec8        0x0 ../Enigma_bsp//obj/HAL/src/crt0.o
 .data          0x000000000000dec8        0x0 obj/default/hello_ucosii.o
 .data          0x000000000000dec8        0x0 d:/altera_lite/15.1/nios2eds/bin/gnu/h-x86_64-mingw32/bin/../lib/gcc/nios2-elf/4.9.2/../../../../../H-x86_64-mingw32/nios2-elf/lib/mhw-mulx\libc.a(lib_a-strcmp.o)
 .data          0x000000000000dec8        0x0 d:/altera_lite/15.1/nios2eds/bin/gnu/h-x86_64-mingw32/bin/../lib/gcc/nios2-elf/4.9.2/../../../../../H-x86_64-mingw32/nios2-elf/lib/mhw-mulx\libc.a(lib_a-strlen.o)
 .data          0x000000000000dec8        0x0 ../Enigma_bsp/\libucosii_bsp.a(alt_load.o)
 .data          0x000000000000dec8        0x0 ../Enigma_bsp/\libucosii_bsp.a(alt_main.o)
 .data          0x000000000000dec8        0x0 ../Enigma_bsp/\libucosii_bsp.a(alt_env_lock.o)
 .data          0x000000000000dec8        0x0 ../Enigma_bsp/\libucosii_bsp.a(alt_malloc_lock.o)
 .data          0x000000000000dec8        0x0 ../Enigma_bsp/\libucosii_bsp.a(os_core.o)
 .data          0x000000000000dec8        0x0 ../Enigma_bsp/\libucosii_bsp.a(os_dbg.o)
 .data          0x000000000000dec8        0x0 ../Enigma_bsp/\libucosii_bsp.a(os_flag.o)
 .data          0x000000000000dec8        0x0 ../Enigma_bsp/\libucosii_bsp.a(os_mem.o)
 .data          0x000000000000dec8        0x0 ../Enigma_bsp/\libucosii_bsp.a(os_q.o)
 .data          0x000000000000dec8        0x0 ../Enigma_bsp/\libucosii_bsp.a(os_sem.o)
 .data          0x000000000000dec8        0x0 ../Enigma_bsp/\libucosii_bsp.a(os_task.o)
 .data          0x000000000000dec8        0x0 ../Enigma_bsp/\libucosii_bsp.a(os_time.o)
 .data          0x000000000000dec8     0x13f0 ../Enigma_bsp/\libucosii_bsp.a(alt_sys_init.o)
 .data          0x000000000000f2b8        0x0 ../Enigma_bsp/\libucosii_bsp.a(altera_avalon_jtag_uart_fd.o)
 .data          0x000000000000f2b8        0x0 ../Enigma_bsp/\libucosii_bsp.a(altera_avalon_jtag_uart_init.o)
 .data          0x000000000000f2b8        0x0 ../Enigma_bsp/\libucosii_bsp.a(altera_avalon_jtag_uart_ioctl.o)
 .data          0x000000000000f2b8        0x0 ../Enigma_bsp/\libucosii_bsp.a(altera_avalon_jtag_uart_read.o)
 .data          0x000000000000f2b8        0x0 ../Enigma_bsp/\libucosii_bsp.a(altera_avalon_jtag_uart_write.o)
 .data          0x000000000000f2b8        0x0 ../Enigma_bsp/\libucosii_bsp.a(altera_avalon_timer_sc.o)
 .data          0x000000000000f2b8        0x0 ../Enigma_bsp/\libucosii_bsp.a(altera_up_avalon_character_lcd.o)
 .data          0x000000000000f2b8        0x0 ../Enigma_bsp/\libucosii_bsp.a(altera_up_avalon_irda.o)
 .data          0x000000000000f2b8        0x0 ../Enigma_bsp/\libucosii_bsp.a(altera_up_avalon_ps2.o)
 .data          0x000000000000f2b8        0x0 ../Enigma_bsp/\libucosii_bsp.a(altera_up_avalon_rs232.o)
 .data          0x000000000000f2b8        0x0 ../Enigma_bsp/\libucosii_bsp.a(altera_up_avalon_video_character_buffer_with_dma.o)
 .data          0x000000000000f2b8      0x2cc ../Enigma_bsp/\libucosii_bsp.a(altera_up_ps2_keyboard.o)
                0x000000000000f2b8                key_table
                0x000000000000f450                ascii_codes
                0x000000000000f4b6                single_byte_make_code
                0x000000000000f51c                multi_byte_make_code
 .data          0x000000000000f584        0x0 ../Enigma_bsp/\libucosii_bsp.a(alt_alarm_start.o)
 .data          0x000000000000f584        0x0 ../Enigma_bsp/\libucosii_bsp.a(alt_close.o)
 .data          0x000000000000f584        0x0 ../Enigma_bsp/\libucosii_bsp.a(alt_dcache_flush_all.o)
 .data          0x000000000000f584      0x1a8 ../Enigma_bsp/\libucosii_bsp.a(alt_dev.o)
                0x000000000000f584                alt_dev_null
                0x000000000000f5ac                alt_fd_list
 .data          0x000000000000f72c        0x0 ../Enigma_bsp/\libucosii_bsp.a(alt_dev_llist_insert.o)
 .data          0x000000000000f72c        0x0 ../Enigma_bsp/\libucosii_bsp.a(alt_do_ctors.o)
 .data          0x000000000000f72c        0x0 ../Enigma_bsp/\libucosii_bsp.a(alt_do_dtors.o)
 .data          0x000000000000f72c        0x0 ../Enigma_bsp/\libucosii_bsp.a(alt_errno.o)
 .data          0x000000000000f72c        0x0 ../Enigma_bsp/\libucosii_bsp.a(alt_find_dev.o)
 .data          0x000000000000f72c        0x0 ../Enigma_bsp/\libucosii_bsp.a(alt_icache_flush_all.o)
 .data          0x000000000000f72c        0x0 ../Enigma_bsp/\libucosii_bsp.a(alt_io_redirect.o)
 .data          0x000000000000f72c        0x0 ../Enigma_bsp/\libucosii_bsp.a(alt_irq_register.o)
 .data          0x000000000000f72c        0x0 ../Enigma_bsp/\libucosii_bsp.a(alt_irq_vars.o)
 .data          0x000000000000f72c        0x0 ../Enigma_bsp/\libucosii_bsp.a(alt_open.o)
 .data          0x000000000000f72c        0x0 ../Enigma_bsp/\libucosii_bsp.a(alt_release_fd.o)
 .data          0x000000000000f72c        0x0 ../Enigma_bsp/\libucosii_bsp.a(alt_tick.o)
 .data          0x000000000000f72c        0x0 ../Enigma_bsp/\libucosii_bsp.a(altera_nios2_gen2_irq.o)
 .data          0x000000000000f72c        0x0 ../Enigma_bsp/\libucosii_bsp.a(os_cpu_a.o)
 .data          0x000000000000f72c        0x0 ../Enigma_bsp/\libucosii_bsp.a(os_cpu_c.o)
 .data          0x000000000000f72c        0x0 ../Enigma_bsp/\libucosii_bsp.a(alt_find_file.o)
 .data          0x000000000000f72c        0x0 ../Enigma_bsp/\libucosii_bsp.a(alt_get_fd.o)
 .data          0x000000000000f72c        0x0 ../Enigma_bsp/\libucosii_bsp.a(alt_icache_flush.o)
 .data          0x000000000000f72c        0x0 ../Enigma_bsp/\libucosii_bsp.a(alt_irq_entry.o)
 .data          0x000000000000f72c        0x0 ../Enigma_bsp/\libucosii_bsp.a(alt_irq_handler.o)
 .data          0x000000000000f72c        0x0 ../Enigma_bsp/\libucosii_bsp.a(alt_exception_entry.o)
 .data          0x000000000000f72c        0x0 ../Enigma_bsp/\libucosii_bsp.a(alt_instruction_exception_entry.o)
 .data          0x000000000000f72c        0x0 d:/altera_lite/15.1/nios2eds/bin/gnu/h-x86_64-mingw32/bin/../lib/gcc/nios2-elf/4.9.2/../../../../../H-x86_64-mingw32/nios2-elf/lib/mhw-mulx\libc.a(lib_a-atexit.o)
 .data          0x000000000000f72c        0x0 d:/altera_lite/15.1/nios2eds/bin/gnu/h-x86_64-mingw32/bin/../lib/gcc/nios2-elf/4.9.2/../../../../../H-x86_64-mingw32/nios2-elf/lib/mhw-mulx\libc.a(lib_a-exit.o)
 .data          0x000000000000f72c        0x0 d:/altera_lite/15.1/nios2eds/bin/gnu/h-x86_64-mingw32/bin/../lib/gcc/nios2-elf/4.9.2/../../../../../H-x86_64-mingw32/nios2-elf/lib/mhw-mulx\libc.a(lib_a-impure.o)
 .data.impure_data
                0x000000000000f72c      0x424 d:/altera_lite/15.1/nios2eds/bin/gnu/h-x86_64-mingw32/bin/../lib/gcc/nios2-elf/4.9.2/../../../../../H-x86_64-mingw32/nios2-elf/lib/mhw-mulx\libc.a(lib_a-impure.o)
 .data          0x000000000000fb50        0x0 d:/altera_lite/15.1/nios2eds/bin/gnu/h-x86_64-mingw32/bin/../lib/gcc/nios2-elf/4.9.2/../../../../../H-x86_64-mingw32/nios2-elf/lib/mhw-mulx\libc.a(lib_a-int_errno.o)
 .data          0x000000000000fb50        0x0 d:/altera_lite/15.1/nios2eds/bin/gnu/h-x86_64-mingw32/bin/../lib/gcc/nios2-elf/4.9.2/../../../../../H-x86_64-mingw32/nios2-elf/lib/mhw-mulx\libc.a(lib_a-memcmp.o)
 .data          0x000000000000fb50        0x0 d:/altera_lite/15.1/nios2eds/bin/gnu/h-x86_64-mingw32/bin/../lib/gcc/nios2-elf/4.9.2/../../../../../H-x86_64-mingw32/nios2-elf/lib/mhw-mulx\libc.a(lib_a-memcpy.o)
 .data          0x000000000000fb50        0x0 d:/altera_lite/15.1/nios2eds/bin/gnu/h-x86_64-mingw32/bin/../lib/gcc/nios2-elf/4.9.2/../../../../../H-x86_64-mingw32/nios2-elf/lib/mhw-mulx\libc.a(lib_a-memset.o)
 .data          0x000000000000fb50        0x0 d:/altera_lite/15.1/nios2eds/bin/gnu/h-x86_64-mingw32/bin/../lib/gcc/nios2-elf/4.9.2/../../../../../H-x86_64-mingw32/nios2-elf/lib/mhw-mulx\libc.a(lib_a-strcpy.o)
 .data          0x000000000000fb50        0x0 d:/altera_lite/15.1/nios2eds/bin/gnu/h-x86_64-mingw32/bin/../lib/gcc/nios2-elf/4.9.2/../../../../../H-x86_64-mingw32/nios2-elf/lib/mhw-mulx\libc.a(lib_a-__atexit.o)
 .data          0x000000000000fb50        0x0 d:/altera_lite/15.1/nios2eds/bin/gnu/h-x86_64-mingw32/bin/../lib/gcc/nios2-elf/4.9.2/../../../../../H-x86_64-mingw32/nios2-elf/lib/mhw-mulx\libc.a(lib_a-__call_atexit.o)
 .data          0x000000000000fb50        0x0 ../Enigma_bsp/\libucosii_bsp.a(alt_exit.o)
                0x0000000000017b50                _gp = ABSOLUTE ((. + 0x8000))
                0x0000000000017b50                PROVIDE (gp, _gp)
 *(.rwdata .rwdata.*)
 *(.sdata .sdata.* .gnu.linkonce.s.*)
 .sdata         0x000000000000fb50       0x14 obj/default/hello_ucosii.o
                0x000000000000fb50                character_buffer
                0x000000000000fb54                pixel_buffer
                0x000000000000fb58                y
                0x000000000000fb5c                PS2_ptr
                0x000000000000fb60                count
 .sdata         0x000000000000fb64        0x4 ../Enigma_bsp/\libucosii_bsp.a(alt_env_lock.o)
 .sdata         0x000000000000fb68        0x4 ../Enigma_bsp/\libucosii_bsp.a(alt_malloc_lock.o)
 .sdata         0x000000000000fb6c       0x74 ../Enigma_bsp/\libucosii_bsp.a(os_dbg.o)
                0x000000000000fb6c                OSDebugEn
                0x000000000000fb70                OSEndiannessTest
                0x000000000000fb74                OSEventEn
                0x000000000000fb76                OSEventMax
                0x000000000000fb78                OSEventNameSize
                0x000000000000fb7a                OSEventSize
                0x000000000000fb7c                OSEventTblSize
                0x000000000000fb7e                OSEventMultiEn
                0x000000000000fb80                OSFlagEn
                0x000000000000fb82                OSFlagGrpSize
                0x000000000000fb84                OSFlagNodeSize
                0x000000000000fb86                OSFlagWidth
                0x000000000000fb88                OSFlagMax
                0x000000000000fb8a                OSFlagNameSize
                0x000000000000fb8c                OSLowestPrio
                0x000000000000fb8e                OSMboxEn
                0x000000000000fb90                OSMemEn
                0x000000000000fb92                OSMemMax
                0x000000000000fb94                OSMemNameSize
                0x000000000000fb96                OSMemSize
                0x000000000000fb98                OSMemTblSize
                0x000000000000fb9a                OSMutexEn
                0x000000000000fb9c                OSPtrSize
                0x000000000000fb9e                OSQEn
                0x000000000000fba0                OSQMax
                0x000000000000fba2                OSQSize
                0x000000000000fba4                OSRdyTblSize
                0x000000000000fba6                OSSemEn
                0x000000000000fba8                OSStkWidth
                0x000000000000fbaa                OSTaskCreateEn
                0x000000000000fbac                OSTaskCreateExtEn
                0x000000000000fbae                OSTaskDelEn
                0x000000000000fbb0                OSTaskIdleStkSize
                0x000000000000fbb2                OSTaskProfileEn
                0x000000000000fbb4                OSTaskMax
                0x000000000000fbb6                OSTaskNameSize
                0x000000000000fbb8                OSTaskStatEn
                0x000000000000fbba                OSTaskStatStkSize
                0x000000000000fbbc                OSTaskStatStkChkEn
                0x000000000000fbbe                OSTaskSwHookEn
                0x000000000000fbc0                OSTCBPrioTblMax
                0x000000000000fbc2                OSTCBSize
                0x000000000000fbc4                OSTicksPerSec
                0x000000000000fbc6                OSTimeTickHookEn
                0x000000000000fbc8                OSVersionNbr
                0x000000000000fbca                OSTmrEn
                0x000000000000fbcc                OSTmrCfgMax
                0x000000000000fbce                OSTmrCfgNameSize
                0x000000000000fbd0                OSTmrCfgWheelSize
                0x000000000000fbd2                OSTmrCfgTicksPerSec
                0x000000000000fbd4                OSTmrSize
                0x000000000000fbd6                OSTmrTblSize
                0x000000000000fbd8                OSTmrWheelSize
                0x000000000000fbda                OSTmrWheelTblSize
                0x000000000000fbdc                OSDataSize
 .sdata         0x000000000000fbe0       0x14 ../Enigma_bsp/\libucosii_bsp.a(alt_dev.o)
                0x000000000000fbe0                alt_fs_list
                0x000000000000fbe8                alt_dev_list
                0x000000000000fbf0                alt_max_fd
 .sdata         0x000000000000fbf4        0x4 ../Enigma_bsp/\libucosii_bsp.a(alt_errno.o)
                0x000000000000fbf4                alt_errno
 .sdata         0x000000000000fbf8        0x4 ../Enigma_bsp/\libucosii_bsp.a(alt_irq_vars.o)
                0x000000000000fbf8                alt_priority_mask
 .sdata         0x000000000000fbfc        0x8 ../Enigma_bsp/\libucosii_bsp.a(alt_tick.o)
                0x000000000000fbfc                alt_alarm_list
 .sdata._global_impure_ptr
                0x000000000000fc04        0x4 d:/altera_lite/15.1/nios2eds/bin/gnu/h-x86_64-mingw32/bin/../lib/gcc/nios2-elf/4.9.2/../../../../../H-x86_64-mingw32/nios2-elf/lib/mhw-mulx\libc.a(lib_a-impure.o)
                0x000000000000fc04                _global_impure_ptr
 .sdata._impure_ptr
                0x000000000000fc08        0x4 d:/altera_lite/15.1/nios2eds/bin/gnu/h-x86_64-mingw32/bin/../lib/gcc/nios2-elf/4.9.2/../../../../../H-x86_64-mingw32/nios2-elf/lib/mhw-mulx\libc.a(lib_a-impure.o)
                0x000000000000fc08                _impure_ptr
 *(.sdata2 .sdata2.* .gnu.linkonce.s2.*)
                0x000000000000fc0c                . = ALIGN (0x4)
                0x000000000000fc0c                _edata = ABSOLUTE (.)
                0x000000000000fc0c                PROVIDE (edata, ABSOLUTE (.))
                0x000000000000fc0c                PROVIDE (__ram_rwdata_end, ABSOLUTE (.))
                0x000000000000fc0c                PROVIDE (__flash_rwdata_start, LOADADDR (.rwdata))

.bss            0x0000000000011950     0x74d0
                0x0000000000011950                __bss_start = ABSOLUTE (.)
                0x0000000000011950                PROVIDE (__sbss_start, ABSOLUTE (.))
                0x0000000000011950                PROVIDE (___sbss_start, ABSOLUTE (.))
 *(.dynsbss)
 *(.sbss .sbss.* .gnu.linkonce.sb.*)
 .sbss          0x0000000000011950        0xc obj/default/hello_ucosii.o
                0x0000000000011950                toggle
                0x0000000000011954                cycleCount
                0x0000000000011958                countercount
 .sbss          0x000000000001195c       0x1c obj/default/hello_ucosii.o
                0x000000000001195c                byte1
                0x0000000000011960                PS2_data
                0x0000000000011964                letter
                0x0000000000011965                strTemp
                0x0000000000011968                rotorNummer
                0x000000000001196c                RAVAIL
                0x0000000000011970                arrowTemp
                0x0000000000011972                test5
                0x0000000000011974                rij
 .sbss          0x0000000000011978        0xc ../Enigma_bsp/\libucosii_bsp.a(alt_main.o)
                0x0000000000011978                alt_argc
                0x000000000001197c                alt_argv
                0x0000000000011980                alt_envp
 .sbss          0x0000000000011984        0x8 ../Enigma_bsp/\libucosii_bsp.a(alt_env_lock.o)
                0x0000000000011988                alt_envsem
 .sbss          0x000000000001198c        0x8 ../Enigma_bsp/\libucosii_bsp.a(alt_malloc_lock.o)
                0x0000000000011990                alt_heapsem
 .sbss          0x0000000000011994       0x50 ../Enigma_bsp/\libucosii_bsp.a(os_core.o)
                0x0000000000011994                OSLockNesting
                0x0000000000011995                OSRunning
                0x0000000000011998                OSIdleCtr
                0x000000000001199c                OSPrioHighRdy
                0x000000000001199d                OSPrioCur
                0x00000000000119a0                OSTCBList
                0x00000000000119a4                OSTickStepState
                0x00000000000119a8                OSCtxSwCtr
                0x00000000000119ac                OSIdleCtrMax
                0x00000000000119b0                OSTCBFreeList
                0x00000000000119b4                OSCPUUsage
                0x00000000000119b5                OSTaskCtr
                0x00000000000119b8                OSMemFreeList
                0x00000000000119bc                OSTCBHighRdy
                0x00000000000119c0                OSQFreeList
                0x00000000000119c4                OSRdyGrp
                0x00000000000119c5                OSRdyTbl
                0x00000000000119c8                OSEventFreeList
                0x00000000000119cc                OSIntNesting
                0x00000000000119d0                OSTCBCur
                0x00000000000119d4                OSTime
                0x00000000000119d8                OSFlagFreeList
                0x00000000000119dc                OSStatRdy
                0x00000000000119e0                OSIdleCtrRun
 .sbss          0x00000000000119e4        0x4 ../Enigma_bsp/\libucosii_bsp.a(altera_up_ps2_keyboard.o)
 .sbss          0x00000000000119e8        0x4 ../Enigma_bsp/\libucosii_bsp.a(alt_dev.o)
                0x00000000000119e8                alt_fd_list_lock
 .sbss          0x00000000000119ec        0x4 ../Enigma_bsp/\libucosii_bsp.a(alt_irq_vars.o)
                0x00000000000119ec                alt_irq_active
 .sbss          0x00000000000119f0        0x8 ../Enigma_bsp/\libucosii_bsp.a(alt_tick.o)
                0x00000000000119f0                _alt_tick_rate
                0x00000000000119f4                _alt_nticks
 .sbss          0x00000000000119f8        0x4 ../Enigma_bsp/\libucosii_bsp.a(alt_instruction_exception_entry.o)
                0x00000000000119f8                alt_instruction_exception_handler
 .sbss          0x00000000000119fc        0x4 d:/altera_lite/15.1/nios2eds/bin/gnu/h-x86_64-mingw32/bin/../lib/gcc/nios2-elf/4.9.2/../../../../../H-x86_64-mingw32/nios2-elf/lib/mhw-mulx\libc.a(lib_a-int_errno.o)
                0x00000000000119fc                errno
 *(.sbss2 .sbss2.* .gnu.linkonce.sb2.*)
 *(.scommon)
                0x0000000000011a00                PROVIDE (__sbss_end, ABSOLUTE (.))
                0x0000000000011a00                PROVIDE (___sbss_end, ABSOLUTE (.))
 *(.dynbss)
 *(.bss .bss.* .gnu.linkonce.b.*)
 .bss           0x0000000000011a00        0x0 ../Enigma_bsp//obj/HAL/src/crt0.o
 .bss           0x0000000000011a00        0x0 obj/default/hello_ucosii.o
 .bss           0x0000000000011a00        0x0 d:/altera_lite/15.1/nios2eds/bin/gnu/h-x86_64-mingw32/bin/../lib/gcc/nios2-elf/4.9.2/../../../../../H-x86_64-mingw32/nios2-elf/lib/mhw-mulx\libc.a(lib_a-strcmp.o)
 .bss           0x0000000000011a00        0x0 d:/altera_lite/15.1/nios2eds/bin/gnu/h-x86_64-mingw32/bin/../lib/gcc/nios2-elf/4.9.2/../../../../../H-x86_64-mingw32/nios2-elf/lib/mhw-mulx\libc.a(lib_a-strlen.o)
 .bss           0x0000000000011a00        0x0 ../Enigma_bsp/\libucosii_bsp.a(alt_load.o)
 .bss           0x0000000000011a00        0x0 ../Enigma_bsp/\libucosii_bsp.a(alt_main.o)
 .bss           0x0000000000011a00        0x0 ../Enigma_bsp/\libucosii_bsp.a(alt_env_lock.o)
 .bss           0x0000000000011a00        0x0 ../Enigma_bsp/\libucosii_bsp.a(alt_malloc_lock.o)
 .bss           0x0000000000011a00        0x0 ../Enigma_bsp/\libucosii_bsp.a(os_core.o)
 .bss           0x0000000000011a00        0x0 ../Enigma_bsp/\libucosii_bsp.a(os_dbg.o)
 .bss           0x0000000000011a00        0x0 ../Enigma_bsp/\libucosii_bsp.a(os_flag.o)
 .bss           0x0000000000011a00        0x0 ../Enigma_bsp/\libucosii_bsp.a(os_mem.o)
 .bss           0x0000000000011a00        0x0 ../Enigma_bsp/\libucosii_bsp.a(os_q.o)
 .bss           0x0000000000011a00        0x0 ../Enigma_bsp/\libucosii_bsp.a(os_sem.o)
 .bss           0x0000000000011a00        0x0 ../Enigma_bsp/\libucosii_bsp.a(os_task.o)
 .bss           0x0000000000011a00        0x0 ../Enigma_bsp/\libucosii_bsp.a(os_time.o)
 .bss           0x0000000000011a00        0x0 ../Enigma_bsp/\libucosii_bsp.a(alt_sys_init.o)
 .bss           0x0000000000011a00        0x0 ../Enigma_bsp/\libucosii_bsp.a(altera_avalon_jtag_uart_fd.o)
 .bss           0x0000000000011a00        0x0 ../Enigma_bsp/\libucosii_bsp.a(altera_avalon_jtag_uart_init.o)
 .bss           0x0000000000011a00        0x0 ../Enigma_bsp/\libucosii_bsp.a(altera_avalon_jtag_uart_ioctl.o)
 .bss           0x0000000000011a00        0x0 ../Enigma_bsp/\libucosii_bsp.a(altera_avalon_jtag_uart_read.o)
 .bss           0x0000000000011a00        0x0 ../Enigma_bsp/\libucosii_bsp.a(altera_avalon_jtag_uart_write.o)
 .bss           0x0000000000011a00        0x0 ../Enigma_bsp/\libucosii_bsp.a(altera_avalon_timer_sc.o)
 .bss           0x0000000000011a00        0x0 ../Enigma_bsp/\libucosii_bsp.a(altera_up_avalon_character_lcd.o)
 .bss           0x0000000000011a00        0x0 ../Enigma_bsp/\libucosii_bsp.a(altera_up_avalon_irda.o)
 .bss           0x0000000000011a00        0x0 ../Enigma_bsp/\libucosii_bsp.a(altera_up_avalon_ps2.o)
 .bss           0x0000000000011a00        0x0 ../Enigma_bsp/\libucosii_bsp.a(altera_up_avalon_rs232.o)
 .bss           0x0000000000011a00        0x0 ../Enigma_bsp/\libucosii_bsp.a(altera_up_avalon_video_character_buffer_with_dma.o)
 .bss           0x0000000000011a00        0x0 ../Enigma_bsp/\libucosii_bsp.a(altera_up_ps2_keyboard.o)
 .bss           0x0000000000011a00        0x0 ../Enigma_bsp/\libucosii_bsp.a(alt_alarm_start.o)
 .bss           0x0000000000011a00        0x0 ../Enigma_bsp/\libucosii_bsp.a(alt_close.o)
 .bss           0x0000000000011a00        0x0 ../Enigma_bsp/\libucosii_bsp.a(alt_dcache_flush_all.o)
 .bss           0x0000000000011a00        0x0 ../Enigma_bsp/\libucosii_bsp.a(alt_dev.o)
 .bss           0x0000000000011a00        0x0 ../Enigma_bsp/\libucosii_bsp.a(alt_dev_llist_insert.o)
 .bss           0x0000000000011a00        0x0 ../Enigma_bsp/\libucosii_bsp.a(alt_do_ctors.o)
 .bss           0x0000000000011a00        0x0 ../Enigma_bsp/\libucosii_bsp.a(alt_do_dtors.o)
 .bss           0x0000000000011a00        0x0 ../Enigma_bsp/\libucosii_bsp.a(alt_errno.o)
 .bss           0x0000000000011a00        0x0 ../Enigma_bsp/\libucosii_bsp.a(alt_find_dev.o)
 .bss           0x0000000000011a00        0x0 ../Enigma_bsp/\libucosii_bsp.a(alt_icache_flush_all.o)
 .bss           0x0000000000011a00        0x0 ../Enigma_bsp/\libucosii_bsp.a(alt_io_redirect.o)
 .bss           0x0000000000011a00        0x0 ../Enigma_bsp/\libucosii_bsp.a(alt_irq_register.o)
 .bss           0x0000000000011a00        0x0 ../Enigma_bsp/\libucosii_bsp.a(alt_irq_vars.o)
 .bss           0x0000000000011a00        0x0 ../Enigma_bsp/\libucosii_bsp.a(alt_open.o)
 .bss           0x0000000000011a00        0x0 ../Enigma_bsp/\libucosii_bsp.a(alt_release_fd.o)
 .bss           0x0000000000011a00        0x0 ../Enigma_bsp/\libucosii_bsp.a(alt_tick.o)
 .bss           0x0000000000011a00        0x0 ../Enigma_bsp/\libucosii_bsp.a(altera_nios2_gen2_irq.o)
 .bss           0x0000000000011a00        0x0 ../Enigma_bsp/\libucosii_bsp.a(os_cpu_a.o)
 .bss           0x0000000000011a00        0x0 ../Enigma_bsp/\libucosii_bsp.a(os_cpu_c.o)
 .bss           0x0000000000011a00        0x0 ../Enigma_bsp/\libucosii_bsp.a(alt_find_file.o)
 .bss           0x0000000000011a00        0x0 ../Enigma_bsp/\libucosii_bsp.a(alt_get_fd.o)
 .bss           0x0000000000011a00        0x0 ../Enigma_bsp/\libucosii_bsp.a(alt_icache_flush.o)
 .bss           0x0000000000011a00        0x0 ../Enigma_bsp/\libucosii_bsp.a(alt_irq_entry.o)
 .bss           0x0000000000011a00        0x0 ../Enigma_bsp/\libucosii_bsp.a(alt_irq_handler.o)
 .bss           0x0000000000011a00        0x0 ../Enigma_bsp/\libucosii_bsp.a(alt_exception_entry.o)
 .bss           0x0000000000011a00        0x0 ../Enigma_bsp/\libucosii_bsp.a(alt_instruction_exception_entry.o)
 .bss           0x0000000000011a00        0x0 d:/altera_lite/15.1/nios2eds/bin/gnu/h-x86_64-mingw32/bin/../lib/gcc/nios2-elf/4.9.2/../../../../../H-x86_64-mingw32/nios2-elf/lib/mhw-mulx\libc.a(lib_a-atexit.o)
 .bss           0x0000000000011a00        0x0 d:/altera_lite/15.1/nios2eds/bin/gnu/h-x86_64-mingw32/bin/../lib/gcc/nios2-elf/4.9.2/../../../../../H-x86_64-mingw32/nios2-elf/lib/mhw-mulx\libc.a(lib_a-exit.o)
 .bss           0x0000000000011a00        0x0 d:/altera_lite/15.1/nios2eds/bin/gnu/h-x86_64-mingw32/bin/../lib/gcc/nios2-elf/4.9.2/../../../../../H-x86_64-mingw32/nios2-elf/lib/mhw-mulx\libc.a(lib_a-impure.o)
 .bss           0x0000000000011a00        0x0 d:/altera_lite/15.1/nios2eds/bin/gnu/h-x86_64-mingw32/bin/../lib/gcc/nios2-elf/4.9.2/../../../../../H-x86_64-mingw32/nios2-elf/lib/mhw-mulx\libc.a(lib_a-int_errno.o)
 .bss           0x0000000000011a00        0x0 d:/altera_lite/15.1/nios2eds/bin/gnu/h-x86_64-mingw32/bin/../lib/gcc/nios2-elf/4.9.2/../../../../../H-x86_64-mingw32/nios2-elf/lib/mhw-mulx\libc.a(lib_a-memcmp.o)
 .bss           0x0000000000011a00        0x0 d:/altera_lite/15.1/nios2eds/bin/gnu/h-x86_64-mingw32/bin/../lib/gcc/nios2-elf/4.9.2/../../../../../H-x86_64-mingw32/nios2-elf/lib/mhw-mulx\libc.a(lib_a-memcpy.o)
 .bss           0x0000000000011a00        0x0 d:/altera_lite/15.1/nios2eds/bin/gnu/h-x86_64-mingw32/bin/../lib/gcc/nios2-elf/4.9.2/../../../../../H-x86_64-mingw32/nios2-elf/lib/mhw-mulx\libc.a(lib_a-memset.o)
 .bss           0x0000000000011a00        0x0 d:/altera_lite/15.1/nios2eds/bin/gnu/h-x86_64-mingw32/bin/../lib/gcc/nios2-elf/4.9.2/../../../../../H-x86_64-mingw32/nios2-elf/lib/mhw-mulx\libc.a(lib_a-strcpy.o)
 .bss           0x0000000000011a00        0x0 d:/altera_lite/15.1/nios2eds/bin/gnu/h-x86_64-mingw32/bin/../lib/gcc/nios2-elf/4.9.2/../../../../../H-x86_64-mingw32/nios2-elf/lib/mhw-mulx\libc.a(lib_a-__atexit.o)
 .bss           0x0000000000011a00        0x0 d:/altera_lite/15.1/nios2eds/bin/gnu/h-x86_64-mingw32/bin/../lib/gcc/nios2-elf/4.9.2/../../../../../H-x86_64-mingw32/nios2-elf/lib/mhw-mulx\libc.a(lib_a-__call_atexit.o)
 .bss           0x0000000000011a00        0x0 ../Enigma_bsp/\libucosii_bsp.a(alt_exit.o)
 *(COMMON)
 COMMON         0x0000000000011a00     0x40fa obj/default/hello_ucosii.o
                0x0000000000011a00                task1_stk
                0x0000000000013a00                letterLijst
                0x0000000000013a8c                task2_stk
                0x0000000000015a8c                ascii
                0x0000000000015ab4                cijferLijst
 *fill*         0x0000000000015afa        0x2 
 COMMON         0x0000000000015afc     0x3224 ../Enigma_bsp/\libucosii_bsp.a(os_core.o)
                0x0000000000015afc                OSFlagTbl
                0x0000000000015e6c                OSMemTbl
                0x0000000000016a9c                OSTaskStatStk
                0x000000000001729c                OSQTbl
                0x000000000001747c                OSTaskIdleStk
                0x0000000000017c7c                OSEventTbl
                0x00000000000187bc                OSTCBTbl
                0x0000000000018ccc                OSTCBPrioTbl
 COMMON         0x0000000000018d20      0x100 ../Enigma_bsp/\libucosii_bsp.a(alt_irq_handler.o)
                0x0000000000018d20                alt_irq
                0x0000000000018e20                . = ALIGN (0x4)
                0x0000000000018e20                __bss_end = ABSOLUTE (.)

.SDRAM          0x0000000000018e20        0x0
                0x0000000000018e20                PROVIDE (_alt_partition_SDRAM_start, ABSOLUTE (.))
 *(.SDRAM .SDRAM. SDRAM.*)
                0x0000000000018e20                . = ALIGN (0x4)
                0x0000000000018e20                PROVIDE (_alt_partition_SDRAM_end, ABSOLUTE (.))
                0x0000000000018e20                _end = ABSOLUTE (.)
                0x0000000000018e20                end = ABSOLUTE (.)
                0x0000000000018e20                __alt_stack_base = ABSOLUTE (.)
                0x0000000000018e20                PROVIDE (_alt_partition_SDRAM_load_addr, LOADADDR (.SDRAM))

.Flash_flash_data
                0x000000000c000000        0x0 load address 0x0000000000018e20
                0x000000000c000000                PROVIDE (_alt_partition_Flash_flash_data_start, ABSOLUTE (.))
 *(.Flash_flash_data .Flash_flash_data. Flash_flash_data.*)
                0x000000000c000000                . = ALIGN (0x4)
                0x000000000c000000                PROVIDE (_alt_partition_Flash_flash_data_end, ABSOLUTE (.))
                0x0000000000018e20                PROVIDE (_alt_partition_Flash_flash_data_load_addr, LOADADDR (.Flash_flash_data))

.stab
 *(.stab)

.stabstr
 *(.stabstr)

.stab.excl
 *(.stab.excl)

.stab.exclstr
 *(.stab.exclstr)

.stab.index
 *(.stab.index)

.stab.indexstr
 *(.stab.indexstr)

.comment        0x0000000000000000       0x23
 *(.comment)
 .comment       0x0000000000000000       0x23 obj/default/hello_ucosii.o
                                         0x24 (size before relaxing)
 .comment       0x0000000000000000       0x24 d:/altera_lite/15.1/nios2eds/bin/gnu/h-x86_64-mingw32/bin/../lib/gcc/nios2-elf/4.9.2/../../../../../H-x86_64-mingw32/nios2-elf/lib/mhw-mulx\libc.a(lib_a-strcmp.o)
 .comment       0x0000000000000000       0x24 d:/altera_lite/15.1/nios2eds/bin/gnu/h-x86_64-mingw32/bin/../lib/gcc/nios2-elf/4.9.2/../../../../../H-x86_64-mingw32/nios2-elf/lib/mhw-mulx\libc.a(lib_a-strlen.o)
 .comment       0x0000000000000000       0x24 ../Enigma_bsp/\libucosii_bsp.a(alt_load.o)
 .comment       0x0000000000000000       0x24 ../Enigma_bsp/\libucosii_bsp.a(alt_main.o)
 .comment       0x0000000000000000       0x24 ../Enigma_bsp/\libucosii_bsp.a(alt_env_lock.o)
 .comment       0x0000000000000000       0x24 ../Enigma_bsp/\libucosii_bsp.a(alt_malloc_lock.o)
 .comment       0x0000000000000000       0x24 ../Enigma_bsp/\libucosii_bsp.a(os_core.o)
 .comment       0x0000000000000000       0x24 ../Enigma_bsp/\libucosii_bsp.a(os_dbg.o)
 .comment       0x0000000000000000       0x24 ../Enigma_bsp/\libucosii_bsp.a(os_flag.o)
 .comment       0x0000000000000000       0x24 ../Enigma_bsp/\libucosii_bsp.a(os_mem.o)
 .comment       0x0000000000000000       0x24 ../Enigma_bsp/\libucosii_bsp.a(os_q.o)
 .comment       0x0000000000000000       0x24 ../Enigma_bsp/\libucosii_bsp.a(os_sem.o)
 .comment       0x0000000000000000       0x24 ../Enigma_bsp/\libucosii_bsp.a(os_task.o)
 .comment       0x0000000000000000       0x24 ../Enigma_bsp/\libucosii_bsp.a(os_time.o)
 .comment       0x0000000000000000       0x24 ../Enigma_bsp/\libucosii_bsp.a(alt_sys_init.o)
 .comment       0x0000000000000000       0x24 ../Enigma_bsp/\libucosii_bsp.a(altera_avalon_jtag_uart_fd.o)
 .comment       0x0000000000000000       0x24 ../Enigma_bsp/\libucosii_bsp.a(altera_avalon_jtag_uart_init.o)
 .comment       0x0000000000000000       0x24 ../Enigma_bsp/\libucosii_bsp.a(altera_avalon_jtag_uart_ioctl.o)
 .comment       0x0000000000000000       0x24 ../Enigma_bsp/\libucosii_bsp.a(altera_avalon_jtag_uart_read.o)
 .comment       0x0000000000000000       0x24 ../Enigma_bsp/\libucosii_bsp.a(altera_avalon_jtag_uart_write.o)
 .comment       0x0000000000000000       0x24 ../Enigma_bsp/\libucosii_bsp.a(altera_avalon_timer_sc.o)
 .comment       0x0000000000000000       0x24 ../Enigma_bsp/\libucosii_bsp.a(altera_up_avalon_character_lcd.o)
 .comment       0x0000000000000000       0x24 ../Enigma_bsp/\libucosii_bsp.a(altera_up_avalon_irda.o)
 .comment       0x0000000000000000       0x24 ../Enigma_bsp/\libucosii_bsp.a(altera_up_avalon_ps2.o)
 .comment       0x0000000000000000       0x24 ../Enigma_bsp/\libucosii_bsp.a(altera_up_avalon_rs232.o)
 .comment       0x0000000000000000       0x24 ../Enigma_bsp/\libucosii_bsp.a(altera_up_avalon_video_character_buffer_with_dma.o)
 .comment       0x0000000000000000       0x24 ../Enigma_bsp/\libucosii_bsp.a(altera_up_ps2_keyboard.o)
 .comment       0x0000000000000000       0x24 ../Enigma_bsp/\libucosii_bsp.a(alt_alarm_start.o)
 .comment       0x0000000000000000       0x24 ../Enigma_bsp/\libucosii_bsp.a(alt_close.o)
 .comment       0x0000000000000000       0x24 ../Enigma_bsp/\libucosii_bsp.a(alt_dcache_flush_all.o)
 .comment       0x0000000000000000       0x24 ../Enigma_bsp/\libucosii_bsp.a(alt_dev.o)
 .comment       0x0000000000000000       0x24 ../Enigma_bsp/\libucosii_bsp.a(alt_dev_llist_insert.o)
 .comment       0x0000000000000000       0x24 ../Enigma_bsp/\libucosii_bsp.a(alt_do_ctors.o)
 .comment       0x0000000000000000       0x24 ../Enigma_bsp/\libucosii_bsp.a(alt_do_dtors.o)
 .comment       0x0000000000000000       0x24 ../Enigma_bsp/\libucosii_bsp.a(alt_errno.o)
 .comment       0x0000000000000000       0x24 ../Enigma_bsp/\libucosii_bsp.a(alt_find_dev.o)
 .comment       0x0000000000000000       0x24 ../Enigma_bsp/\libucosii_bsp.a(alt_icache_flush_all.o)
 .comment       0x0000000000000000       0x24 ../Enigma_bsp/\libucosii_bsp.a(alt_io_redirect.o)
 .comment       0x0000000000000000       0x24 ../Enigma_bsp/\libucosii_bsp.a(alt_irq_register.o)
 .comment       0x0000000000000000       0x24 ../Enigma_bsp/\libucosii_bsp.a(alt_irq_vars.o)
 .comment       0x0000000000000000       0x24 ../Enigma_bsp/\libucosii_bsp.a(alt_open.o)
 .comment       0x0000000000000000       0x24 ../Enigma_bsp/\libucosii_bsp.a(alt_release_fd.o)
 .comment       0x0000000000000000       0x24 ../Enigma_bsp/\libucosii_bsp.a(alt_tick.o)
 .comment       0x0000000000000000       0x24 ../Enigma_bsp/\libucosii_bsp.a(altera_nios2_gen2_irq.o)
 .comment       0x0000000000000000       0x24 ../Enigma_bsp/\libucosii_bsp.a(os_cpu_c.o)
 .comment       0x0000000000000000       0x24 ../Enigma_bsp/\libucosii_bsp.a(alt_find_file.o)
 .comment       0x0000000000000000       0x24 ../Enigma_bsp/\libucosii_bsp.a(alt_get_fd.o)
 .comment       0x0000000000000000       0x24 ../Enigma_bsp/\libucosii_bsp.a(alt_icache_flush.o)
 .comment       0x0000000000000000       0x24 ../Enigma_bsp/\libucosii_bsp.a(alt_irq_handler.o)
 .comment       0x0000000000000000       0x24 ../Enigma_bsp/\libucosii_bsp.a(alt_instruction_exception_entry.o)
 .comment       0x0000000000000000       0x24 d:/altera_lite/15.1/nios2eds/bin/gnu/h-x86_64-mingw32/bin/../lib/gcc/nios2-elf/4.9.2/../../../../../H-x86_64-mingw32/nios2-elf/lib/mhw-mulx\libc.a(lib_a-atexit.o)
 .comment       0x0000000000000000       0x24 d:/altera_lite/15.1/nios2eds/bin/gnu/h-x86_64-mingw32/bin/../lib/gcc/nios2-elf/4.9.2/../../../../../H-x86_64-mingw32/nios2-elf/lib/mhw-mulx\libc.a(lib_a-exit.o)
 .comment       0x0000000000000000       0x24 d:/altera_lite/15.1/nios2eds/bin/gnu/h-x86_64-mingw32/bin/../lib/gcc/nios2-elf/4.9.2/../../../../../H-x86_64-mingw32/nios2-elf/lib/mhw-mulx\libc.a(lib_a-impure.o)
 .comment       0x0000000000000000       0x24 d:/altera_lite/15.1/nios2eds/bin/gnu/h-x86_64-mingw32/bin/../lib/gcc/nios2-elf/4.9.2/../../../../../H-x86_64-mingw32/nios2-elf/lib/mhw-mulx\libc.a(lib_a-int_errno.o)
 .comment       0x0000000000000000       0x24 d:/altera_lite/15.1/nios2eds/bin/gnu/h-x86_64-mingw32/bin/../lib/gcc/nios2-elf/4.9.2/../../../../../H-x86_64-mingw32/nios2-elf/lib/mhw-mulx\libc.a(lib_a-memcmp.o)
 .comment       0x0000000000000000       0x24 d:/altera_lite/15.1/nios2eds/bin/gnu/h-x86_64-mingw32/bin/../lib/gcc/nios2-elf/4.9.2/../../../../../H-x86_64-mingw32/nios2-elf/lib/mhw-mulx\libc.a(lib_a-memcpy.o)
 .comment       0x0000000000000000       0x24 d:/altera_lite/15.1/nios2eds/bin/gnu/h-x86_64-mingw32/bin/../lib/gcc/nios2-elf/4.9.2/../../../../../H-x86_64-mingw32/nios2-elf/lib/mhw-mulx\libc.a(lib_a-memset.o)
 .comment       0x0000000000000000       0x24 d:/altera_lite/15.1/nios2eds/bin/gnu/h-x86_64-mingw32/bin/../lib/gcc/nios2-elf/4.9.2/../../../../../H-x86_64-mingw32/nios2-elf/lib/mhw-mulx\libc.a(lib_a-strcpy.o)
 .comment       0x0000000000000000       0x24 d:/altera_lite/15.1/nios2eds/bin/gnu/h-x86_64-mingw32/bin/../lib/gcc/nios2-elf/4.9.2/../../../../../H-x86_64-mingw32/nios2-elf/lib/mhw-mulx\libc.a(lib_a-__atexit.o)
 .comment       0x0000000000000000       0x24 d:/altera_lite/15.1/nios2eds/bin/gnu/h-x86_64-mingw32/bin/../lib/gcc/nios2-elf/4.9.2/../../../../../H-x86_64-mingw32/nios2-elf/lib/mhw-mulx\libc.a(lib_a-__call_atexit.o)
 .comment       0x0000000000000000       0x24 ../Enigma_bsp/\libucosii_bsp.a(alt_exit.o)

.debug
 *(.debug)

.line
 *(.line)

.debug_srcinfo
 *(.debug_srcinfo)

.debug_sfnames
 *(.debug_sfnames)

.debug_aranges  0x0000000000000000      0x858
 *(.debug_aranges)
 .debug_aranges
                0x0000000000000000       0x28 ../Enigma_bsp//obj/HAL/src/crt0.o
 .debug_aranges
                0x0000000000000028       0x20 obj/default/hello_ucosii.o
 .debug_aranges
                0x0000000000000048       0x20 d:/altera_lite/15.1/nios2eds/bin/gnu/h-x86_64-mingw32/bin/../lib/gcc/nios2-elf/4.9.2/../../../../../H-x86_64-mingw32/nios2-elf/lib/mhw-mulx\libc.a(lib_a-strcmp.o)
 .debug_aranges
                0x0000000000000068       0x20 d:/altera_lite/15.1/nios2eds/bin/gnu/h-x86_64-mingw32/bin/../lib/gcc/nios2-elf/4.9.2/../../../../../H-x86_64-mingw32/nios2-elf/lib/mhw-mulx\libc.a(lib_a-strlen.o)
 .debug_aranges
                0x0000000000000088       0x20 ../Enigma_bsp/\libucosii_bsp.a(alt_load.o)
 .debug_aranges
                0x00000000000000a8       0x20 ../Enigma_bsp/\libucosii_bsp.a(alt_main.o)
 .debug_aranges
                0x00000000000000c8       0x20 ../Enigma_bsp/\libucosii_bsp.a(alt_env_lock.o)
 .debug_aranges
                0x00000000000000e8       0x20 ../Enigma_bsp/\libucosii_bsp.a(alt_malloc_lock.o)
 .debug_aranges
                0x0000000000000108       0x20 ../Enigma_bsp/\libucosii_bsp.a(os_core.o)
 .debug_aranges
                0x0000000000000128       0x20 ../Enigma_bsp/\libucosii_bsp.a(os_dbg.o)
 .debug_aranges
                0x0000000000000148       0x20 ../Enigma_bsp/\libucosii_bsp.a(os_flag.o)
 .debug_aranges
                0x0000000000000168       0x20 ../Enigma_bsp/\libucosii_bsp.a(os_mem.o)
 .debug_aranges
                0x0000000000000188       0x20 ../Enigma_bsp/\libucosii_bsp.a(os_q.o)
 .debug_aranges
                0x00000000000001a8       0x20 ../Enigma_bsp/\libucosii_bsp.a(os_sem.o)
 .debug_aranges
                0x00000000000001c8       0x20 ../Enigma_bsp/\libucosii_bsp.a(os_task.o)
 .debug_aranges
                0x00000000000001e8       0x20 ../Enigma_bsp/\libucosii_bsp.a(os_time.o)
 .debug_aranges
                0x0000000000000208       0x20 ../Enigma_bsp/\libucosii_bsp.a(alt_sys_init.o)
 .debug_aranges
                0x0000000000000228       0x20 ../Enigma_bsp/\libucosii_bsp.a(altera_avalon_jtag_uart_fd.o)
 .debug_aranges
                0x0000000000000248       0x20 ../Enigma_bsp/\libucosii_bsp.a(altera_avalon_jtag_uart_init.o)
 .debug_aranges
                0x0000000000000268       0x20 ../Enigma_bsp/\libucosii_bsp.a(altera_avalon_jtag_uart_ioctl.o)
 .debug_aranges
                0x0000000000000288       0x20 ../Enigma_bsp/\libucosii_bsp.a(altera_avalon_jtag_uart_read.o)
 .debug_aranges
                0x00000000000002a8       0x20 ../Enigma_bsp/\libucosii_bsp.a(altera_avalon_jtag_uart_write.o)
 .debug_aranges
                0x00000000000002c8       0x20 ../Enigma_bsp/\libucosii_bsp.a(altera_avalon_timer_sc.o)
 .debug_aranges
                0x00000000000002e8       0x20 ../Enigma_bsp/\libucosii_bsp.a(altera_up_avalon_character_lcd.o)
 .debug_aranges
                0x0000000000000308       0x20 ../Enigma_bsp/\libucosii_bsp.a(altera_up_avalon_irda.o)
 .debug_aranges
                0x0000000000000328       0x20 ../Enigma_bsp/\libucosii_bsp.a(altera_up_avalon_ps2.o)
 .debug_aranges
                0x0000000000000348       0x20 ../Enigma_bsp/\libucosii_bsp.a(altera_up_avalon_rs232.o)
 .debug_aranges
                0x0000000000000368       0x20 ../Enigma_bsp/\libucosii_bsp.a(altera_up_avalon_video_character_buffer_with_dma.o)
 .debug_aranges
                0x0000000000000388       0x20 ../Enigma_bsp/\libucosii_bsp.a(altera_up_ps2_keyboard.o)
 .debug_aranges
                0x00000000000003a8       0x20 ../Enigma_bsp/\libucosii_bsp.a(alt_alarm_start.o)
 .debug_aranges
                0x00000000000003c8       0x20 ../Enigma_bsp/\libucosii_bsp.a(alt_close.o)
 .debug_aranges
                0x00000000000003e8       0x20 ../Enigma_bsp/\libucosii_bsp.a(alt_dcache_flush_all.o)
 .debug_aranges
                0x0000000000000408       0x20 ../Enigma_bsp/\libucosii_bsp.a(alt_dev.o)
 .debug_aranges
                0x0000000000000428       0x20 ../Enigma_bsp/\libucosii_bsp.a(alt_dev_llist_insert.o)
 .debug_aranges
                0x0000000000000448       0x20 ../Enigma_bsp/\libucosii_bsp.a(alt_do_ctors.o)
 .debug_aranges
                0x0000000000000468       0x20 ../Enigma_bsp/\libucosii_bsp.a(alt_do_dtors.o)
 .debug_aranges
                0x0000000000000488       0x18 ../Enigma_bsp/\libucosii_bsp.a(alt_errno.o)
 .debug_aranges
                0x00000000000004a0       0x20 ../Enigma_bsp/\libucosii_bsp.a(alt_find_dev.o)
 .debug_aranges
                0x00000000000004c0       0x20 ../Enigma_bsp/\libucosii_bsp.a(alt_icache_flush_all.o)
 .debug_aranges
                0x00000000000004e0       0x20 ../Enigma_bsp/\libucosii_bsp.a(alt_io_redirect.o)
 .debug_aranges
                0x0000000000000500       0x20 ../Enigma_bsp/\libucosii_bsp.a(alt_irq_register.o)
 .debug_aranges
                0x0000000000000520       0x18 ../Enigma_bsp/\libucosii_bsp.a(alt_irq_vars.o)
 .debug_aranges
                0x0000000000000538       0x20 ../Enigma_bsp/\libucosii_bsp.a(alt_open.o)
 .debug_aranges
                0x0000000000000558       0x20 ../Enigma_bsp/\libucosii_bsp.a(alt_release_fd.o)
 .debug_aranges
                0x0000000000000578       0x20 ../Enigma_bsp/\libucosii_bsp.a(alt_tick.o)
 .debug_aranges
                0x0000000000000598       0x20 ../Enigma_bsp/\libucosii_bsp.a(altera_nios2_gen2_irq.o)
 .debug_aranges
                0x00000000000005b8       0x20 ../Enigma_bsp/\libucosii_bsp.a(os_cpu_a.o)
 .debug_aranges
                0x00000000000005d8       0x20 ../Enigma_bsp/\libucosii_bsp.a(os_cpu_c.o)
 .debug_aranges
                0x00000000000005f8       0x20 ../Enigma_bsp/\libucosii_bsp.a(alt_find_file.o)
 .debug_aranges
                0x0000000000000618       0x20 ../Enigma_bsp/\libucosii_bsp.a(alt_get_fd.o)
 .debug_aranges
                0x0000000000000638       0x20 ../Enigma_bsp/\libucosii_bsp.a(alt_icache_flush.o)
 .debug_aranges
                0x0000000000000658       0x30 ../Enigma_bsp/\libucosii_bsp.a(alt_irq_entry.o)
 .debug_aranges
                0x0000000000000688       0x20 ../Enigma_bsp/\libucosii_bsp.a(alt_irq_handler.o)
 .debug_aranges
                0x00000000000006a8       0x38 ../Enigma_bsp/\libucosii_bsp.a(alt_exception_entry.o)
 .debug_aranges
                0x00000000000006e0       0x28 ../Enigma_bsp/\libucosii_bsp.a(alt_instruction_exception_entry.o)
 .debug_aranges
                0x0000000000000708       0x20 d:/altera_lite/15.1/nios2eds/bin/gnu/h-x86_64-mingw32/bin/../lib/gcc/nios2-elf/4.9.2/../../../../../H-x86_64-mingw32/nios2-elf/lib/mhw-mulx\libc.a(lib_a-atexit.o)
 .debug_aranges
                0x0000000000000728       0x20 d:/altera_lite/15.1/nios2eds/bin/gnu/h-x86_64-mingw32/bin/../lib/gcc/nios2-elf/4.9.2/../../../../../H-x86_64-mingw32/nios2-elf/lib/mhw-mulx\libc.a(lib_a-exit.o)
 .debug_aranges
                0x0000000000000748       0x18 d:/altera_lite/15.1/nios2eds/bin/gnu/h-x86_64-mingw32/bin/../lib/gcc/nios2-elf/4.9.2/../../../../../H-x86_64-mingw32/nios2-elf/lib/mhw-mulx\libc.a(lib_a-impure.o)
 .debug_aranges
                0x0000000000000760       0x18 d:/altera_lite/15.1/nios2eds/bin/gnu/h-x86_64-mingw32/bin/../lib/gcc/nios2-elf/4.9.2/../../../../../H-x86_64-mingw32/nios2-elf/lib/mhw-mulx\libc.a(lib_a-int_errno.o)
 .debug_aranges
                0x0000000000000778       0x20 d:/altera_lite/15.1/nios2eds/bin/gnu/h-x86_64-mingw32/bin/../lib/gcc/nios2-elf/4.9.2/../../../../../H-x86_64-mingw32/nios2-elf/lib/mhw-mulx\libc.a(lib_a-memcmp.o)
 .debug_aranges
                0x0000000000000798       0x20 d:/altera_lite/15.1/nios2eds/bin/gnu/h-x86_64-mingw32/bin/../lib/gcc/nios2-elf/4.9.2/../../../../../H-x86_64-mingw32/nios2-elf/lib/mhw-mulx\libc.a(lib_a-memcpy.o)
 .debug_aranges
                0x00000000000007b8       0x20 d:/altera_lite/15.1/nios2eds/bin/gnu/h-x86_64-mingw32/bin/../lib/gcc/nios2-elf/4.9.2/../../../../../H-x86_64-mingw32/nios2-elf/lib/mhw-mulx\libc.a(lib_a-memset.o)
 .debug_aranges
                0x00000000000007d8       0x20 d:/altera_lite/15.1/nios2eds/bin/gnu/h-x86_64-mingw32/bin/../lib/gcc/nios2-elf/4.9.2/../../../../../H-x86_64-mingw32/nios2-elf/lib/mhw-mulx\libc.a(lib_a-strcpy.o)
 .debug_aranges
                0x00000000000007f8       0x20 d:/altera_lite/15.1/nios2eds/bin/gnu/h-x86_64-mingw32/bin/../lib/gcc/nios2-elf/4.9.2/../../../../../H-x86_64-mingw32/nios2-elf/lib/mhw-mulx\libc.a(lib_a-__atexit.o)
 .debug_aranges
                0x0000000000000818       0x20 d:/altera_lite/15.1/nios2eds/bin/gnu/h-x86_64-mingw32/bin/../lib/gcc/nios2-elf/4.9.2/../../../../../H-x86_64-mingw32/nios2-elf/lib/mhw-mulx\libc.a(lib_a-__call_atexit.o)
 .debug_aranges
                0x0000000000000838       0x20 ../Enigma_bsp/\libucosii_bsp.a(alt_exit.o)

.debug_pubnames
 *(.debug_pubnames)

.debug_info     0x0000000000000000    0x146fd
 *(.debug_info .gnu.linkonce.wi.*)
 .debug_info    0x0000000000000000       0xa7 ../Enigma_bsp//obj/HAL/src/crt0.o
 .debug_info    0x00000000000000a7      0x4e6 obj/default/hello_ucosii.o
 .debug_info    0x000000000000058d       0xdd d:/altera_lite/15.1/nios2eds/bin/gnu/h-x86_64-mingw32/bin/../lib/gcc/nios2-elf/4.9.2/../../../../../H-x86_64-mingw32/nios2-elf/lib/mhw-mulx\libc.a(lib_a-strcmp.o)
 .debug_info    0x000000000000066a       0xdb d:/altera_lite/15.1/nios2eds/bin/gnu/h-x86_64-mingw32/bin/../lib/gcc/nios2-elf/4.9.2/../../../../../H-x86_64-mingw32/nios2-elf/lib/mhw-mulx\libc.a(lib_a-strlen.o)
 .debug_info    0x0000000000000745      0x13e ../Enigma_bsp/\libucosii_bsp.a(alt_load.o)
 .debug_info    0x0000000000000883      0x27c ../Enigma_bsp/\libucosii_bsp.a(alt_main.o)
 .debug_info    0x0000000000000aff      0xc76 ../Enigma_bsp/\libucosii_bsp.a(alt_env_lock.o)
 .debug_info    0x0000000000001775      0xdbc ../Enigma_bsp/\libucosii_bsp.a(alt_malloc_lock.o)
 .debug_info    0x0000000000002531     0x161c ../Enigma_bsp/\libucosii_bsp.a(os_core.o)
 .debug_info    0x0000000000003b4d      0xab7 ../Enigma_bsp/\libucosii_bsp.a(os_dbg.o)
 .debug_info    0x0000000000004604      0xfab ../Enigma_bsp/\libucosii_bsp.a(os_flag.o)
 .debug_info    0x00000000000055af      0x689 ../Enigma_bsp/\libucosii_bsp.a(os_mem.o)
 .debug_info    0x0000000000005c38      0xdb2 ../Enigma_bsp/\libucosii_bsp.a(os_q.o)
 .debug_info    0x00000000000069ea      0xa13 ../Enigma_bsp/\libucosii_bsp.a(os_sem.o)
 .debug_info    0x00000000000073fd     0x1126 ../Enigma_bsp/\libucosii_bsp.a(os_task.o)
 .debug_info    0x0000000000008523      0x6f8 ../Enigma_bsp/\libucosii_bsp.a(os_time.o)
 .debug_info    0x0000000000008c1b      0xb2c ../Enigma_bsp/\libucosii_bsp.a(alt_sys_init.o)
 .debug_info    0x0000000000009747      0x68a ../Enigma_bsp/\libucosii_bsp.a(altera_avalon_jtag_uart_fd.o)
 .debug_info    0x0000000000009dd1      0x6d7 ../Enigma_bsp/\libucosii_bsp.a(altera_avalon_jtag_uart_init.o)
 .debug_info    0x000000000000a4a8      0x3dc ../Enigma_bsp/\libucosii_bsp.a(altera_avalon_jtag_uart_ioctl.o)
 .debug_info    0x000000000000a884      0x58e ../Enigma_bsp/\libucosii_bsp.a(altera_avalon_jtag_uart_read.o)
 .debug_info    0x000000000000ae12      0x588 ../Enigma_bsp/\libucosii_bsp.a(altera_avalon_jtag_uart_write.o)
 .debug_info    0x000000000000b39a      0x242 ../Enigma_bsp/\libucosii_bsp.a(altera_avalon_timer_sc.o)
 .debug_info    0x000000000000b5dc      0x61e ../Enigma_bsp/\libucosii_bsp.a(altera_up_avalon_character_lcd.o)
 .debug_info    0x000000000000bbfa      0x5a0 ../Enigma_bsp/\libucosii_bsp.a(altera_up_avalon_irda.o)
 .debug_info    0x000000000000c19a      0x808 ../Enigma_bsp/\libucosii_bsp.a(altera_up_avalon_ps2.o)
 .debug_info    0x000000000000c9a2      0x5a0 ../Enigma_bsp/\libucosii_bsp.a(altera_up_avalon_rs232.o)
 .debug_info    0x000000000000cf42      0x4a0 ../Enigma_bsp/\libucosii_bsp.a(altera_up_avalon_video_character_buffer_with_dma.o)
 .debug_info    0x000000000000d3e2      0x62d ../Enigma_bsp/\libucosii_bsp.a(altera_up_ps2_keyboard.o)
 .debug_info    0x000000000000da0f      0x2db ../Enigma_bsp/\libucosii_bsp.a(alt_alarm_start.o)
 .debug_info    0x000000000000dcea      0x364 ../Enigma_bsp/\libucosii_bsp.a(alt_close.o)
 .debug_info    0x000000000000e04e       0x8b ../Enigma_bsp/\libucosii_bsp.a(alt_dcache_flush_all.o)
 .debug_info    0x000000000000e0d9      0x594 ../Enigma_bsp/\libucosii_bsp.a(alt_dev.o)
 .debug_info    0x000000000000e66d      0x1a2 ../Enigma_bsp/\libucosii_bsp.a(alt_dev_llist_insert.o)
 .debug_info    0x000000000000e80f       0x83 ../Enigma_bsp/\libucosii_bsp.a(alt_do_ctors.o)
 .debug_info    0x000000000000e892       0x83 ../Enigma_bsp/\libucosii_bsp.a(alt_do_dtors.o)
 .debug_info    0x000000000000e915       0x9f ../Enigma_bsp/\libucosii_bsp.a(alt_errno.o)
 .debug_info    0x000000000000e9b4      0x32c ../Enigma_bsp/\libucosii_bsp.a(alt_find_dev.o)
 .debug_info    0x000000000000ece0       0x8b ../Enigma_bsp/\libucosii_bsp.a(alt_icache_flush_all.o)
 .debug_info    0x000000000000ed6b      0x4e8 ../Enigma_bsp/\libucosii_bsp.a(alt_io_redirect.o)
 .debug_info    0x000000000000f253      0x346 ../Enigma_bsp/\libucosii_bsp.a(alt_irq_register.o)
 .debug_info    0x000000000000f599       0x88 ../Enigma_bsp/\libucosii_bsp.a(alt_irq_vars.o)
 .debug_info    0x000000000000f621      0x3f3 ../Enigma_bsp/\libucosii_bsp.a(alt_open.o)
 .debug_info    0x000000000000fa14      0x308 ../Enigma_bsp/\libucosii_bsp.a(alt_release_fd.o)
 .debug_info    0x000000000000fd1c      0x2b6 ../Enigma_bsp/\libucosii_bsp.a(alt_tick.o)
 .debug_info    0x000000000000ffd2       0xb1 ../Enigma_bsp/\libucosii_bsp.a(altera_nios2_gen2_irq.o)
 .debug_info    0x0000000000010083       0xaf ../Enigma_bsp/\libucosii_bsp.a(os_cpu_a.o)
 .debug_info    0x0000000000010132      0xcf9 ../Enigma_bsp/\libucosii_bsp.a(os_cpu_c.o)
 .debug_info    0x0000000000010e2b      0x329 ../Enigma_bsp/\libucosii_bsp.a(alt_find_file.o)
 .debug_info    0x0000000000011154      0x45a ../Enigma_bsp/\libucosii_bsp.a(alt_get_fd.o)
 .debug_info    0x00000000000115ae       0xd5 ../Enigma_bsp/\libucosii_bsp.a(alt_icache_flush.o)
 .debug_info    0x0000000000011683       0xb0 ../Enigma_bsp/\libucosii_bsp.a(alt_irq_entry.o)
 .debug_info    0x0000000000011733      0x1c4 ../Enigma_bsp/\libucosii_bsp.a(alt_irq_handler.o)
 .debug_info    0x00000000000118f7       0xb6 ../Enigma_bsp/\libucosii_bsp.a(alt_exception_entry.o)
 .debug_info    0x00000000000119ad      0x1d8 ../Enigma_bsp/\libucosii_bsp.a(alt_instruction_exception_entry.o)
 .debug_info    0x0000000000011b85      0x10a d:/altera_lite/15.1/nios2eds/bin/gnu/h-x86_64-mingw32/bin/../lib/gcc/nios2-elf/4.9.2/../../../../../H-x86_64-mingw32/nios2-elf/lib/mhw-mulx\libc.a(lib_a-atexit.o)
 .debug_info    0x0000000000011c8f      0x8ef d:/altera_lite/15.1/nios2eds/bin/gnu/h-x86_64-mingw32/bin/../lib/gcc/nios2-elf/4.9.2/../../../../../H-x86_64-mingw32/nios2-elf/lib/mhw-mulx\libc.a(lib_a-exit.o)
 .debug_info    0x000000000001257e      0x89f d:/altera_lite/15.1/nios2eds/bin/gnu/h-x86_64-mingw32/bin/../lib/gcc/nios2-elf/4.9.2/../../../../../H-x86_64-mingw32/nios2-elf/lib/mhw-mulx\libc.a(lib_a-impure.o)
 .debug_info    0x0000000000012e1d       0x83 d:/altera_lite/15.1/nios2eds/bin/gnu/h-x86_64-mingw32/bin/../lib/gcc/nios2-elf/4.9.2/../../../../../H-x86_64-mingw32/nios2-elf/lib/mhw-mulx\libc.a(lib_a-int_errno.o)
 .debug_info    0x0000000000012ea0      0x113 d:/altera_lite/15.1/nios2eds/bin/gnu/h-x86_64-mingw32/bin/../lib/gcc/nios2-elf/4.9.2/../../../../../H-x86_64-mingw32/nios2-elf/lib/mhw-mulx\libc.a(lib_a-memcmp.o)
 .debug_info    0x0000000000012fb3      0x133 d:/altera_lite/15.1/nios2eds/bin/gnu/h-x86_64-mingw32/bin/../lib/gcc/nios2-elf/4.9.2/../../../../../H-x86_64-mingw32/nios2-elf/lib/mhw-mulx\libc.a(lib_a-memcpy.o)
 .debug_info    0x00000000000130e6      0x11a d:/altera_lite/15.1/nios2eds/bin/gnu/h-x86_64-mingw32/bin/../lib/gcc/nios2-elf/4.9.2/../../../../../H-x86_64-mingw32/nios2-elf/lib/mhw-mulx\libc.a(lib_a-memset.o)
 .debug_info    0x0000000000013200      0x110 d:/altera_lite/15.1/nios2eds/bin/gnu/h-x86_64-mingw32/bin/../lib/gcc/nios2-elf/4.9.2/../../../../../H-x86_64-mingw32/nios2-elf/lib/mhw-mulx\libc.a(lib_a-strcpy.o)
 .debug_info    0x0000000000013310      0x93f d:/altera_lite/15.1/nios2eds/bin/gnu/h-x86_64-mingw32/bin/../lib/gcc/nios2-elf/4.9.2/../../../../../H-x86_64-mingw32/nios2-elf/lib/mhw-mulx\libc.a(lib_a-__atexit.o)
 .debug_info    0x0000000000013c4f      0x964 d:/altera_lite/15.1/nios2eds/bin/gnu/h-x86_64-mingw32/bin/../lib/gcc/nios2-elf/4.9.2/../../../../../H-x86_64-mingw32/nios2-elf/lib/mhw-mulx\libc.a(lib_a-__call_atexit.o)
 .debug_info    0x00000000000145b3      0x14a ../Enigma_bsp/\libucosii_bsp.a(alt_exit.o)

.debug_abbrev   0x0000000000000000     0x508a
 *(.debug_abbrev)
 .debug_abbrev  0x0000000000000000       0x12 ../Enigma_bsp//obj/HAL/src/crt0.o
 .debug_abbrev  0x0000000000000012      0x1c0 obj/default/hello_ucosii.o
 .debug_abbrev  0x00000000000001d2       0x74 d:/altera_lite/15.1/nios2eds/bin/gnu/h-x86_64-mingw32/bin/../lib/gcc/nios2-elf/4.9.2/../../../../../H-x86_64-mingw32/nios2-elf/lib/mhw-mulx\libc.a(lib_a-strcmp.o)
 .debug_abbrev  0x0000000000000246       0x90 d:/altera_lite/15.1/nios2eds/bin/gnu/h-x86_64-mingw32/bin/../lib/gcc/nios2-elf/4.9.2/../../../../../H-x86_64-mingw32/nios2-elf/lib/mhw-mulx\libc.a(lib_a-strlen.o)
 .debug_abbrev  0x00000000000002d6       0x9f ../Enigma_bsp/\libucosii_bsp.a(alt_load.o)
 .debug_abbrev  0x0000000000000375      0x139 ../Enigma_bsp/\libucosii_bsp.a(alt_main.o)
 .debug_abbrev  0x00000000000004ae      0x1e3 ../Enigma_bsp/\libucosii_bsp.a(alt_env_lock.o)
 .debug_abbrev  0x0000000000000691      0x26d ../Enigma_bsp/\libucosii_bsp.a(alt_malloc_lock.o)
 .debug_abbrev  0x00000000000008fe      0x302 ../Enigma_bsp/\libucosii_bsp.a(os_core.o)
 .debug_abbrev  0x0000000000000c00       0xf7 ../Enigma_bsp/\libucosii_bsp.a(os_dbg.o)
 .debug_abbrev  0x0000000000000cf7      0x25a ../Enigma_bsp/\libucosii_bsp.a(os_flag.o)
 .debug_abbrev  0x0000000000000f51      0x228 ../Enigma_bsp/\libucosii_bsp.a(os_mem.o)
 .debug_abbrev  0x0000000000001179      0x248 ../Enigma_bsp/\libucosii_bsp.a(os_q.o)
 .debug_abbrev  0x00000000000013c1      0x262 ../Enigma_bsp/\libucosii_bsp.a(os_sem.o)
 .debug_abbrev  0x0000000000001623      0x247 ../Enigma_bsp/\libucosii_bsp.a(os_task.o)
 .debug_abbrev  0x000000000000186a      0x20c ../Enigma_bsp/\libucosii_bsp.a(os_time.o)
 .debug_abbrev  0x0000000000001a76      0x1e2 ../Enigma_bsp/\libucosii_bsp.a(alt_sys_init.o)
 .debug_abbrev  0x0000000000001c58      0x16c ../Enigma_bsp/\libucosii_bsp.a(altera_avalon_jtag_uart_fd.o)
 .debug_abbrev  0x0000000000001dc4      0x248 ../Enigma_bsp/\libucosii_bsp.a(altera_avalon_jtag_uart_init.o)
 .debug_abbrev  0x000000000000200c      0x156 ../Enigma_bsp/\libucosii_bsp.a(altera_avalon_jtag_uart_ioctl.o)
 .debug_abbrev  0x0000000000002162      0x1fa ../Enigma_bsp/\libucosii_bsp.a(altera_avalon_jtag_uart_read.o)
 .debug_abbrev  0x000000000000235c      0x1f6 ../Enigma_bsp/\libucosii_bsp.a(altera_avalon_jtag_uart_write.o)
 .debug_abbrev  0x0000000000002552      0x155 ../Enigma_bsp/\libucosii_bsp.a(altera_avalon_timer_sc.o)
 .debug_abbrev  0x00000000000026a7      0x156 ../Enigma_bsp/\libucosii_bsp.a(altera_up_avalon_character_lcd.o)
 .debug_abbrev  0x00000000000027fd      0x13c ../Enigma_bsp/\libucosii_bsp.a(altera_up_avalon_irda.o)
 .debug_abbrev  0x0000000000002939      0x1a6 ../Enigma_bsp/\libucosii_bsp.a(altera_up_avalon_ps2.o)
 .debug_abbrev  0x0000000000002adf      0x13c ../Enigma_bsp/\libucosii_bsp.a(altera_up_avalon_rs232.o)
 .debug_abbrev  0x0000000000002c1b      0x13c ../Enigma_bsp/\libucosii_bsp.a(altera_up_avalon_video_character_buffer_with_dma.o)
 .debug_abbrev  0x0000000000002d57      0x16e ../Enigma_bsp/\libucosii_bsp.a(altera_up_ps2_keyboard.o)
 .debug_abbrev  0x0000000000002ec5      0x162 ../Enigma_bsp/\libucosii_bsp.a(alt_alarm_start.o)
 .debug_abbrev  0x0000000000003027      0x126 ../Enigma_bsp/\libucosii_bsp.a(alt_close.o)
 .debug_abbrev  0x000000000000314d       0x42 ../Enigma_bsp/\libucosii_bsp.a(alt_dcache_flush_all.o)
 .debug_abbrev  0x000000000000318f      0x11c ../Enigma_bsp/\libucosii_bsp.a(alt_dev.o)
 .debug_abbrev  0x00000000000032ab      0x114 ../Enigma_bsp/\libucosii_bsp.a(alt_dev_llist_insert.o)
 .debug_abbrev  0x00000000000033bf       0x79 ../Enigma_bsp/\libucosii_bsp.a(alt_do_ctors.o)
 .debug_abbrev  0x0000000000003438       0x79 ../Enigma_bsp/\libucosii_bsp.a(alt_do_dtors.o)
 .debug_abbrev  0x00000000000034b1       0x5a ../Enigma_bsp/\libucosii_bsp.a(alt_errno.o)
 .debug_abbrev  0x000000000000350b       0xf7 ../Enigma_bsp/\libucosii_bsp.a(alt_find_dev.o)
 .debug_abbrev  0x0000000000003602       0x42 ../Enigma_bsp/\libucosii_bsp.a(alt_icache_flush_all.o)
 .debug_abbrev  0x0000000000003644      0x11b ../Enigma_bsp/\libucosii_bsp.a(alt_io_redirect.o)
 .debug_abbrev  0x000000000000375f      0x186 ../Enigma_bsp/\libucosii_bsp.a(alt_irq_register.o)
 .debug_abbrev  0x00000000000038e5       0x40 ../Enigma_bsp/\libucosii_bsp.a(alt_irq_vars.o)
 .debug_abbrev  0x0000000000003925      0x14f ../Enigma_bsp/\libucosii_bsp.a(alt_open.o)
 .debug_abbrev  0x0000000000003a74       0xe5 ../Enigma_bsp/\libucosii_bsp.a(alt_release_fd.o)
 .debug_abbrev  0x0000000000003b59      0x16b ../Enigma_bsp/\libucosii_bsp.a(alt_tick.o)
 .debug_abbrev  0x0000000000003cc4       0x67 ../Enigma_bsp/\libucosii_bsp.a(altera_nios2_gen2_irq.o)
 .debug_abbrev  0x0000000000003d2b       0x14 ../Enigma_bsp/\libucosii_bsp.a(os_cpu_a.o)
 .debug_abbrev  0x0000000000003d3f      0x215 ../Enigma_bsp/\libucosii_bsp.a(os_cpu_c.o)
 .debug_abbrev  0x0000000000003f54       0xf7 ../Enigma_bsp/\libucosii_bsp.a(alt_find_file.o)
 .debug_abbrev  0x000000000000404b      0x19b ../Enigma_bsp/\libucosii_bsp.a(alt_get_fd.o)
 .debug_abbrev  0x00000000000041e6       0x8c ../Enigma_bsp/\libucosii_bsp.a(alt_icache_flush.o)
 .debug_abbrev  0x0000000000004272       0x12 ../Enigma_bsp/\libucosii_bsp.a(alt_irq_entry.o)
 .debug_abbrev  0x0000000000004284      0x13a ../Enigma_bsp/\libucosii_bsp.a(alt_irq_handler.o)
 .debug_abbrev  0x00000000000043be       0x12 ../Enigma_bsp/\libucosii_bsp.a(alt_exception_entry.o)
 .debug_abbrev  0x00000000000043d0       0xd1 ../Enigma_bsp/\libucosii_bsp.a(alt_instruction_exception_entry.o)
 .debug_abbrev  0x00000000000044a1       0xb8 d:/altera_lite/15.1/nios2eds/bin/gnu/h-x86_64-mingw32/bin/../lib/gcc/nios2-elf/4.9.2/../../../../../H-x86_64-mingw32/nios2-elf/lib/mhw-mulx\libc.a(lib_a-atexit.o)
 .debug_abbrev  0x0000000000004559      0x1f5 d:/altera_lite/15.1/nios2eds/bin/gnu/h-x86_64-mingw32/bin/../lib/gcc/nios2-elf/4.9.2/../../../../../H-x86_64-mingw32/nios2-elf/lib/mhw-mulx\libc.a(lib_a-exit.o)
 .debug_abbrev  0x000000000000474e      0x18f d:/altera_lite/15.1/nios2eds/bin/gnu/h-x86_64-mingw32/bin/../lib/gcc/nios2-elf/4.9.2/../../../../../H-x86_64-mingw32/nios2-elf/lib/mhw-mulx\libc.a(lib_a-impure.o)
 .debug_abbrev  0x00000000000048dd       0x37 d:/altera_lite/15.1/nios2eds/bin/gnu/h-x86_64-mingw32/bin/../lib/gcc/nios2-elf/4.9.2/../../../../../H-x86_64-mingw32/nios2-elf/lib/mhw-mulx\libc.a(lib_a-int_errno.o)
 .debug_abbrev  0x0000000000004914       0x7f d:/altera_lite/15.1/nios2eds/bin/gnu/h-x86_64-mingw32/bin/../lib/gcc/nios2-elf/4.9.2/../../../../../H-x86_64-mingw32/nios2-elf/lib/mhw-mulx\libc.a(lib_a-memcmp.o)
 .debug_abbrev  0x0000000000004993       0x9c d:/altera_lite/15.1/nios2eds/bin/gnu/h-x86_64-mingw32/bin/../lib/gcc/nios2-elf/4.9.2/../../../../../H-x86_64-mingw32/nios2-elf/lib/mhw-mulx\libc.a(lib_a-memcpy.o)
 .debug_abbrev  0x0000000000004a2f       0xae d:/altera_lite/15.1/nios2eds/bin/gnu/h-x86_64-mingw32/bin/../lib/gcc/nios2-elf/4.9.2/../../../../../H-x86_64-mingw32/nios2-elf/lib/mhw-mulx\libc.a(lib_a-memset.o)
 .debug_abbrev  0x0000000000004add       0x83 d:/altera_lite/15.1/nios2eds/bin/gnu/h-x86_64-mingw32/bin/../lib/gcc/nios2-elf/4.9.2/../../../../../H-x86_64-mingw32/nios2-elf/lib/mhw-mulx\libc.a(lib_a-strcpy.o)